

================================================================
== Vitis HLS Report for 'aggregate_and_output_results_Pipeline_VITIS_LOOP_541_127'
================================================================
* Date:           Thu Apr 24 04:49:22 2025

* Version:        2024.2 (Build 5238294 on Nov  8 2024)
* Project:        msm_2
* Solution:       solution1 (Vivado IP Flow Target)
* Product family: zynquplus
* Target device:  xczu7ev-ffvc1156-2-e


================================================================
== Performance Estimates
================================================================
+ Timing: 
    * Summary: 
    +--------+---------+----------+------------+
    |  Clock |  Target | Estimated| Uncertainty|
    +--------+---------+----------+------------+
    |ap_clk  |  4.00 ns|  1.749 ns|     1.08 ns|
    +--------+---------+----------+------------+

+ Latency: 
    * Summary: 
    +---------+---------+----------+----------+------+------+------------------------------------------------+
    |  Latency (cycles) |  Latency (absolute) |   Interval  |                    Pipeline                    |
    |   min   |   max   |    min   |    max   |  min |  max |                      Type                      |
    +---------+---------+----------+----------+------+------+------------------------------------------------+
    |     1027|     1027|  4.108 us|  4.108 us|  1025|  1025|  loop auto-rewind stp (delay=0 clock cycles(s))|
    +---------+---------+----------+----------+------+------+------------------------------------------------+

    + Detail: 
        * Instance: 
        N/A

        * Loop: 
        +--------------------+---------+---------+----------+-----------+-----------+------+----------+
        |                    |  Latency (cycles) | Iteration|  Initiation Interval  | Trip |          |
        |      Loop Name     |   min   |   max   |  Latency |  achieved |   target  | Count| Pipelined|
        +--------------------+---------+---------+----------+-----------+-----------+------+----------+
        |- VITIS_LOOP_541_1  |     1025|     1025|         3|          1|          1|  1024|       yes|
        +--------------------+---------+---------+----------+-----------+-----------+------+----------+

============================================================
+ Verbose Summary: Synthesis Manager
============================================================
InlineROM: 1
ExposeGlobal: 0
============================================================
+ Verbose Summary: CDFG Model
============================================================
IsTopModel: 0
ResetActiveHigh: 1
IsCombinational: 0
IsDatapathOnly: 0
HasWiredReturn: 1
HasMFsm: 2
HasVarLatency: 1
IsPipeline: 0
IsRtlPipelined: 0
IsInstanceOverlapped: 0
IsDontTouch: 0
HasImplIP: 0
IsGatedGlobalClock: 0

+ Individual pipeline summary: 
  * Pipeline-0: initiation interval (II) = 1, depth = 3


============================================================
+ Verbose Summary: Schedule
============================================================
* Number of FSM states : 3
* Pipeline : 1
  Pipeline-0 : II = 1, D = 3, States = { 1 2 3 }
* Dataflow Pipeline: 0

* FSM state transitions: 
1 --> 2 
2 --> 3 
3 --> 

* FSM state operations: 

State 1 <SV = 0> <Delay = 1.66>
ST_1 : Operation 6 [1/1] (0.00ns)   --->   "%j = alloca i32 1" [../src/msm.cpp:541]   --->   Operation 6 'alloca' 'j' <Predicate = true> <Delay = 0.00>
ST_1 : Operation 7 [1/1] (0.00ns)   --->   "%specmemcore_ln0 = specmemcore void @_ssdm_op_SpecMemCore, i256 %buckets_x_1, i64 666, i64 31, i64 18446744073709551615"   --->   Operation 7 'specmemcore' 'specmemcore_ln0' <Predicate = true> <Delay = 0.00>
ST_1 : Operation 8 [1/1] (0.00ns)   --->   "%specmemcore_ln0 = specmemcore void @_ssdm_op_SpecMemCore, i256 %buckets_x_0, i64 666, i64 31, i64 18446744073709551615"   --->   Operation 8 'specmemcore' 'specmemcore_ln0' <Predicate = true> <Delay = 0.00>
ST_1 : Operation 9 [1/1] (0.00ns)   --->   "%specmemcore_ln0 = specmemcore void @_ssdm_op_SpecMemCore, i256 %buckets_y_1, i64 666, i64 31, i64 18446744073709551615"   --->   Operation 9 'specmemcore' 'specmemcore_ln0' <Predicate = true> <Delay = 0.00>
ST_1 : Operation 10 [1/1] (0.00ns)   --->   "%specmemcore_ln0 = specmemcore void @_ssdm_op_SpecMemCore, i256 %buckets_y_0, i64 666, i64 31, i64 18446744073709551615"   --->   Operation 10 'specmemcore' 'specmemcore_ln0' <Predicate = true> <Delay = 0.00>
ST_1 : Operation 11 [1/1] (0.00ns)   --->   "%specmemcore_ln0 = specmemcore void @_ssdm_op_SpecMemCore, i256 %buckets_z_1, i64 666, i64 31, i64 18446744073709551615"   --->   Operation 11 'specmemcore' 'specmemcore_ln0' <Predicate = true> <Delay = 0.00>
ST_1 : Operation 12 [1/1] (0.00ns)   --->   "%specmemcore_ln0 = specmemcore void @_ssdm_op_SpecMemCore, i256 %buckets_z_0, i64 666, i64 31, i64 18446744073709551615"   --->   Operation 12 'specmemcore' 'specmemcore_ln0' <Predicate = true> <Delay = 0.00>
ST_1 : Operation 13 [1/1] (0.00ns)   --->   "%specmemcore_ln0 = specmemcore void @_ssdm_op_SpecMemCore, i256 %buckets_t_1, i64 666, i64 31, i64 18446744073709551615"   --->   Operation 13 'specmemcore' 'specmemcore_ln0' <Predicate = true> <Delay = 0.00>
ST_1 : Operation 14 [1/1] (0.00ns)   --->   "%specmemcore_ln0 = specmemcore void @_ssdm_op_SpecMemCore, i256 %buckets_t_0, i64 666, i64 31, i64 18446744073709551615"   --->   Operation 14 'specmemcore' 'specmemcore_ln0' <Predicate = true> <Delay = 0.00>
ST_1 : Operation 15 [1/1] (0.00ns)   --->   "%specinterface_ln0 = specinterface void @_ssdm_op_SpecInterface, i1039 %out_stream, void @empty_0, i32 0, i32 0, void @empty, i32 0, i32 0, void @empty, void @empty, void @empty, i32 0, i32 0, i32 0, i32 0, void @empty, void @empty, i32 4294967295, i32 0, i32 0"   --->   Operation 15 'specinterface' 'specinterface_ln0' <Predicate = true> <Delay = 0.00>
ST_1 : Operation 16 [1/1] (0.42ns)   --->   "%store_ln541 = store i11 0, i11 %j" [../src/msm.cpp:541]   --->   Operation 16 'store' 'store_ln541' <Predicate = true> <Delay = 0.42>
ST_1 : Operation 17 [1/1] (0.00ns)   --->   "%br_ln0 = br void %for.inc.25"   --->   Operation 17 'br' 'br_ln0' <Predicate = true> <Delay = 0.00>
ST_1 : Operation 18 [1/1] (0.00ns)   --->   "%j_12 = load i11 %j" [../src/msm.cpp:541]   --->   Operation 18 'load' 'j_12' <Predicate = true> <Delay = 0.00>
ST_1 : Operation 19 [1/1] (0.79ns)   --->   "%icmp_ln541 = icmp_eq  i11 %j_12, i11 1024" [../src/msm.cpp:541]   --->   Operation 19 'icmp' 'icmp_ln541' <Predicate = true> <Delay = 0.79> <CoreInst = "Cmp">   --->   Core 9 'Cmp' <Latency = 0> <II = 1> <Delay = 0.79> <FuncUnit> <Opcode : 'seteq' 'setne' 'setle' 'setge' 'setlt' 'setgt'> <InPorts = 2> <OutPorts = 1>
ST_1 : Operation 20 [1/1] (0.79ns)   --->   "%j_13 = add i11 %j_12, i11 1" [../src/msm.cpp:541]   --->   Operation 20 'add' 'j_13' <Predicate = true> <Delay = 0.79> <CoreInst = "Adder">   --->   Core 1 'Adder' <Latency = 0> <II = 1> <Delay = 0.79> <FuncUnit> <Opcode : 'add' 'sub'> <InPorts = 2> <OutPorts = 1>
ST_1 : Operation 21 [1/1] (0.00ns)   --->   "%br_ln541 = br i1 %icmp_ln541, void %for.inc.25.split, void %for.end10.exitStub" [../src/msm.cpp:541]   --->   Operation 21 'br' 'br_ln541' <Predicate = true> <Delay = 0.00>
ST_1 : Operation 22 [1/1] (0.00ns)   --->   "%tmp_s = partselect i9 @_ssdm_op_PartSelect.i9.i11.i32.i32, i11 %j_12, i32 1, i32 9" [../src/msm.cpp:544]   --->   Operation 22 'partselect' 'tmp_s' <Predicate = (!icmp_ln541)> <Delay = 0.00>
ST_1 : Operation 23 [1/1] (0.00ns)   --->   "%tmp_4 = bitconcatenate i13 @_ssdm_op_BitConcatenate.i13.i4.i9, i4 9, i9 %tmp_s" [../src/msm.cpp:544]   --->   Operation 23 'bitconcatenate' 'tmp_4' <Predicate = (!icmp_ln541)> <Delay = 0.00>
ST_1 : Operation 24 [1/1] (0.00ns)   --->   "%sext_ln544 = sext i13 %tmp_4" [../src/msm.cpp:544]   --->   Operation 24 'sext' 'sext_ln544' <Predicate = (!icmp_ln541)> <Delay = 0.00>
ST_1 : Operation 25 [1/1] (0.00ns)   --->   "%zext_ln544 = zext i14 %sext_ln544" [../src/msm.cpp:544]   --->   Operation 25 'zext' 'zext_ln544' <Predicate = (!icmp_ln541)> <Delay = 0.00>
ST_1 : Operation 26 [1/1] (0.00ns)   --->   "%buckets_x_0_addr = getelementptr i256 %buckets_x_0, i64 0, i64 %zext_ln544" [../src/msm.cpp:544]   --->   Operation 26 'getelementptr' 'buckets_x_0_addr' <Predicate = (!icmp_ln541)> <Delay = 0.00>
ST_1 : Operation 27 [1/1] (0.00ns)   --->   "%buckets_x_1_addr = getelementptr i256 %buckets_x_1, i64 0, i64 %zext_ln544" [../src/msm.cpp:544]   --->   Operation 27 'getelementptr' 'buckets_x_1_addr' <Predicate = (!icmp_ln541)> <Delay = 0.00>
ST_1 : Operation 28 [1/1] (0.00ns)   --->   "%buckets_y_0_addr = getelementptr i256 %buckets_y_0, i64 0, i64 %zext_ln544" [../src/msm.cpp:544]   --->   Operation 28 'getelementptr' 'buckets_y_0_addr' <Predicate = (!icmp_ln541)> <Delay = 0.00>
ST_1 : Operation 29 [1/1] (0.00ns)   --->   "%buckets_y_1_addr = getelementptr i256 %buckets_y_1, i64 0, i64 %zext_ln544" [../src/msm.cpp:544]   --->   Operation 29 'getelementptr' 'buckets_y_1_addr' <Predicate = (!icmp_ln541)> <Delay = 0.00>
ST_1 : Operation 30 [1/1] (0.00ns)   --->   "%buckets_z_0_addr = getelementptr i256 %buckets_z_0, i64 0, i64 %zext_ln544" [../src/msm.cpp:544]   --->   Operation 30 'getelementptr' 'buckets_z_0_addr' <Predicate = (!icmp_ln541)> <Delay = 0.00>
ST_1 : Operation 31 [1/1] (0.00ns)   --->   "%buckets_z_1_addr = getelementptr i256 %buckets_z_1, i64 0, i64 %zext_ln544" [../src/msm.cpp:544]   --->   Operation 31 'getelementptr' 'buckets_z_1_addr' <Predicate = (!icmp_ln541)> <Delay = 0.00>
ST_1 : Operation 32 [1/1] (0.00ns)   --->   "%buckets_t_0_addr = getelementptr i256 %buckets_t_0, i64 0, i64 %zext_ln544" [../src/msm.cpp:544]   --->   Operation 32 'getelementptr' 'buckets_t_0_addr' <Predicate = (!icmp_ln541)> <Delay = 0.00>
ST_1 : Operation 33 [1/1] (0.00ns)   --->   "%buckets_t_1_addr = getelementptr i256 %buckets_t_1, i64 0, i64 %zext_ln544" [../src/msm.cpp:544]   --->   Operation 33 'getelementptr' 'buckets_t_1_addr' <Predicate = (!icmp_ln541)> <Delay = 0.00>
ST_1 : Operation 34 [2/2] (1.23ns)   --->   "%buckets_x_0_load_25 = load i14 %buckets_x_0_addr" [../src/msm.cpp:546]   --->   Operation 34 'load' 'buckets_x_0_load_25' <Predicate = (!icmp_ln541)> <Delay = 1.23> <CoreInst = "RAM_T2P_URAM">   --->   Core 99 'RAM_T2P_URAM' <Latency = 1> <II = 1> <Delay = 1.23> <Storage> <Opcode : 'load' 'store'> <Ports = 2> <Width = 256> <Depth = 13312> <RAM>
ST_1 : Operation 35 [2/2] (1.23ns)   --->   "%buckets_x_1_load_25 = load i14 %buckets_x_1_addr" [../src/msm.cpp:546]   --->   Operation 35 'load' 'buckets_x_1_load_25' <Predicate = (!icmp_ln541)> <Delay = 1.23> <CoreInst = "RAM_T2P_URAM">   --->   Core 99 'RAM_T2P_URAM' <Latency = 1> <II = 1> <Delay = 1.23> <Storage> <Opcode : 'load' 'store'> <Ports = 2> <Width = 256> <Depth = 13312> <RAM>
ST_1 : Operation 36 [2/2] (1.23ns)   --->   "%buckets_y_0_load_25 = load i14 %buckets_y_0_addr" [../src/msm.cpp:546]   --->   Operation 36 'load' 'buckets_y_0_load_25' <Predicate = (!icmp_ln541)> <Delay = 1.23> <CoreInst = "RAM_T2P_URAM">   --->   Core 99 'RAM_T2P_URAM' <Latency = 1> <II = 1> <Delay = 1.23> <Storage> <Opcode : 'load' 'store'> <Ports = 2> <Width = 256> <Depth = 13312> <RAM>
ST_1 : Operation 37 [2/2] (1.23ns)   --->   "%buckets_y_1_load_25 = load i14 %buckets_y_1_addr" [../src/msm.cpp:546]   --->   Operation 37 'load' 'buckets_y_1_load_25' <Predicate = (!icmp_ln541)> <Delay = 1.23> <CoreInst = "RAM_T2P_URAM">   --->   Core 99 'RAM_T2P_URAM' <Latency = 1> <II = 1> <Delay = 1.23> <Storage> <Opcode : 'load' 'store'> <Ports = 2> <Width = 256> <Depth = 13312> <RAM>
ST_1 : Operation 38 [2/2] (1.23ns)   --->   "%buckets_z_0_load_25 = load i14 %buckets_z_0_addr" [../src/msm.cpp:546]   --->   Operation 38 'load' 'buckets_z_0_load_25' <Predicate = (!icmp_ln541)> <Delay = 1.23> <CoreInst = "RAM_T2P_URAM">   --->   Core 99 'RAM_T2P_URAM' <Latency = 1> <II = 1> <Delay = 1.23> <Storage> <Opcode : 'load' 'store'> <Ports = 2> <Width = 256> <Depth = 13312> <RAM>
ST_1 : Operation 39 [2/2] (1.23ns)   --->   "%buckets_z_1_load_25 = load i14 %buckets_z_1_addr" [../src/msm.cpp:546]   --->   Operation 39 'load' 'buckets_z_1_load_25' <Predicate = (!icmp_ln541)> <Delay = 1.23> <CoreInst = "RAM_T2P_URAM">   --->   Core 99 'RAM_T2P_URAM' <Latency = 1> <II = 1> <Delay = 1.23> <Storage> <Opcode : 'load' 'store'> <Ports = 2> <Width = 256> <Depth = 13312> <RAM>
ST_1 : Operation 40 [2/2] (1.23ns)   --->   "%buckets_t_0_load_25 = load i14 %buckets_t_0_addr" [../src/msm.cpp:546]   --->   Operation 40 'load' 'buckets_t_0_load_25' <Predicate = (!icmp_ln541)> <Delay = 1.23> <CoreInst = "RAM_T2P_URAM">   --->   Core 99 'RAM_T2P_URAM' <Latency = 1> <II = 1> <Delay = 1.23> <Storage> <Opcode : 'load' 'store'> <Ports = 2> <Width = 256> <Depth = 13312> <RAM>
ST_1 : Operation 41 [2/2] (1.23ns)   --->   "%buckets_t_1_load_25 = load i14 %buckets_t_1_addr" [../src/msm.cpp:546]   --->   Operation 41 'load' 'buckets_t_1_load_25' <Predicate = (!icmp_ln541)> <Delay = 1.23> <CoreInst = "RAM_T2P_URAM">   --->   Core 99 'RAM_T2P_URAM' <Latency = 1> <II = 1> <Delay = 1.23> <Storage> <Opcode : 'load' 'store'> <Ports = 2> <Width = 256> <Depth = 13312> <RAM>
ST_1 : Operation 42 [1/1] (0.42ns)   --->   "%store_ln541 = store i11 %j_13, i11 %j" [../src/msm.cpp:541]   --->   Operation 42 'store' 'store_ln541' <Predicate = (!icmp_ln541)> <Delay = 0.42>

State 2 <SV = 1> <Delay = 1.74>
ST_2 : Operation 43 [1/1] (0.00ns)   --->   "%bucket_result_bucket_index = trunc i11 %j_12" [../src/msm.cpp:541]   --->   Operation 43 'trunc' 'bucket_result_bucket_index' <Predicate = true> <Delay = 0.00>
ST_2 : Operation 44 [1/1] (0.00ns)   --->   "%trunc_ln541_8 = trunc i11 %j_12" [../src/msm.cpp:541]   --->   Operation 44 'trunc' 'trunc_ln541_8' <Predicate = true> <Delay = 0.00>
ST_2 : Operation 45 [1/2] ( I:1.23ns O:1.23ns )   --->   "%buckets_x_0_load_25 = load i14 %buckets_x_0_addr" [../src/msm.cpp:546]   --->   Operation 45 'load' 'buckets_x_0_load_25' <Predicate = true> <Delay = 1.23> <CoreInst = "RAM_T2P_URAM">   --->   Core 99 'RAM_T2P_URAM' <Latency = 1> <II = 1> <Delay = 1.23> <Storage> <Opcode : 'load' 'store'> <Ports = 2> <Width = 256> <Depth = 13312> <RAM>
ST_2 : Operation 46 [1/2] ( I:1.23ns O:1.23ns )   --->   "%buckets_x_1_load_25 = load i14 %buckets_x_1_addr" [../src/msm.cpp:546]   --->   Operation 46 'load' 'buckets_x_1_load_25' <Predicate = true> <Delay = 1.23> <CoreInst = "RAM_T2P_URAM">   --->   Core 99 'RAM_T2P_URAM' <Latency = 1> <II = 1> <Delay = 1.23> <Storage> <Opcode : 'load' 'store'> <Ports = 2> <Width = 256> <Depth = 13312> <RAM>
ST_2 : Operation 47 [1/1] (0.51ns)   --->   "%bucket_result_point_x = select i1 %trunc_ln541_8, i256 %buckets_x_1_load_25, i256 %buckets_x_0_load_25" [../src/msm.cpp:546]   --->   Operation 47 'select' 'bucket_result_point_x' <Predicate = true> <Delay = 0.51> <CoreInst = "Sel">   --->   Core 73 'Sel' <Latency = 0> <II = 1> <Delay = 0.51> <FuncUnit> <Opcode : 'select'> <InPorts = 3> <OutPorts = 1>
ST_2 : Operation 48 [1/2] ( I:1.23ns O:1.23ns )   --->   "%buckets_y_0_load_25 = load i14 %buckets_y_0_addr" [../src/msm.cpp:546]   --->   Operation 48 'load' 'buckets_y_0_load_25' <Predicate = true> <Delay = 1.23> <CoreInst = "RAM_T2P_URAM">   --->   Core 99 'RAM_T2P_URAM' <Latency = 1> <II = 1> <Delay = 1.23> <Storage> <Opcode : 'load' 'store'> <Ports = 2> <Width = 256> <Depth = 13312> <RAM>
ST_2 : Operation 49 [1/2] ( I:1.23ns O:1.23ns )   --->   "%buckets_y_1_load_25 = load i14 %buckets_y_1_addr" [../src/msm.cpp:546]   --->   Operation 49 'load' 'buckets_y_1_load_25' <Predicate = true> <Delay = 1.23> <CoreInst = "RAM_T2P_URAM">   --->   Core 99 'RAM_T2P_URAM' <Latency = 1> <II = 1> <Delay = 1.23> <Storage> <Opcode : 'load' 'store'> <Ports = 2> <Width = 256> <Depth = 13312> <RAM>
ST_2 : Operation 50 [1/1] (0.51ns)   --->   "%bucket_result_point_y = select i1 %trunc_ln541_8, i256 %buckets_y_1_load_25, i256 %buckets_y_0_load_25" [../src/msm.cpp:546]   --->   Operation 50 'select' 'bucket_result_point_y' <Predicate = true> <Delay = 0.51> <CoreInst = "Sel">   --->   Core 73 'Sel' <Latency = 0> <II = 1> <Delay = 0.51> <FuncUnit> <Opcode : 'select'> <InPorts = 3> <OutPorts = 1>
ST_2 : Operation 51 [1/2] ( I:1.23ns O:1.23ns )   --->   "%buckets_z_0_load_25 = load i14 %buckets_z_0_addr" [../src/msm.cpp:546]   --->   Operation 51 'load' 'buckets_z_0_load_25' <Predicate = true> <Delay = 1.23> <CoreInst = "RAM_T2P_URAM">   --->   Core 99 'RAM_T2P_URAM' <Latency = 1> <II = 1> <Delay = 1.23> <Storage> <Opcode : 'load' 'store'> <Ports = 2> <Width = 256> <Depth = 13312> <RAM>
ST_2 : Operation 52 [1/2] ( I:1.23ns O:1.23ns )   --->   "%buckets_z_1_load_25 = load i14 %buckets_z_1_addr" [../src/msm.cpp:546]   --->   Operation 52 'load' 'buckets_z_1_load_25' <Predicate = true> <Delay = 1.23> <CoreInst = "RAM_T2P_URAM">   --->   Core 99 'RAM_T2P_URAM' <Latency = 1> <II = 1> <Delay = 1.23> <Storage> <Opcode : 'load' 'store'> <Ports = 2> <Width = 256> <Depth = 13312> <RAM>
ST_2 : Operation 53 [1/1] (0.51ns)   --->   "%bucket_result_point_z = select i1 %trunc_ln541_8, i256 %buckets_z_1_load_25, i256 %buckets_z_0_load_25" [../src/msm.cpp:546]   --->   Operation 53 'select' 'bucket_result_point_z' <Predicate = true> <Delay = 0.51> <CoreInst = "Sel">   --->   Core 73 'Sel' <Latency = 0> <II = 1> <Delay = 0.51> <FuncUnit> <Opcode : 'select'> <InPorts = 3> <OutPorts = 1>
ST_2 : Operation 54 [1/2] ( I:1.23ns O:1.23ns )   --->   "%buckets_t_0_load_25 = load i14 %buckets_t_0_addr" [../src/msm.cpp:546]   --->   Operation 54 'load' 'buckets_t_0_load_25' <Predicate = true> <Delay = 1.23> <CoreInst = "RAM_T2P_URAM">   --->   Core 99 'RAM_T2P_URAM' <Latency = 1> <II = 1> <Delay = 1.23> <Storage> <Opcode : 'load' 'store'> <Ports = 2> <Width = 256> <Depth = 13312> <RAM>
ST_2 : Operation 55 [1/2] ( I:1.23ns O:1.23ns )   --->   "%buckets_t_1_load_25 = load i14 %buckets_t_1_addr" [../src/msm.cpp:546]   --->   Operation 55 'load' 'buckets_t_1_load_25' <Predicate = true> <Delay = 1.23> <CoreInst = "RAM_T2P_URAM">   --->   Core 99 'RAM_T2P_URAM' <Latency = 1> <II = 1> <Delay = 1.23> <Storage> <Opcode : 'load' 'store'> <Ports = 2> <Width = 256> <Depth = 13312> <RAM>
ST_2 : Operation 56 [1/1] (0.51ns)   --->   "%bucket_result_point_t = select i1 %trunc_ln541_8, i256 %buckets_t_1_load_25, i256 %buckets_t_0_load_25" [../src/msm.cpp:546]   --->   Operation 56 'select' 'bucket_result_point_t' <Predicate = true> <Delay = 0.51> <CoreInst = "Sel">   --->   Core 73 'Sel' <Latency = 0> <II = 1> <Delay = 0.51> <FuncUnit> <Opcode : 'select'> <InPorts = 3> <OutPorts = 1>
ST_2 : Operation 64 [1/1] (0.42ns)   --->   "%ret_ln0 = ret"   --->   Operation 64 'ret' 'ret_ln0' <Predicate = (icmp_ln541)> <Delay = 0.42>

State 3 <SV = 2> <Delay = 1.46>
ST_3 : Operation 57 [1/1] (0.00ns)   --->   "%specpipeline_ln543 = specpipeline void @_ssdm_op_SpecPipeline, i32 1, i32 0, i32 0, i32 0, void @empty" [../src/msm.cpp:543]   --->   Operation 57 'specpipeline' 'specpipeline_ln543' <Predicate = true> <Delay = 0.00>
ST_3 : Operation 58 [1/1] (0.00ns)   --->   "%speclooptripcount_ln541 = speclooptripcount void @_ssdm_op_SpecLoopTripCount, i64 1024, i64 1024, i64 1024" [../src/msm.cpp:541]   --->   Operation 58 'speclooptripcount' 'speclooptripcount_ln541' <Predicate = true> <Delay = 0.00>
ST_3 : Operation 59 [1/1] (0.00ns)   --->   "%specloopname_ln541 = specloopname void @_ssdm_op_SpecLoopName, void @empty_4" [../src/msm.cpp:541]   --->   Operation 59 'specloopname' 'specloopname_ln541' <Predicate = true> <Delay = 0.00>
ST_3 : Operation 60 [1/1] (0.00ns)   --->   "%tmp_5 = bitconcatenate i1038 @_ssdm_op_BitConcatenate.i1038.i4.i10.i256.i256.i256.i256, i4 9, i10 %bucket_result_bucket_index, i256 %bucket_result_point_t, i256 %bucket_result_point_z, i256 %bucket_result_point_y, i256 %bucket_result_point_x" [../src/msm.cpp:549]   --->   Operation 60 'bitconcatenate' 'tmp_5' <Predicate = true> <Delay = 0.00>
ST_3 : Operation 61 [1/1] (0.00ns)   --->   "%sext_ln549 = sext i1038 %tmp_5" [../src/msm.cpp:549]   --->   Operation 61 'sext' 'sext_ln549' <Predicate = true> <Delay = 0.00>
ST_3 : Operation 62 [1/1] ( I:1.46ns O:1.46ns )   --->   "%write_ln549 = write void @_ssdm_op_Write.ap_fifo.volatile.i1039P0A, i1039 %out_stream, i1039 %sext_ln549" [../src/msm.cpp:549]   --->   Operation 62 'write' 'write_ln549' <Predicate = true> <Delay = 1.46> <CoreInst = "FIFO">   --->   Core 77 'FIFO' <Latency = 0> <II = 1> <Delay = 1.63> <Storage> <Opcode : 'read' 'write' 'nbread' 'nbwrite'> <Ports = 0> <Width = -1> <Depth = -1> <FIFO>
ST_3 : Operation 63 [1/1] (0.00ns)   --->   "%br_ln541 = br void %for.inc.25" [../src/msm.cpp:541]   --->   Operation 63 'br' 'br_ln541' <Predicate = true> <Delay = 0.00>


============================================================
+ Verbose Summary: Timing violations
============================================================
Target clock period: 4.000ns, clock uncertainty: 1.080ns.

 <State 1>: 1.664ns
The critical path consists of the following:
	'store' operation 0 bit ('store_ln541', ../src/msm.cpp:541) of constant 0 on local variable 'j', ../src/msm.cpp:541 [20]  (0.427 ns)
	'load' operation 11 bit ('j', ../src/msm.cpp:541) on local variable 'j', ../src/msm.cpp:541 [23]  (0.000 ns)
	'getelementptr' operation 14 bit ('buckets_x_0_addr', ../src/msm.cpp:544) [37]  (0.000 ns)
	'load' operation 256 bit ('buckets_x_0_load_25', ../src/msm.cpp:546) on array 'buckets_x_0' [45]  (1.237 ns)

 <State 2>: 1.749ns
The critical path consists of the following:
	'load' operation 256 bit ('buckets_x_0_load_25', ../src/msm.cpp:546) on array 'buckets_x_0' [45]  (1.237 ns)
	'select' operation 256 bit ('bucket_result.point.x', ../src/msm.cpp:546) [47]  (0.512 ns)

 <State 3>: 1.460ns
The critical path consists of the following:
	fifo write operation ('write_ln549', ../src/msm.cpp:549) on port 'out_stream' (../src/msm.cpp:549) [59]  (1.460 ns)


============================================================
+ Verbose Summary: Binding
============================================================
N/A
* FSMD analyzer results:
  - Output states:
 - Input state : 
  - Chain level:
	State 1
	State 2
	State 3


============================================================
+ Verbose Summary: Datapath Resource usage 
============================================================
N/A
