

================================================================
== Vitis HLS Report for 'aggregate_and_output_results_Pipeline_VITIS_LOOP_541_116'
================================================================
* Date:           Thu Apr 24 04:49:25 2025

* Version:        2024.2 (Build 5238294 on Nov  8 2024)
* Project:        msm_2
* Solution:       solution1 (Vivado IP Flow Target)
* Product family: zynquplus
* Target device:  xczu7ev-ffvc1156-2-e


================================================================
== Performance Estimates
================================================================
+ Timing: 
    * Summary: 
    +--------+---------+----------+------------+
    |  Clock |  Target | Estimated| Uncertainty|
    +--------+---------+----------+------------+
    |ap_clk  |  4.00 ns|  1.749 ns|     1.08 ns|
    +--------+---------+----------+------------+

+ Latency: 
    * Summary: 
    +---------+---------+----------+----------+------+------+------------------------------------------------+
    |  Latency (cycles) |  Latency (absolute) |   Interval  |                    Pipeline                    |
    |   min   |   max   |    min   |    max   |  min |  max |                      Type                      |
    +---------+---------+----------+----------+------+------+------------------------------------------------+
    |     1027|     1027|  4.108 us|  4.108 us|  1025|  1025|  loop auto-rewind stp (delay=0 clock cycles(s))|
    +---------+---------+----------+----------+------+------+------------------------------------------------+

    + Detail: 
        * Instance: 
        N/A

        * Loop: 
        +--------------------+---------+---------+----------+-----------+-----------+------+----------+
        |                    |  Latency (cycles) | Iteration|  Initiation Interval  | Trip |          |
        |      Loop Name     |   min   |   max   |  Latency |  achieved |   target  | Count| Pipelined|
        +--------------------+---------+---------+----------+-----------+-----------+------+----------+
        |- VITIS_LOOP_541_1  |     1025|     1025|         3|          1|          1|  1024|       yes|
        +--------------------+---------+---------+----------+-----------+-----------+------+----------+



================================================================
== Utilization Estimates
================================================================
* Summary: 
+-----------------+---------+------+--------+--------+-----+
|       Name      | BRAM_18K|  DSP |   FF   |   LUT  | URAM|
+-----------------+---------+------+--------+--------+-----+
|DSP              |        -|     -|       -|       -|    -|
|Expression       |        -|     -|       0|     873|    -|
|FIFO             |        -|     -|       -|       -|    -|
|Instance         |        -|     -|       -|       -|    -|
|Memory           |        -|     -|       -|       -|    -|
|Multiplexer      |        -|     -|       0|      45|    -|
|Register         |        -|     -|    1061|       -|    -|
+-----------------+---------+------+--------+--------+-----+
|Total            |        0|     0|    1061|     918|    0|
+-----------------+---------+------+--------+--------+-----+
|Available        |      624|  1728|  460800|  230400|   96|
+-----------------+---------+------+--------+--------+-----+
|Utilization (%)  |        0|     0|      ~0|      ~0|    0|
+-----------------+---------+------+--------+--------+-----+

+ Detail: 
    * Instance: 
    N/A

    * DSP: 
    N/A

    * Memory: 
    N/A

    * FIFO: 
    N/A

    * Expression: 
    +---------------------------------+----------+----+---+-----+------------+------------+
    |          Variable Name          | Operation| DSP| FF| LUT | Bitwidth P0| Bitwidth P1|
    +---------------------------------+----------+----+---+-----+------------+------------+
    |j_33_fu_199_p2                   |         +|   0|  0|   18|          11|           1|
    |ap_block_pp0_stage0_01001_grp1   |       and|   0|  0|    2|           1|           1|
    |icmp_ln541_fu_193_p2             |      icmp|   0|  0|   19|          11|          12|
    |bucket_result_point_t_fu_278_p3  |    select|   0|  0|  208|           1|         256|
    |bucket_result_point_x_fu_254_p3  |    select|   0|  0|  208|           1|         256|
    |bucket_result_point_y_fu_262_p3  |    select|   0|  0|  208|           1|         256|
    |bucket_result_point_z_fu_270_p3  |    select|   0|  0|  208|           1|         256|
    |ap_enable_pp0                    |       xor|   0|  0|    2|           1|           2|
    +---------------------------------+----------+----+---+-----+------------+------------+
    |Total                            |          |   0|  0|  873|          28|        1040|
    +---------------------------------+----------+----+---+-----+------------+------------+

    * Multiplexer: 
    +-------------------------+----+-----------+-----+-----------+
    |           Name          | LUT| Input Size| Bits| Total Bits|
    +-------------------------+----+-----------+-----+-----------+
    |ap_done_int              |   9|          2|    1|          2|
    |ap_enable_reg_pp0_iter1  |   9|          2|    1|          2|
    |ap_sig_allocacmp_j       |   9|          2|   11|         22|
    |j_28_fu_70               |   9|          2|   11|         22|
    |out_stream_blk_n         |   9|          2|    1|          2|
    +-------------------------+----+-----------+-----+-----------+
    |Total                    |  45|         10|   25|         50|
    +-------------------------+----+-----------+-----+-----------+

    * Register: 
    +------------------------------------+-----+----+-----+-----------+
    |                Name                |  FF | LUT| Bits| Const Bits|
    +------------------------------------+-----+----+-----+-----------+
    |ap_CS_fsm                           |    1|   0|    1|          0|
    |ap_done_reg                         |    1|   0|    1|          0|
    |ap_enable_reg_pp0_iter1             |    1|   0|    1|          0|
    |ap_enable_reg_pp0_iter2             |    1|   0|    1|          0|
    |ap_loop_exit_ready_pp0_iter1_reg    |    1|   0|    1|          0|
    |bucket_result_bucket_index_reg_363  |   10|   0|   10|          0|
    |bucket_result_point_t_reg_383       |  256|   0|  256|          0|
    |bucket_result_point_x_reg_368       |  256|   0|  256|          0|
    |bucket_result_point_y_reg_373       |  256|   0|  256|          0|
    |bucket_result_point_z_reg_378       |  256|   0|  256|          0|
    |j_28_fu_70                          |   11|   0|   11|          0|
    |j_reg_313                           |   11|   0|   11|          0|
    +------------------------------------+-----+----+-----+-----------+
    |Total                               | 1061|   0| 1061|          0|
    +------------------------------------+-----+----+-----+-----------+



================================================================
== Interface
================================================================
* Summary: 
+----------------------+-----+------+------------+----------------------------------------------------------+--------------+
|       RTL Ports      | Dir | Bits |  Protocol  |                       Source Object                      |    C Type    |
+----------------------+-----+------+------------+----------------------------------------------------------+--------------+
|ap_clk                |   in|     1|  ap_ctrl_hs|  aggregate_and_output_results_Pipeline_VITIS_LOOP_541_116|  return value|
|ap_rst                |   in|     1|  ap_ctrl_hs|  aggregate_and_output_results_Pipeline_VITIS_LOOP_541_116|  return value|
|ap_start              |   in|     1|  ap_ctrl_hs|  aggregate_and_output_results_Pipeline_VITIS_LOOP_541_116|  return value|
|ap_done               |  out|     1|  ap_ctrl_hs|  aggregate_and_output_results_Pipeline_VITIS_LOOP_541_116|  return value|
|ap_idle               |  out|     1|  ap_ctrl_hs|  aggregate_and_output_results_Pipeline_VITIS_LOOP_541_116|  return value|
|ap_ready              |  out|     1|  ap_ctrl_hs|  aggregate_and_output_results_Pipeline_VITIS_LOOP_541_116|  return value|
|out_stream_din        |  out|  1039|     ap_fifo|                                                out_stream|       pointer|
|out_stream_full_n     |   in|     1|     ap_fifo|                                                out_stream|       pointer|
|out_stream_write      |  out|     1|     ap_fifo|                                                out_stream|       pointer|
|buckets_x_0_address0  |  out|    14|   ap_memory|                                               buckets_x_0|         array|
|buckets_x_0_ce0       |  out|     1|   ap_memory|                                               buckets_x_0|         array|
|buckets_x_0_q0        |   in|   256|   ap_memory|                                               buckets_x_0|         array|
|buckets_x_1_address0  |  out|    14|   ap_memory|                                               buckets_x_1|         array|
|buckets_x_1_ce0       |  out|     1|   ap_memory|                                               buckets_x_1|         array|
|buckets_x_1_q0        |   in|   256|   ap_memory|                                               buckets_x_1|         array|
|buckets_y_0_address0  |  out|    14|   ap_memory|                                               buckets_y_0|         array|
|buckets_y_0_ce0       |  out|     1|   ap_memory|                                               buckets_y_0|         array|
|buckets_y_0_q0        |   in|   256|   ap_memory|                                               buckets_y_0|         array|
|buckets_y_1_address0  |  out|    14|   ap_memory|                                               buckets_y_1|         array|
|buckets_y_1_ce0       |  out|     1|   ap_memory|                                               buckets_y_1|         array|
|buckets_y_1_q0        |   in|   256|   ap_memory|                                               buckets_y_1|         array|
|buckets_z_0_address0  |  out|    14|   ap_memory|                                               buckets_z_0|         array|
|buckets_z_0_ce0       |  out|     1|   ap_memory|                                               buckets_z_0|         array|
|buckets_z_0_q0        |   in|   256|   ap_memory|                                               buckets_z_0|         array|
|buckets_z_1_address0  |  out|    14|   ap_memory|                                               buckets_z_1|         array|
|buckets_z_1_ce0       |  out|     1|   ap_memory|                                               buckets_z_1|         array|
|buckets_z_1_q0        |   in|   256|   ap_memory|                                               buckets_z_1|         array|
|buckets_t_0_address0  |  out|    14|   ap_memory|                                               buckets_t_0|         array|
|buckets_t_0_ce0       |  out|     1|   ap_memory|                                               buckets_t_0|         array|
|buckets_t_0_q0        |   in|   256|   ap_memory|                                               buckets_t_0|         array|
|buckets_t_1_address0  |  out|    14|   ap_memory|                                               buckets_t_1|         array|
|buckets_t_1_ce0       |  out|     1|   ap_memory|                                               buckets_t_1|         array|
|buckets_t_1_q0        |   in|   256|   ap_memory|                                               buckets_t_1|         array|
+----------------------+-----+------+------------+----------------------------------------------------------+--------------+

============================================================
+ Verbose Summary: Synthesis Manager
============================================================
InlineROM: 1
ExposeGlobal: 0
============================================================
+ Verbose Summary: CDFG Model
============================================================
IsTopModel: 0
ResetActiveHigh: 1
IsCombinational: 2
IsDatapathOnly: 2
HasWiredReturn: 1
HasMFsm: 2
HasVarLatency: 1
IsPipeline: 0
IsRtlPipelined: 0
IsInstanceOverlapped: 0
IsDontTouch: 0
HasImplIP: 0
IsGatedGlobalClock: 0

+ Individual pipeline summary: 
  * Pipeline-0: initiation interval (II) = 1, depth = 3


============================================================
+ Verbose Summary: Schedule
============================================================
* Number of FSM states : 3
* Pipeline : 1
  Pipeline-0 : II = 1, D = 3, States = { 1 2 3 }
* Dataflow Pipeline: 0

* FSM state transitions: 
1 --> 2 
2 --> 3 
3 --> 

* FSM state operations: 

State 1 <SV = 0> <Delay = 1.66>
ST_1 : Operation 6 [1/1] (0.00ns)   --->   "%j_28 = alloca i32 1" [../src/msm.cpp:541]   --->   Operation 6 'alloca' 'j_28' <Predicate = true> <Delay = 0.00>
ST_1 : Operation 7 [1/1] (0.00ns)   --->   "%specmemcore_ln0 = specmemcore void @_ssdm_op_SpecMemCore, i256 %buckets_x_1, i64 666, i64 31, i64 18446744073709551615"   --->   Operation 7 'specmemcore' 'specmemcore_ln0' <Predicate = true> <Delay = 0.00>
ST_1 : Operation 8 [1/1] (0.00ns)   --->   "%specmemcore_ln0 = specmemcore void @_ssdm_op_SpecMemCore, i256 %buckets_x_0, i64 666, i64 31, i64 18446744073709551615"   --->   Operation 8 'specmemcore' 'specmemcore_ln0' <Predicate = true> <Delay = 0.00>
ST_1 : Operation 9 [1/1] (0.00ns)   --->   "%specmemcore_ln0 = specmemcore void @_ssdm_op_SpecMemCore, i256 %buckets_y_1, i64 666, i64 31, i64 18446744073709551615"   --->   Operation 9 'specmemcore' 'specmemcore_ln0' <Predicate = true> <Delay = 0.00>
ST_1 : Operation 10 [1/1] (0.00ns)   --->   "%specmemcore_ln0 = specmemcore void @_ssdm_op_SpecMemCore, i256 %buckets_y_0, i64 666, i64 31, i64 18446744073709551615"   --->   Operation 10 'specmemcore' 'specmemcore_ln0' <Predicate = true> <Delay = 0.00>
ST_1 : Operation 11 [1/1] (0.00ns)   --->   "%specmemcore_ln0 = specmemcore void @_ssdm_op_SpecMemCore, i256 %buckets_z_1, i64 666, i64 31, i64 18446744073709551615"   --->   Operation 11 'specmemcore' 'specmemcore_ln0' <Predicate = true> <Delay = 0.00>
ST_1 : Operation 12 [1/1] (0.00ns)   --->   "%specmemcore_ln0 = specmemcore void @_ssdm_op_SpecMemCore, i256 %buckets_z_0, i64 666, i64 31, i64 18446744073709551615"   --->   Operation 12 'specmemcore' 'specmemcore_ln0' <Predicate = true> <Delay = 0.00>
ST_1 : Operation 13 [1/1] (0.00ns)   --->   "%specmemcore_ln0 = specmemcore void @_ssdm_op_SpecMemCore, i256 %buckets_t_1, i64 666, i64 31, i64 18446744073709551615"   --->   Operation 13 'specmemcore' 'specmemcore_ln0' <Predicate = true> <Delay = 0.00>
ST_1 : Operation 14 [1/1] (0.00ns)   --->   "%specmemcore_ln0 = specmemcore void @_ssdm_op_SpecMemCore, i256 %buckets_t_0, i64 666, i64 31, i64 18446744073709551615"   --->   Operation 14 'specmemcore' 'specmemcore_ln0' <Predicate = true> <Delay = 0.00>
ST_1 : Operation 15 [1/1] (0.00ns)   --->   "%specinterface_ln0 = specinterface void @_ssdm_op_SpecInterface, i1039 %out_stream, void @empty_0, i32 0, i32 0, void @empty, i32 0, i32 0, void @empty, void @empty, void @empty, i32 0, i32 0, i32 0, i32 0, void @empty, void @empty, i32 4294967295, i32 0, i32 0"   --->   Operation 15 'specinterface' 'specinterface_ln0' <Predicate = true> <Delay = 0.00>
ST_1 : Operation 16 [1/1] (0.42ns)   --->   "%store_ln541 = store i11 0, i11 %j_28" [../src/msm.cpp:541]   --->   Operation 16 'store' 'store_ln541' <Predicate = true> <Delay = 0.42>
ST_1 : Operation 17 [1/1] (0.00ns)   --->   "%br_ln0 = br void %for.inc.14"   --->   Operation 17 'br' 'br_ln0' <Predicate = true> <Delay = 0.00>
ST_1 : Operation 18 [1/1] (0.00ns)   --->   "%j = load i11 %j_28" [../src/msm.cpp:541]   --->   Operation 18 'load' 'j' <Predicate = true> <Delay = 0.00>
ST_1 : Operation 19 [1/1] (0.79ns)   --->   "%icmp_ln541 = icmp_eq  i11 %j, i11 1024" [../src/msm.cpp:541]   --->   Operation 19 'icmp' 'icmp_ln541' <Predicate = true> <Delay = 0.79> <CoreInst = "Cmp">   --->   Core 9 'Cmp' <Latency = 0> <II = 1> <Delay = 0.80> <FuncUnit> <Opcode : 'seteq' 'setne' 'setle' 'setge' 'setlt' 'setgt'> <InPorts = 2> <OutPorts = 1>
ST_1 : Operation 20 [1/1] (0.79ns)   --->   "%j_33 = add i11 %j, i11 1" [../src/msm.cpp:541]   --->   Operation 20 'add' 'j_33' <Predicate = true> <Delay = 0.79> <CoreInst = "Adder">   --->   Core 1 'Adder' <Latency = 0> <II = 1> <Delay = 0.79> <FuncUnit> <Opcode : 'add' 'sub'> <InPorts = 2> <OutPorts = 1>
ST_1 : Operation 21 [1/1] (0.00ns)   --->   "%br_ln541 = br i1 %icmp_ln541, void %for.inc.14.split, void %for.inc.15.preheader.exitStub" [../src/msm.cpp:541]   --->   Operation 21 'br' 'br_ln541' <Predicate = true> <Delay = 0.00>
ST_1 : Operation 22 [1/1] (0.00ns)   --->   "%lshr_ln541_3 = partselect i9 @_ssdm_op_PartSelect.i9.i11.i32.i32, i11 %j, i32 1, i32 9" [../src/msm.cpp:541]   --->   Operation 22 'partselect' 'lshr_ln541_3' <Predicate = (!icmp_ln541)> <Delay = 0.00>
ST_1 : Operation 23 [1/1] (0.00ns)   --->   "%zext_ln541 = zext i9 %lshr_ln541_3" [../src/msm.cpp:541]   --->   Operation 23 'zext' 'zext_ln541' <Predicate = (!icmp_ln541)> <Delay = 0.00>
ST_1 : Operation 24 [1/1] (0.00ns)   --->   "%tmp_s = bitconcatenate i11 @_ssdm_op_BitConcatenate.i11.i1.i10, i1 1, i10 %zext_ln541" [../src/msm.cpp:544]   --->   Operation 24 'bitconcatenate' 'tmp_s' <Predicate = (!icmp_ln541)> <Delay = 0.00>
ST_1 : Operation 25 [1/1] (0.00ns)   --->   "%sext_ln544 = sext i11 %tmp_s" [../src/msm.cpp:544]   --->   Operation 25 'sext' 'sext_ln544' <Predicate = (!icmp_ln541)> <Delay = 0.00>
ST_1 : Operation 26 [1/1] (0.00ns)   --->   "%zext_ln544 = zext i13 %sext_ln544" [../src/msm.cpp:544]   --->   Operation 26 'zext' 'zext_ln544' <Predicate = (!icmp_ln541)> <Delay = 0.00>
ST_1 : Operation 27 [1/1] (0.00ns)   --->   "%buckets_x_0_addr = getelementptr i256 %buckets_x_0, i64 0, i64 %zext_ln544" [../src/msm.cpp:544]   --->   Operation 27 'getelementptr' 'buckets_x_0_addr' <Predicate = (!icmp_ln541)> <Delay = 0.00>
ST_1 : Operation 28 [1/1] (0.00ns)   --->   "%buckets_x_1_addr = getelementptr i256 %buckets_x_1, i64 0, i64 %zext_ln544" [../src/msm.cpp:544]   --->   Operation 28 'getelementptr' 'buckets_x_1_addr' <Predicate = (!icmp_ln541)> <Delay = 0.00>
ST_1 : Operation 29 [1/1] (0.00ns)   --->   "%buckets_y_0_addr = getelementptr i256 %buckets_y_0, i64 0, i64 %zext_ln544" [../src/msm.cpp:544]   --->   Operation 29 'getelementptr' 'buckets_y_0_addr' <Predicate = (!icmp_ln541)> <Delay = 0.00>
ST_1 : Operation 30 [1/1] (0.00ns)   --->   "%buckets_y_1_addr = getelementptr i256 %buckets_y_1, i64 0, i64 %zext_ln544" [../src/msm.cpp:544]   --->   Operation 30 'getelementptr' 'buckets_y_1_addr' <Predicate = (!icmp_ln541)> <Delay = 0.00>
ST_1 : Operation 31 [1/1] (0.00ns)   --->   "%buckets_z_0_addr = getelementptr i256 %buckets_z_0, i64 0, i64 %zext_ln544" [../src/msm.cpp:544]   --->   Operation 31 'getelementptr' 'buckets_z_0_addr' <Predicate = (!icmp_ln541)> <Delay = 0.00>
ST_1 : Operation 32 [1/1] (0.00ns)   --->   "%buckets_z_1_addr = getelementptr i256 %buckets_z_1, i64 0, i64 %zext_ln544" [../src/msm.cpp:544]   --->   Operation 32 'getelementptr' 'buckets_z_1_addr' <Predicate = (!icmp_ln541)> <Delay = 0.00>
ST_1 : Operation 33 [1/1] (0.00ns)   --->   "%buckets_t_0_addr = getelementptr i256 %buckets_t_0, i64 0, i64 %zext_ln544" [../src/msm.cpp:544]   --->   Operation 33 'getelementptr' 'buckets_t_0_addr' <Predicate = (!icmp_ln541)> <Delay = 0.00>
ST_1 : Operation 34 [1/1] (0.00ns)   --->   "%buckets_t_1_addr = getelementptr i256 %buckets_t_1, i64 0, i64 %zext_ln544" [../src/msm.cpp:544]   --->   Operation 34 'getelementptr' 'buckets_t_1_addr' <Predicate = (!icmp_ln541)> <Delay = 0.00>
ST_1 : Operation 35 [2/2] (1.23ns)   --->   "%buckets_x_0_load_14 = load i14 %buckets_x_0_addr" [../src/msm.cpp:546]   --->   Operation 35 'load' 'buckets_x_0_load_14' <Predicate = (!icmp_ln541)> <Delay = 1.23> <CoreInst = "RAM_T2P_URAM">   --->   Core 99 'RAM_T2P_URAM' <Latency = 1> <II = 1> <Delay = 1.23> <Storage> <Opcode : 'load' 'store'> <Ports = 2> <Width = 256> <Depth = 13312> <RAM>
ST_1 : Operation 36 [2/2] (1.23ns)   --->   "%buckets_x_1_load_14 = load i14 %buckets_x_1_addr" [../src/msm.cpp:546]   --->   Operation 36 'load' 'buckets_x_1_load_14' <Predicate = (!icmp_ln541)> <Delay = 1.23> <CoreInst = "RAM_T2P_URAM">   --->   Core 99 'RAM_T2P_URAM' <Latency = 1> <II = 1> <Delay = 1.23> <Storage> <Opcode : 'load' 'store'> <Ports = 2> <Width = 256> <Depth = 13312> <RAM>
ST_1 : Operation 37 [2/2] (1.23ns)   --->   "%buckets_y_0_load_14 = load i14 %buckets_y_0_addr" [../src/msm.cpp:546]   --->   Operation 37 'load' 'buckets_y_0_load_14' <Predicate = (!icmp_ln541)> <Delay = 1.23> <CoreInst = "RAM_T2P_URAM">   --->   Core 99 'RAM_T2P_URAM' <Latency = 1> <II = 1> <Delay = 1.23> <Storage> <Opcode : 'load' 'store'> <Ports = 2> <Width = 256> <Depth = 13312> <RAM>
ST_1 : Operation 38 [2/2] (1.23ns)   --->   "%buckets_y_1_load_14 = load i14 %buckets_y_1_addr" [../src/msm.cpp:546]   --->   Operation 38 'load' 'buckets_y_1_load_14' <Predicate = (!icmp_ln541)> <Delay = 1.23> <CoreInst = "RAM_T2P_URAM">   --->   Core 99 'RAM_T2P_URAM' <Latency = 1> <II = 1> <Delay = 1.23> <Storage> <Opcode : 'load' 'store'> <Ports = 2> <Width = 256> <Depth = 13312> <RAM>
ST_1 : Operation 39 [2/2] (1.23ns)   --->   "%buckets_z_0_load_14 = load i14 %buckets_z_0_addr" [../src/msm.cpp:546]   --->   Operation 39 'load' 'buckets_z_0_load_14' <Predicate = (!icmp_ln541)> <Delay = 1.23> <CoreInst = "RAM_T2P_URAM">   --->   Core 99 'RAM_T2P_URAM' <Latency = 1> <II = 1> <Delay = 1.23> <Storage> <Opcode : 'load' 'store'> <Ports = 2> <Width = 256> <Depth = 13312> <RAM>
ST_1 : Operation 40 [2/2] (1.23ns)   --->   "%buckets_z_1_load_14 = load i14 %buckets_z_1_addr" [../src/msm.cpp:546]   --->   Operation 40 'load' 'buckets_z_1_load_14' <Predicate = (!icmp_ln541)> <Delay = 1.23> <CoreInst = "RAM_T2P_URAM">   --->   Core 99 'RAM_T2P_URAM' <Latency = 1> <II = 1> <Delay = 1.23> <Storage> <Opcode : 'load' 'store'> <Ports = 2> <Width = 256> <Depth = 13312> <RAM>
ST_1 : Operation 41 [2/2] (1.23ns)   --->   "%buckets_t_0_load_14 = load i14 %buckets_t_0_addr" [../src/msm.cpp:546]   --->   Operation 41 'load' 'buckets_t_0_load_14' <Predicate = (!icmp_ln541)> <Delay = 1.23> <CoreInst = "RAM_T2P_URAM">   --->   Core 99 'RAM_T2P_URAM' <Latency = 1> <II = 1> <Delay = 1.23> <Storage> <Opcode : 'load' 'store'> <Ports = 2> <Width = 256> <Depth = 13312> <RAM>
ST_1 : Operation 42 [2/2] (1.23ns)   --->   "%buckets_t_1_load_14 = load i14 %buckets_t_1_addr" [../src/msm.cpp:546]   --->   Operation 42 'load' 'buckets_t_1_load_14' <Predicate = (!icmp_ln541)> <Delay = 1.23> <CoreInst = "RAM_T2P_URAM">   --->   Core 99 'RAM_T2P_URAM' <Latency = 1> <II = 1> <Delay = 1.23> <Storage> <Opcode : 'load' 'store'> <Ports = 2> <Width = 256> <Depth = 13312> <RAM>
ST_1 : Operation 43 [1/1] (0.42ns)   --->   "%store_ln541 = store i11 %j_33, i11 %j_28" [../src/msm.cpp:541]   --->   Operation 43 'store' 'store_ln541' <Predicate = (!icmp_ln541)> <Delay = 0.42>

State 2 <SV = 1> <Delay = 1.74>
ST_2 : Operation 44 [1/1] (0.00ns)   --->   "%bucket_result_bucket_index = trunc i11 %j" [../src/msm.cpp:541]   --->   Operation 44 'trunc' 'bucket_result_bucket_index' <Predicate = true> <Delay = 0.00>
ST_2 : Operation 45 [1/1] (0.00ns)   --->   "%trunc_ln541_19 = trunc i11 %j" [../src/msm.cpp:541]   --->   Operation 45 'trunc' 'trunc_ln541_19' <Predicate = true> <Delay = 0.00>
ST_2 : Operation 46 [1/2] ( I:1.23ns O:1.23ns )   --->   "%buckets_x_0_load_14 = load i14 %buckets_x_0_addr" [../src/msm.cpp:546]   --->   Operation 46 'load' 'buckets_x_0_load_14' <Predicate = true> <Delay = 1.23> <CoreInst = "RAM_T2P_URAM">   --->   Core 99 'RAM_T2P_URAM' <Latency = 1> <II = 1> <Delay = 1.23> <Storage> <Opcode : 'load' 'store'> <Ports = 2> <Width = 256> <Depth = 13312> <RAM>
ST_2 : Operation 47 [1/2] ( I:1.23ns O:1.23ns )   --->   "%buckets_x_1_load_14 = load i14 %buckets_x_1_addr" [../src/msm.cpp:546]   --->   Operation 47 'load' 'buckets_x_1_load_14' <Predicate = true> <Delay = 1.23> <CoreInst = "RAM_T2P_URAM">   --->   Core 99 'RAM_T2P_URAM' <Latency = 1> <II = 1> <Delay = 1.23> <Storage> <Opcode : 'load' 'store'> <Ports = 2> <Width = 256> <Depth = 13312> <RAM>
ST_2 : Operation 48 [1/1] (0.51ns)   --->   "%bucket_result_point_x = select i1 %trunc_ln541_19, i256 %buckets_x_1_load_14, i256 %buckets_x_0_load_14" [../src/msm.cpp:546]   --->   Operation 48 'select' 'bucket_result_point_x' <Predicate = true> <Delay = 0.51> <CoreInst = "Sel">   --->   Core 73 'Sel' <Latency = 0> <II = 1> <Delay = 0.51> <FuncUnit> <Opcode : 'select'> <InPorts = 3> <OutPorts = 1>
ST_2 : Operation 49 [1/2] ( I:1.23ns O:1.23ns )   --->   "%buckets_y_0_load_14 = load i14 %buckets_y_0_addr" [../src/msm.cpp:546]   --->   Operation 49 'load' 'buckets_y_0_load_14' <Predicate = true> <Delay = 1.23> <CoreInst = "RAM_T2P_URAM">   --->   Core 99 'RAM_T2P_URAM' <Latency = 1> <II = 1> <Delay = 1.23> <Storage> <Opcode : 'load' 'store'> <Ports = 2> <Width = 256> <Depth = 13312> <RAM>
ST_2 : Operation 50 [1/2] ( I:1.23ns O:1.23ns )   --->   "%buckets_y_1_load_14 = load i14 %buckets_y_1_addr" [../src/msm.cpp:546]   --->   Operation 50 'load' 'buckets_y_1_load_14' <Predicate = true> <Delay = 1.23> <CoreInst = "RAM_T2P_URAM">   --->   Core 99 'RAM_T2P_URAM' <Latency = 1> <II = 1> <Delay = 1.23> <Storage> <Opcode : 'load' 'store'> <Ports = 2> <Width = 256> <Depth = 13312> <RAM>
ST_2 : Operation 51 [1/1] (0.51ns)   --->   "%bucket_result_point_y = select i1 %trunc_ln541_19, i256 %buckets_y_1_load_14, i256 %buckets_y_0_load_14" [../src/msm.cpp:546]   --->   Operation 51 'select' 'bucket_result_point_y' <Predicate = true> <Delay = 0.51> <CoreInst = "Sel">   --->   Core 73 'Sel' <Latency = 0> <II = 1> <Delay = 0.51> <FuncUnit> <Opcode : 'select'> <InPorts = 3> <OutPorts = 1>
ST_2 : Operation 52 [1/2] ( I:1.23ns O:1.23ns )   --->   "%buckets_z_0_load_14 = load i14 %buckets_z_0_addr" [../src/msm.cpp:546]   --->   Operation 52 'load' 'buckets_z_0_load_14' <Predicate = true> <Delay = 1.23> <CoreInst = "RAM_T2P_URAM">   --->   Core 99 'RAM_T2P_URAM' <Latency = 1> <II = 1> <Delay = 1.23> <Storage> <Opcode : 'load' 'store'> <Ports = 2> <Width = 256> <Depth = 13312> <RAM>
ST_2 : Operation 53 [1/2] ( I:1.23ns O:1.23ns )   --->   "%buckets_z_1_load_14 = load i14 %buckets_z_1_addr" [../src/msm.cpp:546]   --->   Operation 53 'load' 'buckets_z_1_load_14' <Predicate = true> <Delay = 1.23> <CoreInst = "RAM_T2P_URAM">   --->   Core 99 'RAM_T2P_URAM' <Latency = 1> <II = 1> <Delay = 1.23> <Storage> <Opcode : 'load' 'store'> <Ports = 2> <Width = 256> <Depth = 13312> <RAM>
ST_2 : Operation 54 [1/1] (0.51ns)   --->   "%bucket_result_point_z = select i1 %trunc_ln541_19, i256 %buckets_z_1_load_14, i256 %buckets_z_0_load_14" [../src/msm.cpp:546]   --->   Operation 54 'select' 'bucket_result_point_z' <Predicate = true> <Delay = 0.51> <CoreInst = "Sel">   --->   Core 73 'Sel' <Latency = 0> <II = 1> <Delay = 0.51> <FuncUnit> <Opcode : 'select'> <InPorts = 3> <OutPorts = 1>
ST_2 : Operation 55 [1/2] ( I:1.23ns O:1.23ns )   --->   "%buckets_t_0_load_14 = load i14 %buckets_t_0_addr" [../src/msm.cpp:546]   --->   Operation 55 'load' 'buckets_t_0_load_14' <Predicate = true> <Delay = 1.23> <CoreInst = "RAM_T2P_URAM">   --->   Core 99 'RAM_T2P_URAM' <Latency = 1> <II = 1> <Delay = 1.23> <Storage> <Opcode : 'load' 'store'> <Ports = 2> <Width = 256> <Depth = 13312> <RAM>
ST_2 : Operation 56 [1/2] ( I:1.23ns O:1.23ns )   --->   "%buckets_t_1_load_14 = load i14 %buckets_t_1_addr" [../src/msm.cpp:546]   --->   Operation 56 'load' 'buckets_t_1_load_14' <Predicate = true> <Delay = 1.23> <CoreInst = "RAM_T2P_URAM">   --->   Core 99 'RAM_T2P_URAM' <Latency = 1> <II = 1> <Delay = 1.23> <Storage> <Opcode : 'load' 'store'> <Ports = 2> <Width = 256> <Depth = 13312> <RAM>
ST_2 : Operation 57 [1/1] (0.51ns)   --->   "%bucket_result_point_t = select i1 %trunc_ln541_19, i256 %buckets_t_1_load_14, i256 %buckets_t_0_load_14" [../src/msm.cpp:546]   --->   Operation 57 'select' 'bucket_result_point_t' <Predicate = true> <Delay = 0.51> <CoreInst = "Sel">   --->   Core 73 'Sel' <Latency = 0> <II = 1> <Delay = 0.51> <FuncUnit> <Opcode : 'select'> <InPorts = 3> <OutPorts = 1>
ST_2 : Operation 66 [1/1] (0.42ns)   --->   "%ret_ln0 = ret"   --->   Operation 66 'ret' 'ret_ln0' <Predicate = (icmp_ln541)> <Delay = 0.42>

State 3 <SV = 2> <Delay = 1.46>
ST_3 : Operation 58 [1/1] (0.00ns)   --->   "%specpipeline_ln543 = specpipeline void @_ssdm_op_SpecPipeline, i32 1, i32 0, i32 0, i32 0, void @empty" [../src/msm.cpp:543]   --->   Operation 58 'specpipeline' 'specpipeline_ln543' <Predicate = true> <Delay = 0.00>
ST_3 : Operation 59 [1/1] (0.00ns)   --->   "%speclooptripcount_ln541 = speclooptripcount void @_ssdm_op_SpecLoopTripCount, i64 1024, i64 1024, i64 1024" [../src/msm.cpp:541]   --->   Operation 59 'speclooptripcount' 'speclooptripcount_ln541' <Predicate = true> <Delay = 0.00>
ST_3 : Operation 60 [1/1] (0.00ns)   --->   "%specloopname_ln541 = specloopname void @_ssdm_op_SpecLoopName, void @empty_4" [../src/msm.cpp:541]   --->   Operation 60 'specloopname' 'specloopname_ln541' <Predicate = true> <Delay = 0.00>
ST_3 : Operation 61 [1/1] (0.00ns)   --->   "%tmp_9 = bitconcatenate i1036 @_ssdm_op_BitConcatenate.i1036.i2.i10.i256.i256.i256.i256, i2 2, i10 %bucket_result_bucket_index, i256 %bucket_result_point_t, i256 %bucket_result_point_z, i256 %bucket_result_point_y, i256 %bucket_result_point_x" [../src/msm.cpp:549]   --->   Operation 61 'bitconcatenate' 'tmp_9' <Predicate = true> <Delay = 0.00>
ST_3 : Operation 62 [1/1] (0.00ns)   --->   "%sext_ln549 = sext i1036 %tmp_9" [../src/msm.cpp:549]   --->   Operation 62 'sext' 'sext_ln549' <Predicate = true> <Delay = 0.00>
ST_3 : Operation 63 [1/1] (0.00ns)   --->   "%zext_ln549 = zext i1038 %sext_ln549" [../src/msm.cpp:549]   --->   Operation 63 'zext' 'zext_ln549' <Predicate = true> <Delay = 0.00>
ST_3 : Operation 64 [1/1] ( I:1.46ns O:1.46ns )   --->   "%write_ln549 = write void @_ssdm_op_Write.ap_fifo.volatile.i1039P0A, i1039 %out_stream, i1039 %zext_ln549" [../src/msm.cpp:549]   --->   Operation 64 'write' 'write_ln549' <Predicate = true> <Delay = 1.46> <CoreInst = "FIFO">   --->   Core 77 'FIFO' <Latency = 0> <II = 1> <Delay = 1.63> <Storage> <Opcode : 'read' 'write' 'nbread' 'nbwrite'> <Ports = 0> <Width = -1> <Depth = -1> <FIFO>
ST_3 : Operation 65 [1/1] (0.00ns)   --->   "%br_ln541 = br void %for.inc.14" [../src/msm.cpp:541]   --->   Operation 65 'br' 'br_ln541' <Predicate = true> <Delay = 0.00>


============================================================
+ Verbose Summary: Binding
============================================================
STG Binding: 
---------------- STG Properties BEGIN ----------------
- Is combinational: 0
- Is one-state seq: 0
- Is datapath-only: 0
- Is pipelined: 0
- Is top level: 0
Port [ Return ] is wired: 1; IO mode=ap_ctrl_hs:ce=0
Port [ buckets_x_0]:  wired=1; compound=1; hidden=0; nouse=0; global=0; static=0; extern=0; dir=0; type=1; pingpong=0; private_global=0; MemPort=[13]; IO mode=ap_memory:ce=0
Port [ buckets_x_1]:  wired=1; compound=1; hidden=0; nouse=0; global=0; static=0; extern=0; dir=0; type=1; pingpong=0; private_global=0; MemPort=[13]; IO mode=ap_memory:ce=0
Port [ buckets_y_0]:  wired=1; compound=1; hidden=0; nouse=0; global=0; static=0; extern=0; dir=0; type=1; pingpong=0; private_global=0; MemPort=[13]; IO mode=ap_memory:ce=0
Port [ buckets_y_1]:  wired=1; compound=1; hidden=0; nouse=0; global=0; static=0; extern=0; dir=0; type=1; pingpong=0; private_global=0; MemPort=[13]; IO mode=ap_memory:ce=0
Port [ buckets_z_0]:  wired=1; compound=1; hidden=0; nouse=0; global=0; static=0; extern=0; dir=0; type=1; pingpong=0; private_global=0; MemPort=[13]; IO mode=ap_memory:ce=0
Port [ buckets_z_1]:  wired=1; compound=1; hidden=0; nouse=0; global=0; static=0; extern=0; dir=0; type=1; pingpong=0; private_global=0; MemPort=[13]; IO mode=ap_memory:ce=0
Port [ buckets_t_0]:  wired=1; compound=1; hidden=0; nouse=0; global=0; static=0; extern=0; dir=0; type=1; pingpong=0; private_global=0; MemPort=[13]; IO mode=ap_memory:ce=0
Port [ buckets_t_1]:  wired=1; compound=1; hidden=0; nouse=0; global=0; static=0; extern=0; dir=0; type=1; pingpong=0; private_global=0; MemPort=[13]; IO mode=ap_memory:ce=0
Port [ out_stream]:  wired=1; compound=1; hidden=0; nouse=0; global=0; static=0; extern=0; dir=1; type=3; pingpong=0; private_global=0; IO mode=ap_fifo:ce=0
---------------- STG Properties END ------------------

---------------- Datapath Model BEGIN ----------------

<LifeTime>
<method=bitvector/>
j_28                       (alloca           ) [ 0100]
specmemcore_ln0            (specmemcore      ) [ 0000]
specmemcore_ln0            (specmemcore      ) [ 0000]
specmemcore_ln0            (specmemcore      ) [ 0000]
specmemcore_ln0            (specmemcore      ) [ 0000]
specmemcore_ln0            (specmemcore      ) [ 0000]
specmemcore_ln0            (specmemcore      ) [ 0000]
specmemcore_ln0            (specmemcore      ) [ 0000]
specmemcore_ln0            (specmemcore      ) [ 0000]
specinterface_ln0          (specinterface    ) [ 0000]
store_ln541                (store            ) [ 0000]
br_ln0                     (br               ) [ 0000]
j                          (load             ) [ 0110]
icmp_ln541                 (icmp             ) [ 0110]
j_33                       (add              ) [ 0000]
br_ln541                   (br               ) [ 0000]
lshr_ln541_3               (partselect       ) [ 0000]
zext_ln541                 (zext             ) [ 0000]
tmp_s                      (bitconcatenate   ) [ 0000]
sext_ln544                 (sext             ) [ 0000]
zext_ln544                 (zext             ) [ 0000]
buckets_x_0_addr           (getelementptr    ) [ 0110]
buckets_x_1_addr           (getelementptr    ) [ 0110]
buckets_y_0_addr           (getelementptr    ) [ 0110]
buckets_y_1_addr           (getelementptr    ) [ 0110]
buckets_z_0_addr           (getelementptr    ) [ 0110]
buckets_z_1_addr           (getelementptr    ) [ 0110]
buckets_t_0_addr           (getelementptr    ) [ 0110]
buckets_t_1_addr           (getelementptr    ) [ 0110]
store_ln541                (store            ) [ 0000]
bucket_result_bucket_index (trunc            ) [ 0101]
trunc_ln541_19             (trunc            ) [ 0000]
buckets_x_0_load_14        (load             ) [ 0000]
buckets_x_1_load_14        (load             ) [ 0000]
bucket_result_point_x      (select           ) [ 0101]
buckets_y_0_load_14        (load             ) [ 0000]
buckets_y_1_load_14        (load             ) [ 0000]
bucket_result_point_y      (select           ) [ 0101]
buckets_z_0_load_14        (load             ) [ 0000]
buckets_z_1_load_14        (load             ) [ 0000]
bucket_result_point_z      (select           ) [ 0101]
buckets_t_0_load_14        (load             ) [ 0000]
buckets_t_1_load_14        (load             ) [ 0000]
bucket_result_point_t      (select           ) [ 0101]
specpipeline_ln543         (specpipeline     ) [ 0000]
speclooptripcount_ln541    (speclooptripcount) [ 0000]
specloopname_ln541         (specloopname     ) [ 0000]
tmp_9                      (bitconcatenate   ) [ 0000]
sext_ln549                 (sext             ) [ 0000]
zext_ln549                 (zext             ) [ 0000]
write_ln549                (write            ) [ 0000]
br_ln541                   (br               ) [ 0000]
ret_ln0                    (ret              ) [ 0000]
</LifeTime>

<model>

<comp_list>
<comp id="0" class="1000" name="buckets_x_0">
<pin_list>
<pin id="1" dir="1" index="0" bw="1" slack="0"/>
</pin_list>
<bind>
<StgValue><ssdm name="buckets_x_0"/><MemPortTyVec>1 3 </MemPortTyVec>
</StgValue>
</bind>
</comp>

<comp id="2" class="1000" name="buckets_x_1">
<pin_list>
<pin id="3" dir="1" index="0" bw="1" slack="0"/>
</pin_list>
<bind>
<StgValue><ssdm name="buckets_x_1"/><MemPortTyVec>1 3 </MemPortTyVec>
</StgValue>
</bind>
</comp>

<comp id="4" class="1000" name="buckets_y_0">
<pin_list>
<pin id="5" dir="1" index="0" bw="1" slack="0"/>
</pin_list>
<bind>
<StgValue><ssdm name="buckets_y_0"/><MemPortTyVec>1 3 </MemPortTyVec>
</StgValue>
</bind>
</comp>

<comp id="6" class="1000" name="buckets_y_1">
<pin_list>
<pin id="7" dir="1" index="0" bw="1" slack="0"/>
</pin_list>
<bind>
<StgValue><ssdm name="buckets_y_1"/><MemPortTyVec>1 3 </MemPortTyVec>
</StgValue>
</bind>
</comp>

<comp id="8" class="1000" name="buckets_z_0">
<pin_list>
<pin id="9" dir="1" index="0" bw="1" slack="0"/>
</pin_list>
<bind>
<StgValue><ssdm name="buckets_z_0"/><MemPortTyVec>1 3 </MemPortTyVec>
</StgValue>
</bind>
</comp>

<comp id="10" class="1000" name="buckets_z_1">
<pin_list>
<pin id="11" dir="1" index="0" bw="1" slack="0"/>
</pin_list>
<bind>
<StgValue><ssdm name="buckets_z_1"/><MemPortTyVec>1 3 </MemPortTyVec>
</StgValue>
</bind>
</comp>

<comp id="12" class="1000" name="buckets_t_0">
<pin_list>
<pin id="13" dir="1" index="0" bw="1" slack="0"/>
</pin_list>
<bind>
<StgValue><ssdm name="buckets_t_0"/><MemPortTyVec>1 3 </MemPortTyVec>
</StgValue>
</bind>
</comp>

<comp id="14" class="1000" name="buckets_t_1">
<pin_list>
<pin id="15" dir="1" index="0" bw="1" slack="0"/>
</pin_list>
<bind>
<StgValue><ssdm name="buckets_t_1"/><MemPortTyVec>1 3 </MemPortTyVec>
</StgValue>
</bind>
</comp>

<comp id="16" class="1000" name="out_stream">
<pin_list>
<pin id="17" dir="1" index="0" bw="1" slack="0"/>
</pin_list>
<bind>
<StgValue><ssdm name="out_stream"/></StgValue>
</bind>
</comp>

<comp id="18" class="1001" name="const_18">
<pin_list>
<pin id="19" dir="1" index="0" bw="1" slack="0"/>
</pin_list>
<bind>
<StgValue><ssdm name=""/></StgValue>
</bind>
</comp>

<comp id="20" class="1001" name="const_20">
<pin_list>
<pin id="21" dir="1" index="0" bw="1" slack="2147483647"/>
</pin_list>
<bind>
<StgValue><ssdm name="_ssdm_op_SpecMemCore"/></StgValue>
</bind>
</comp>

<comp id="22" class="1001" name="const_22">
<pin_list>
<pin id="23" dir="1" index="0" bw="1" slack="2147483647"/>
</pin_list>
<bind>
<StgValue><ssdm name=""/></StgValue>
</bind>
</comp>

<comp id="24" class="1001" name="const_24">
<pin_list>
<pin id="25" dir="1" index="0" bw="1" slack="2147483647"/>
</pin_list>
<bind>
<StgValue><ssdm name=""/></StgValue>
</bind>
</comp>

<comp id="26" class="1001" name="const_26">
<pin_list>
<pin id="27" dir="1" index="0" bw="1" slack="2147483647"/>
</pin_list>
<bind>
<StgValue><ssdm name=""/></StgValue>
</bind>
</comp>

<comp id="28" class="1001" name="const_28">
<pin_list>
<pin id="29" dir="1" index="0" bw="1" slack="2147483647"/>
</pin_list>
<bind>
<StgValue><ssdm name="_ssdm_op_SpecInterface"/></StgValue>
</bind>
</comp>

<comp id="30" class="1001" name="const_30">
<pin_list>
<pin id="31" dir="1" index="0" bw="1" slack="2147483647"/>
</pin_list>
<bind>
<StgValue><ssdm name="empty_0"/></StgValue>
</bind>
</comp>

<comp id="32" class="1001" name="const_32">
<pin_list>
<pin id="33" dir="1" index="0" bw="1" slack="2147483647"/>
</pin_list>
<bind>
<StgValue><ssdm name=""/></StgValue>
</bind>
</comp>

<comp id="34" class="1001" name="const_34">
<pin_list>
<pin id="35" dir="1" index="0" bw="1" slack="2147483647"/>
</pin_list>
<bind>
<StgValue><ssdm name="empty"/></StgValue>
</bind>
</comp>

<comp id="36" class="1001" name="const_36">
<pin_list>
<pin id="37" dir="1" index="0" bw="1" slack="2147483647"/>
</pin_list>
<bind>
<StgValue><ssdm name=""/></StgValue>
</bind>
</comp>

<comp id="38" class="1001" name="const_38">
<pin_list>
<pin id="39" dir="1" index="0" bw="1" slack="0"/>
</pin_list>
<bind>
<StgValue><ssdm name=""/></StgValue>
</bind>
</comp>

<comp id="40" class="1001" name="const_40">
<pin_list>
<pin id="41" dir="1" index="0" bw="1" slack="0"/>
</pin_list>
<bind>
<StgValue><ssdm name=""/></StgValue>
</bind>
</comp>

<comp id="42" class="1001" name="const_42">
<pin_list>
<pin id="43" dir="1" index="0" bw="1" slack="0"/>
</pin_list>
<bind>
<StgValue><ssdm name=""/></StgValue>
</bind>
</comp>

<comp id="44" class="1001" name="const_44">
<pin_list>
<pin id="45" dir="1" index="0" bw="1" slack="0"/>
</pin_list>
<bind>
<StgValue><ssdm name="_ssdm_op_PartSelect.i9.i11.i32.i32"/></StgValue>
</bind>
</comp>

<comp id="46" class="1001" name="const_46">
<pin_list>
<pin id="47" dir="1" index="0" bw="1" slack="0"/>
</pin_list>
<bind>
<StgValue><ssdm name=""/></StgValue>
</bind>
</comp>

<comp id="48" class="1001" name="const_48">
<pin_list>
<pin id="49" dir="1" index="0" bw="1" slack="0"/>
</pin_list>
<bind>
<StgValue><ssdm name="_ssdm_op_BitConcatenate.i11.i1.i10"/></StgValue>
</bind>
</comp>

<comp id="50" class="1001" name="const_50">
<pin_list>
<pin id="51" dir="1" index="0" bw="1" slack="0"/>
</pin_list>
<bind>
<StgValue><ssdm name=""/></StgValue>
</bind>
</comp>

<comp id="52" class="1001" name="const_52">
<pin_list>
<pin id="53" dir="1" index="0" bw="1" slack="0"/>
</pin_list>
<bind>
<StgValue><ssdm name=""/></StgValue>
</bind>
</comp>

<comp id="54" class="1001" name="const_54">
<pin_list>
<pin id="55" dir="1" index="0" bw="1" slack="2147483647"/>
</pin_list>
<bind>
<StgValue><ssdm name="_ssdm_op_SpecPipeline"/></StgValue>
</bind>
</comp>

<comp id="56" class="1001" name="const_56">
<pin_list>
<pin id="57" dir="1" index="0" bw="1" slack="2147483647"/>
</pin_list>
<bind>
<StgValue><ssdm name="_ssdm_op_SpecLoopTripCount"/></StgValue>
</bind>
</comp>

<comp id="58" class="1001" name="const_58">
<pin_list>
<pin id="59" dir="1" index="0" bw="1" slack="2147483647"/>
</pin_list>
<bind>
<StgValue><ssdm name=""/></StgValue>
</bind>
</comp>

<comp id="60" class="1001" name="const_60">
<pin_list>
<pin id="61" dir="1" index="0" bw="1" slack="2147483647"/>
</pin_list>
<bind>
<StgValue><ssdm name="_ssdm_op_SpecLoopName"/></StgValue>
</bind>
</comp>

<comp id="62" class="1001" name="const_62">
<pin_list>
<pin id="63" dir="1" index="0" bw="1" slack="2147483647"/>
</pin_list>
<bind>
<StgValue><ssdm name="empty_4"/></StgValue>
</bind>
</comp>

<comp id="64" class="1001" name="const_64">
<pin_list>
<pin id="65" dir="1" index="0" bw="1" slack="0"/>
</pin_list>
<bind>
<StgValue><ssdm name="_ssdm_op_BitConcatenate.i1036.i2.i10.i256.i256.i256.i256"/></StgValue>
</bind>
</comp>

<comp id="66" class="1001" name="const_66">
<pin_list>
<pin id="67" dir="1" index="0" bw="1" slack="0"/>
</pin_list>
<bind>
<StgValue><ssdm name=""/></StgValue>
</bind>
</comp>

<comp id="68" class="1001" name="const_68">
<pin_list>
<pin id="69" dir="1" index="0" bw="1" slack="0"/>
</pin_list>
<bind>
<StgValue><ssdm name="_ssdm_op_Write.ap_fifo.volatile.i1039P0A"/></StgValue>
</bind>
</comp>

<comp id="70" class="1004" name="j_28_fu_70">
<pin_list>
<pin id="71" dir="0" index="0" bw="1" slack="0"/>
<pin id="72" dir="1" index="1" bw="11" slack="0"/>
</pin_list>
<bind>
<opcode="alloca(26) " fcode="alloca"/>
<opset="j_28/1 "/>
</bind>
</comp>

<comp id="74" class="1004" name="write_ln549_write_fu_74">
<pin_list>
<pin id="75" dir="0" index="0" bw="0" slack="0"/>
<pin id="76" dir="0" index="1" bw="1039" slack="0"/>
<pin id="77" dir="0" index="2" bw="1038" slack="0"/>
<pin id="78" dir="1" index="3" bw="0" slack="2147483647"/>
</pin_list>
<bind>
<opcode="write(1151) " fcode="write"/>
<opset="write_ln549/3 "/>
</bind>
</comp>

<comp id="81" class="1004" name="buckets_x_0_addr_gep_fu_81">
<pin_list>
<pin id="82" dir="0" index="0" bw="256" slack="0"/>
<pin id="83" dir="0" index="1" bw="1" slack="0"/>
<pin id="84" dir="0" index="2" bw="13" slack="0"/>
<pin id="85" dir="1" index="3" bw="14" slack="0"/>
</pin_list>
<bind>
<opcode="getelementptr(29) " fcode="getelementptr"/>
<opset="buckets_x_0_addr/1 "/>
</bind>
</comp>

<comp id="88" class="1004" name="buckets_x_1_addr_gep_fu_88">
<pin_list>
<pin id="89" dir="0" index="0" bw="256" slack="0"/>
<pin id="90" dir="0" index="1" bw="1" slack="0"/>
<pin id="91" dir="0" index="2" bw="13" slack="0"/>
<pin id="92" dir="1" index="3" bw="14" slack="0"/>
</pin_list>
<bind>
<opcode="getelementptr(29) " fcode="getelementptr"/>
<opset="buckets_x_1_addr/1 "/>
</bind>
</comp>

<comp id="95" class="1004" name="buckets_y_0_addr_gep_fu_95">
<pin_list>
<pin id="96" dir="0" index="0" bw="256" slack="0"/>
<pin id="97" dir="0" index="1" bw="1" slack="0"/>
<pin id="98" dir="0" index="2" bw="13" slack="0"/>
<pin id="99" dir="1" index="3" bw="14" slack="0"/>
</pin_list>
<bind>
<opcode="getelementptr(29) " fcode="getelementptr"/>
<opset="buckets_y_0_addr/1 "/>
</bind>
</comp>

<comp id="102" class="1004" name="buckets_y_1_addr_gep_fu_102">
<pin_list>
<pin id="103" dir="0" index="0" bw="256" slack="0"/>
<pin id="104" dir="0" index="1" bw="1" slack="0"/>
<pin id="105" dir="0" index="2" bw="13" slack="0"/>
<pin id="106" dir="1" index="3" bw="14" slack="0"/>
</pin_list>
<bind>
<opcode="getelementptr(29) " fcode="getelementptr"/>
<opset="buckets_y_1_addr/1 "/>
</bind>
</comp>

<comp id="109" class="1004" name="buckets_z_0_addr_gep_fu_109">
<pin_list>
<pin id="110" dir="0" index="0" bw="256" slack="0"/>
<pin id="111" dir="0" index="1" bw="1" slack="0"/>
<pin id="112" dir="0" index="2" bw="13" slack="0"/>
<pin id="113" dir="1" index="3" bw="14" slack="0"/>
</pin_list>
<bind>
<opcode="getelementptr(29) " fcode="getelementptr"/>
<opset="buckets_z_0_addr/1 "/>
</bind>
</comp>

<comp id="116" class="1004" name="buckets_z_1_addr_gep_fu_116">
<pin_list>
<pin id="117" dir="0" index="0" bw="256" slack="0"/>
<pin id="118" dir="0" index="1" bw="1" slack="0"/>
<pin id="119" dir="0" index="2" bw="13" slack="0"/>
<pin id="120" dir="1" index="3" bw="14" slack="0"/>
</pin_list>
<bind>
<opcode="getelementptr(29) " fcode="getelementptr"/>
<opset="buckets_z_1_addr/1 "/>
</bind>
</comp>

<comp id="123" class="1004" name="buckets_t_0_addr_gep_fu_123">
<pin_list>
<pin id="124" dir="0" index="0" bw="256" slack="0"/>
<pin id="125" dir="0" index="1" bw="1" slack="0"/>
<pin id="126" dir="0" index="2" bw="13" slack="0"/>
<pin id="127" dir="1" index="3" bw="14" slack="0"/>
</pin_list>
<bind>
<opcode="getelementptr(29) " fcode="getelementptr"/>
<opset="buckets_t_0_addr/1 "/>
</bind>
</comp>

<comp id="130" class="1004" name="buckets_t_1_addr_gep_fu_130">
<pin_list>
<pin id="131" dir="0" index="0" bw="256" slack="0"/>
<pin id="132" dir="0" index="1" bw="1" slack="0"/>
<pin id="133" dir="0" index="2" bw="13" slack="0"/>
<pin id="134" dir="1" index="3" bw="14" slack="0"/>
</pin_list>
<bind>
<opcode="getelementptr(29) " fcode="getelementptr"/>
<opset="buckets_t_1_addr/1 "/>
</bind>
</comp>

<comp id="137" class="1004" name="grp_access_fu_137">
<pin_list>
<pin id="138" dir="0" index="0" bw="14" slack="0"/>
<pin id="139" dir="0" index="1" bw="256" slack="2147483647"/>
<pin id="140" dir="0" index="2" bw="0" slack="2147483647"/>
<pin id="141" dir="1" index="3" bw="256" slack="0"/>
</pin_list>
<bind>
<opcode="load(27) " fcode="load"/>
<opset="buckets_x_0_load_14/1 "/>
</bind>
</comp>

<comp id="143" class="1004" name="grp_access_fu_143">
<pin_list>
<pin id="144" dir="0" index="0" bw="14" slack="0"/>
<pin id="145" dir="0" index="1" bw="256" slack="2147483647"/>
<pin id="146" dir="0" index="2" bw="0" slack="2147483647"/>
<pin id="147" dir="1" index="3" bw="256" slack="0"/>
</pin_list>
<bind>
<opcode="load(27) " fcode="load"/>
<opset="buckets_x_1_load_14/1 "/>
</bind>
</comp>

<comp id="149" class="1004" name="grp_access_fu_149">
<pin_list>
<pin id="150" dir="0" index="0" bw="14" slack="0"/>
<pin id="151" dir="0" index="1" bw="256" slack="2147483647"/>
<pin id="152" dir="0" index="2" bw="0" slack="2147483647"/>
<pin id="153" dir="1" index="3" bw="256" slack="0"/>
</pin_list>
<bind>
<opcode="load(27) " fcode="load"/>
<opset="buckets_y_0_load_14/1 "/>
</bind>
</comp>

<comp id="155" class="1004" name="grp_access_fu_155">
<pin_list>
<pin id="156" dir="0" index="0" bw="14" slack="0"/>
<pin id="157" dir="0" index="1" bw="256" slack="2147483647"/>
<pin id="158" dir="0" index="2" bw="0" slack="2147483647"/>
<pin id="159" dir="1" index="3" bw="256" slack="0"/>
</pin_list>
<bind>
<opcode="load(27) " fcode="load"/>
<opset="buckets_y_1_load_14/1 "/>
</bind>
</comp>

<comp id="161" class="1004" name="grp_access_fu_161">
<pin_list>
<pin id="162" dir="0" index="0" bw="14" slack="0"/>
<pin id="163" dir="0" index="1" bw="256" slack="2147483647"/>
<pin id="164" dir="0" index="2" bw="0" slack="2147483647"/>
<pin id="165" dir="1" index="3" bw="256" slack="0"/>
</pin_list>
<bind>
<opcode="load(27) " fcode="load"/>
<opset="buckets_z_0_load_14/1 "/>
</bind>
</comp>

<comp id="167" class="1004" name="grp_access_fu_167">
<pin_list>
<pin id="168" dir="0" index="0" bw="14" slack="0"/>
<pin id="169" dir="0" index="1" bw="256" slack="2147483647"/>
<pin id="170" dir="0" index="2" bw="0" slack="2147483647"/>
<pin id="171" dir="1" index="3" bw="256" slack="0"/>
</pin_list>
<bind>
<opcode="load(27) " fcode="load"/>
<opset="buckets_z_1_load_14/1 "/>
</bind>
</comp>

<comp id="173" class="1004" name="grp_access_fu_173">
<pin_list>
<pin id="174" dir="0" index="0" bw="14" slack="0"/>
<pin id="175" dir="0" index="1" bw="256" slack="2147483647"/>
<pin id="176" dir="0" index="2" bw="0" slack="2147483647"/>
<pin id="177" dir="1" index="3" bw="256" slack="0"/>
</pin_list>
<bind>
<opcode="load(27) " fcode="load"/>
<opset="buckets_t_0_load_14/1 "/>
</bind>
</comp>

<comp id="179" class="1004" name="grp_access_fu_179">
<pin_list>
<pin id="180" dir="0" index="0" bw="14" slack="0"/>
<pin id="181" dir="0" index="1" bw="256" slack="2147483647"/>
<pin id="182" dir="0" index="2" bw="0" slack="2147483647"/>
<pin id="183" dir="1" index="3" bw="256" slack="0"/>
</pin_list>
<bind>
<opcode="load(27) " fcode="load"/>
<opset="buckets_t_1_load_14/1 "/>
</bind>
</comp>

<comp id="185" class="1004" name="store_ln541_store_fu_185">
<pin_list>
<pin id="186" dir="0" index="0" bw="1" slack="0"/>
<pin id="187" dir="0" index="1" bw="11" slack="0"/>
<pin id="188" dir="1" index="2" bw="0" slack="2147483647"/>
</pin_list>
<bind>
<opcode="store(28) " fcode="store"/>
<opset="store_ln541/1 "/>
</bind>
</comp>

<comp id="190" class="1004" name="j_load_fu_190">
<pin_list>
<pin id="191" dir="0" index="0" bw="11" slack="0"/>
<pin id="192" dir="1" index="1" bw="11" slack="0"/>
</pin_list>
<bind>
<opcode="load(27) " fcode="load"/>
<opset="j/1 "/>
</bind>
</comp>

<comp id="193" class="1004" name="icmp_ln541_fu_193">
<pin_list>
<pin id="194" dir="0" index="0" bw="11" slack="0"/>
<pin id="195" dir="0" index="1" bw="11" slack="0"/>
<pin id="196" dir="1" index="2" bw="1" slack="1"/>
</pin_list>
<bind>
<opcode="icmp(45) " fcode="icmp"/>
<opset="icmp_ln541/1 "/>
</bind>
</comp>

<comp id="199" class="1004" name="j_33_fu_199">
<pin_list>
<pin id="200" dir="0" index="0" bw="11" slack="0"/>
<pin id="201" dir="0" index="1" bw="1" slack="0"/>
<pin id="202" dir="1" index="2" bw="11" slack="0"/>
</pin_list>
<bind>
<opcode="add(8) " fcode="add"/>
<opset="j_33/1 "/>
</bind>
</comp>

<comp id="205" class="1004" name="lshr_ln541_3_fu_205">
<pin_list>
<pin id="206" dir="0" index="0" bw="9" slack="0"/>
<pin id="207" dir="0" index="1" bw="11" slack="0"/>
<pin id="208" dir="0" index="2" bw="1" slack="0"/>
<pin id="209" dir="0" index="3" bw="5" slack="0"/>
<pin id="210" dir="1" index="4" bw="9" slack="0"/>
</pin_list>
<bind>
<opcode="partselect(1002) " fcode="partselect"/>
<opset="lshr_ln541_3/1 "/>
</bind>
</comp>

<comp id="215" class="1004" name="zext_ln541_fu_215">
<pin_list>
<pin id="216" dir="0" index="0" bw="9" slack="0"/>
<pin id="217" dir="1" index="1" bw="10" slack="0"/>
</pin_list>
<bind>
<opcode="zext(34) " fcode="zext"/>
<opset="zext_ln541/1 "/>
</bind>
</comp>

<comp id="219" class="1004" name="tmp_s_fu_219">
<pin_list>
<pin id="220" dir="0" index="0" bw="11" slack="0"/>
<pin id="221" dir="0" index="1" bw="1" slack="0"/>
<pin id="222" dir="0" index="2" bw="9" slack="0"/>
<pin id="223" dir="1" index="3" bw="11" slack="0"/>
</pin_list>
<bind>
<opcode="bitconcatenate(1004) " fcode="bitconcatenate"/>
<opset="tmp_s/1 "/>
</bind>
</comp>

<comp id="227" class="1004" name="sext_ln544_fu_227">
<pin_list>
<pin id="228" dir="0" index="0" bw="11" slack="0"/>
<pin id="229" dir="1" index="1" bw="13" slack="0"/>
</pin_list>
<bind>
<opcode="sext(35) " fcode="sext"/>
<opset="sext_ln544/1 "/>
</bind>
</comp>

<comp id="231" class="1004" name="zext_ln544_fu_231">
<pin_list>
<pin id="232" dir="0" index="0" bw="11" slack="0"/>
<pin id="233" dir="1" index="1" bw="64" slack="0"/>
</pin_list>
<bind>
<opcode="zext(34) " fcode="zext"/>
<opset="zext_ln544/1 "/>
</bind>
</comp>

<comp id="243" class="1004" name="store_ln541_store_fu_243">
<pin_list>
<pin id="244" dir="0" index="0" bw="11" slack="0"/>
<pin id="245" dir="0" index="1" bw="11" slack="0"/>
<pin id="246" dir="1" index="2" bw="0" slack="2147483647"/>
</pin_list>
<bind>
<opcode="store(28) " fcode="store"/>
<opset="store_ln541/1 "/>
</bind>
</comp>

<comp id="248" class="1004" name="bucket_result_bucket_index_fu_248">
<pin_list>
<pin id="249" dir="0" index="0" bw="11" slack="1"/>
<pin id="250" dir="1" index="1" bw="10" slack="1"/>
</pin_list>
<bind>
<opcode="trunc(33) " fcode="trunc"/>
<opset="bucket_result_bucket_index/2 "/>
</bind>
</comp>

<comp id="251" class="1004" name="trunc_ln541_19_fu_251">
<pin_list>
<pin id="252" dir="0" index="0" bw="11" slack="1"/>
<pin id="253" dir="1" index="1" bw="1" slack="0"/>
</pin_list>
<bind>
<opcode="trunc(33) " fcode="trunc"/>
<opset="trunc_ln541_19/2 "/>
</bind>
</comp>

<comp id="254" class="1004" name="bucket_result_point_x_fu_254">
<pin_list>
<pin id="255" dir="0" index="0" bw="1" slack="0"/>
<pin id="256" dir="0" index="1" bw="256" slack="0"/>
<pin id="257" dir="0" index="2" bw="256" slack="0"/>
<pin id="258" dir="1" index="3" bw="256" slack="1"/>
</pin_list>
<bind>
<opcode="select(49) " fcode="select"/>
<opset="bucket_result_point_x/2 "/>
</bind>
</comp>

<comp id="262" class="1004" name="bucket_result_point_y_fu_262">
<pin_list>
<pin id="263" dir="0" index="0" bw="1" slack="0"/>
<pin id="264" dir="0" index="1" bw="256" slack="0"/>
<pin id="265" dir="0" index="2" bw="256" slack="0"/>
<pin id="266" dir="1" index="3" bw="256" slack="1"/>
</pin_list>
<bind>
<opcode="select(49) " fcode="select"/>
<opset="bucket_result_point_y/2 "/>
</bind>
</comp>

<comp id="270" class="1004" name="bucket_result_point_z_fu_270">
<pin_list>
<pin id="271" dir="0" index="0" bw="1" slack="0"/>
<pin id="272" dir="0" index="1" bw="256" slack="0"/>
<pin id="273" dir="0" index="2" bw="256" slack="0"/>
<pin id="274" dir="1" index="3" bw="256" slack="1"/>
</pin_list>
<bind>
<opcode="select(49) " fcode="select"/>
<opset="bucket_result_point_z/2 "/>
</bind>
</comp>

<comp id="278" class="1004" name="bucket_result_point_t_fu_278">
<pin_list>
<pin id="279" dir="0" index="0" bw="1" slack="0"/>
<pin id="280" dir="0" index="1" bw="256" slack="0"/>
<pin id="281" dir="0" index="2" bw="256" slack="0"/>
<pin id="282" dir="1" index="3" bw="256" slack="1"/>
</pin_list>
<bind>
<opcode="select(49) " fcode="select"/>
<opset="bucket_result_point_t/2 "/>
</bind>
</comp>

<comp id="286" class="1004" name="tmp_9_fu_286">
<pin_list>
<pin id="287" dir="0" index="0" bw="1036" slack="0"/>
<pin id="288" dir="0" index="1" bw="2" slack="0"/>
<pin id="289" dir="0" index="2" bw="10" slack="1"/>
<pin id="290" dir="0" index="3" bw="256" slack="1"/>
<pin id="291" dir="0" index="4" bw="256" slack="1"/>
<pin id="292" dir="0" index="5" bw="256" slack="1"/>
<pin id="293" dir="0" index="6" bw="256" slack="1"/>
<pin id="294" dir="1" index="7" bw="1036" slack="0"/>
</pin_list>
<bind>
<opcode="bitconcatenate(1004) " fcode="bitconcatenate"/>
<opset="tmp_9/3 "/>
</bind>
</comp>

<comp id="297" class="1004" name="sext_ln549_fu_297">
<pin_list>
<pin id="298" dir="0" index="0" bw="1036" slack="0"/>
<pin id="299" dir="1" index="1" bw="1038" slack="0"/>
</pin_list>
<bind>
<opcode="sext(35) " fcode="sext"/>
<opset="sext_ln549/3 "/>
</bind>
</comp>

<comp id="301" class="1004" name="zext_ln549_fu_301">
<pin_list>
<pin id="302" dir="0" index="0" bw="1036" slack="0"/>
<pin id="303" dir="1" index="1" bw="1039" slack="0"/>
</pin_list>
<bind>
<opcode="zext(34) " fcode="zext"/>
<opset="zext_ln549/3 "/>
</bind>
</comp>

<comp id="306" class="1005" name="j_28_reg_306">
<pin_list>
<pin id="307" dir="0" index="0" bw="11" slack="0"/>
<pin id="308" dir="1" index="1" bw="11" slack="0"/>
</pin_list>
<bind>
<opset="j_28 "/>
</bind>
</comp>

<comp id="313" class="1005" name="j_reg_313">
<pin_list>
<pin id="314" dir="0" index="0" bw="11" slack="1"/>
<pin id="315" dir="1" index="1" bw="11" slack="1"/>
</pin_list>
<bind>
<opset="j "/>
</bind>
</comp>

<comp id="319" class="1005" name="icmp_ln541_reg_319">
<pin_list>
<pin id="320" dir="0" index="0" bw="1" slack="1"/>
<pin id="321" dir="1" index="1" bw="1" slack="2147483647"/>
</pin_list>
<bind>
<opset="icmp_ln541 "/>
</bind>
</comp>

<comp id="323" class="1005" name="buckets_x_0_addr_reg_323">
<pin_list>
<pin id="324" dir="0" index="0" bw="14" slack="1"/>
<pin id="325" dir="1" index="1" bw="14" slack="1"/>
</pin_list>
<bind>
<opset="buckets_x_0_addr "/>
</bind>
</comp>

<comp id="328" class="1005" name="buckets_x_1_addr_reg_328">
<pin_list>
<pin id="329" dir="0" index="0" bw="14" slack="1"/>
<pin id="330" dir="1" index="1" bw="14" slack="1"/>
</pin_list>
<bind>
<opset="buckets_x_1_addr "/>
</bind>
</comp>

<comp id="333" class="1005" name="buckets_y_0_addr_reg_333">
<pin_list>
<pin id="334" dir="0" index="0" bw="14" slack="1"/>
<pin id="335" dir="1" index="1" bw="14" slack="1"/>
</pin_list>
<bind>
<opset="buckets_y_0_addr "/>
</bind>
</comp>

<comp id="338" class="1005" name="buckets_y_1_addr_reg_338">
<pin_list>
<pin id="339" dir="0" index="0" bw="14" slack="1"/>
<pin id="340" dir="1" index="1" bw="14" slack="1"/>
</pin_list>
<bind>
<opset="buckets_y_1_addr "/>
</bind>
</comp>

<comp id="343" class="1005" name="buckets_z_0_addr_reg_343">
<pin_list>
<pin id="344" dir="0" index="0" bw="14" slack="1"/>
<pin id="345" dir="1" index="1" bw="14" slack="1"/>
</pin_list>
<bind>
<opset="buckets_z_0_addr "/>
</bind>
</comp>

<comp id="348" class="1005" name="buckets_z_1_addr_reg_348">
<pin_list>
<pin id="349" dir="0" index="0" bw="14" slack="1"/>
<pin id="350" dir="1" index="1" bw="14" slack="1"/>
</pin_list>
<bind>
<opset="buckets_z_1_addr "/>
</bind>
</comp>

<comp id="353" class="1005" name="buckets_t_0_addr_reg_353">
<pin_list>
<pin id="354" dir="0" index="0" bw="14" slack="1"/>
<pin id="355" dir="1" index="1" bw="14" slack="1"/>
</pin_list>
<bind>
<opset="buckets_t_0_addr "/>
</bind>
</comp>

<comp id="358" class="1005" name="buckets_t_1_addr_reg_358">
<pin_list>
<pin id="359" dir="0" index="0" bw="14" slack="1"/>
<pin id="360" dir="1" index="1" bw="14" slack="1"/>
</pin_list>
<bind>
<opset="buckets_t_1_addr "/>
</bind>
</comp>

<comp id="363" class="1005" name="bucket_result_bucket_index_reg_363">
<pin_list>
<pin id="364" dir="0" index="0" bw="10" slack="1"/>
<pin id="365" dir="1" index="1" bw="10" slack="1"/>
</pin_list>
<bind>
<opset="bucket_result_bucket_index "/>
</bind>
</comp>

<comp id="368" class="1005" name="bucket_result_point_x_reg_368">
<pin_list>
<pin id="369" dir="0" index="0" bw="256" slack="1"/>
<pin id="370" dir="1" index="1" bw="256" slack="1"/>
</pin_list>
<bind>
<opset="bucket_result_point_x "/>
</bind>
</comp>

<comp id="373" class="1005" name="bucket_result_point_y_reg_373">
<pin_list>
<pin id="374" dir="0" index="0" bw="256" slack="1"/>
<pin id="375" dir="1" index="1" bw="256" slack="1"/>
</pin_list>
<bind>
<opset="bucket_result_point_y "/>
</bind>
</comp>

<comp id="378" class="1005" name="bucket_result_point_z_reg_378">
<pin_list>
<pin id="379" dir="0" index="0" bw="256" slack="1"/>
<pin id="380" dir="1" index="1" bw="256" slack="1"/>
</pin_list>
<bind>
<opset="bucket_result_point_z "/>
</bind>
</comp>

<comp id="383" class="1005" name="bucket_result_point_t_reg_383">
<pin_list>
<pin id="384" dir="0" index="0" bw="256" slack="1"/>
<pin id="385" dir="1" index="1" bw="256" slack="1"/>
</pin_list>
<bind>
<opset="bucket_result_point_t "/>
</bind>
</comp>

</comp_list>

<net_list>
<net id="73"><net_src comp="18" pin="0"/><net_sink comp="70" pin=0"/></net>

<net id="79"><net_src comp="68" pin="0"/><net_sink comp="74" pin=0"/></net>

<net id="80"><net_src comp="16" pin="0"/><net_sink comp="74" pin=1"/></net>

<net id="86"><net_src comp="0" pin="0"/><net_sink comp="81" pin=0"/></net>

<net id="87"><net_src comp="52" pin="0"/><net_sink comp="81" pin=1"/></net>

<net id="93"><net_src comp="2" pin="0"/><net_sink comp="88" pin=0"/></net>

<net id="94"><net_src comp="52" pin="0"/><net_sink comp="88" pin=1"/></net>

<net id="100"><net_src comp="4" pin="0"/><net_sink comp="95" pin=0"/></net>

<net id="101"><net_src comp="52" pin="0"/><net_sink comp="95" pin=1"/></net>

<net id="107"><net_src comp="6" pin="0"/><net_sink comp="102" pin=0"/></net>

<net id="108"><net_src comp="52" pin="0"/><net_sink comp="102" pin=1"/></net>

<net id="114"><net_src comp="8" pin="0"/><net_sink comp="109" pin=0"/></net>

<net id="115"><net_src comp="52" pin="0"/><net_sink comp="109" pin=1"/></net>

<net id="121"><net_src comp="10" pin="0"/><net_sink comp="116" pin=0"/></net>

<net id="122"><net_src comp="52" pin="0"/><net_sink comp="116" pin=1"/></net>

<net id="128"><net_src comp="12" pin="0"/><net_sink comp="123" pin=0"/></net>

<net id="129"><net_src comp="52" pin="0"/><net_sink comp="123" pin=1"/></net>

<net id="135"><net_src comp="14" pin="0"/><net_sink comp="130" pin=0"/></net>

<net id="136"><net_src comp="52" pin="0"/><net_sink comp="130" pin=1"/></net>

<net id="142"><net_src comp="81" pin="3"/><net_sink comp="137" pin=0"/></net>

<net id="148"><net_src comp="88" pin="3"/><net_sink comp="143" pin=0"/></net>

<net id="154"><net_src comp="95" pin="3"/><net_sink comp="149" pin=0"/></net>

<net id="160"><net_src comp="102" pin="3"/><net_sink comp="155" pin=0"/></net>

<net id="166"><net_src comp="109" pin="3"/><net_sink comp="161" pin=0"/></net>

<net id="172"><net_src comp="116" pin="3"/><net_sink comp="167" pin=0"/></net>

<net id="178"><net_src comp="123" pin="3"/><net_sink comp="173" pin=0"/></net>

<net id="184"><net_src comp="130" pin="3"/><net_sink comp="179" pin=0"/></net>

<net id="189"><net_src comp="38" pin="0"/><net_sink comp="185" pin=0"/></net>

<net id="197"><net_src comp="190" pin="1"/><net_sink comp="193" pin=0"/></net>

<net id="198"><net_src comp="40" pin="0"/><net_sink comp="193" pin=1"/></net>

<net id="203"><net_src comp="190" pin="1"/><net_sink comp="199" pin=0"/></net>

<net id="204"><net_src comp="42" pin="0"/><net_sink comp="199" pin=1"/></net>

<net id="211"><net_src comp="44" pin="0"/><net_sink comp="205" pin=0"/></net>

<net id="212"><net_src comp="190" pin="1"/><net_sink comp="205" pin=1"/></net>

<net id="213"><net_src comp="18" pin="0"/><net_sink comp="205" pin=2"/></net>

<net id="214"><net_src comp="46" pin="0"/><net_sink comp="205" pin=3"/></net>

<net id="218"><net_src comp="205" pin="4"/><net_sink comp="215" pin=0"/></net>

<net id="224"><net_src comp="48" pin="0"/><net_sink comp="219" pin=0"/></net>

<net id="225"><net_src comp="50" pin="0"/><net_sink comp="219" pin=1"/></net>

<net id="226"><net_src comp="215" pin="1"/><net_sink comp="219" pin=2"/></net>

<net id="230"><net_src comp="219" pin="3"/><net_sink comp="227" pin=0"/></net>

<net id="234"><net_src comp="227" pin="1"/><net_sink comp="231" pin=0"/></net>

<net id="235"><net_src comp="231" pin="1"/><net_sink comp="81" pin=2"/></net>

<net id="236"><net_src comp="231" pin="1"/><net_sink comp="88" pin=2"/></net>

<net id="237"><net_src comp="231" pin="1"/><net_sink comp="95" pin=2"/></net>

<net id="238"><net_src comp="231" pin="1"/><net_sink comp="102" pin=2"/></net>

<net id="239"><net_src comp="231" pin="1"/><net_sink comp="109" pin=2"/></net>

<net id="240"><net_src comp="231" pin="1"/><net_sink comp="116" pin=2"/></net>

<net id="241"><net_src comp="231" pin="1"/><net_sink comp="123" pin=2"/></net>

<net id="242"><net_src comp="231" pin="1"/><net_sink comp="130" pin=2"/></net>

<net id="247"><net_src comp="199" pin="2"/><net_sink comp="243" pin=0"/></net>

<net id="259"><net_src comp="251" pin="1"/><net_sink comp="254" pin=0"/></net>

<net id="260"><net_src comp="143" pin="3"/><net_sink comp="254" pin=1"/></net>

<net id="261"><net_src comp="137" pin="3"/><net_sink comp="254" pin=2"/></net>

<net id="267"><net_src comp="251" pin="1"/><net_sink comp="262" pin=0"/></net>

<net id="268"><net_src comp="155" pin="3"/><net_sink comp="262" pin=1"/></net>

<net id="269"><net_src comp="149" pin="3"/><net_sink comp="262" pin=2"/></net>

<net id="275"><net_src comp="251" pin="1"/><net_sink comp="270" pin=0"/></net>

<net id="276"><net_src comp="167" pin="3"/><net_sink comp="270" pin=1"/></net>

<net id="277"><net_src comp="161" pin="3"/><net_sink comp="270" pin=2"/></net>

<net id="283"><net_src comp="251" pin="1"/><net_sink comp="278" pin=0"/></net>

<net id="284"><net_src comp="179" pin="3"/><net_sink comp="278" pin=1"/></net>

<net id="285"><net_src comp="173" pin="3"/><net_sink comp="278" pin=2"/></net>

<net id="295"><net_src comp="64" pin="0"/><net_sink comp="286" pin=0"/></net>

<net id="296"><net_src comp="66" pin="0"/><net_sink comp="286" pin=1"/></net>

<net id="300"><net_src comp="286" pin="7"/><net_sink comp="297" pin=0"/></net>

<net id="304"><net_src comp="297" pin="1"/><net_sink comp="301" pin=0"/></net>

<net id="305"><net_src comp="301" pin="1"/><net_sink comp="74" pin=2"/></net>

<net id="309"><net_src comp="70" pin="1"/><net_sink comp="306" pin=0"/></net>

<net id="310"><net_src comp="306" pin="1"/><net_sink comp="185" pin=1"/></net>

<net id="311"><net_src comp="306" pin="1"/><net_sink comp="190" pin=0"/></net>

<net id="312"><net_src comp="306" pin="1"/><net_sink comp="243" pin=1"/></net>

<net id="316"><net_src comp="190" pin="1"/><net_sink comp="313" pin=0"/></net>

<net id="317"><net_src comp="313" pin="1"/><net_sink comp="248" pin=0"/></net>

<net id="318"><net_src comp="313" pin="1"/><net_sink comp="251" pin=0"/></net>

<net id="322"><net_src comp="193" pin="2"/><net_sink comp="319" pin=0"/></net>

<net id="326"><net_src comp="81" pin="3"/><net_sink comp="323" pin=0"/></net>

<net id="327"><net_src comp="323" pin="1"/><net_sink comp="137" pin=0"/></net>

<net id="331"><net_src comp="88" pin="3"/><net_sink comp="328" pin=0"/></net>

<net id="332"><net_src comp="328" pin="1"/><net_sink comp="143" pin=0"/></net>

<net id="336"><net_src comp="95" pin="3"/><net_sink comp="333" pin=0"/></net>

<net id="337"><net_src comp="333" pin="1"/><net_sink comp="149" pin=0"/></net>

<net id="341"><net_src comp="102" pin="3"/><net_sink comp="338" pin=0"/></net>

<net id="342"><net_src comp="338" pin="1"/><net_sink comp="155" pin=0"/></net>

<net id="346"><net_src comp="109" pin="3"/><net_sink comp="343" pin=0"/></net>

<net id="347"><net_src comp="343" pin="1"/><net_sink comp="161" pin=0"/></net>

<net id="351"><net_src comp="116" pin="3"/><net_sink comp="348" pin=0"/></net>

<net id="352"><net_src comp="348" pin="1"/><net_sink comp="167" pin=0"/></net>

<net id="356"><net_src comp="123" pin="3"/><net_sink comp="353" pin=0"/></net>

<net id="357"><net_src comp="353" pin="1"/><net_sink comp="173" pin=0"/></net>

<net id="361"><net_src comp="130" pin="3"/><net_sink comp="358" pin=0"/></net>

<net id="362"><net_src comp="358" pin="1"/><net_sink comp="179" pin=0"/></net>

<net id="366"><net_src comp="248" pin="1"/><net_sink comp="363" pin=0"/></net>

<net id="367"><net_src comp="363" pin="1"/><net_sink comp="286" pin=2"/></net>

<net id="371"><net_src comp="254" pin="3"/><net_sink comp="368" pin=0"/></net>

<net id="372"><net_src comp="368" pin="1"/><net_sink comp="286" pin=6"/></net>

<net id="376"><net_src comp="262" pin="3"/><net_sink comp="373" pin=0"/></net>

<net id="377"><net_src comp="373" pin="1"/><net_sink comp="286" pin=5"/></net>

<net id="381"><net_src comp="270" pin="3"/><net_sink comp="378" pin=0"/></net>

<net id="382"><net_src comp="378" pin="1"/><net_sink comp="286" pin=4"/></net>

<net id="386"><net_src comp="278" pin="3"/><net_sink comp="383" pin=0"/></net>

<net id="387"><net_src comp="383" pin="1"/><net_sink comp="286" pin=3"/></net>

</net_list>

</model> 
---------------- Datapath Model END ------------------

* FSMD analyzer results:
  - Output states:
	Port: buckets_x_0 | {}
	Port: buckets_x_1 | {}
	Port: buckets_y_0 | {}
	Port: buckets_y_1 | {}
	Port: buckets_z_0 | {}
	Port: buckets_z_1 | {}
	Port: buckets_t_0 | {}
	Port: buckets_t_1 | {}
	Port: out_stream | {3 }
 - Input state : 
	Port: aggregate_and_output_results_Pipeline_VITIS_LOOP_541_116 : buckets_x_0 | {1 2 }
	Port: aggregate_and_output_results_Pipeline_VITIS_LOOP_541_116 : buckets_x_1 | {1 2 }
	Port: aggregate_and_output_results_Pipeline_VITIS_LOOP_541_116 : buckets_y_0 | {1 2 }
	Port: aggregate_and_output_results_Pipeline_VITIS_LOOP_541_116 : buckets_y_1 | {1 2 }
	Port: aggregate_and_output_results_Pipeline_VITIS_LOOP_541_116 : buckets_z_0 | {1 2 }
	Port: aggregate_and_output_results_Pipeline_VITIS_LOOP_541_116 : buckets_z_1 | {1 2 }
	Port: aggregate_and_output_results_Pipeline_VITIS_LOOP_541_116 : buckets_t_0 | {1 2 }
	Port: aggregate_and_output_results_Pipeline_VITIS_LOOP_541_116 : buckets_t_1 | {1 2 }
	Port: aggregate_and_output_results_Pipeline_VITIS_LOOP_541_116 : out_stream | {}
  - Chain level:
	State 1
		store_ln541 : 1
		j : 1
		icmp_ln541 : 2
		j_33 : 2
		br_ln541 : 3
		lshr_ln541_3 : 2
		zext_ln541 : 3
		tmp_s : 4
		sext_ln544 : 5
		zext_ln544 : 6
		buckets_x_0_addr : 7
		buckets_x_1_addr : 7
		buckets_y_0_addr : 7
		buckets_y_1_addr : 7
		buckets_z_0_addr : 7
		buckets_z_1_addr : 7
		buckets_t_0_addr : 7
		buckets_t_1_addr : 7
		buckets_x_0_load_14 : 8
		buckets_x_1_load_14 : 8
		buckets_y_0_load_14 : 8
		buckets_y_1_load_14 : 8
		buckets_z_0_load_14 : 8
		buckets_z_1_load_14 : 8
		buckets_t_0_load_14 : 8
		buckets_t_1_load_14 : 8
		store_ln541 : 3
	State 2
		bucket_result_point_x : 1
		bucket_result_point_y : 1
		bucket_result_point_z : 1
		bucket_result_point_t : 1
	State 3
		sext_ln549 : 1
		zext_ln549 : 2
		write_ln549 : 3


============================================================
+ Verbose Summary: Datapath Resource usage 
============================================================

* Functional unit list:
|----------|-----------------------------------|---------|---------|
| Operation|          Functional Unit          |    FF   |   LUT   |
|----------|-----------------------------------|---------|---------|
|          |    bucket_result_point_x_fu_254   |    0    |   208   |
|  select  |    bucket_result_point_y_fu_262   |    0    |   208   |
|          |    bucket_result_point_z_fu_270   |    0    |   208   |
|          |    bucket_result_point_t_fu_278   |    0    |   208   |
|----------|-----------------------------------|---------|---------|
|   icmp   |         icmp_ln541_fu_193         |    0    |    18   |
|----------|-----------------------------------|---------|---------|
|    add   |            j_33_fu_199            |    0    |    18   |
|----------|-----------------------------------|---------|---------|
|   write  |      write_ln549_write_fu_74      |    0    |    0    |
|----------|-----------------------------------|---------|---------|
|partselect|        lshr_ln541_3_fu_205        |    0    |    0    |
|----------|-----------------------------------|---------|---------|
|          |         zext_ln541_fu_215         |    0    |    0    |
|   zext   |         zext_ln544_fu_231         |    0    |    0    |
|          |         zext_ln549_fu_301         |    0    |    0    |
|----------|-----------------------------------|---------|---------|
|bitconcatenate|            tmp_s_fu_219           |    0    |    0    |
|          |            tmp_9_fu_286           |    0    |    0    |
|----------|-----------------------------------|---------|---------|
|   sext   |         sext_ln544_fu_227         |    0    |    0    |
|          |         sext_ln549_fu_297         |    0    |    0    |
|----------|-----------------------------------|---------|---------|
|   trunc  | bucket_result_bucket_index_fu_248 |    0    |    0    |
|          |       trunc_ln541_19_fu_251       |    0    |    0    |
|----------|-----------------------------------|---------|---------|
|   Total  |                                   |    0    |   868   |
|----------|-----------------------------------|---------|---------|

Memories:
N/A

* Register list:
+----------------------------------+--------+
|                                  |   FF   |
+----------------------------------+--------+
|bucket_result_bucket_index_reg_363|   10   |
|   bucket_result_point_t_reg_383  |   256  |
|   bucket_result_point_x_reg_368  |   256  |
|   bucket_result_point_y_reg_373  |   256  |
|   bucket_result_point_z_reg_378  |   256  |
|     buckets_t_0_addr_reg_353     |   14   |
|     buckets_t_1_addr_reg_358     |   14   |
|     buckets_x_0_addr_reg_323     |   14   |
|     buckets_x_1_addr_reg_328     |   14   |
|     buckets_y_0_addr_reg_333     |   14   |
|     buckets_y_1_addr_reg_338     |   14   |
|     buckets_z_0_addr_reg_343     |   14   |
|     buckets_z_1_addr_reg_348     |   14   |
|        icmp_ln541_reg_319        |    1   |
|           j_28_reg_306           |   11   |
|             j_reg_313            |   11   |
+----------------------------------+--------+
|               Total              |  1169  |
+----------------------------------+--------+

* Multiplexer (MUX) list: 
|-------------------|------|------|------|--------||---------||---------||---------|
|        Comp       |  Pin | Size |  BW  | S x BW ||  Delay  ||    FF   ||   LUT   |
|-------------------|------|------|------|--------||---------||---------||---------|
| grp_access_fu_137 |  p0  |   2  |  14  |   28   ||    0    ||    9    |
| grp_access_fu_143 |  p0  |   2  |  14  |   28   ||    0    ||    9    |
| grp_access_fu_149 |  p0  |   2  |  14  |   28   ||    0    ||    9    |
| grp_access_fu_155 |  p0  |   2  |  14  |   28   ||    0    ||    9    |
| grp_access_fu_161 |  p0  |   2  |  14  |   28   ||    0    ||    9    |
| grp_access_fu_167 |  p0  |   2  |  14  |   28   ||    0    ||    9    |
| grp_access_fu_173 |  p0  |   2  |  14  |   28   ||    0    ||    9    |
| grp_access_fu_179 |  p0  |   2  |  14  |   28   ||    0    ||    9    |
|-------------------|------|------|------|--------||---------||---------||---------|
|       Total       |      |      |      |   224  ||  3.416  ||    0    ||    72   |
|-------------------|------|------|------|--------||---------||---------||---------|



* Summary:
+-----------+--------+--------+--------+
|           |  Delay |   FF   |   LUT  |
+-----------+--------+--------+--------+
|  Function |    -   |    0   |   868  |
|   Memory  |    -   |    -   |    -   |
|Multiplexer|    3   |    0   |   72   |
|  Register |    -   |  1169  |    -   |
+-----------+--------+--------+--------+
|   Total   |    3   |  1169  |   940  |
+-----------+--------+--------+--------+
