

================================================================
== Vitis HLS Report for 'data_loader'
================================================================
* Date:           Tue Apr 29 06:12:15 2025

* Version:        2024.2 (Build 5238294 on Nov  8 2024)
* Project:        msm_2
* Solution:       solution1 (Vivado IP Flow Target)
* Product family: zynquplus
* Target device:  xczu7ev-ffvc1156-2-e


================================================================
== Performance Estimates
================================================================
+ Timing: 
    * Summary: 
    +--------+---------+----------+------------+
    |  Clock |  Target | Estimated| Uncertainty|
    +--------+---------+----------+------------+
    |ap_clk  |  4.00 ns|  2.920 ns|     1.08 ns|
    +--------+---------+----------+------------+

+ Latency: 
    * Summary: 
    +---------+---------+----------+----------+-----+-----+------------------------------------------------+
    |  Latency (cycles) |  Latency (absolute) |  Interval |                    Pipeline                    |
    |   min   |   max   |    min   |    max   | min | max |                      Type                      |
    +---------+---------+----------+----------+-----+-----+------------------------------------------------+
    |        ?|        ?|         ?|         ?|    0|    0|  loop auto-rewind stp (delay=0 clock cycles(s))|
    +---------+---------+----------+----------+-----+-----+------------------------------------------------+

    + Detail: 
        * Instance: 
        N/A

        * Loop: 
        +------------------+---------+---------+----------+-----------+-----------+------+----------+
        |                  |  Latency (cycles) | Iteration|  Initiation Interval  | Trip |          |
        |     Loop Name    |   min   |   max   |  Latency |  achieved |   target  | Count| Pipelined|
        +------------------+---------+---------+----------+-----------+-----------+------+----------+
        |- DATA_LOAD_LOOP  |        ?|        ?|        11|          1|          1|     ?|       yes|
        +------------------+---------+---------+----------+-----------+-----------+------+----------+

============================================================
+ Verbose Summary: Synthesis Manager
============================================================
InlineROM: 1
ExposeGlobal: 0
============================================================
+ Verbose Summary: CDFG Model
============================================================
IsTopModel: 0
ResetActiveHigh: 1
IsCombinational: 2
IsDatapathOnly: 0
HasWiredReturn: 1
HasMFsm: 2
HasVarLatency: 1
IsPipeline: 0
IsRtlPipelined: 0
IsInstanceOverlapped: 0
IsDontTouch: 0
HasImplIP: 0
IsGatedGlobalClock: 0

+ Individual pipeline summary: 
  * Pipeline-0: initiation interval (II) = 1, depth = 11


============================================================
+ Verbose Summary: Schedule
============================================================
* Number of FSM states : 11
* Pipeline : 1
  Pipeline-0 : II = 1, D = 11, States = { 1 2 3 4 5 6 7 8 9 10 11 }
* Dataflow Pipeline: 0

* FSM state transitions: 
1 --> 2 
2 --> 3 
3 --> 4 
4 --> 5 
5 --> 6 
6 --> 7 
7 --> 8 
8 --> 9 
9 --> 10 
10 --> 11 
11 --> 

* FSM state operations: 

State 1 <SV = 0> <Delay = 1.87>
ST_1 : Operation 14 [1/1] (0.00ns)   --->   "%i = alloca i32 1"   --->   Operation 14 'alloca' 'i' <Predicate = true> <Delay = 0.00>
ST_1 : Operation 15 [1/1] (0.00ns)   --->   "%specinterface_ln0 = specinterface void @_ssdm_op_SpecInterface, i256 %scalar_point_stream, void @empty_3, i32 0, i32 0, void @empty_15, i32 0, i32 0, void @empty_15, void @empty_15, void @empty_15, i32 0, i32 0, i32 0, i32 0, void @empty_15, void @empty_15, i32 4294967295, i32 0, i32 0"   --->   Operation 15 'specinterface' 'specinterface_ln0' <Predicate = true> <Delay = 0.00>
ST_1 : Operation 16 [1/1] (0.00ns)   --->   "%specinterface_ln0 = specinterface void @_ssdm_op_SpecInterface, i256 %scalar_point_stream, void @empty_3, i32 0, i32 0, void @empty_15, i32 0, i32 0, void @empty_15, void @empty_15, void @empty_15, i32 0, i32 0, i32 0, i32 0, void @empty_15, void @empty_15, i32 4294967295, i32 0, i32 0"   --->   Operation 16 'specinterface' 'specinterface_ln0' <Predicate = true> <Delay = 0.00>
ST_1 : Operation 17 [1/1] (0.00ns)   --->   "%specinterface_ln0 = specinterface void @_ssdm_op_SpecInterface, i256 %scalar_point_stream, void @empty_3, i32 0, i32 0, void @empty_15, i32 0, i32 0, void @empty_15, void @empty_15, void @empty_15, i32 0, i32 0, i32 0, i32 0, void @empty_15, void @empty_15, i32 4294967295, i32 0, i32 0"   --->   Operation 17 'specinterface' 'specinterface_ln0' <Predicate = true> <Delay = 0.00>
ST_1 : Operation 18 [1/1] (0.00ns)   --->   "%specinterface_ln0 = specinterface void @_ssdm_op_SpecInterface, i256 %t_point_stream, void @empty_3, i32 0, i32 0, void @empty_15, i32 0, i32 0, void @empty_15, void @empty_15, void @empty_15, i32 0, i32 0, i32 0, i32 0, void @empty_15, void @empty_15, i32 4294967295, i32 0, i32 0"   --->   Operation 18 'specinterface' 'specinterface_ln0' <Predicate = true> <Delay = 0.00>
ST_1 : Operation 19 [1/1] (0.00ns)   --->   "%specinterface_ln0 = specinterface void @_ssdm_op_SpecInterface, i256 %t_point_stream, void @empty_3, i32 0, i32 0, void @empty_15, i32 0, i32 0, void @empty_15, void @empty_15, void @empty_15, i32 0, i32 0, i32 0, i32 0, void @empty_15, void @empty_15, i32 4294967295, i32 0, i32 0"   --->   Operation 19 'specinterface' 'specinterface_ln0' <Predicate = true> <Delay = 0.00>
ST_1 : Operation 20 [1/1] (0.00ns)   --->   "%specinterface_ln0 = specinterface void @_ssdm_op_SpecInterface, i256 %t_point_stream, void @empty_3, i32 0, i32 0, void @empty_15, i32 0, i32 0, void @empty_15, void @empty_15, void @empty_15, i32 0, i32 0, i32 0, i32 0, void @empty_15, void @empty_15, i32 4294967295, i32 0, i32 0"   --->   Operation 20 'specinterface' 'specinterface_ln0' <Predicate = true> <Delay = 0.00>
ST_1 : Operation 21 [1/1] (0.00ns)   --->   "%specinterface_ln0 = specinterface void @_ssdm_op_SpecInterface, i256 %x_point_stream, void @empty_3, i32 0, i32 0, void @empty_15, i32 0, i32 0, void @empty_15, void @empty_15, void @empty_15, i32 0, i32 0, i32 0, i32 0, void @empty_15, void @empty_15, i32 4294967295, i32 0, i32 0"   --->   Operation 21 'specinterface' 'specinterface_ln0' <Predicate = true> <Delay = 0.00>
ST_1 : Operation 22 [1/1] (0.00ns)   --->   "%specinterface_ln0 = specinterface void @_ssdm_op_SpecInterface, i256 %x_point_stream, void @empty_3, i32 0, i32 0, void @empty_15, i32 0, i32 0, void @empty_15, void @empty_15, void @empty_15, i32 0, i32 0, i32 0, i32 0, void @empty_15, void @empty_15, i32 4294967295, i32 0, i32 0"   --->   Operation 22 'specinterface' 'specinterface_ln0' <Predicate = true> <Delay = 0.00>
ST_1 : Operation 23 [1/1] (0.00ns)   --->   "%specinterface_ln0 = specinterface void @_ssdm_op_SpecInterface, i256 %x_point_stream, void @empty_3, i32 0, i32 0, void @empty_15, i32 0, i32 0, void @empty_15, void @empty_15, void @empty_15, i32 0, i32 0, i32 0, i32 0, void @empty_15, void @empty_15, i32 4294967295, i32 0, i32 0"   --->   Operation 23 'specinterface' 'specinterface_ln0' <Predicate = true> <Delay = 0.00>
ST_1 : Operation 24 [1/1] (0.00ns)   --->   "%specinterface_ln0 = specinterface void @_ssdm_op_SpecInterface, i256 %y_point_stream, void @empty_3, i32 0, i32 0, void @empty_15, i32 0, i32 0, void @empty_15, void @empty_15, void @empty_15, i32 0, i32 0, i32 0, i32 0, void @empty_15, void @empty_15, i32 4294967295, i32 0, i32 0"   --->   Operation 24 'specinterface' 'specinterface_ln0' <Predicate = true> <Delay = 0.00>
ST_1 : Operation 25 [1/1] (0.00ns)   --->   "%specinterface_ln0 = specinterface void @_ssdm_op_SpecInterface, i256 %y_point_stream, void @empty_3, i32 0, i32 0, void @empty_15, i32 0, i32 0, void @empty_15, void @empty_15, void @empty_15, i32 0, i32 0, i32 0, i32 0, void @empty_15, void @empty_15, i32 4294967295, i32 0, i32 0"   --->   Operation 25 'specinterface' 'specinterface_ln0' <Predicate = true> <Delay = 0.00>
ST_1 : Operation 26 [1/1] (0.00ns)   --->   "%specinterface_ln0 = specinterface void @_ssdm_op_SpecInterface, i256 %y_point_stream, void @empty_3, i32 0, i32 0, void @empty_15, i32 0, i32 0, void @empty_15, void @empty_15, void @empty_15, i32 0, i32 0, i32 0, i32 0, void @empty_15, void @empty_15, i32 4294967295, i32 0, i32 0"   --->   Operation 26 'specinterface' 'specinterface_ln0' <Predicate = true> <Delay = 0.00>
ST_1 : Operation 27 [1/1] (0.00ns)   --->   "%specinterface_ln0 = specinterface void @_ssdm_op_SpecInterface, i256 %z_point_stream, void @empty_3, i32 0, i32 0, void @empty_15, i32 0, i32 0, void @empty_15, void @empty_15, void @empty_15, i32 0, i32 0, i32 0, i32 0, void @empty_15, void @empty_15, i32 4294967295, i32 0, i32 0"   --->   Operation 27 'specinterface' 'specinterface_ln0' <Predicate = true> <Delay = 0.00>
ST_1 : Operation 28 [1/1] (0.00ns)   --->   "%specinterface_ln0 = specinterface void @_ssdm_op_SpecInterface, i256 %z_point_stream, void @empty_3, i32 0, i32 0, void @empty_15, i32 0, i32 0, void @empty_15, void @empty_15, void @empty_15, i32 0, i32 0, i32 0, i32 0, void @empty_15, void @empty_15, i32 4294967295, i32 0, i32 0"   --->   Operation 28 'specinterface' 'specinterface_ln0' <Predicate = true> <Delay = 0.00>
ST_1 : Operation 29 [1/1] (0.00ns)   --->   "%specinterface_ln0 = specinterface void @_ssdm_op_SpecInterface, i256 %z_point_stream, void @empty_3, i32 0, i32 0, void @empty_15, i32 0, i32 0, void @empty_15, void @empty_15, void @empty_15, i32 0, i32 0, i32 0, i32 0, void @empty_15, void @empty_15, i32 4294967295, i32 0, i32 0"   --->   Operation 29 'specinterface' 'specinterface_ln0' <Predicate = true> <Delay = 0.00>
ST_1 : Operation 30 [1/1] (0.00ns)   --->   "%specinterface_ln0 = specinterface void @_ssdm_op_SpecInterface, i256 %scalar_point_stream, void @empty_3, i32 0, i32 0, void @empty_15, i32 0, i32 0, void @empty_15, void @empty_15, void @empty_15, i32 0, i32 0, i32 0, i32 0, void @empty_15, void @empty_15, i32 4294967295, i32 0, i32 0"   --->   Operation 30 'specinterface' 'specinterface_ln0' <Predicate = true> <Delay = 0.00>
ST_1 : Operation 31 [1/1] (0.00ns)   --->   "%specinterface_ln0 = specinterface void @_ssdm_op_SpecInterface, i256 %t_point_stream, void @empty_3, i32 0, i32 0, void @empty_15, i32 0, i32 0, void @empty_15, void @empty_15, void @empty_15, i32 0, i32 0, i32 0, i32 0, void @empty_15, void @empty_15, i32 4294967295, i32 0, i32 0"   --->   Operation 31 'specinterface' 'specinterface_ln0' <Predicate = true> <Delay = 0.00>
ST_1 : Operation 32 [1/1] (0.00ns)   --->   "%specinterface_ln0 = specinterface void @_ssdm_op_SpecInterface, i256 %z_point_stream, void @empty_3, i32 0, i32 0, void @empty_15, i32 0, i32 0, void @empty_15, void @empty_15, void @empty_15, i32 0, i32 0, i32 0, i32 0, void @empty_15, void @empty_15, i32 4294967295, i32 0, i32 0"   --->   Operation 32 'specinterface' 'specinterface_ln0' <Predicate = true> <Delay = 0.00>
ST_1 : Operation 33 [1/1] (0.00ns)   --->   "%specinterface_ln0 = specinterface void @_ssdm_op_SpecInterface, i256 %y_point_stream, void @empty_3, i32 0, i32 0, void @empty_15, i32 0, i32 0, void @empty_15, void @empty_15, void @empty_15, i32 0, i32 0, i32 0, i32 0, void @empty_15, void @empty_15, i32 4294967295, i32 0, i32 0"   --->   Operation 33 'specinterface' 'specinterface_ln0' <Predicate = true> <Delay = 0.00>
ST_1 : Operation 34 [1/1] (0.00ns)   --->   "%specinterface_ln0 = specinterface void @_ssdm_op_SpecInterface, i256 %x_point_stream, void @empty_3, i32 0, i32 0, void @empty_15, i32 0, i32 0, void @empty_15, void @empty_15, void @empty_15, i32 0, i32 0, i32 0, i32 0, void @empty_15, void @empty_15, i32 4294967295, i32 0, i32 0"   --->   Operation 34 'specinterface' 'specinterface_ln0' <Predicate = true> <Delay = 0.00>
ST_1 : Operation 35 [1/1] (0.00ns)   --->   "%specinterface_ln0 = specinterface void @_ssdm_op_SpecInterface, i256 %gmem3, void @empty_11, i32 0, i32 0, void @empty_15, i32 0, i32 0, void @empty_22, void @empty_1, void @empty_15, i32 16, i32 16, i32 16, i32 16, void @empty_15, void @empty_15, i32 4294967295, i32 0, i32 0"   --->   Operation 35 'specinterface' 'specinterface_ln0' <Predicate = true> <Delay = 0.00>
ST_1 : Operation 36 [1/1] (0.00ns)   --->   "%specinterface_ln0 = specinterface void @_ssdm_op_SpecInterface, i256 %gmem2, void @empty_11, i32 0, i32 0, void @empty_15, i32 0, i32 0, void @empty_23, void @empty_1, void @empty_15, i32 16, i32 16, i32 16, i32 16, void @empty_15, void @empty_15, i32 4294967295, i32 0, i32 0"   --->   Operation 36 'specinterface' 'specinterface_ln0' <Predicate = true> <Delay = 0.00>
ST_1 : Operation 37 [1/1] (0.00ns)   --->   "%specinterface_ln0 = specinterface void @_ssdm_op_SpecInterface, i256 %gmem1, void @empty_11, i32 0, i32 0, void @empty_15, i32 0, i32 0, void @empty_24, void @empty_1, void @empty_15, i32 16, i32 16, i32 16, i32 16, void @empty_15, void @empty_15, i32 4294967295, i32 0, i32 0"   --->   Operation 37 'specinterface' 'specinterface_ln0' <Predicate = true> <Delay = 0.00>
ST_1 : Operation 38 [1/1] (0.00ns)   --->   "%specinterface_ln0 = specinterface void @_ssdm_op_SpecInterface, i256 %gmem0, void @empty_11, i32 0, i32 0, void @empty_15, i32 0, i32 0, void @empty_0, void @empty_1, void @empty_15, i32 16, i32 16, i32 16, i32 16, void @empty_15, void @empty_15, i32 4294967295, i32 0, i32 0"   --->   Operation 38 'specinterface' 'specinterface_ln0' <Predicate = true> <Delay = 0.00>
ST_1 : Operation 39 [1/1] (0.00ns)   --->   "%degree_read = read i32 @_ssdm_op_Read.ap_auto.i32, i32 %degree" [../src/msm.cpp:378]   --->   Operation 39 'read' 'degree_read' <Predicate = true> <Delay = 0.00>
ST_1 : Operation 40 [1/1] (0.00ns)   --->   "%t_array_read = read i64 @_ssdm_op_Read.ap_auto.i64, i64 %t_array" [../src/msm.cpp:378]   --->   Operation 40 'read' 't_array_read' <Predicate = true> <Delay = 0.00>
ST_1 : Operation 41 [1/1] (0.00ns)   --->   "%z_array_read = read i64 @_ssdm_op_Read.ap_auto.i64, i64 %z_array" [../src/msm.cpp:378]   --->   Operation 41 'read' 'z_array_read' <Predicate = true> <Delay = 0.00>
ST_1 : Operation 42 [1/1] (0.00ns)   --->   "%y_array_read = read i64 @_ssdm_op_Read.ap_auto.i64, i64 %y_array" [../src/msm.cpp:378]   --->   Operation 42 'read' 'y_array_read' <Predicate = true> <Delay = 0.00>
ST_1 : Operation 43 [1/1] (0.00ns)   --->   "%x_array_read = read i64 @_ssdm_op_Read.ap_auto.i64, i64 %x_array" [../src/msm.cpp:378]   --->   Operation 43 'read' 'x_array_read' <Predicate = true> <Delay = 0.00>
ST_1 : Operation 44 [1/1] (1.01ns)   --->   "%icmp_ln399 = icmp_sgt  i32 %degree_read, i32 0" [../src/msm.cpp:399]   --->   Operation 44 'icmp' 'icmp_ln399' <Predicate = true> <Delay = 1.01> <CoreInst = "Cmp">   --->   Core 9 'Cmp' <Latency = 0> <II = 1> <Delay = 1.01> <FuncUnit> <Opcode : 'seteq' 'setne' 'setle' 'setge' 'setlt' 'setgt'> <InPorts = 2> <OutPorts = 1>
ST_1 : Operation 45 [1/1] (0.00ns)   --->   "%trunc_ln399 = trunc i32 %degree_read" [../src/msm.cpp:399]   --->   Operation 45 'trunc' 'trunc_ln399' <Predicate = true> <Delay = 0.00>
ST_1 : Operation 46 [1/1] (0.41ns)   --->   "%empty = select i1 %icmp_ln399, i31 %trunc_ln399, i31 0" [../src/msm.cpp:399]   --->   Operation 46 'select' 'empty' <Predicate = true> <Delay = 0.41> <CoreInst = "Sel">   --->   Core 73 'Sel' <Latency = 0> <II = 1> <Delay = 0.41> <FuncUnit> <Opcode : 'select'> <InPorts = 3> <OutPorts = 1>
ST_1 : Operation 47 [1/1] (0.00ns)   --->   "%zext_ln399 = zext i31 %empty" [../src/msm.cpp:399]   --->   Operation 47 'zext' 'zext_ln399' <Predicate = true> <Delay = 0.00>
ST_1 : Operation 48 [1/1] (0.00ns)   --->   "%scalar_array_read = read i256 @_ssdm_op_Read.ap_auto.i256P0A, i256 %scalar_array"   --->   Operation 48 'read' 'scalar_array_read' <Predicate = true> <Delay = 0.00>
ST_1 : Operation 49 [1/1] (0.42ns)   --->   "%store_ln0 = store i31 0, i31 %i"   --->   Operation 49 'store' 'store_ln0' <Predicate = true> <Delay = 0.42>
ST_1 : Operation 50 [1/1] (0.42ns)   --->   "%br_ln399 = br void %for.inc.i" [../src/msm.cpp:399]   --->   Operation 50 'br' 'br_ln399' <Predicate = true> <Delay = 0.42>
ST_1 : Operation 51 [1/1] (0.00ns)   --->   "%first_iter_0 = phi i1 0, void %for.inc.split.i, i1 1, void %entry"   --->   Operation 51 'phi' 'first_iter_0' <Predicate = true> <Delay = 0.00>
ST_1 : Operation 52 [1/1] (0.00ns)   --->   "%i_load = load i31 %i" [../src/msm.cpp:399]   --->   Operation 52 'load' 'i_load' <Predicate = true> <Delay = 0.00>
ST_1 : Operation 53 [1/1] (0.00ns)   --->   "%zext_ln378 = zext i31 %i_load" [../src/msm.cpp:378]   --->   Operation 53 'zext' 'zext_ln378' <Predicate = true> <Delay = 0.00>
ST_1 : Operation 54 [1/1] (1.01ns)   --->   "%icmp_ln399_1 = icmp_slt  i32 %zext_ln378, i32 %degree_read" [../src/msm.cpp:399]   --->   Operation 54 'icmp' 'icmp_ln399_1' <Predicate = true> <Delay = 1.01> <CoreInst = "Cmp">   --->   Core 9 'Cmp' <Latency = 0> <II = 1> <Delay = 1.01> <FuncUnit> <Opcode : 'seteq' 'setne' 'setle' 'setge' 'setlt' 'setgt'> <InPorts = 2> <OutPorts = 1>
ST_1 : Operation 55 [1/1] (0.00ns)   --->   "%br_ln399 = br i1 %icmp_ln399_1, void %data_loader.exit, void %new.body.for.inc.i" [../src/msm.cpp:399]   --->   Operation 55 'br' 'br_ln399' <Predicate = true> <Delay = 0.00>
ST_1 : Operation 56 [1/1] (0.00ns)   --->   "%br_ln399 = br i1 %first_iter_0, void %for.inc.split.i, void %for.first.iter.for.inc.i" [../src/msm.cpp:399]   --->   Operation 56 'br' 'br_ln399' <Predicate = (icmp_ln399_1)> <Delay = 0.00>
ST_1 : Operation 57 [1/1] (1.00ns)   --->   "%add_ln399 = add i31 %i_load, i31 1" [../src/msm.cpp:399]   --->   Operation 57 'add' 'add_ln399' <Predicate = (icmp_ln399_1)> <Delay = 1.00> <CoreInst = "Adder">   --->   Core 1 'Adder' <Latency = 0> <II = 1> <Delay = 1.00> <FuncUnit> <Opcode : 'add' 'sub'> <InPorts = 2> <OutPorts = 1>
ST_1 : Operation 58 [1/1] (0.42ns)   --->   "%store_ln399 = store i31 %add_ln399, i31 %i" [../src/msm.cpp:399]   --->   Operation 58 'store' 'store_ln399' <Predicate = (icmp_ln399_1)> <Delay = 0.42>
ST_1 : Operation 59 [1/1] (0.00ns)   --->   "%br_ln399 = br void %for.inc.i" [../src/msm.cpp:399]   --->   Operation 59 'br' 'br_ln399' <Predicate = (icmp_ln399_1)> <Delay = 0.00>

State 2 <SV = 1> <Delay = 2.92>
ST_2 : Operation 60 [1/1] (0.00ns)   --->   "%trunc_ln399_1 = partselect i59 @_ssdm_op_PartSelect.i59.i64.i32.i32, i64 %x_array_read, i32 5, i32 63" [../src/msm.cpp:399]   --->   Operation 60 'partselect' 'trunc_ln399_1' <Predicate = true> <Delay = 0.00>
ST_2 : Operation 61 [1/1] (0.00ns)   --->   "%sext_ln399 = sext i59 %trunc_ln399_1" [../src/msm.cpp:399]   --->   Operation 61 'sext' 'sext_ln399' <Predicate = true> <Delay = 0.00>
ST_2 : Operation 62 [1/1] (0.00ns)   --->   "%gmem0_addr = getelementptr i256 %gmem0, i64 %sext_ln399" [../src/msm.cpp:399]   --->   Operation 62 'getelementptr' 'gmem0_addr' <Predicate = true> <Delay = 0.00>
ST_2 : Operation 63 [1/1] (0.00ns)   --->   "%trunc_ln399_2 = partselect i59 @_ssdm_op_PartSelect.i59.i64.i32.i32, i64 %y_array_read, i32 5, i32 63" [../src/msm.cpp:399]   --->   Operation 63 'partselect' 'trunc_ln399_2' <Predicate = true> <Delay = 0.00>
ST_2 : Operation 64 [1/1] (0.00ns)   --->   "%sext_ln399_1 = sext i59 %trunc_ln399_2" [../src/msm.cpp:399]   --->   Operation 64 'sext' 'sext_ln399_1' <Predicate = true> <Delay = 0.00>
ST_2 : Operation 65 [1/1] (0.00ns)   --->   "%gmem1_addr = getelementptr i256 %gmem1, i64 %sext_ln399_1" [../src/msm.cpp:399]   --->   Operation 65 'getelementptr' 'gmem1_addr' <Predicate = true> <Delay = 0.00>
ST_2 : Operation 66 [1/1] (0.00ns)   --->   "%trunc_ln399_3 = partselect i59 @_ssdm_op_PartSelect.i59.i64.i32.i32, i64 %z_array_read, i32 5, i32 63" [../src/msm.cpp:399]   --->   Operation 66 'partselect' 'trunc_ln399_3' <Predicate = true> <Delay = 0.00>
ST_2 : Operation 67 [1/1] (0.00ns)   --->   "%sext_ln399_2 = sext i59 %trunc_ln399_3" [../src/msm.cpp:399]   --->   Operation 67 'sext' 'sext_ln399_2' <Predicate = true> <Delay = 0.00>
ST_2 : Operation 68 [1/1] (0.00ns)   --->   "%gmem2_addr = getelementptr i256 %gmem2, i64 %sext_ln399_2" [../src/msm.cpp:399]   --->   Operation 68 'getelementptr' 'gmem2_addr' <Predicate = true> <Delay = 0.00>
ST_2 : Operation 69 [1/1] (0.00ns)   --->   "%trunc_ln399_4 = partselect i59 @_ssdm_op_PartSelect.i59.i64.i32.i32, i64 %t_array_read, i32 5, i32 63" [../src/msm.cpp:399]   --->   Operation 69 'partselect' 'trunc_ln399_4' <Predicate = true> <Delay = 0.00>
ST_2 : Operation 70 [1/1] (0.00ns)   --->   "%sext_ln399_3 = sext i59 %trunc_ln399_4" [../src/msm.cpp:399]   --->   Operation 70 'sext' 'sext_ln399_3' <Predicate = true> <Delay = 0.00>
ST_2 : Operation 71 [1/1] (0.00ns)   --->   "%gmem3_addr = getelementptr i256 %gmem3, i64 %sext_ln399_3" [../src/msm.cpp:399]   --->   Operation 71 'getelementptr' 'gmem3_addr' <Predicate = true> <Delay = 0.00>
ST_2 : Operation 72 [8/8] (2.92ns)   --->   "%empty_50 = readreq i1 @_ssdm_op_ReadReq.m_axi.p1i256, i256 %gmem0_addr, i64 %zext_ln399" [../src/msm.cpp:399]   --->   Operation 72 'readreq' 'empty_50' <Predicate = (first_iter_0)> <Delay = 2.92> <CoreInst = "m_axi">   --->   Core 119 'm_axi' <Latency = 6> <II = 1> <Delay = 1.00> <Adapter> <Opcode : 'read' 'write' 'readreq' 'writereq' 'writeresp'>
ST_2 : Operation 73 [8/8] (2.92ns)   --->   "%empty_51 = readreq i1 @_ssdm_op_ReadReq.m_axi.p1i256, i256 %gmem1_addr, i64 %zext_ln399" [../src/msm.cpp:399]   --->   Operation 73 'readreq' 'empty_51' <Predicate = (first_iter_0)> <Delay = 2.92> <CoreInst = "m_axi">   --->   Core 119 'm_axi' <Latency = 6> <II = 1> <Delay = 1.00> <Adapter> <Opcode : 'read' 'write' 'readreq' 'writereq' 'writeresp'>
ST_2 : Operation 74 [8/8] (2.92ns)   --->   "%empty_52 = readreq i1 @_ssdm_op_ReadReq.m_axi.p1i256, i256 %gmem2_addr, i64 %zext_ln399" [../src/msm.cpp:399]   --->   Operation 74 'readreq' 'empty_52' <Predicate = (first_iter_0)> <Delay = 2.92> <CoreInst = "m_axi">   --->   Core 119 'm_axi' <Latency = 6> <II = 1> <Delay = 1.00> <Adapter> <Opcode : 'read' 'write' 'readreq' 'writereq' 'writeresp'>
ST_2 : Operation 75 [8/8] (2.92ns)   --->   "%empty_53 = readreq i1 @_ssdm_op_ReadReq.m_axi.p1i256, i256 %gmem3_addr, i64 %zext_ln399" [../src/msm.cpp:399]   --->   Operation 75 'readreq' 'empty_53' <Predicate = (first_iter_0)> <Delay = 2.92> <CoreInst = "m_axi">   --->   Core 119 'm_axi' <Latency = 6> <II = 1> <Delay = 1.00> <Adapter> <Opcode : 'read' 'write' 'readreq' 'writereq' 'writeresp'>

State 3 <SV = 2> <Delay = 2.92>
ST_3 : Operation 76 [7/8] (2.92ns)   --->   "%empty_50 = readreq i1 @_ssdm_op_ReadReq.m_axi.p1i256, i256 %gmem0_addr, i64 %zext_ln399" [../src/msm.cpp:399]   --->   Operation 76 'readreq' 'empty_50' <Predicate = (first_iter_0)> <Delay = 2.92> <CoreInst = "m_axi">   --->   Core 119 'm_axi' <Latency = 6> <II = 1> <Delay = 1.00> <Adapter> <Opcode : 'read' 'write' 'readreq' 'writereq' 'writeresp'>
ST_3 : Operation 77 [7/8] (2.92ns)   --->   "%empty_51 = readreq i1 @_ssdm_op_ReadReq.m_axi.p1i256, i256 %gmem1_addr, i64 %zext_ln399" [../src/msm.cpp:399]   --->   Operation 77 'readreq' 'empty_51' <Predicate = (first_iter_0)> <Delay = 2.92> <CoreInst = "m_axi">   --->   Core 119 'm_axi' <Latency = 6> <II = 1> <Delay = 1.00> <Adapter> <Opcode : 'read' 'write' 'readreq' 'writereq' 'writeresp'>
ST_3 : Operation 78 [7/8] (2.92ns)   --->   "%empty_52 = readreq i1 @_ssdm_op_ReadReq.m_axi.p1i256, i256 %gmem2_addr, i64 %zext_ln399" [../src/msm.cpp:399]   --->   Operation 78 'readreq' 'empty_52' <Predicate = (first_iter_0)> <Delay = 2.92> <CoreInst = "m_axi">   --->   Core 119 'm_axi' <Latency = 6> <II = 1> <Delay = 1.00> <Adapter> <Opcode : 'read' 'write' 'readreq' 'writereq' 'writeresp'>
ST_3 : Operation 79 [7/8] (2.92ns)   --->   "%empty_53 = readreq i1 @_ssdm_op_ReadReq.m_axi.p1i256, i256 %gmem3_addr, i64 %zext_ln399" [../src/msm.cpp:399]   --->   Operation 79 'readreq' 'empty_53' <Predicate = (first_iter_0)> <Delay = 2.92> <CoreInst = "m_axi">   --->   Core 119 'm_axi' <Latency = 6> <II = 1> <Delay = 1.00> <Adapter> <Opcode : 'read' 'write' 'readreq' 'writereq' 'writeresp'>

State 4 <SV = 3> <Delay = 2.92>
ST_4 : Operation 80 [6/8] (2.92ns)   --->   "%empty_50 = readreq i1 @_ssdm_op_ReadReq.m_axi.p1i256, i256 %gmem0_addr, i64 %zext_ln399" [../src/msm.cpp:399]   --->   Operation 80 'readreq' 'empty_50' <Predicate = (first_iter_0)> <Delay = 2.92> <CoreInst = "m_axi">   --->   Core 119 'm_axi' <Latency = 6> <II = 1> <Delay = 1.00> <Adapter> <Opcode : 'read' 'write' 'readreq' 'writereq' 'writeresp'>
ST_4 : Operation 81 [6/8] (2.92ns)   --->   "%empty_51 = readreq i1 @_ssdm_op_ReadReq.m_axi.p1i256, i256 %gmem1_addr, i64 %zext_ln399" [../src/msm.cpp:399]   --->   Operation 81 'readreq' 'empty_51' <Predicate = (first_iter_0)> <Delay = 2.92> <CoreInst = "m_axi">   --->   Core 119 'm_axi' <Latency = 6> <II = 1> <Delay = 1.00> <Adapter> <Opcode : 'read' 'write' 'readreq' 'writereq' 'writeresp'>
ST_4 : Operation 82 [6/8] (2.92ns)   --->   "%empty_52 = readreq i1 @_ssdm_op_ReadReq.m_axi.p1i256, i256 %gmem2_addr, i64 %zext_ln399" [../src/msm.cpp:399]   --->   Operation 82 'readreq' 'empty_52' <Predicate = (first_iter_0)> <Delay = 2.92> <CoreInst = "m_axi">   --->   Core 119 'm_axi' <Latency = 6> <II = 1> <Delay = 1.00> <Adapter> <Opcode : 'read' 'write' 'readreq' 'writereq' 'writeresp'>
ST_4 : Operation 83 [6/8] (2.92ns)   --->   "%empty_53 = readreq i1 @_ssdm_op_ReadReq.m_axi.p1i256, i256 %gmem3_addr, i64 %zext_ln399" [../src/msm.cpp:399]   --->   Operation 83 'readreq' 'empty_53' <Predicate = (first_iter_0)> <Delay = 2.92> <CoreInst = "m_axi">   --->   Core 119 'm_axi' <Latency = 6> <II = 1> <Delay = 1.00> <Adapter> <Opcode : 'read' 'write' 'readreq' 'writereq' 'writeresp'>

State 5 <SV = 4> <Delay = 2.92>
ST_5 : Operation 84 [5/8] (2.92ns)   --->   "%empty_50 = readreq i1 @_ssdm_op_ReadReq.m_axi.p1i256, i256 %gmem0_addr, i64 %zext_ln399" [../src/msm.cpp:399]   --->   Operation 84 'readreq' 'empty_50' <Predicate = (first_iter_0)> <Delay = 2.92> <CoreInst = "m_axi">   --->   Core 119 'm_axi' <Latency = 6> <II = 1> <Delay = 1.00> <Adapter> <Opcode : 'read' 'write' 'readreq' 'writereq' 'writeresp'>
ST_5 : Operation 85 [5/8] (2.92ns)   --->   "%empty_51 = readreq i1 @_ssdm_op_ReadReq.m_axi.p1i256, i256 %gmem1_addr, i64 %zext_ln399" [../src/msm.cpp:399]   --->   Operation 85 'readreq' 'empty_51' <Predicate = (first_iter_0)> <Delay = 2.92> <CoreInst = "m_axi">   --->   Core 119 'm_axi' <Latency = 6> <II = 1> <Delay = 1.00> <Adapter> <Opcode : 'read' 'write' 'readreq' 'writereq' 'writeresp'>
ST_5 : Operation 86 [5/8] (2.92ns)   --->   "%empty_52 = readreq i1 @_ssdm_op_ReadReq.m_axi.p1i256, i256 %gmem2_addr, i64 %zext_ln399" [../src/msm.cpp:399]   --->   Operation 86 'readreq' 'empty_52' <Predicate = (first_iter_0)> <Delay = 2.92> <CoreInst = "m_axi">   --->   Core 119 'm_axi' <Latency = 6> <II = 1> <Delay = 1.00> <Adapter> <Opcode : 'read' 'write' 'readreq' 'writereq' 'writeresp'>
ST_5 : Operation 87 [5/8] (2.92ns)   --->   "%empty_53 = readreq i1 @_ssdm_op_ReadReq.m_axi.p1i256, i256 %gmem3_addr, i64 %zext_ln399" [../src/msm.cpp:399]   --->   Operation 87 'readreq' 'empty_53' <Predicate = (first_iter_0)> <Delay = 2.92> <CoreInst = "m_axi">   --->   Core 119 'm_axi' <Latency = 6> <II = 1> <Delay = 1.00> <Adapter> <Opcode : 'read' 'write' 'readreq' 'writereq' 'writeresp'>

State 6 <SV = 5> <Delay = 2.92>
ST_6 : Operation 88 [4/8] (2.92ns)   --->   "%empty_50 = readreq i1 @_ssdm_op_ReadReq.m_axi.p1i256, i256 %gmem0_addr, i64 %zext_ln399" [../src/msm.cpp:399]   --->   Operation 88 'readreq' 'empty_50' <Predicate = (first_iter_0)> <Delay = 2.92> <CoreInst = "m_axi">   --->   Core 119 'm_axi' <Latency = 6> <II = 1> <Delay = 1.00> <Adapter> <Opcode : 'read' 'write' 'readreq' 'writereq' 'writeresp'>
ST_6 : Operation 89 [4/8] (2.92ns)   --->   "%empty_51 = readreq i1 @_ssdm_op_ReadReq.m_axi.p1i256, i256 %gmem1_addr, i64 %zext_ln399" [../src/msm.cpp:399]   --->   Operation 89 'readreq' 'empty_51' <Predicate = (first_iter_0)> <Delay = 2.92> <CoreInst = "m_axi">   --->   Core 119 'm_axi' <Latency = 6> <II = 1> <Delay = 1.00> <Adapter> <Opcode : 'read' 'write' 'readreq' 'writereq' 'writeresp'>
ST_6 : Operation 90 [4/8] (2.92ns)   --->   "%empty_52 = readreq i1 @_ssdm_op_ReadReq.m_axi.p1i256, i256 %gmem2_addr, i64 %zext_ln399" [../src/msm.cpp:399]   --->   Operation 90 'readreq' 'empty_52' <Predicate = (first_iter_0)> <Delay = 2.92> <CoreInst = "m_axi">   --->   Core 119 'm_axi' <Latency = 6> <II = 1> <Delay = 1.00> <Adapter> <Opcode : 'read' 'write' 'readreq' 'writereq' 'writeresp'>
ST_6 : Operation 91 [4/8] (2.92ns)   --->   "%empty_53 = readreq i1 @_ssdm_op_ReadReq.m_axi.p1i256, i256 %gmem3_addr, i64 %zext_ln399" [../src/msm.cpp:399]   --->   Operation 91 'readreq' 'empty_53' <Predicate = (first_iter_0)> <Delay = 2.92> <CoreInst = "m_axi">   --->   Core 119 'm_axi' <Latency = 6> <II = 1> <Delay = 1.00> <Adapter> <Opcode : 'read' 'write' 'readreq' 'writereq' 'writeresp'>

State 7 <SV = 6> <Delay = 2.92>
ST_7 : Operation 92 [3/8] (2.92ns)   --->   "%empty_50 = readreq i1 @_ssdm_op_ReadReq.m_axi.p1i256, i256 %gmem0_addr, i64 %zext_ln399" [../src/msm.cpp:399]   --->   Operation 92 'readreq' 'empty_50' <Predicate = (first_iter_0)> <Delay = 2.92> <CoreInst = "m_axi">   --->   Core 119 'm_axi' <Latency = 6> <II = 1> <Delay = 1.00> <Adapter> <Opcode : 'read' 'write' 'readreq' 'writereq' 'writeresp'>
ST_7 : Operation 93 [3/8] (2.92ns)   --->   "%empty_51 = readreq i1 @_ssdm_op_ReadReq.m_axi.p1i256, i256 %gmem1_addr, i64 %zext_ln399" [../src/msm.cpp:399]   --->   Operation 93 'readreq' 'empty_51' <Predicate = (first_iter_0)> <Delay = 2.92> <CoreInst = "m_axi">   --->   Core 119 'm_axi' <Latency = 6> <II = 1> <Delay = 1.00> <Adapter> <Opcode : 'read' 'write' 'readreq' 'writereq' 'writeresp'>
ST_7 : Operation 94 [3/8] (2.92ns)   --->   "%empty_52 = readreq i1 @_ssdm_op_ReadReq.m_axi.p1i256, i256 %gmem2_addr, i64 %zext_ln399" [../src/msm.cpp:399]   --->   Operation 94 'readreq' 'empty_52' <Predicate = (first_iter_0)> <Delay = 2.92> <CoreInst = "m_axi">   --->   Core 119 'm_axi' <Latency = 6> <II = 1> <Delay = 1.00> <Adapter> <Opcode : 'read' 'write' 'readreq' 'writereq' 'writeresp'>
ST_7 : Operation 95 [3/8] (2.92ns)   --->   "%empty_53 = readreq i1 @_ssdm_op_ReadReq.m_axi.p1i256, i256 %gmem3_addr, i64 %zext_ln399" [../src/msm.cpp:399]   --->   Operation 95 'readreq' 'empty_53' <Predicate = (first_iter_0)> <Delay = 2.92> <CoreInst = "m_axi">   --->   Core 119 'm_axi' <Latency = 6> <II = 1> <Delay = 1.00> <Adapter> <Opcode : 'read' 'write' 'readreq' 'writereq' 'writeresp'>

State 8 <SV = 7> <Delay = 2.92>
ST_8 : Operation 96 [2/8] (2.92ns)   --->   "%empty_50 = readreq i1 @_ssdm_op_ReadReq.m_axi.p1i256, i256 %gmem0_addr, i64 %zext_ln399" [../src/msm.cpp:399]   --->   Operation 96 'readreq' 'empty_50' <Predicate = (first_iter_0)> <Delay = 2.92> <CoreInst = "m_axi">   --->   Core 119 'm_axi' <Latency = 6> <II = 1> <Delay = 1.00> <Adapter> <Opcode : 'read' 'write' 'readreq' 'writereq' 'writeresp'>
ST_8 : Operation 97 [2/8] (2.92ns)   --->   "%empty_51 = readreq i1 @_ssdm_op_ReadReq.m_axi.p1i256, i256 %gmem1_addr, i64 %zext_ln399" [../src/msm.cpp:399]   --->   Operation 97 'readreq' 'empty_51' <Predicate = (first_iter_0)> <Delay = 2.92> <CoreInst = "m_axi">   --->   Core 119 'm_axi' <Latency = 6> <II = 1> <Delay = 1.00> <Adapter> <Opcode : 'read' 'write' 'readreq' 'writereq' 'writeresp'>
ST_8 : Operation 98 [2/8] (2.92ns)   --->   "%empty_52 = readreq i1 @_ssdm_op_ReadReq.m_axi.p1i256, i256 %gmem2_addr, i64 %zext_ln399" [../src/msm.cpp:399]   --->   Operation 98 'readreq' 'empty_52' <Predicate = (first_iter_0)> <Delay = 2.92> <CoreInst = "m_axi">   --->   Core 119 'm_axi' <Latency = 6> <II = 1> <Delay = 1.00> <Adapter> <Opcode : 'read' 'write' 'readreq' 'writereq' 'writeresp'>
ST_8 : Operation 99 [2/8] (2.92ns)   --->   "%empty_53 = readreq i1 @_ssdm_op_ReadReq.m_axi.p1i256, i256 %gmem3_addr, i64 %zext_ln399" [../src/msm.cpp:399]   --->   Operation 99 'readreq' 'empty_53' <Predicate = (first_iter_0)> <Delay = 2.92> <CoreInst = "m_axi">   --->   Core 119 'm_axi' <Latency = 6> <II = 1> <Delay = 1.00> <Adapter> <Opcode : 'read' 'write' 'readreq' 'writereq' 'writeresp'>

State 9 <SV = 8> <Delay = 2.92>
ST_9 : Operation 100 [1/8] (2.92ns)   --->   "%empty_50 = readreq i1 @_ssdm_op_ReadReq.m_axi.p1i256, i256 %gmem0_addr, i64 %zext_ln399" [../src/msm.cpp:399]   --->   Operation 100 'readreq' 'empty_50' <Predicate = (first_iter_0)> <Delay = 2.92> <CoreInst = "m_axi">   --->   Core 119 'm_axi' <Latency = 6> <II = 1> <Delay = 1.00> <Adapter> <Opcode : 'read' 'write' 'readreq' 'writereq' 'writeresp'>
ST_9 : Operation 101 [1/8] (2.92ns)   --->   "%empty_51 = readreq i1 @_ssdm_op_ReadReq.m_axi.p1i256, i256 %gmem1_addr, i64 %zext_ln399" [../src/msm.cpp:399]   --->   Operation 101 'readreq' 'empty_51' <Predicate = (first_iter_0)> <Delay = 2.92> <CoreInst = "m_axi">   --->   Core 119 'm_axi' <Latency = 6> <II = 1> <Delay = 1.00> <Adapter> <Opcode : 'read' 'write' 'readreq' 'writereq' 'writeresp'>
ST_9 : Operation 102 [1/8] (2.92ns)   --->   "%empty_52 = readreq i1 @_ssdm_op_ReadReq.m_axi.p1i256, i256 %gmem2_addr, i64 %zext_ln399" [../src/msm.cpp:399]   --->   Operation 102 'readreq' 'empty_52' <Predicate = (first_iter_0)> <Delay = 2.92> <CoreInst = "m_axi">   --->   Core 119 'm_axi' <Latency = 6> <II = 1> <Delay = 1.00> <Adapter> <Opcode : 'read' 'write' 'readreq' 'writereq' 'writeresp'>
ST_9 : Operation 103 [1/8] (2.92ns)   --->   "%empty_53 = readreq i1 @_ssdm_op_ReadReq.m_axi.p1i256, i256 %gmem3_addr, i64 %zext_ln399" [../src/msm.cpp:399]   --->   Operation 103 'readreq' 'empty_53' <Predicate = (first_iter_0)> <Delay = 2.92> <CoreInst = "m_axi">   --->   Core 119 'm_axi' <Latency = 6> <II = 1> <Delay = 1.00> <Adapter> <Opcode : 'read' 'write' 'readreq' 'writereq' 'writeresp'>
ST_9 : Operation 104 [1/1] (0.00ns)   --->   "%br_ln399 = br void %for.inc.split.i" [../src/msm.cpp:399]   --->   Operation 104 'br' 'br_ln399' <Predicate = (first_iter_0)> <Delay = 0.00>

State 10 <SV = 9> <Delay = 2.92>
ST_10 : Operation 105 [1/1] (2.92ns)   --->   "%gmem0_addr_read = read i256 @_ssdm_op_Read.m_axi.p1i256, i256 %gmem0_addr" [../src/msm.cpp:402]   --->   Operation 105 'read' 'gmem0_addr_read' <Predicate = (icmp_ln399_1)> <Delay = 2.92> <CoreInst = "m_axi">   --->   Core 119 'm_axi' <Latency = 3> <II = 1> <Delay = 1.00> <Adapter> <Opcode : 'read' 'write' 'readreq' 'writereq' 'writeresp'>
ST_10 : Operation 106 [1/1] (2.92ns)   --->   "%gmem1_addr_read = read i256 @_ssdm_op_Read.m_axi.p1i256, i256 %gmem1_addr" [../src/msm.cpp:403]   --->   Operation 106 'read' 'gmem1_addr_read' <Predicate = (icmp_ln399_1)> <Delay = 2.92> <CoreInst = "m_axi">   --->   Core 119 'm_axi' <Latency = 3> <II = 1> <Delay = 1.00> <Adapter> <Opcode : 'read' 'write' 'readreq' 'writereq' 'writeresp'>
ST_10 : Operation 107 [1/1] (2.92ns)   --->   "%gmem2_addr_read = read i256 @_ssdm_op_Read.m_axi.p1i256, i256 %gmem2_addr" [../src/msm.cpp:404]   --->   Operation 107 'read' 'gmem2_addr_read' <Predicate = (icmp_ln399_1)> <Delay = 2.92> <CoreInst = "m_axi">   --->   Core 119 'm_axi' <Latency = 3> <II = 1> <Delay = 1.00> <Adapter> <Opcode : 'read' 'write' 'readreq' 'writereq' 'writeresp'>
ST_10 : Operation 108 [1/1] (2.92ns)   --->   "%gmem3_addr_read = read i256 @_ssdm_op_Read.m_axi.p1i256, i256 %gmem3_addr" [../src/msm.cpp:405]   --->   Operation 108 'read' 'gmem3_addr_read' <Predicate = (icmp_ln399_1)> <Delay = 2.92> <CoreInst = "m_axi">   --->   Core 119 'm_axi' <Latency = 3> <II = 1> <Delay = 1.00> <Adapter> <Opcode : 'read' 'write' 'readreq' 'writereq' 'writeresp'>
ST_10 : Operation 116 [1/1] (0.42ns)   --->   "%ret_ln0 = ret"   --->   Operation 116 'ret' 'ret_ln0' <Predicate = (!icmp_ln399_1)> <Delay = 0.42>

State 11 <SV = 10> <Delay = 1.46>
ST_11 : Operation 109 [1/1] (0.00ns)   --->   "%specpipeline_ln401 = specpipeline void @_ssdm_op_SpecPipeline, i32 1, i32 0, i32 0, i32 0, void @empty_15" [../src/msm.cpp:401]   --->   Operation 109 'specpipeline' 'specpipeline_ln401' <Predicate = (icmp_ln399_1)> <Delay = 0.00>
ST_11 : Operation 110 [1/1] (0.00ns)   --->   "%specloopname_ln399 = specloopname void @_ssdm_op_SpecLoopName, void @empty_5" [../src/msm.cpp:399]   --->   Operation 110 'specloopname' 'specloopname_ln399' <Predicate = (icmp_ln399_1)> <Delay = 0.00>
ST_11 : Operation 111 [1/1] ( I:1.46ns O:1.46ns )   --->   "%write_ln402 = write void @_ssdm_op_Write.ap_fifo.volatile.i256P0A, i256 %x_point_stream, i256 %gmem0_addr_read" [../src/msm.cpp:402]   --->   Operation 111 'write' 'write_ln402' <Predicate = (icmp_ln399_1)> <Delay = 1.46> <CoreInst = "FIFO">   --->   Core 77 'FIFO' <Latency = 0> <II = 1> <Delay = 1.55> <Storage> <Opcode : 'read' 'write' 'nbread' 'nbwrite'> <Ports = 0> <Width = 256> <Depth = 64> <FIFO>
ST_11 : Operation 112 [1/1] ( I:1.46ns O:1.46ns )   --->   "%write_ln403 = write void @_ssdm_op_Write.ap_fifo.volatile.i256P0A, i256 %y_point_stream, i256 %gmem1_addr_read" [../src/msm.cpp:403]   --->   Operation 112 'write' 'write_ln403' <Predicate = (icmp_ln399_1)> <Delay = 1.46> <CoreInst = "FIFO">   --->   Core 77 'FIFO' <Latency = 0> <II = 1> <Delay = 1.55> <Storage> <Opcode : 'read' 'write' 'nbread' 'nbwrite'> <Ports = 0> <Width = 256> <Depth = 64> <FIFO>
ST_11 : Operation 113 [1/1] ( I:1.46ns O:1.46ns )   --->   "%write_ln404 = write void @_ssdm_op_Write.ap_fifo.volatile.i256P0A, i256 %z_point_stream, i256 %gmem2_addr_read" [../src/msm.cpp:404]   --->   Operation 113 'write' 'write_ln404' <Predicate = (icmp_ln399_1)> <Delay = 1.46> <CoreInst = "FIFO">   --->   Core 77 'FIFO' <Latency = 0> <II = 1> <Delay = 1.55> <Storage> <Opcode : 'read' 'write' 'nbread' 'nbwrite'> <Ports = 0> <Width = 256> <Depth = 64> <FIFO>
ST_11 : Operation 114 [1/1] ( I:1.46ns O:1.46ns )   --->   "%write_ln405 = write void @_ssdm_op_Write.ap_fifo.volatile.i256P0A, i256 %t_point_stream, i256 %gmem3_addr_read" [../src/msm.cpp:405]   --->   Operation 114 'write' 'write_ln405' <Predicate = (icmp_ln399_1)> <Delay = 1.46> <CoreInst = "FIFO_SRL">   --->   Core 80 'FIFO_SRL' <Latency = 0> <II = 1> <Delay = 1.83> <Storage> <Opcode : 'read' 'write' 'nbread' 'nbwrite'> <Ports = 0> <Width = 256> <Depth = 2> <FIFO>
ST_11 : Operation 115 [1/1] ( I:1.46ns O:1.46ns )   --->   "%write_ln406 = write void @_ssdm_op_Write.ap_fifo.volatile.i256P0A, i256 %scalar_point_stream, i256 %scalar_array_read" [../src/msm.cpp:406]   --->   Operation 115 'write' 'write_ln406' <Predicate = (icmp_ln399_1)> <Delay = 1.46> <CoreInst = "FIFO">   --->   Core 77 'FIFO' <Latency = 0> <II = 1> <Delay = 1.55> <Storage> <Opcode : 'read' 'write' 'nbread' 'nbwrite'> <Ports = 0> <Width = 256> <Depth = 64> <FIFO>


============================================================
+ Verbose Summary: Timing violations
============================================================
Target clock period: 4.000ns, clock uncertainty: 1.080ns.

 <State 1>: 1.870ns
The critical path consists of the following:
	'store' operation 0 bit ('store_ln0') of constant 0 on local variable 'i' [51]  (0.427 ns)
	'load' operation 31 bit ('i_load', ../src/msm.cpp:399) on local variable 'i' [55]  (0.000 ns)
	'icmp' operation 1 bit ('icmp_ln399_1', ../src/msm.cpp:399) [57]  (1.016 ns)
	'store' operation 0 bit ('store_ln399', ../src/msm.cpp:399) of variable 'add_ln399', ../src/msm.cpp:399 on local variable 'i' [92]  (0.427 ns)

 <State 2>: 2.920ns
The critical path consists of the following:
	'getelementptr' operation 256 bit ('gmem0_addr', ../src/msm.cpp:399) [62]  (0.000 ns)
	bus request operation ('empty_50', ../src/msm.cpp:399) on port 'gmem0' (../src/msm.cpp:399) [74]  (2.920 ns)

 <State 3>: 2.920ns
The critical path consists of the following:
	bus request operation ('empty_50', ../src/msm.cpp:399) on port 'gmem0' (../src/msm.cpp:399) [74]  (2.920 ns)

 <State 4>: 2.920ns
The critical path consists of the following:
	bus request operation ('empty_50', ../src/msm.cpp:399) on port 'gmem0' (../src/msm.cpp:399) [74]  (2.920 ns)

 <State 5>: 2.920ns
The critical path consists of the following:
	bus request operation ('empty_50', ../src/msm.cpp:399) on port 'gmem0' (../src/msm.cpp:399) [74]  (2.920 ns)

 <State 6>: 2.920ns
The critical path consists of the following:
	bus request operation ('empty_50', ../src/msm.cpp:399) on port 'gmem0' (../src/msm.cpp:399) [74]  (2.920 ns)

 <State 7>: 2.920ns
The critical path consists of the following:
	bus request operation ('empty_50', ../src/msm.cpp:399) on port 'gmem0' (../src/msm.cpp:399) [74]  (2.920 ns)

 <State 8>: 2.920ns
The critical path consists of the following:
	bus request operation ('empty_50', ../src/msm.cpp:399) on port 'gmem0' (../src/msm.cpp:399) [74]  (2.920 ns)

 <State 9>: 2.920ns
The critical path consists of the following:
	bus request operation ('empty_50', ../src/msm.cpp:399) on port 'gmem0' (../src/msm.cpp:399) [74]  (2.920 ns)

 <State 10>: 2.920ns
The critical path consists of the following:
	bus read operation ('gmem0_addr_read', ../src/msm.cpp:402) on port 'gmem0' (../src/msm.cpp:402) [83]  (2.920 ns)

 <State 11>: 1.460ns
The critical path consists of the following:
	fifo write operation ('write_ln402', ../src/msm.cpp:402) on port 'x_point_stream' (../src/msm.cpp:402) [84]  (1.460 ns)


============================================================
+ Verbose Summary: Binding
============================================================
N/A
* FSMD analyzer results:
  - Output states:
 - Input state : 
  - Chain level:
	State 1
	State 2
	State 3
	State 4
	State 5
	State 6
	State 7
	State 8
	State 9
	State 10
	State 11


============================================================
+ Verbose Summary: Datapath Resource usage 
============================================================
N/A
