

================================================================
== Vitis HLS Report for 'edwards_point_add'
================================================================
* Date:           Tue Apr 29 06:12:15 2025

* Version:        2024.2 (Build 5238294 on Nov  8 2024)
* Project:        msm_2
* Solution:       solution1 (Vivado IP Flow Target)
* Product family: zynquplus
* Target device:  xczu7ev-ffvc1156-2-e


================================================================
== Performance Estimates
================================================================
+ Timing: 
    * Summary: 
    +--------+---------+----------+------------+
    |  Clock |  Target | Estimated| Uncertainty|
    +--------+---------+----------+------------+
    |ap_clk  |  4.00 ns|  2.850 ns|     1.08 ns|
    +--------+---------+----------+------------+

+ Latency: 
    * Summary: 
    +---------+---------+-----------+-----------+-----+-----+---------+
    |  Latency (cycles) |   Latency (absolute)  |  Interval | Pipeline|
    |   min   |   max   |    min    |    max    | min | max |   Type  |
    +---------+---------+-----------+-----------+-----+-----+---------+
    |       21|       21|  84.000 ns|  84.000 ns|    1|    1|      yes|
    +---------+---------+-----------+-----------+-----+-----+---------+

    + Detail: 
        * Instance: 
        N/A

        * Loop: 
        N/A

============================================================
+ Verbose Summary: Synthesis Manager
============================================================
InlineROM: 1
ExposeGlobal: 0
============================================================
+ Verbose Summary: CDFG Model
============================================================
IsTopModel: 0
ResetActiveHigh: 1
IsCombinational: 0
IsDatapathOnly: 0
HasWiredReturn: 1
HasMFsm: 2
HasVarLatency: 0
IsPipeline: 1
IsRtlPipelined: 1
IsInstanceOverlapped: 0
IsDontTouch: 0
HasImplIP: 0
IsGatedGlobalClock: 0

+ Individual pipeline summary: 
  * Pipeline-0: initiation interval (II) = 1, depth = 22


============================================================
+ Verbose Summary: Schedule
============================================================
* Number of FSM states : 22
* Pipeline : 1
  Pipeline-0 : II = 1, D = 22, States = { 1 2 3 4 5 6 7 8 9 10 11 12 13 14 15 16 17 18 19 20 21 22 }
* Dataflow Pipeline: 0

* FSM state transitions: 
1 --> 2 
2 --> 3 
3 --> 4 
4 --> 5 
5 --> 6 
6 --> 7 
7 --> 8 
8 --> 9 
9 --> 10 
10 --> 11 
11 --> 12 
12 --> 13 
13 --> 14 
14 --> 15 
15 --> 16 
16 --> 17 
17 --> 18 
18 --> 19 
19 --> 20 
20 --> 21 
21 --> 22 
22 --> 

* FSM state operations: 

State 1 <SV = 0> <Delay = 2.61>
ST_1 : Operation 23 [1/1] (0.00ns)   --->   "%T2_read = read i256 @_ssdm_op_Read.ap_auto.i256, i256 %T2" [../src/msm.cpp:294]   --->   Operation 23 'read' 'T2_read' <Predicate = true> <Delay = 0.00>
ST_1 : Operation 24 [1/1] (0.00ns)   --->   "%Z2_read = read i256 @_ssdm_op_Read.ap_auto.i256, i256 %Z2" [../src/msm.cpp:294]   --->   Operation 24 'read' 'Z2_read' <Predicate = true> <Delay = 0.00>
ST_1 : Operation 25 [1/1] (0.00ns)   --->   "%Y2_read = read i256 @_ssdm_op_Read.ap_auto.i256, i256 %Y2" [../src/msm.cpp:294]   --->   Operation 25 'read' 'Y2_read' <Predicate = true> <Delay = 0.00>
ST_1 : Operation 26 [1/1] (0.00ns)   --->   "%X2_read = read i256 @_ssdm_op_Read.ap_auto.i256, i256 %X2" [../src/msm.cpp:294]   --->   Operation 26 'read' 'X2_read' <Predicate = true> <Delay = 0.00>
ST_1 : Operation 27 [1/1] (0.00ns)   --->   "%T1_read = read i256 @_ssdm_op_Read.ap_auto.i256, i256 %T1" [../src/msm.cpp:294]   --->   Operation 27 'read' 'T1_read' <Predicate = true> <Delay = 0.00>
ST_1 : Operation 28 [1/1] (0.00ns)   --->   "%Z1_read = read i256 @_ssdm_op_Read.ap_auto.i256, i256 %Z1" [../src/msm.cpp:294]   --->   Operation 28 'read' 'Z1_read' <Predicate = true> <Delay = 0.00>
ST_1 : Operation 29 [1/1] (0.00ns)   --->   "%Y1_read = read i256 @_ssdm_op_Read.ap_auto.i256, i256 %Y1" [../src/msm.cpp:294]   --->   Operation 29 'read' 'Y1_read' <Predicate = true> <Delay = 0.00>
ST_1 : Operation 30 [1/1] (0.00ns)   --->   "%X1_read = read i256 @_ssdm_op_Read.ap_auto.i256, i256 %X1" [../src/msm.cpp:294]   --->   Operation 30 'read' 'X1_read' <Predicate = true> <Delay = 0.00>
ST_1 : Operation 31 [1/1] (0.00ns)   --->   "%zext_ln300 = zext i256 %X1_read" [../src/msm.cpp:300]   --->   Operation 31 'zext' 'zext_ln300' <Predicate = true> <Delay = 0.00>
ST_1 : Operation 32 [1/1] (0.00ns)   --->   "%zext_ln300_1 = zext i256 %Y1_read" [../src/msm.cpp:300]   --->   Operation 32 'zext' 'zext_ln300_1' <Predicate = true> <Delay = 0.00>
ST_1 : Operation 33 [1/1] (1.95ns)   --->   "%add_ln300 = add i257 %zext_ln300_1, i257 %zext_ln300" [../src/msm.cpp:300]   --->   Operation 33 'add' 'add_ln300' <Predicate = true> <Delay = 1.95> <CoreInst = "Adder">   --->   Core 1 'Adder' <Latency = 0> <II = 1> <Delay = 1.95> <FuncUnit> <Opcode : 'add' 'sub'> <InPorts = 2> <OutPorts = 1>
ST_1 : Operation 34 [1/1] (1.95ns)   --->   "%X1pY1_1 = add i256 %Y1_read, i256 %X1_read" [../src/msm.cpp:300]   --->   Operation 34 'add' 'X1pY1_1' <Predicate = true> <Delay = 1.95> <CoreInst = "Adder">   --->   Core 1 'Adder' <Latency = 0> <II = 1> <Delay = 1.95> <FuncUnit> <Opcode : 'add' 'sub'> <InPorts = 2> <OutPorts = 1>
ST_1 : Operation 35 [1/1] (0.00ns)   --->   "%zext_ln301 = zext i256 %X2_read" [../src/msm.cpp:301]   --->   Operation 35 'zext' 'zext_ln301' <Predicate = true> <Delay = 0.00>
ST_1 : Operation 36 [1/1] (0.00ns)   --->   "%zext_ln301_1 = zext i256 %Y2_read" [../src/msm.cpp:301]   --->   Operation 36 'zext' 'zext_ln301_1' <Predicate = true> <Delay = 0.00>
ST_1 : Operation 37 [1/1] (1.95ns)   --->   "%add_ln301 = add i257 %zext_ln301_1, i257 %zext_ln301" [../src/msm.cpp:301]   --->   Operation 37 'add' 'add_ln301' <Predicate = true> <Delay = 1.95> <CoreInst = "Adder">   --->   Core 1 'Adder' <Latency = 0> <II = 1> <Delay = 1.95> <FuncUnit> <Opcode : 'add' 'sub'> <InPorts = 2> <OutPorts = 1>
ST_1 : Operation 38 [1/1] (1.95ns)   --->   "%X2pY2_1 = add i256 %Y2_read, i256 %X2_read" [../src/msm.cpp:301]   --->   Operation 38 'add' 'X2pY2_1' <Predicate = true> <Delay = 1.95> <CoreInst = "Adder">   --->   Core 1 'Adder' <Latency = 0> <II = 1> <Delay = 1.95> <FuncUnit> <Opcode : 'add' 'sub'> <InPorts = 2> <OutPorts = 1>
ST_1 : Operation 39 [1/1] (0.00ns)   --->   "%zext_ln305 = zext i256 %X1_read" [../src/msm.cpp:305]   --->   Operation 39 'zext' 'zext_ln305' <Predicate = true> <Delay = 0.00>
ST_1 : Operation 40 [1/1] (0.00ns)   --->   "%zext_ln305_1 = zext i256 %X2_read" [../src/msm.cpp:305]   --->   Operation 40 'zext' 'zext_ln305_1' <Predicate = true> <Delay = 0.00>
ST_1 : Operation 41 [5/5] (2.61ns)   --->   "%mul_ln305 = mul i512 %zext_ln305_1, i512 %zext_ln305" [../src/msm.cpp:305]   --->   Operation 41 'mul' 'mul_ln305' <Predicate = true> <Delay = 2.61> <CoreInst = "Multiplier">   --->   Core 3 'Multiplier' <Latency = 4> <II = 1> <Delay = 2.61> <FuncUnit> <Opcode : 'mul'> <InPorts = 2> <OutPorts = 1>
ST_1 : Operation 42 [5/5] (2.61ns)   --->   "%mul_ln305_1 = mul i256 %X2_read, i256 %X1_read" [../src/msm.cpp:305]   --->   Operation 42 'mul' 'mul_ln305_1' <Predicate = true> <Delay = 2.61> <CoreInst = "Multiplier">   --->   Core 3 'Multiplier' <Latency = 4> <II = 1> <Delay = 2.61> <FuncUnit> <Opcode : 'mul'> <InPorts = 2> <OutPorts = 1>
ST_1 : Operation 43 [1/1] (0.00ns)   --->   "%zext_ln306 = zext i256 %Y1_read" [../src/msm.cpp:306]   --->   Operation 43 'zext' 'zext_ln306' <Predicate = true> <Delay = 0.00>
ST_1 : Operation 44 [1/1] (0.00ns)   --->   "%zext_ln306_1 = zext i256 %Y2_read" [../src/msm.cpp:306]   --->   Operation 44 'zext' 'zext_ln306_1' <Predicate = true> <Delay = 0.00>
ST_1 : Operation 45 [5/5] (2.61ns)   --->   "%mul_ln306 = mul i512 %zext_ln306_1, i512 %zext_ln306" [../src/msm.cpp:306]   --->   Operation 45 'mul' 'mul_ln306' <Predicate = true> <Delay = 2.61> <CoreInst = "Multiplier">   --->   Core 3 'Multiplier' <Latency = 4> <II = 1> <Delay = 2.61> <FuncUnit> <Opcode : 'mul'> <InPorts = 2> <OutPorts = 1>
ST_1 : Operation 46 [5/5] (2.61ns)   --->   "%mul_ln306_1 = mul i256 %Y2_read, i256 %Y1_read" [../src/msm.cpp:306]   --->   Operation 46 'mul' 'mul_ln306_1' <Predicate = true> <Delay = 2.61> <CoreInst = "Multiplier">   --->   Core 3 'Multiplier' <Latency = 4> <II = 1> <Delay = 2.61> <FuncUnit> <Opcode : 'mul'> <InPorts = 2> <OutPorts = 1>
ST_1 : Operation 47 [1/1] (0.00ns)   --->   "%zext_ln307 = zext i256 %Z1_read" [../src/msm.cpp:307]   --->   Operation 47 'zext' 'zext_ln307' <Predicate = true> <Delay = 0.00>
ST_1 : Operation 48 [1/1] (0.00ns)   --->   "%zext_ln307_1 = zext i256 %Z2_read" [../src/msm.cpp:307]   --->   Operation 48 'zext' 'zext_ln307_1' <Predicate = true> <Delay = 0.00>
ST_1 : Operation 49 [5/5] (2.61ns)   --->   "%mul_ln307 = mul i512 %zext_ln307_1, i512 %zext_ln307" [../src/msm.cpp:307]   --->   Operation 49 'mul' 'mul_ln307' <Predicate = true> <Delay = 2.61> <CoreInst = "Multiplier">   --->   Core 3 'Multiplier' <Latency = 4> <II = 1> <Delay = 2.61> <FuncUnit> <Opcode : 'mul'> <InPorts = 2> <OutPorts = 1>
ST_1 : Operation 50 [5/5] (2.61ns)   --->   "%mul_ln307_1 = mul i256 %Z2_read, i256 %Z1_read" [../src/msm.cpp:307]   --->   Operation 50 'mul' 'mul_ln307_1' <Predicate = true> <Delay = 2.61> <CoreInst = "Multiplier">   --->   Core 3 'Multiplier' <Latency = 4> <II = 1> <Delay = 2.61> <FuncUnit> <Opcode : 'mul'> <InPorts = 2> <OutPorts = 1>
ST_1 : Operation 51 [1/1] (0.00ns)   --->   "%zext_ln308 = zext i256 %T1_read" [../src/msm.cpp:308]   --->   Operation 51 'zext' 'zext_ln308' <Predicate = true> <Delay = 0.00>
ST_1 : Operation 52 [1/1] (0.00ns)   --->   "%zext_ln308_1 = zext i256 %T2_read" [../src/msm.cpp:308]   --->   Operation 52 'zext' 'zext_ln308_1' <Predicate = true> <Delay = 0.00>
ST_1 : Operation 53 [5/5] (2.61ns)   --->   "%mul_ln308 = mul i512 %zext_ln308_1, i512 %zext_ln308" [../src/msm.cpp:308]   --->   Operation 53 'mul' 'mul_ln308' <Predicate = true> <Delay = 2.61> <CoreInst = "Multiplier">   --->   Core 3 'Multiplier' <Latency = 4> <II = 1> <Delay = 2.61> <FuncUnit> <Opcode : 'mul'> <InPorts = 2> <OutPorts = 1>
ST_1 : Operation 54 [5/5] (2.61ns)   --->   "%mul_ln308_1 = mul i256 %T2_read, i256 %T1_read" [../src/msm.cpp:308]   --->   Operation 54 'mul' 'mul_ln308_1' <Predicate = true> <Delay = 2.61> <CoreInst = "Multiplier">   --->   Core 3 'Multiplier' <Latency = 4> <II = 1> <Delay = 2.61> <FuncUnit> <Opcode : 'mul'> <InPorts = 2> <OutPorts = 1>

State 2 <SV = 1> <Delay = 2.61>
ST_2 : Operation 55 [1/1] (1.95ns)   --->   "%icmp_ln300 = icmp_ugt  i257 %add_ln300, i257 21888242871839275222246405745257275088548364400416034343698204186575808495616" [../src/msm.cpp:300]   --->   Operation 55 'icmp' 'icmp_ln300' <Predicate = true> <Delay = 1.95> <CoreInst = "Cmp">   --->   Core 9 'Cmp' <Latency = 0> <II = 1> <Delay = 1.95> <FuncUnit> <Opcode : 'seteq' 'setne' 'setle' 'setge' 'setlt' 'setgt'> <InPorts = 2> <OutPorts = 1>
ST_2 : Operation 56 [1/1] (1.95ns)   --->   "%X1pY1 = add i256 %X1pY1_1, i256 93903846365476920201324579263430632764721620265224529695759379821337321144319" [../src/msm.cpp:300]   --->   Operation 56 'add' 'X1pY1' <Predicate = true> <Delay = 1.95> <CoreInst = "Adder">   --->   Core 1 'Adder' <Latency = 0> <II = 1> <Delay = 1.95> <FuncUnit> <Opcode : 'add' 'sub'> <InPorts = 2> <OutPorts = 1>
ST_2 : Operation 57 [1/1] (0.51ns)   --->   "%X1pY1_2 = select i1 %icmp_ln300, i256 %X1pY1, i256 %X1pY1_1" [../src/msm.cpp:300]   --->   Operation 57 'select' 'X1pY1_2' <Predicate = true> <Delay = 0.51> <CoreInst = "Sel">   --->   Core 73 'Sel' <Latency = 0> <II = 1> <Delay = 0.51> <FuncUnit> <Opcode : 'select'> <InPorts = 3> <OutPorts = 1>
ST_2 : Operation 58 [1/1] (1.95ns)   --->   "%icmp_ln301 = icmp_ugt  i257 %add_ln301, i257 21888242871839275222246405745257275088548364400416034343698204186575808495616" [../src/msm.cpp:301]   --->   Operation 58 'icmp' 'icmp_ln301' <Predicate = true> <Delay = 1.95> <CoreInst = "Cmp">   --->   Core 9 'Cmp' <Latency = 0> <II = 1> <Delay = 1.95> <FuncUnit> <Opcode : 'seteq' 'setne' 'setle' 'setge' 'setlt' 'setgt'> <InPorts = 2> <OutPorts = 1>
ST_2 : Operation 59 [1/1] (1.95ns)   --->   "%X2pY2 = add i256 %X2pY2_1, i256 93903846365476920201324579263430632764721620265224529695759379821337321144319" [../src/msm.cpp:301]   --->   Operation 59 'add' 'X2pY2' <Predicate = true> <Delay = 1.95> <CoreInst = "Adder">   --->   Core 1 'Adder' <Latency = 0> <II = 1> <Delay = 1.95> <FuncUnit> <Opcode : 'add' 'sub'> <InPorts = 2> <OutPorts = 1>
ST_2 : Operation 60 [1/1] (0.51ns)   --->   "%X2pY2_2 = select i1 %icmp_ln301, i256 %X2pY2, i256 %X2pY2_1" [../src/msm.cpp:301]   --->   Operation 60 'select' 'X2pY2_2' <Predicate = true> <Delay = 0.51> <CoreInst = "Sel">   --->   Core 73 'Sel' <Latency = 0> <II = 1> <Delay = 0.51> <FuncUnit> <Opcode : 'select'> <InPorts = 3> <OutPorts = 1>
ST_2 : Operation 61 [4/5] (2.61ns)   --->   "%mul_ln305 = mul i512 %zext_ln305_1, i512 %zext_ln305" [../src/msm.cpp:305]   --->   Operation 61 'mul' 'mul_ln305' <Predicate = true> <Delay = 2.61> <CoreInst = "Multiplier">   --->   Core 3 'Multiplier' <Latency = 4> <II = 1> <Delay = 2.61> <FuncUnit> <Opcode : 'mul'> <InPorts = 2> <OutPorts = 1>
ST_2 : Operation 62 [4/5] (2.61ns)   --->   "%mul_ln305_1 = mul i256 %X2_read, i256 %X1_read" [../src/msm.cpp:305]   --->   Operation 62 'mul' 'mul_ln305_1' <Predicate = true> <Delay = 2.61> <CoreInst = "Multiplier">   --->   Core 3 'Multiplier' <Latency = 4> <II = 1> <Delay = 2.61> <FuncUnit> <Opcode : 'mul'> <InPorts = 2> <OutPorts = 1>
ST_2 : Operation 63 [4/5] (2.61ns)   --->   "%mul_ln306 = mul i512 %zext_ln306_1, i512 %zext_ln306" [../src/msm.cpp:306]   --->   Operation 63 'mul' 'mul_ln306' <Predicate = true> <Delay = 2.61> <CoreInst = "Multiplier">   --->   Core 3 'Multiplier' <Latency = 4> <II = 1> <Delay = 2.61> <FuncUnit> <Opcode : 'mul'> <InPorts = 2> <OutPorts = 1>
ST_2 : Operation 64 [4/5] (2.61ns)   --->   "%mul_ln306_1 = mul i256 %Y2_read, i256 %Y1_read" [../src/msm.cpp:306]   --->   Operation 64 'mul' 'mul_ln306_1' <Predicate = true> <Delay = 2.61> <CoreInst = "Multiplier">   --->   Core 3 'Multiplier' <Latency = 4> <II = 1> <Delay = 2.61> <FuncUnit> <Opcode : 'mul'> <InPorts = 2> <OutPorts = 1>
ST_2 : Operation 65 [4/5] (2.61ns)   --->   "%mul_ln307 = mul i512 %zext_ln307_1, i512 %zext_ln307" [../src/msm.cpp:307]   --->   Operation 65 'mul' 'mul_ln307' <Predicate = true> <Delay = 2.61> <CoreInst = "Multiplier">   --->   Core 3 'Multiplier' <Latency = 4> <II = 1> <Delay = 2.61> <FuncUnit> <Opcode : 'mul'> <InPorts = 2> <OutPorts = 1>
ST_2 : Operation 66 [4/5] (2.61ns)   --->   "%mul_ln307_1 = mul i256 %Z2_read, i256 %Z1_read" [../src/msm.cpp:307]   --->   Operation 66 'mul' 'mul_ln307_1' <Predicate = true> <Delay = 2.61> <CoreInst = "Multiplier">   --->   Core 3 'Multiplier' <Latency = 4> <II = 1> <Delay = 2.61> <FuncUnit> <Opcode : 'mul'> <InPorts = 2> <OutPorts = 1>
ST_2 : Operation 67 [4/5] (2.61ns)   --->   "%mul_ln308 = mul i512 %zext_ln308_1, i512 %zext_ln308" [../src/msm.cpp:308]   --->   Operation 67 'mul' 'mul_ln308' <Predicate = true> <Delay = 2.61> <CoreInst = "Multiplier">   --->   Core 3 'Multiplier' <Latency = 4> <II = 1> <Delay = 2.61> <FuncUnit> <Opcode : 'mul'> <InPorts = 2> <OutPorts = 1>
ST_2 : Operation 68 [4/5] (2.61ns)   --->   "%mul_ln308_1 = mul i256 %T2_read, i256 %T1_read" [../src/msm.cpp:308]   --->   Operation 68 'mul' 'mul_ln308_1' <Predicate = true> <Delay = 2.61> <CoreInst = "Multiplier">   --->   Core 3 'Multiplier' <Latency = 4> <II = 1> <Delay = 2.61> <FuncUnit> <Opcode : 'mul'> <InPorts = 2> <OutPorts = 1>

State 3 <SV = 2> <Delay = 2.61>
ST_3 : Operation 69 [3/5] (2.61ns)   --->   "%mul_ln305 = mul i512 %zext_ln305_1, i512 %zext_ln305" [../src/msm.cpp:305]   --->   Operation 69 'mul' 'mul_ln305' <Predicate = true> <Delay = 2.61> <CoreInst = "Multiplier">   --->   Core 3 'Multiplier' <Latency = 4> <II = 1> <Delay = 2.61> <FuncUnit> <Opcode : 'mul'> <InPorts = 2> <OutPorts = 1>
ST_3 : Operation 70 [3/5] (2.61ns)   --->   "%mul_ln305_1 = mul i256 %X2_read, i256 %X1_read" [../src/msm.cpp:305]   --->   Operation 70 'mul' 'mul_ln305_1' <Predicate = true> <Delay = 2.61> <CoreInst = "Multiplier">   --->   Core 3 'Multiplier' <Latency = 4> <II = 1> <Delay = 2.61> <FuncUnit> <Opcode : 'mul'> <InPorts = 2> <OutPorts = 1>
ST_3 : Operation 71 [3/5] (2.61ns)   --->   "%mul_ln306 = mul i512 %zext_ln306_1, i512 %zext_ln306" [../src/msm.cpp:306]   --->   Operation 71 'mul' 'mul_ln306' <Predicate = true> <Delay = 2.61> <CoreInst = "Multiplier">   --->   Core 3 'Multiplier' <Latency = 4> <II = 1> <Delay = 2.61> <FuncUnit> <Opcode : 'mul'> <InPorts = 2> <OutPorts = 1>
ST_3 : Operation 72 [3/5] (2.61ns)   --->   "%mul_ln306_1 = mul i256 %Y2_read, i256 %Y1_read" [../src/msm.cpp:306]   --->   Operation 72 'mul' 'mul_ln306_1' <Predicate = true> <Delay = 2.61> <CoreInst = "Multiplier">   --->   Core 3 'Multiplier' <Latency = 4> <II = 1> <Delay = 2.61> <FuncUnit> <Opcode : 'mul'> <InPorts = 2> <OutPorts = 1>
ST_3 : Operation 73 [3/5] (2.61ns)   --->   "%mul_ln307 = mul i512 %zext_ln307_1, i512 %zext_ln307" [../src/msm.cpp:307]   --->   Operation 73 'mul' 'mul_ln307' <Predicate = true> <Delay = 2.61> <CoreInst = "Multiplier">   --->   Core 3 'Multiplier' <Latency = 4> <II = 1> <Delay = 2.61> <FuncUnit> <Opcode : 'mul'> <InPorts = 2> <OutPorts = 1>
ST_3 : Operation 74 [3/5] (2.61ns)   --->   "%mul_ln307_1 = mul i256 %Z2_read, i256 %Z1_read" [../src/msm.cpp:307]   --->   Operation 74 'mul' 'mul_ln307_1' <Predicate = true> <Delay = 2.61> <CoreInst = "Multiplier">   --->   Core 3 'Multiplier' <Latency = 4> <II = 1> <Delay = 2.61> <FuncUnit> <Opcode : 'mul'> <InPorts = 2> <OutPorts = 1>
ST_3 : Operation 75 [3/5] (2.61ns)   --->   "%mul_ln308 = mul i512 %zext_ln308_1, i512 %zext_ln308" [../src/msm.cpp:308]   --->   Operation 75 'mul' 'mul_ln308' <Predicate = true> <Delay = 2.61> <CoreInst = "Multiplier">   --->   Core 3 'Multiplier' <Latency = 4> <II = 1> <Delay = 2.61> <FuncUnit> <Opcode : 'mul'> <InPorts = 2> <OutPorts = 1>
ST_3 : Operation 76 [3/5] (2.61ns)   --->   "%mul_ln308_1 = mul i256 %T2_read, i256 %T1_read" [../src/msm.cpp:308]   --->   Operation 76 'mul' 'mul_ln308_1' <Predicate = true> <Delay = 2.61> <CoreInst = "Multiplier">   --->   Core 3 'Multiplier' <Latency = 4> <II = 1> <Delay = 2.61> <FuncUnit> <Opcode : 'mul'> <InPorts = 2> <OutPorts = 1>
ST_3 : Operation 77 [1/1] (0.00ns)   --->   "%zext_ln311 = zext i256 %X1pY1_2" [../src/msm.cpp:311]   --->   Operation 77 'zext' 'zext_ln311' <Predicate = true> <Delay = 0.00>
ST_3 : Operation 78 [1/1] (0.00ns)   --->   "%zext_ln311_1 = zext i256 %X2pY2_2" [../src/msm.cpp:311]   --->   Operation 78 'zext' 'zext_ln311_1' <Predicate = true> <Delay = 0.00>
ST_3 : Operation 79 [5/5] (2.61ns)   --->   "%mul_ln311 = mul i512 %zext_ln311_1, i512 %zext_ln311" [../src/msm.cpp:311]   --->   Operation 79 'mul' 'mul_ln311' <Predicate = true> <Delay = 2.61> <CoreInst = "Multiplier">   --->   Core 3 'Multiplier' <Latency = 4> <II = 1> <Delay = 2.61> <FuncUnit> <Opcode : 'mul'> <InPorts = 2> <OutPorts = 1>
ST_3 : Operation 80 [5/5] (2.61ns)   --->   "%E_1 = mul i256 %X2pY2_2, i256 %X1pY1_2" [../src/msm.cpp:311]   --->   Operation 80 'mul' 'E_1' <Predicate = true> <Delay = 2.61> <CoreInst = "Multiplier">   --->   Core 3 'Multiplier' <Latency = 4> <II = 1> <Delay = 2.61> <FuncUnit> <Opcode : 'mul'> <InPorts = 2> <OutPorts = 1>

State 4 <SV = 3> <Delay = 2.61>
ST_4 : Operation 81 [2/5] (2.61ns)   --->   "%mul_ln305 = mul i512 %zext_ln305_1, i512 %zext_ln305" [../src/msm.cpp:305]   --->   Operation 81 'mul' 'mul_ln305' <Predicate = true> <Delay = 2.61> <CoreInst = "Multiplier">   --->   Core 3 'Multiplier' <Latency = 4> <II = 1> <Delay = 2.61> <FuncUnit> <Opcode : 'mul'> <InPorts = 2> <OutPorts = 1>
ST_4 : Operation 82 [2/5] (2.61ns)   --->   "%mul_ln305_1 = mul i256 %X2_read, i256 %X1_read" [../src/msm.cpp:305]   --->   Operation 82 'mul' 'mul_ln305_1' <Predicate = true> <Delay = 2.61> <CoreInst = "Multiplier">   --->   Core 3 'Multiplier' <Latency = 4> <II = 1> <Delay = 2.61> <FuncUnit> <Opcode : 'mul'> <InPorts = 2> <OutPorts = 1>
ST_4 : Operation 83 [2/5] (2.61ns)   --->   "%mul_ln306 = mul i512 %zext_ln306_1, i512 %zext_ln306" [../src/msm.cpp:306]   --->   Operation 83 'mul' 'mul_ln306' <Predicate = true> <Delay = 2.61> <CoreInst = "Multiplier">   --->   Core 3 'Multiplier' <Latency = 4> <II = 1> <Delay = 2.61> <FuncUnit> <Opcode : 'mul'> <InPorts = 2> <OutPorts = 1>
ST_4 : Operation 84 [2/5] (2.61ns)   --->   "%mul_ln306_1 = mul i256 %Y2_read, i256 %Y1_read" [../src/msm.cpp:306]   --->   Operation 84 'mul' 'mul_ln306_1' <Predicate = true> <Delay = 2.61> <CoreInst = "Multiplier">   --->   Core 3 'Multiplier' <Latency = 4> <II = 1> <Delay = 2.61> <FuncUnit> <Opcode : 'mul'> <InPorts = 2> <OutPorts = 1>
ST_4 : Operation 85 [2/5] (2.61ns)   --->   "%mul_ln307 = mul i512 %zext_ln307_1, i512 %zext_ln307" [../src/msm.cpp:307]   --->   Operation 85 'mul' 'mul_ln307' <Predicate = true> <Delay = 2.61> <CoreInst = "Multiplier">   --->   Core 3 'Multiplier' <Latency = 4> <II = 1> <Delay = 2.61> <FuncUnit> <Opcode : 'mul'> <InPorts = 2> <OutPorts = 1>
ST_4 : Operation 86 [2/5] (2.61ns)   --->   "%mul_ln307_1 = mul i256 %Z2_read, i256 %Z1_read" [../src/msm.cpp:307]   --->   Operation 86 'mul' 'mul_ln307_1' <Predicate = true> <Delay = 2.61> <CoreInst = "Multiplier">   --->   Core 3 'Multiplier' <Latency = 4> <II = 1> <Delay = 2.61> <FuncUnit> <Opcode : 'mul'> <InPorts = 2> <OutPorts = 1>
ST_4 : Operation 87 [2/5] (2.61ns)   --->   "%mul_ln308 = mul i512 %zext_ln308_1, i512 %zext_ln308" [../src/msm.cpp:308]   --->   Operation 87 'mul' 'mul_ln308' <Predicate = true> <Delay = 2.61> <CoreInst = "Multiplier">   --->   Core 3 'Multiplier' <Latency = 4> <II = 1> <Delay = 2.61> <FuncUnit> <Opcode : 'mul'> <InPorts = 2> <OutPorts = 1>
ST_4 : Operation 88 [2/5] (2.61ns)   --->   "%mul_ln308_1 = mul i256 %T2_read, i256 %T1_read" [../src/msm.cpp:308]   --->   Operation 88 'mul' 'mul_ln308_1' <Predicate = true> <Delay = 2.61> <CoreInst = "Multiplier">   --->   Core 3 'Multiplier' <Latency = 4> <II = 1> <Delay = 2.61> <FuncUnit> <Opcode : 'mul'> <InPorts = 2> <OutPorts = 1>
ST_4 : Operation 89 [4/5] (2.61ns)   --->   "%mul_ln311 = mul i512 %zext_ln311_1, i512 %zext_ln311" [../src/msm.cpp:311]   --->   Operation 89 'mul' 'mul_ln311' <Predicate = true> <Delay = 2.61> <CoreInst = "Multiplier">   --->   Core 3 'Multiplier' <Latency = 4> <II = 1> <Delay = 2.61> <FuncUnit> <Opcode : 'mul'> <InPorts = 2> <OutPorts = 1>
ST_4 : Operation 90 [4/5] (2.61ns)   --->   "%E_1 = mul i256 %X2pY2_2, i256 %X1pY1_2" [../src/msm.cpp:311]   --->   Operation 90 'mul' 'E_1' <Predicate = true> <Delay = 2.61> <CoreInst = "Multiplier">   --->   Core 3 'Multiplier' <Latency = 4> <II = 1> <Delay = 2.61> <FuncUnit> <Opcode : 'mul'> <InPorts = 2> <OutPorts = 1>

State 5 <SV = 4> <Delay = 2.61>
ST_5 : Operation 91 [1/5] (2.61ns)   --->   "%mul_ln305 = mul i512 %zext_ln305_1, i512 %zext_ln305" [../src/msm.cpp:305]   --->   Operation 91 'mul' 'mul_ln305' <Predicate = true> <Delay = 2.61> <CoreInst = "Multiplier">   --->   Core 3 'Multiplier' <Latency = 4> <II = 1> <Delay = 2.61> <FuncUnit> <Opcode : 'mul'> <InPorts = 2> <OutPorts = 1>
ST_5 : Operation 92 [1/5] (2.61ns)   --->   "%mul_ln305_1 = mul i256 %X2_read, i256 %X1_read" [../src/msm.cpp:305]   --->   Operation 92 'mul' 'mul_ln305_1' <Predicate = true> <Delay = 2.61> <CoreInst = "Multiplier">   --->   Core 3 'Multiplier' <Latency = 4> <II = 1> <Delay = 2.61> <FuncUnit> <Opcode : 'mul'> <InPorts = 2> <OutPorts = 1>
ST_5 : Operation 93 [1/5] (2.61ns)   --->   "%mul_ln306 = mul i512 %zext_ln306_1, i512 %zext_ln306" [../src/msm.cpp:306]   --->   Operation 93 'mul' 'mul_ln306' <Predicate = true> <Delay = 2.61> <CoreInst = "Multiplier">   --->   Core 3 'Multiplier' <Latency = 4> <II = 1> <Delay = 2.61> <FuncUnit> <Opcode : 'mul'> <InPorts = 2> <OutPorts = 1>
ST_5 : Operation 94 [1/5] (2.61ns)   --->   "%mul_ln306_1 = mul i256 %Y2_read, i256 %Y1_read" [../src/msm.cpp:306]   --->   Operation 94 'mul' 'mul_ln306_1' <Predicate = true> <Delay = 2.61> <CoreInst = "Multiplier">   --->   Core 3 'Multiplier' <Latency = 4> <II = 1> <Delay = 2.61> <FuncUnit> <Opcode : 'mul'> <InPorts = 2> <OutPorts = 1>
ST_5 : Operation 95 [1/5] (2.61ns)   --->   "%mul_ln307 = mul i512 %zext_ln307_1, i512 %zext_ln307" [../src/msm.cpp:307]   --->   Operation 95 'mul' 'mul_ln307' <Predicate = true> <Delay = 2.61> <CoreInst = "Multiplier">   --->   Core 3 'Multiplier' <Latency = 4> <II = 1> <Delay = 2.61> <FuncUnit> <Opcode : 'mul'> <InPorts = 2> <OutPorts = 1>
ST_5 : Operation 96 [1/5] (2.61ns)   --->   "%mul_ln307_1 = mul i256 %Z2_read, i256 %Z1_read" [../src/msm.cpp:307]   --->   Operation 96 'mul' 'mul_ln307_1' <Predicate = true> <Delay = 2.61> <CoreInst = "Multiplier">   --->   Core 3 'Multiplier' <Latency = 4> <II = 1> <Delay = 2.61> <FuncUnit> <Opcode : 'mul'> <InPorts = 2> <OutPorts = 1>
ST_5 : Operation 97 [1/5] (2.61ns)   --->   "%mul_ln308 = mul i512 %zext_ln308_1, i512 %zext_ln308" [../src/msm.cpp:308]   --->   Operation 97 'mul' 'mul_ln308' <Predicate = true> <Delay = 2.61> <CoreInst = "Multiplier">   --->   Core 3 'Multiplier' <Latency = 4> <II = 1> <Delay = 2.61> <FuncUnit> <Opcode : 'mul'> <InPorts = 2> <OutPorts = 1>
ST_5 : Operation 98 [1/5] (2.61ns)   --->   "%mul_ln308_1 = mul i256 %T2_read, i256 %T1_read" [../src/msm.cpp:308]   --->   Operation 98 'mul' 'mul_ln308_1' <Predicate = true> <Delay = 2.61> <CoreInst = "Multiplier">   --->   Core 3 'Multiplier' <Latency = 4> <II = 1> <Delay = 2.61> <FuncUnit> <Opcode : 'mul'> <InPorts = 2> <OutPorts = 1>
ST_5 : Operation 99 [3/5] (2.61ns)   --->   "%mul_ln311 = mul i512 %zext_ln311_1, i512 %zext_ln311" [../src/msm.cpp:311]   --->   Operation 99 'mul' 'mul_ln311' <Predicate = true> <Delay = 2.61> <CoreInst = "Multiplier">   --->   Core 3 'Multiplier' <Latency = 4> <II = 1> <Delay = 2.61> <FuncUnit> <Opcode : 'mul'> <InPorts = 2> <OutPorts = 1>
ST_5 : Operation 100 [3/5] (2.61ns)   --->   "%E_1 = mul i256 %X2pY2_2, i256 %X1pY1_2" [../src/msm.cpp:311]   --->   Operation 100 'mul' 'E_1' <Predicate = true> <Delay = 2.61> <CoreInst = "Multiplier">   --->   Core 3 'Multiplier' <Latency = 4> <II = 1> <Delay = 2.61> <FuncUnit> <Opcode : 'mul'> <InPorts = 2> <OutPorts = 1>

State 6 <SV = 5> <Delay = 2.85>
ST_6 : Operation 101 [1/1] (2.85ns)   --->   "%icmp_ln305 = icmp_ugt  i512 %mul_ln305, i512 21888242871839275222246405745257275088548364400416034343698204186575808495616" [../src/msm.cpp:305]   --->   Operation 101 'icmp' 'icmp_ln305' <Predicate = true> <Delay = 2.85> <CoreInst = "Cmp">   --->   Core 9 'Cmp' <Latency = 0> <II = 1> <Delay = 2.85> <FuncUnit> <Opcode : 'seteq' 'setne' 'setle' 'setge' 'setlt' 'setgt'> <InPorts = 2> <OutPorts = 1>
ST_6 : Operation 102 [1/1] (2.85ns)   --->   "%icmp_ln306 = icmp_ugt  i512 %mul_ln306, i512 21888242871839275222246405745257275088548364400416034343698204186575808495616" [../src/msm.cpp:306]   --->   Operation 102 'icmp' 'icmp_ln306' <Predicate = true> <Delay = 2.85> <CoreInst = "Cmp">   --->   Core 9 'Cmp' <Latency = 0> <II = 1> <Delay = 2.85> <FuncUnit> <Opcode : 'seteq' 'setne' 'setle' 'setge' 'setlt' 'setgt'> <InPorts = 2> <OutPorts = 1>
ST_6 : Operation 103 [1/1] (2.85ns)   --->   "%icmp_ln307 = icmp_ugt  i512 %mul_ln307, i512 21888242871839275222246405745257275088548364400416034343698204186575808495616" [../src/msm.cpp:307]   --->   Operation 103 'icmp' 'icmp_ln307' <Predicate = true> <Delay = 2.85> <CoreInst = "Cmp">   --->   Core 9 'Cmp' <Latency = 0> <II = 1> <Delay = 2.85> <FuncUnit> <Opcode : 'seteq' 'setne' 'setle' 'setge' 'setlt' 'setgt'> <InPorts = 2> <OutPorts = 1>
ST_6 : Operation 104 [1/1] (2.85ns)   --->   "%icmp_ln308 = icmp_ugt  i512 %mul_ln308, i512 21888242871839275222246405745257275088548364400416034343698204186575808495616" [../src/msm.cpp:308]   --->   Operation 104 'icmp' 'icmp_ln308' <Predicate = true> <Delay = 2.85> <CoreInst = "Cmp">   --->   Core 9 'Cmp' <Latency = 0> <II = 1> <Delay = 2.85> <FuncUnit> <Opcode : 'seteq' 'setne' 'setle' 'setge' 'setlt' 'setgt'> <InPorts = 2> <OutPorts = 1>
ST_6 : Operation 105 [2/5] (2.61ns)   --->   "%mul_ln311 = mul i512 %zext_ln311_1, i512 %zext_ln311" [../src/msm.cpp:311]   --->   Operation 105 'mul' 'mul_ln311' <Predicate = true> <Delay = 2.61> <CoreInst = "Multiplier">   --->   Core 3 'Multiplier' <Latency = 4> <II = 1> <Delay = 2.61> <FuncUnit> <Opcode : 'mul'> <InPorts = 2> <OutPorts = 1>
ST_6 : Operation 106 [2/5] (2.61ns)   --->   "%E_1 = mul i256 %X2pY2_2, i256 %X1pY1_2" [../src/msm.cpp:311]   --->   Operation 106 'mul' 'E_1' <Predicate = true> <Delay = 2.61> <CoreInst = "Multiplier">   --->   Core 3 'Multiplier' <Latency = 4> <II = 1> <Delay = 2.61> <FuncUnit> <Opcode : 'mul'> <InPorts = 2> <OutPorts = 1>

State 7 <SV = 6> <Delay = 2.61>
ST_7 : Operation 107 [1/1] (1.95ns)   --->   "%add_ln305 = add i256 %mul_ln305_1, i256 93903846365476920201324579263430632764721620265224529695759379821337321144319" [../src/msm.cpp:305]   --->   Operation 107 'add' 'add_ln305' <Predicate = (icmp_ln305)> <Delay = 1.95> <CoreInst = "Adder">   --->   Core 1 'Adder' <Latency = 0> <II = 1> <Delay = 1.95> <FuncUnit> <Opcode : 'add' 'sub'> <InPorts = 2> <OutPorts = 1>
ST_7 : Operation 108 [1/1] (0.51ns)   --->   "%A = select i1 %icmp_ln305, i256 %add_ln305, i256 %mul_ln305_1" [../src/msm.cpp:305]   --->   Operation 108 'select' 'A' <Predicate = true> <Delay = 0.51> <CoreInst = "Sel">   --->   Core 73 'Sel' <Latency = 0> <II = 1> <Delay = 0.51> <FuncUnit> <Opcode : 'select'> <InPorts = 3> <OutPorts = 1>
ST_7 : Operation 109 [1/1] (1.95ns)   --->   "%add_ln306 = add i256 %mul_ln306_1, i256 93903846365476920201324579263430632764721620265224529695759379821337321144319" [../src/msm.cpp:306]   --->   Operation 109 'add' 'add_ln306' <Predicate = (icmp_ln306)> <Delay = 1.95> <CoreInst = "Adder">   --->   Core 1 'Adder' <Latency = 0> <II = 1> <Delay = 1.95> <FuncUnit> <Opcode : 'add' 'sub'> <InPorts = 2> <OutPorts = 1>
ST_7 : Operation 110 [1/1] (0.51ns)   --->   "%B = select i1 %icmp_ln306, i256 %add_ln306, i256 %mul_ln306_1" [../src/msm.cpp:306]   --->   Operation 110 'select' 'B' <Predicate = true> <Delay = 0.51> <CoreInst = "Sel">   --->   Core 73 'Sel' <Latency = 0> <II = 1> <Delay = 0.51> <FuncUnit> <Opcode : 'select'> <InPorts = 3> <OutPorts = 1>
ST_7 : Operation 111 [1/1] (1.95ns)   --->   "%add_ln307 = add i256 %mul_ln307_1, i256 93903846365476920201324579263430632764721620265224529695759379821337321144319" [../src/msm.cpp:307]   --->   Operation 111 'add' 'add_ln307' <Predicate = (icmp_ln307)> <Delay = 1.95> <CoreInst = "Adder">   --->   Core 1 'Adder' <Latency = 0> <II = 1> <Delay = 1.95> <FuncUnit> <Opcode : 'add' 'sub'> <InPorts = 2> <OutPorts = 1>
ST_7 : Operation 112 [1/1] (0.51ns)   --->   "%C = select i1 %icmp_ln307, i256 %add_ln307, i256 %mul_ln307_1" [../src/msm.cpp:307]   --->   Operation 112 'select' 'C' <Predicate = true> <Delay = 0.51> <CoreInst = "Sel">   --->   Core 73 'Sel' <Latency = 0> <II = 1> <Delay = 0.51> <FuncUnit> <Opcode : 'select'> <InPorts = 3> <OutPorts = 1>
ST_7 : Operation 113 [1/1] (1.95ns)   --->   "%add_ln308 = add i256 %mul_ln308_1, i256 93903846365476920201324579263430632764721620265224529695759379821337321144319" [../src/msm.cpp:308]   --->   Operation 113 'add' 'add_ln308' <Predicate = (icmp_ln308)> <Delay = 1.95> <CoreInst = "Adder">   --->   Core 1 'Adder' <Latency = 0> <II = 1> <Delay = 1.95> <FuncUnit> <Opcode : 'add' 'sub'> <InPorts = 2> <OutPorts = 1>
ST_7 : Operation 114 [1/1] (0.51ns)   --->   "%T1T2 = select i1 %icmp_ln308, i256 %add_ln308, i256 %mul_ln308_1" [../src/msm.cpp:308]   --->   Operation 114 'select' 'T1T2' <Predicate = true> <Delay = 0.51> <CoreInst = "Sel">   --->   Core 73 'Sel' <Latency = 0> <II = 1> <Delay = 0.51> <FuncUnit> <Opcode : 'select'> <InPorts = 3> <OutPorts = 1>
ST_7 : Operation 115 [1/5] (2.61ns)   --->   "%mul_ln311 = mul i512 %zext_ln311_1, i512 %zext_ln311" [../src/msm.cpp:311]   --->   Operation 115 'mul' 'mul_ln311' <Predicate = true> <Delay = 2.61> <CoreInst = "Multiplier">   --->   Core 3 'Multiplier' <Latency = 4> <II = 1> <Delay = 2.61> <FuncUnit> <Opcode : 'mul'> <InPorts = 2> <OutPorts = 1>
ST_7 : Operation 116 [1/5] (2.61ns)   --->   "%E_1 = mul i256 %X2pY2_2, i256 %X1pY1_2" [../src/msm.cpp:311]   --->   Operation 116 'mul' 'E_1' <Predicate = true> <Delay = 2.61> <CoreInst = "Multiplier">   --->   Core 3 'Multiplier' <Latency = 4> <II = 1> <Delay = 2.61> <FuncUnit> <Opcode : 'mul'> <InPorts = 2> <OutPorts = 1>

State 8 <SV = 7> <Delay = 2.85>
ST_8 : Operation 117 [1/1] (0.00ns)   --->   "%zext_ln309 = zext i256 %T1T2" [../src/msm.cpp:309]   --->   Operation 117 'zext' 'zext_ln309' <Predicate = true> <Delay = 0.00>
ST_8 : Operation 118 [5/5] (2.61ns)   --->   "%mul_ln309 = mul i509 %zext_ln309, i509 9706598848417545097372247223557719406784115219466060233080913168975159366771" [../src/msm.cpp:309]   --->   Operation 118 'mul' 'mul_ln309' <Predicate = true> <Delay = 2.61> <CoreInst = "Multiplier">   --->   Core 3 'Multiplier' <Latency = 4> <II = 1> <Delay = 2.61> <FuncUnit> <Opcode : 'mul'> <InPorts = 2> <OutPorts = 1>
ST_8 : Operation 119 [5/5] (2.61ns)   --->   "%mul_ln309_1 = mul i256 %T1T2, i256 9706598848417545097372247223557719406784115219466060233080913168975159366771" [../src/msm.cpp:309]   --->   Operation 119 'mul' 'mul_ln309_1' <Predicate = true> <Delay = 2.61> <CoreInst = "Multiplier">   --->   Core 3 'Multiplier' <Latency = 4> <II = 1> <Delay = 2.61> <FuncUnit> <Opcode : 'mul'> <InPorts = 2> <OutPorts = 1>
ST_8 : Operation 120 [1/1] (2.85ns)   --->   "%icmp_ln311 = icmp_ugt  i512 %mul_ln311, i512 21888242871839275222246405745257275088548364400416034343698204186575808495616" [../src/msm.cpp:311]   --->   Operation 120 'icmp' 'icmp_ln311' <Predicate = true> <Delay = 2.85> <CoreInst = "Cmp">   --->   Core 9 'Cmp' <Latency = 0> <II = 1> <Delay = 2.85> <FuncUnit> <Opcode : 'seteq' 'setne' 'setle' 'setge' 'setlt' 'setgt'> <InPorts = 2> <OutPorts = 1>
ST_8 : Operation 121 [1/1] (1.95ns)   --->   "%E = add i256 %E_1, i256 93903846365476920201324579263430632764721620265224529695759379821337321144319" [../src/msm.cpp:311]   --->   Operation 121 'add' 'E' <Predicate = true> <Delay = 1.95> <CoreInst = "Adder">   --->   Core 1 'Adder' <Latency = 0> <II = 1> <Delay = 1.95> <FuncUnit> <Opcode : 'add' 'sub'> <InPorts = 2> <OutPorts = 1>
ST_8 : Operation 122 [1/1] (1.95ns)   --->   "%icmp_ln314 = icmp_ult  i256 %B, i256 %A" [../src/msm.cpp:314]   --->   Operation 122 'icmp' 'icmp_ln314' <Predicate = true> <Delay = 1.95> <CoreInst = "Cmp">   --->   Core 9 'Cmp' <Latency = 0> <II = 1> <Delay = 1.95> <FuncUnit> <Opcode : 'seteq' 'setne' 'setle' 'setge' 'setlt' 'setgt'> <InPorts = 2> <OutPorts = 1>
ST_8 : Operation 123 [1/1] (1.95ns)   --->   "%H = sub i256 %B, i256 %A" [../src/msm.cpp:314]   --->   Operation 123 'sub' 'H' <Predicate = true> <Delay = 1.95> <CoreInst = "Adder">   --->   Core 1 'Adder' <Latency = 0> <II = 1> <Delay = 1.95> <FuncUnit> <Opcode : 'add' 'sub'> <InPorts = 2> <OutPorts = 1>
ST_8 : Operation 124 [1/1] (1.95ns)   --->   "%AplusB = add i256 %B, i256 %A" [../src/msm.cpp:316]   --->   Operation 124 'add' 'AplusB' <Predicate = true> <Delay = 1.95> <CoreInst = "Adder">   --->   Core 1 'Adder' <Latency = 0> <II = 1> <Delay = 1.95> <FuncUnit> <Opcode : 'add' 'sub'> <InPorts = 2> <OutPorts = 1>

State 9 <SV = 8> <Delay = 2.61>
ST_9 : Operation 125 [4/5] (2.61ns)   --->   "%mul_ln309 = mul i509 %zext_ln309, i509 9706598848417545097372247223557719406784115219466060233080913168975159366771" [../src/msm.cpp:309]   --->   Operation 125 'mul' 'mul_ln309' <Predicate = true> <Delay = 2.61> <CoreInst = "Multiplier">   --->   Core 3 'Multiplier' <Latency = 4> <II = 1> <Delay = 2.61> <FuncUnit> <Opcode : 'mul'> <InPorts = 2> <OutPorts = 1>
ST_9 : Operation 126 [4/5] (2.61ns)   --->   "%mul_ln309_1 = mul i256 %T1T2, i256 9706598848417545097372247223557719406784115219466060233080913168975159366771" [../src/msm.cpp:309]   --->   Operation 126 'mul' 'mul_ln309_1' <Predicate = true> <Delay = 2.61> <CoreInst = "Multiplier">   --->   Core 3 'Multiplier' <Latency = 4> <II = 1> <Delay = 2.61> <FuncUnit> <Opcode : 'mul'> <InPorts = 2> <OutPorts = 1>
ST_9 : Operation 127 [1/1] (0.51ns)   --->   "%E_2 = select i1 %icmp_ln311, i256 %E, i256 %E_1" [../src/msm.cpp:311]   --->   Operation 127 'select' 'E_2' <Predicate = true> <Delay = 0.51> <CoreInst = "Sel">   --->   Core 73 'Sel' <Latency = 0> <II = 1> <Delay = 0.51> <FuncUnit> <Opcode : 'select'> <InPorts = 3> <OutPorts = 1>
ST_9 : Operation 128 [1/1] (0.00ns) (grouped into LUT with out node H_2)   --->   "%xor_ln314 = xor i1 %icmp_ln314, i1 1" [../src/msm.cpp:314]   --->   Operation 128 'xor' 'xor_ln314' <Predicate = true> <Delay = 0.00> <CoreInst = "LogicGate">   --->   Core 74 'LogicGate' <Latency = 0> <II = 1> <Delay = 0.28> <FuncUnit> <Opcode : 'and' 'or' 'xor'> <InPorts = 2> <OutPorts = 1>
ST_9 : Operation 129 [1/1] (1.95ns)   --->   "%H_1 = add i256 %H, i256 21888242871839275222246405745257275088548364400416034343698204186575808495617" [../src/msm.cpp:314]   --->   Operation 129 'add' 'H_1' <Predicate = true> <Delay = 1.95> <CoreInst = "Adder">   --->   Core 1 'Adder' <Latency = 0> <II = 1> <Delay = 1.95> <FuncUnit> <Opcode : 'add' 'sub'> <InPorts = 2> <OutPorts = 1>
ST_9 : Operation 130 [1/1] (0.51ns) (out node of the LUT)   --->   "%H_2 = select i1 %xor_ln314, i256 %H, i256 %H_1" [../src/msm.cpp:314]   --->   Operation 130 'select' 'H_2' <Predicate = true> <Delay = 0.51> <CoreInst = "Sel">   --->   Core 73 'Sel' <Latency = 0> <II = 1> <Delay = 0.51> <FuncUnit> <Opcode : 'select'> <InPorts = 3> <OutPorts = 1>
ST_9 : Operation 131 [1/1] (1.95ns)   --->   "%icmp_ln317 = icmp_ult  i256 %E_2, i256 %AplusB" [../src/msm.cpp:317]   --->   Operation 131 'icmp' 'icmp_ln317' <Predicate = true> <Delay = 1.95> <CoreInst = "Cmp">   --->   Core 9 'Cmp' <Latency = 0> <II = 1> <Delay = 1.95> <FuncUnit> <Opcode : 'seteq' 'setne' 'setle' 'setge' 'setlt' 'setgt'> <InPorts = 2> <OutPorts = 1>
ST_9 : Operation 132 [1/1] (1.95ns)   --->   "%E_minus_AplusB = sub i256 %E_2, i256 %AplusB" [../src/msm.cpp:318]   --->   Operation 132 'sub' 'E_minus_AplusB' <Predicate = true> <Delay = 1.95> <CoreInst = "Adder">   --->   Core 1 'Adder' <Latency = 0> <II = 1> <Delay = 1.95> <FuncUnit> <Opcode : 'add' 'sub'> <InPorts = 2> <OutPorts = 1>

State 10 <SV = 9> <Delay = 2.61>
ST_10 : Operation 133 [3/5] (2.61ns)   --->   "%mul_ln309 = mul i509 %zext_ln309, i509 9706598848417545097372247223557719406784115219466060233080913168975159366771" [../src/msm.cpp:309]   --->   Operation 133 'mul' 'mul_ln309' <Predicate = true> <Delay = 2.61> <CoreInst = "Multiplier">   --->   Core 3 'Multiplier' <Latency = 4> <II = 1> <Delay = 2.61> <FuncUnit> <Opcode : 'mul'> <InPorts = 2> <OutPorts = 1>
ST_10 : Operation 134 [3/5] (2.61ns)   --->   "%mul_ln309_1 = mul i256 %T1T2, i256 9706598848417545097372247223557719406784115219466060233080913168975159366771" [../src/msm.cpp:309]   --->   Operation 134 'mul' 'mul_ln309_1' <Predicate = true> <Delay = 2.61> <CoreInst = "Multiplier">   --->   Core 3 'Multiplier' <Latency = 4> <II = 1> <Delay = 2.61> <FuncUnit> <Opcode : 'mul'> <InPorts = 2> <OutPorts = 1>
ST_10 : Operation 135 [1/1] (0.00ns) (grouped into LUT with out node E_minus_AplusB_2)   --->   "%E_geq_AplusB = xor i1 %icmp_ln317, i1 1" [../src/msm.cpp:317]   --->   Operation 135 'xor' 'E_geq_AplusB' <Predicate = true> <Delay = 0.00> <CoreInst = "LogicGate">   --->   Core 74 'LogicGate' <Latency = 0> <II = 1> <Delay = 0.28> <FuncUnit> <Opcode : 'and' 'or' 'xor'> <InPorts = 2> <OutPorts = 1>
ST_10 : Operation 136 [1/1] (1.95ns)   --->   "%E_minus_AplusB_1 = add i256 %E_minus_AplusB, i256 43776485743678550444492811490514550177096728800832068687396408373151616991234" [../src/msm.cpp:318]   --->   Operation 136 'add' 'E_minus_AplusB_1' <Predicate = true> <Delay = 1.95> <CoreInst = "Adder">   --->   Core 1 'Adder' <Latency = 0> <II = 1> <Delay = 1.95> <FuncUnit> <Opcode : 'add' 'sub'> <InPorts = 2> <OutPorts = 1>
ST_10 : Operation 137 [1/1] (0.51ns) (out node of the LUT)   --->   "%E_minus_AplusB_2 = select i1 %E_geq_AplusB, i256 %E_minus_AplusB, i256 %E_minus_AplusB_1" [../src/msm.cpp:318]   --->   Operation 137 'select' 'E_minus_AplusB_2' <Predicate = true> <Delay = 0.51> <CoreInst = "Sel">   --->   Core 73 'Sel' <Latency = 0> <II = 1> <Delay = 0.51> <FuncUnit> <Opcode : 'select'> <InPorts = 3> <OutPorts = 1>

State 11 <SV = 10> <Delay = 2.61>
ST_11 : Operation 138 [2/5] (2.61ns)   --->   "%mul_ln309 = mul i509 %zext_ln309, i509 9706598848417545097372247223557719406784115219466060233080913168975159366771" [../src/msm.cpp:309]   --->   Operation 138 'mul' 'mul_ln309' <Predicate = true> <Delay = 2.61> <CoreInst = "Multiplier">   --->   Core 3 'Multiplier' <Latency = 4> <II = 1> <Delay = 2.61> <FuncUnit> <Opcode : 'mul'> <InPorts = 2> <OutPorts = 1>
ST_11 : Operation 139 [2/5] (2.61ns)   --->   "%mul_ln309_1 = mul i256 %T1T2, i256 9706598848417545097372247223557719406784115219466060233080913168975159366771" [../src/msm.cpp:309]   --->   Operation 139 'mul' 'mul_ln309_1' <Predicate = true> <Delay = 2.61> <CoreInst = "Multiplier">   --->   Core 3 'Multiplier' <Latency = 4> <II = 1> <Delay = 2.61> <FuncUnit> <Opcode : 'mul'> <InPorts = 2> <OutPorts = 1>

State 12 <SV = 11> <Delay = 2.61>
ST_12 : Operation 140 [1/5] (2.61ns)   --->   "%mul_ln309 = mul i509 %zext_ln309, i509 9706598848417545097372247223557719406784115219466060233080913168975159366771" [../src/msm.cpp:309]   --->   Operation 140 'mul' 'mul_ln309' <Predicate = true> <Delay = 2.61> <CoreInst = "Multiplier">   --->   Core 3 'Multiplier' <Latency = 4> <II = 1> <Delay = 2.61> <FuncUnit> <Opcode : 'mul'> <InPorts = 2> <OutPorts = 1>
ST_12 : Operation 141 [1/5] (2.61ns)   --->   "%mul_ln309_1 = mul i256 %T1T2, i256 9706598848417545097372247223557719406784115219466060233080913168975159366771" [../src/msm.cpp:309]   --->   Operation 141 'mul' 'mul_ln309_1' <Predicate = true> <Delay = 2.61> <CoreInst = "Multiplier">   --->   Core 3 'Multiplier' <Latency = 4> <II = 1> <Delay = 2.61> <FuncUnit> <Opcode : 'mul'> <InPorts = 2> <OutPorts = 1>

State 13 <SV = 12> <Delay = 2.83>
ST_13 : Operation 142 [1/1] (2.83ns)   --->   "%icmp_ln309 = icmp_ugt  i509 %mul_ln309, i509 21888242871839275222246405745257275088548364400416034343698204186575808495616" [../src/msm.cpp:309]   --->   Operation 142 'icmp' 'icmp_ln309' <Predicate = true> <Delay = 2.83> <CoreInst = "Cmp">   --->   Core 9 'Cmp' <Latency = 0> <II = 1> <Delay = 2.83> <FuncUnit> <Opcode : 'seteq' 'setne' 'setle' 'setge' 'setlt' 'setgt'> <InPorts = 2> <OutPorts = 1>
ST_13 : Operation 143 [1/1] (1.95ns)   --->   "%add_ln309 = add i256 %mul_ln309_1, i256 93903846365476920201324579263430632764721620265224529695759379821337321144319" [../src/msm.cpp:309]   --->   Operation 143 'add' 'add_ln309' <Predicate = true> <Delay = 1.95> <CoreInst = "Adder">   --->   Core 1 'Adder' <Latency = 0> <II = 1> <Delay = 1.95> <FuncUnit> <Opcode : 'add' 'sub'> <InPorts = 2> <OutPorts = 1>

State 14 <SV = 13> <Delay = 2.46>
ST_14 : Operation 144 [1/1] (0.51ns)   --->   "%D = select i1 %icmp_ln309, i256 %add_ln309, i256 %mul_ln309_1" [../src/msm.cpp:309]   --->   Operation 144 'select' 'D' <Predicate = true> <Delay = 0.51> <CoreInst = "Sel">   --->   Core 73 'Sel' <Latency = 0> <II = 1> <Delay = 0.51> <FuncUnit> <Opcode : 'select'> <InPorts = 3> <OutPorts = 1>
ST_14 : Operation 145 [1/1] (1.95ns)   --->   "%icmp_ln312 = icmp_ult  i256 %C, i256 %D" [../src/msm.cpp:312]   --->   Operation 145 'icmp' 'icmp_ln312' <Predicate = true> <Delay = 1.95> <CoreInst = "Cmp">   --->   Core 9 'Cmp' <Latency = 0> <II = 1> <Delay = 1.95> <FuncUnit> <Opcode : 'seteq' 'setne' 'setle' 'setge' 'setlt' 'setgt'> <InPorts = 2> <OutPorts = 1>
ST_14 : Operation 146 [1/1] (1.95ns)   --->   "%F = sub i256 %C, i256 %D" [../src/msm.cpp:312]   --->   Operation 146 'sub' 'F' <Predicate = true> <Delay = 1.95> <CoreInst = "Adder">   --->   Core 1 'Adder' <Latency = 0> <II = 1> <Delay = 1.95> <FuncUnit> <Opcode : 'add' 'sub'> <InPorts = 2> <OutPorts = 1>
ST_14 : Operation 147 [1/1] (0.00ns)   --->   "%zext_ln313 = zext i256 %C" [../src/msm.cpp:313]   --->   Operation 147 'zext' 'zext_ln313' <Predicate = true> <Delay = 0.00>
ST_14 : Operation 148 [1/1] (0.00ns)   --->   "%zext_ln313_1 = zext i256 %D" [../src/msm.cpp:313]   --->   Operation 148 'zext' 'zext_ln313_1' <Predicate = true> <Delay = 0.00>
ST_14 : Operation 149 [1/1] (1.95ns)   --->   "%add_ln313 = add i257 %zext_ln313_1, i257 %zext_ln313" [../src/msm.cpp:313]   --->   Operation 149 'add' 'add_ln313' <Predicate = true> <Delay = 1.95> <CoreInst = "Adder">   --->   Core 1 'Adder' <Latency = 0> <II = 1> <Delay = 1.95> <FuncUnit> <Opcode : 'add' 'sub'> <InPorts = 2> <OutPorts = 1>
ST_14 : Operation 150 [1/1] (1.95ns)   --->   "%G_1 = add i256 %D, i256 %C" [../src/msm.cpp:313]   --->   Operation 150 'add' 'G_1' <Predicate = true> <Delay = 1.95> <CoreInst = "Adder">   --->   Core 1 'Adder' <Latency = 0> <II = 1> <Delay = 1.95> <FuncUnit> <Opcode : 'add' 'sub'> <InPorts = 2> <OutPorts = 1>

State 15 <SV = 14> <Delay = 2.46>
ST_15 : Operation 151 [1/1] (0.00ns) (grouped into LUT with out node F_2)   --->   "%xor_ln312 = xor i1 %icmp_ln312, i1 1" [../src/msm.cpp:312]   --->   Operation 151 'xor' 'xor_ln312' <Predicate = true> <Delay = 0.00> <CoreInst = "LogicGate">   --->   Core 74 'LogicGate' <Latency = 0> <II = 1> <Delay = 0.28> <FuncUnit> <Opcode : 'and' 'or' 'xor'> <InPorts = 2> <OutPorts = 1>
ST_15 : Operation 152 [1/1] (1.95ns)   --->   "%F_1 = add i256 %F, i256 21888242871839275222246405745257275088548364400416034343698204186575808495617" [../src/msm.cpp:312]   --->   Operation 152 'add' 'F_1' <Predicate = true> <Delay = 1.95> <CoreInst = "Adder">   --->   Core 1 'Adder' <Latency = 0> <II = 1> <Delay = 1.95> <FuncUnit> <Opcode : 'add' 'sub'> <InPorts = 2> <OutPorts = 1>
ST_15 : Operation 153 [1/1] (0.51ns) (out node of the LUT)   --->   "%F_2 = select i1 %xor_ln312, i256 %F, i256 %F_1" [../src/msm.cpp:312]   --->   Operation 153 'select' 'F_2' <Predicate = true> <Delay = 0.51> <CoreInst = "Sel">   --->   Core 73 'Sel' <Latency = 0> <II = 1> <Delay = 0.51> <FuncUnit> <Opcode : 'select'> <InPorts = 3> <OutPorts = 1>
ST_15 : Operation 154 [1/1] (1.95ns)   --->   "%icmp_ln313 = icmp_ugt  i257 %add_ln313, i257 21888242871839275222246405745257275088548364400416034343698204186575808495616" [../src/msm.cpp:313]   --->   Operation 154 'icmp' 'icmp_ln313' <Predicate = true> <Delay = 1.95> <CoreInst = "Cmp">   --->   Core 9 'Cmp' <Latency = 0> <II = 1> <Delay = 1.95> <FuncUnit> <Opcode : 'seteq' 'setne' 'setle' 'setge' 'setlt' 'setgt'> <InPorts = 2> <OutPorts = 1>
ST_15 : Operation 155 [1/1] (1.95ns)   --->   "%G = add i256 %G_1, i256 93903846365476920201324579263430632764721620265224529695759379821337321144319" [../src/msm.cpp:313]   --->   Operation 155 'add' 'G' <Predicate = true> <Delay = 1.95> <CoreInst = "Adder">   --->   Core 1 'Adder' <Latency = 0> <II = 1> <Delay = 1.95> <FuncUnit> <Opcode : 'add' 'sub'> <InPorts = 2> <OutPorts = 1>
ST_15 : Operation 156 [1/1] (0.51ns)   --->   "%G_2 = select i1 %icmp_ln313, i256 %G, i256 %G_1" [../src/msm.cpp:313]   --->   Operation 156 'select' 'G_2' <Predicate = true> <Delay = 0.51> <CoreInst = "Sel">   --->   Core 73 'Sel' <Latency = 0> <II = 1> <Delay = 0.51> <FuncUnit> <Opcode : 'select'> <InPorts = 3> <OutPorts = 1>

State 16 <SV = 15> <Delay = 2.61>
ST_16 : Operation 157 [1/1] (0.00ns)   --->   "%zext_ln321 = zext i256 %E_minus_AplusB_2" [../src/msm.cpp:321]   --->   Operation 157 'zext' 'zext_ln321' <Predicate = true> <Delay = 0.00>
ST_16 : Operation 158 [1/1] (0.00ns)   --->   "%zext_ln321_1 = zext i256 %F_2" [../src/msm.cpp:321]   --->   Operation 158 'zext' 'zext_ln321_1' <Predicate = true> <Delay = 0.00>
ST_16 : Operation 159 [5/5] (2.61ns)   --->   "%mul_ln321 = mul i512 %zext_ln321_1, i512 %zext_ln321" [../src/msm.cpp:321]   --->   Operation 159 'mul' 'mul_ln321' <Predicate = true> <Delay = 2.61> <CoreInst = "Multiplier">   --->   Core 3 'Multiplier' <Latency = 4> <II = 1> <Delay = 2.61> <FuncUnit> <Opcode : 'mul'> <InPorts = 2> <OutPorts = 1>
ST_16 : Operation 160 [1/1] (0.00ns)   --->   "%zext_ln322 = zext i256 %G_2" [../src/msm.cpp:322]   --->   Operation 160 'zext' 'zext_ln322' <Predicate = true> <Delay = 0.00>
ST_16 : Operation 161 [1/1] (0.00ns)   --->   "%zext_ln322_1 = zext i256 %H_2" [../src/msm.cpp:322]   --->   Operation 161 'zext' 'zext_ln322_1' <Predicate = true> <Delay = 0.00>
ST_16 : Operation 162 [5/5] (2.61ns)   --->   "%mul_ln322 = mul i512 %zext_ln322, i512 %zext_ln322_1" [../src/msm.cpp:322]   --->   Operation 162 'mul' 'mul_ln322' <Predicate = true> <Delay = 2.61> <CoreInst = "Multiplier">   --->   Core 3 'Multiplier' <Latency = 4> <II = 1> <Delay = 2.61> <FuncUnit> <Opcode : 'mul'> <InPorts = 2> <OutPorts = 1>
ST_16 : Operation 163 [5/5] (2.61ns)   --->   "%mul_ln323 = mul i512 %zext_ln321, i512 %zext_ln322_1" [../src/msm.cpp:323]   --->   Operation 163 'mul' 'mul_ln323' <Predicate = true> <Delay = 2.61> <CoreInst = "Multiplier">   --->   Core 3 'Multiplier' <Latency = 4> <II = 1> <Delay = 2.61> <FuncUnit> <Opcode : 'mul'> <InPorts = 2> <OutPorts = 1>
ST_16 : Operation 164 [5/5] (2.61ns)   --->   "%mul_ln324 = mul i512 %zext_ln322, i512 %zext_ln321_1" [../src/msm.cpp:324]   --->   Operation 164 'mul' 'mul_ln324' <Predicate = true> <Delay = 2.61> <CoreInst = "Multiplier">   --->   Core 3 'Multiplier' <Latency = 4> <II = 1> <Delay = 2.61> <FuncUnit> <Opcode : 'mul'> <InPorts = 2> <OutPorts = 1>

State 17 <SV = 16> <Delay = 2.61>
ST_17 : Operation 165 [4/5] (2.61ns)   --->   "%mul_ln321 = mul i512 %zext_ln321_1, i512 %zext_ln321" [../src/msm.cpp:321]   --->   Operation 165 'mul' 'mul_ln321' <Predicate = true> <Delay = 2.61> <CoreInst = "Multiplier">   --->   Core 3 'Multiplier' <Latency = 4> <II = 1> <Delay = 2.61> <FuncUnit> <Opcode : 'mul'> <InPorts = 2> <OutPorts = 1>
ST_17 : Operation 166 [5/5] (2.61ns)   --->   "%X3_tmp_1 = mul i256 %F_2, i256 %E_minus_AplusB_2" [../src/msm.cpp:321]   --->   Operation 166 'mul' 'X3_tmp_1' <Predicate = true> <Delay = 2.61> <CoreInst = "Multiplier">   --->   Core 3 'Multiplier' <Latency = 4> <II = 1> <Delay = 2.61> <FuncUnit> <Opcode : 'mul'> <InPorts = 2> <OutPorts = 1>
ST_17 : Operation 167 [4/5] (2.61ns)   --->   "%mul_ln322 = mul i512 %zext_ln322, i512 %zext_ln322_1" [../src/msm.cpp:322]   --->   Operation 167 'mul' 'mul_ln322' <Predicate = true> <Delay = 2.61> <CoreInst = "Multiplier">   --->   Core 3 'Multiplier' <Latency = 4> <II = 1> <Delay = 2.61> <FuncUnit> <Opcode : 'mul'> <InPorts = 2> <OutPorts = 1>
ST_17 : Operation 168 [5/5] (2.61ns)   --->   "%Y3_tmp_1 = mul i256 %G_2, i256 %H_2" [../src/msm.cpp:322]   --->   Operation 168 'mul' 'Y3_tmp_1' <Predicate = true> <Delay = 2.61> <CoreInst = "Multiplier">   --->   Core 3 'Multiplier' <Latency = 4> <II = 1> <Delay = 2.61> <FuncUnit> <Opcode : 'mul'> <InPorts = 2> <OutPorts = 1>
ST_17 : Operation 169 [4/5] (2.61ns)   --->   "%mul_ln323 = mul i512 %zext_ln321, i512 %zext_ln322_1" [../src/msm.cpp:323]   --->   Operation 169 'mul' 'mul_ln323' <Predicate = true> <Delay = 2.61> <CoreInst = "Multiplier">   --->   Core 3 'Multiplier' <Latency = 4> <II = 1> <Delay = 2.61> <FuncUnit> <Opcode : 'mul'> <InPorts = 2> <OutPorts = 1>
ST_17 : Operation 170 [5/5] (2.61ns)   --->   "%T3_tmp_1 = mul i256 %E_minus_AplusB_2, i256 %H_2" [../src/msm.cpp:323]   --->   Operation 170 'mul' 'T3_tmp_1' <Predicate = true> <Delay = 2.61> <CoreInst = "Multiplier">   --->   Core 3 'Multiplier' <Latency = 4> <II = 1> <Delay = 2.61> <FuncUnit> <Opcode : 'mul'> <InPorts = 2> <OutPorts = 1>
ST_17 : Operation 171 [4/5] (2.61ns)   --->   "%mul_ln324 = mul i512 %zext_ln322, i512 %zext_ln321_1" [../src/msm.cpp:324]   --->   Operation 171 'mul' 'mul_ln324' <Predicate = true> <Delay = 2.61> <CoreInst = "Multiplier">   --->   Core 3 'Multiplier' <Latency = 4> <II = 1> <Delay = 2.61> <FuncUnit> <Opcode : 'mul'> <InPorts = 2> <OutPorts = 1>
ST_17 : Operation 172 [5/5] (2.61ns)   --->   "%Z3_tmp_1 = mul i256 %G_2, i256 %F_2" [../src/msm.cpp:324]   --->   Operation 172 'mul' 'Z3_tmp_1' <Predicate = true> <Delay = 2.61> <CoreInst = "Multiplier">   --->   Core 3 'Multiplier' <Latency = 4> <II = 1> <Delay = 2.61> <FuncUnit> <Opcode : 'mul'> <InPorts = 2> <OutPorts = 1>

State 18 <SV = 17> <Delay = 2.61>
ST_18 : Operation 173 [3/5] (2.61ns)   --->   "%mul_ln321 = mul i512 %zext_ln321_1, i512 %zext_ln321" [../src/msm.cpp:321]   --->   Operation 173 'mul' 'mul_ln321' <Predicate = true> <Delay = 2.61> <CoreInst = "Multiplier">   --->   Core 3 'Multiplier' <Latency = 4> <II = 1> <Delay = 2.61> <FuncUnit> <Opcode : 'mul'> <InPorts = 2> <OutPorts = 1>
ST_18 : Operation 174 [4/5] (2.61ns)   --->   "%X3_tmp_1 = mul i256 %F_2, i256 %E_minus_AplusB_2" [../src/msm.cpp:321]   --->   Operation 174 'mul' 'X3_tmp_1' <Predicate = true> <Delay = 2.61> <CoreInst = "Multiplier">   --->   Core 3 'Multiplier' <Latency = 4> <II = 1> <Delay = 2.61> <FuncUnit> <Opcode : 'mul'> <InPorts = 2> <OutPorts = 1>
ST_18 : Operation 175 [3/5] (2.61ns)   --->   "%mul_ln322 = mul i512 %zext_ln322, i512 %zext_ln322_1" [../src/msm.cpp:322]   --->   Operation 175 'mul' 'mul_ln322' <Predicate = true> <Delay = 2.61> <CoreInst = "Multiplier">   --->   Core 3 'Multiplier' <Latency = 4> <II = 1> <Delay = 2.61> <FuncUnit> <Opcode : 'mul'> <InPorts = 2> <OutPorts = 1>
ST_18 : Operation 176 [4/5] (2.61ns)   --->   "%Y3_tmp_1 = mul i256 %G_2, i256 %H_2" [../src/msm.cpp:322]   --->   Operation 176 'mul' 'Y3_tmp_1' <Predicate = true> <Delay = 2.61> <CoreInst = "Multiplier">   --->   Core 3 'Multiplier' <Latency = 4> <II = 1> <Delay = 2.61> <FuncUnit> <Opcode : 'mul'> <InPorts = 2> <OutPorts = 1>
ST_18 : Operation 177 [3/5] (2.61ns)   --->   "%mul_ln323 = mul i512 %zext_ln321, i512 %zext_ln322_1" [../src/msm.cpp:323]   --->   Operation 177 'mul' 'mul_ln323' <Predicate = true> <Delay = 2.61> <CoreInst = "Multiplier">   --->   Core 3 'Multiplier' <Latency = 4> <II = 1> <Delay = 2.61> <FuncUnit> <Opcode : 'mul'> <InPorts = 2> <OutPorts = 1>
ST_18 : Operation 178 [4/5] (2.61ns)   --->   "%T3_tmp_1 = mul i256 %E_minus_AplusB_2, i256 %H_2" [../src/msm.cpp:323]   --->   Operation 178 'mul' 'T3_tmp_1' <Predicate = true> <Delay = 2.61> <CoreInst = "Multiplier">   --->   Core 3 'Multiplier' <Latency = 4> <II = 1> <Delay = 2.61> <FuncUnit> <Opcode : 'mul'> <InPorts = 2> <OutPorts = 1>
ST_18 : Operation 179 [3/5] (2.61ns)   --->   "%mul_ln324 = mul i512 %zext_ln322, i512 %zext_ln321_1" [../src/msm.cpp:324]   --->   Operation 179 'mul' 'mul_ln324' <Predicate = true> <Delay = 2.61> <CoreInst = "Multiplier">   --->   Core 3 'Multiplier' <Latency = 4> <II = 1> <Delay = 2.61> <FuncUnit> <Opcode : 'mul'> <InPorts = 2> <OutPorts = 1>
ST_18 : Operation 180 [4/5] (2.61ns)   --->   "%Z3_tmp_1 = mul i256 %G_2, i256 %F_2" [../src/msm.cpp:324]   --->   Operation 180 'mul' 'Z3_tmp_1' <Predicate = true> <Delay = 2.61> <CoreInst = "Multiplier">   --->   Core 3 'Multiplier' <Latency = 4> <II = 1> <Delay = 2.61> <FuncUnit> <Opcode : 'mul'> <InPorts = 2> <OutPorts = 1>

State 19 <SV = 18> <Delay = 2.61>
ST_19 : Operation 181 [2/5] (2.61ns)   --->   "%mul_ln321 = mul i512 %zext_ln321_1, i512 %zext_ln321" [../src/msm.cpp:321]   --->   Operation 181 'mul' 'mul_ln321' <Predicate = true> <Delay = 2.61> <CoreInst = "Multiplier">   --->   Core 3 'Multiplier' <Latency = 4> <II = 1> <Delay = 2.61> <FuncUnit> <Opcode : 'mul'> <InPorts = 2> <OutPorts = 1>
ST_19 : Operation 182 [3/5] (2.61ns)   --->   "%X3_tmp_1 = mul i256 %F_2, i256 %E_minus_AplusB_2" [../src/msm.cpp:321]   --->   Operation 182 'mul' 'X3_tmp_1' <Predicate = true> <Delay = 2.61> <CoreInst = "Multiplier">   --->   Core 3 'Multiplier' <Latency = 4> <II = 1> <Delay = 2.61> <FuncUnit> <Opcode : 'mul'> <InPorts = 2> <OutPorts = 1>
ST_19 : Operation 183 [2/5] (2.61ns)   --->   "%mul_ln322 = mul i512 %zext_ln322, i512 %zext_ln322_1" [../src/msm.cpp:322]   --->   Operation 183 'mul' 'mul_ln322' <Predicate = true> <Delay = 2.61> <CoreInst = "Multiplier">   --->   Core 3 'Multiplier' <Latency = 4> <II = 1> <Delay = 2.61> <FuncUnit> <Opcode : 'mul'> <InPorts = 2> <OutPorts = 1>
ST_19 : Operation 184 [3/5] (2.61ns)   --->   "%Y3_tmp_1 = mul i256 %G_2, i256 %H_2" [../src/msm.cpp:322]   --->   Operation 184 'mul' 'Y3_tmp_1' <Predicate = true> <Delay = 2.61> <CoreInst = "Multiplier">   --->   Core 3 'Multiplier' <Latency = 4> <II = 1> <Delay = 2.61> <FuncUnit> <Opcode : 'mul'> <InPorts = 2> <OutPorts = 1>
ST_19 : Operation 185 [2/5] (2.61ns)   --->   "%mul_ln323 = mul i512 %zext_ln321, i512 %zext_ln322_1" [../src/msm.cpp:323]   --->   Operation 185 'mul' 'mul_ln323' <Predicate = true> <Delay = 2.61> <CoreInst = "Multiplier">   --->   Core 3 'Multiplier' <Latency = 4> <II = 1> <Delay = 2.61> <FuncUnit> <Opcode : 'mul'> <InPorts = 2> <OutPorts = 1>
ST_19 : Operation 186 [3/5] (2.61ns)   --->   "%T3_tmp_1 = mul i256 %E_minus_AplusB_2, i256 %H_2" [../src/msm.cpp:323]   --->   Operation 186 'mul' 'T3_tmp_1' <Predicate = true> <Delay = 2.61> <CoreInst = "Multiplier">   --->   Core 3 'Multiplier' <Latency = 4> <II = 1> <Delay = 2.61> <FuncUnit> <Opcode : 'mul'> <InPorts = 2> <OutPorts = 1>
ST_19 : Operation 187 [2/5] (2.61ns)   --->   "%mul_ln324 = mul i512 %zext_ln322, i512 %zext_ln321_1" [../src/msm.cpp:324]   --->   Operation 187 'mul' 'mul_ln324' <Predicate = true> <Delay = 2.61> <CoreInst = "Multiplier">   --->   Core 3 'Multiplier' <Latency = 4> <II = 1> <Delay = 2.61> <FuncUnit> <Opcode : 'mul'> <InPorts = 2> <OutPorts = 1>
ST_19 : Operation 188 [3/5] (2.61ns)   --->   "%Z3_tmp_1 = mul i256 %G_2, i256 %F_2" [../src/msm.cpp:324]   --->   Operation 188 'mul' 'Z3_tmp_1' <Predicate = true> <Delay = 2.61> <CoreInst = "Multiplier">   --->   Core 3 'Multiplier' <Latency = 4> <II = 1> <Delay = 2.61> <FuncUnit> <Opcode : 'mul'> <InPorts = 2> <OutPorts = 1>

State 20 <SV = 19> <Delay = 2.61>
ST_20 : Operation 189 [1/5] (2.61ns)   --->   "%mul_ln321 = mul i512 %zext_ln321_1, i512 %zext_ln321" [../src/msm.cpp:321]   --->   Operation 189 'mul' 'mul_ln321' <Predicate = true> <Delay = 2.61> <CoreInst = "Multiplier">   --->   Core 3 'Multiplier' <Latency = 4> <II = 1> <Delay = 2.61> <FuncUnit> <Opcode : 'mul'> <InPorts = 2> <OutPorts = 1>
ST_20 : Operation 190 [2/5] (2.61ns)   --->   "%X3_tmp_1 = mul i256 %F_2, i256 %E_minus_AplusB_2" [../src/msm.cpp:321]   --->   Operation 190 'mul' 'X3_tmp_1' <Predicate = true> <Delay = 2.61> <CoreInst = "Multiplier">   --->   Core 3 'Multiplier' <Latency = 4> <II = 1> <Delay = 2.61> <FuncUnit> <Opcode : 'mul'> <InPorts = 2> <OutPorts = 1>
ST_20 : Operation 191 [1/5] (2.61ns)   --->   "%mul_ln322 = mul i512 %zext_ln322, i512 %zext_ln322_1" [../src/msm.cpp:322]   --->   Operation 191 'mul' 'mul_ln322' <Predicate = true> <Delay = 2.61> <CoreInst = "Multiplier">   --->   Core 3 'Multiplier' <Latency = 4> <II = 1> <Delay = 2.61> <FuncUnit> <Opcode : 'mul'> <InPorts = 2> <OutPorts = 1>
ST_20 : Operation 192 [2/5] (2.61ns)   --->   "%Y3_tmp_1 = mul i256 %G_2, i256 %H_2" [../src/msm.cpp:322]   --->   Operation 192 'mul' 'Y3_tmp_1' <Predicate = true> <Delay = 2.61> <CoreInst = "Multiplier">   --->   Core 3 'Multiplier' <Latency = 4> <II = 1> <Delay = 2.61> <FuncUnit> <Opcode : 'mul'> <InPorts = 2> <OutPorts = 1>
ST_20 : Operation 193 [1/5] (2.61ns)   --->   "%mul_ln323 = mul i512 %zext_ln321, i512 %zext_ln322_1" [../src/msm.cpp:323]   --->   Operation 193 'mul' 'mul_ln323' <Predicate = true> <Delay = 2.61> <CoreInst = "Multiplier">   --->   Core 3 'Multiplier' <Latency = 4> <II = 1> <Delay = 2.61> <FuncUnit> <Opcode : 'mul'> <InPorts = 2> <OutPorts = 1>
ST_20 : Operation 194 [2/5] (2.61ns)   --->   "%T3_tmp_1 = mul i256 %E_minus_AplusB_2, i256 %H_2" [../src/msm.cpp:323]   --->   Operation 194 'mul' 'T3_tmp_1' <Predicate = true> <Delay = 2.61> <CoreInst = "Multiplier">   --->   Core 3 'Multiplier' <Latency = 4> <II = 1> <Delay = 2.61> <FuncUnit> <Opcode : 'mul'> <InPorts = 2> <OutPorts = 1>
ST_20 : Operation 195 [1/5] (2.61ns)   --->   "%mul_ln324 = mul i512 %zext_ln322, i512 %zext_ln321_1" [../src/msm.cpp:324]   --->   Operation 195 'mul' 'mul_ln324' <Predicate = true> <Delay = 2.61> <CoreInst = "Multiplier">   --->   Core 3 'Multiplier' <Latency = 4> <II = 1> <Delay = 2.61> <FuncUnit> <Opcode : 'mul'> <InPorts = 2> <OutPorts = 1>
ST_20 : Operation 196 [2/5] (2.61ns)   --->   "%Z3_tmp_1 = mul i256 %G_2, i256 %F_2" [../src/msm.cpp:324]   --->   Operation 196 'mul' 'Z3_tmp_1' <Predicate = true> <Delay = 2.61> <CoreInst = "Multiplier">   --->   Core 3 'Multiplier' <Latency = 4> <II = 1> <Delay = 2.61> <FuncUnit> <Opcode : 'mul'> <InPorts = 2> <OutPorts = 1>

State 21 <SV = 20> <Delay = 2.85>
ST_21 : Operation 197 [1/1] (2.85ns)   --->   "%icmp_ln321 = icmp_ugt  i512 %mul_ln321, i512 21888242871839275222246405745257275088548364400416034343698204186575808495616" [../src/msm.cpp:321]   --->   Operation 197 'icmp' 'icmp_ln321' <Predicate = true> <Delay = 2.85> <CoreInst = "Cmp">   --->   Core 9 'Cmp' <Latency = 0> <II = 1> <Delay = 2.85> <FuncUnit> <Opcode : 'seteq' 'setne' 'setle' 'setge' 'setlt' 'setgt'> <InPorts = 2> <OutPorts = 1>
ST_21 : Operation 198 [1/5] (2.61ns)   --->   "%X3_tmp_1 = mul i256 %F_2, i256 %E_minus_AplusB_2" [../src/msm.cpp:321]   --->   Operation 198 'mul' 'X3_tmp_1' <Predicate = true> <Delay = 2.61> <CoreInst = "Multiplier">   --->   Core 3 'Multiplier' <Latency = 4> <II = 1> <Delay = 2.61> <FuncUnit> <Opcode : 'mul'> <InPorts = 2> <OutPorts = 1>
ST_21 : Operation 199 [1/1] (2.85ns)   --->   "%icmp_ln322 = icmp_ugt  i512 %mul_ln322, i512 21888242871839275222246405745257275088548364400416034343698204186575808495616" [../src/msm.cpp:322]   --->   Operation 199 'icmp' 'icmp_ln322' <Predicate = true> <Delay = 2.85> <CoreInst = "Cmp">   --->   Core 9 'Cmp' <Latency = 0> <II = 1> <Delay = 2.85> <FuncUnit> <Opcode : 'seteq' 'setne' 'setle' 'setge' 'setlt' 'setgt'> <InPorts = 2> <OutPorts = 1>
ST_21 : Operation 200 [1/5] (2.61ns)   --->   "%Y3_tmp_1 = mul i256 %G_2, i256 %H_2" [../src/msm.cpp:322]   --->   Operation 200 'mul' 'Y3_tmp_1' <Predicate = true> <Delay = 2.61> <CoreInst = "Multiplier">   --->   Core 3 'Multiplier' <Latency = 4> <II = 1> <Delay = 2.61> <FuncUnit> <Opcode : 'mul'> <InPorts = 2> <OutPorts = 1>
ST_21 : Operation 201 [1/1] (2.85ns)   --->   "%icmp_ln323 = icmp_ugt  i512 %mul_ln323, i512 21888242871839275222246405745257275088548364400416034343698204186575808495616" [../src/msm.cpp:323]   --->   Operation 201 'icmp' 'icmp_ln323' <Predicate = true> <Delay = 2.85> <CoreInst = "Cmp">   --->   Core 9 'Cmp' <Latency = 0> <II = 1> <Delay = 2.85> <FuncUnit> <Opcode : 'seteq' 'setne' 'setle' 'setge' 'setlt' 'setgt'> <InPorts = 2> <OutPorts = 1>
ST_21 : Operation 202 [1/5] (2.61ns)   --->   "%T3_tmp_1 = mul i256 %E_minus_AplusB_2, i256 %H_2" [../src/msm.cpp:323]   --->   Operation 202 'mul' 'T3_tmp_1' <Predicate = true> <Delay = 2.61> <CoreInst = "Multiplier">   --->   Core 3 'Multiplier' <Latency = 4> <II = 1> <Delay = 2.61> <FuncUnit> <Opcode : 'mul'> <InPorts = 2> <OutPorts = 1>
ST_21 : Operation 203 [1/1] (2.85ns)   --->   "%icmp_ln324 = icmp_ugt  i512 %mul_ln324, i512 21888242871839275222246405745257275088548364400416034343698204186575808495616" [../src/msm.cpp:324]   --->   Operation 203 'icmp' 'icmp_ln324' <Predicate = true> <Delay = 2.85> <CoreInst = "Cmp">   --->   Core 9 'Cmp' <Latency = 0> <II = 1> <Delay = 2.85> <FuncUnit> <Opcode : 'seteq' 'setne' 'setle' 'setge' 'setlt' 'setgt'> <InPorts = 2> <OutPorts = 1>
ST_21 : Operation 204 [1/5] (2.61ns)   --->   "%Z3_tmp_1 = mul i256 %G_2, i256 %F_2" [../src/msm.cpp:324]   --->   Operation 204 'mul' 'Z3_tmp_1' <Predicate = true> <Delay = 2.61> <CoreInst = "Multiplier">   --->   Core 3 'Multiplier' <Latency = 4> <II = 1> <Delay = 2.61> <FuncUnit> <Opcode : 'mul'> <InPorts = 2> <OutPorts = 1>

State 22 <SV = 21> <Delay = 2.46>
ST_22 : Operation 205 [1/1] (1.95ns)   --->   "%X3_tmp = add i256 %X3_tmp_1, i256 93903846365476920201324579263430632764721620265224529695759379821337321144319" [../src/msm.cpp:321]   --->   Operation 205 'add' 'X3_tmp' <Predicate = (icmp_ln321)> <Delay = 1.95> <CoreInst = "Adder">   --->   Core 1 'Adder' <Latency = 0> <II = 1> <Delay = 1.95> <FuncUnit> <Opcode : 'add' 'sub'> <InPorts = 2> <OutPorts = 1>
ST_22 : Operation 206 [1/1] (0.51ns)   --->   "%X3_tmp_2 = select i1 %icmp_ln321, i256 %X3_tmp, i256 %X3_tmp_1" [../src/msm.cpp:321]   --->   Operation 206 'select' 'X3_tmp_2' <Predicate = true> <Delay = 0.51> <CoreInst = "Sel">   --->   Core 73 'Sel' <Latency = 0> <II = 1> <Delay = 0.51> <FuncUnit> <Opcode : 'select'> <InPorts = 3> <OutPorts = 1>
ST_22 : Operation 207 [1/1] (1.95ns)   --->   "%Y3_tmp = add i256 %Y3_tmp_1, i256 93903846365476920201324579263430632764721620265224529695759379821337321144319" [../src/msm.cpp:322]   --->   Operation 207 'add' 'Y3_tmp' <Predicate = (icmp_ln322)> <Delay = 1.95> <CoreInst = "Adder">   --->   Core 1 'Adder' <Latency = 0> <II = 1> <Delay = 1.95> <FuncUnit> <Opcode : 'add' 'sub'> <InPorts = 2> <OutPorts = 1>
ST_22 : Operation 208 [1/1] (0.51ns)   --->   "%Y3_tmp_2 = select i1 %icmp_ln322, i256 %Y3_tmp, i256 %Y3_tmp_1" [../src/msm.cpp:322]   --->   Operation 208 'select' 'Y3_tmp_2' <Predicate = true> <Delay = 0.51> <CoreInst = "Sel">   --->   Core 73 'Sel' <Latency = 0> <II = 1> <Delay = 0.51> <FuncUnit> <Opcode : 'select'> <InPorts = 3> <OutPorts = 1>
ST_22 : Operation 209 [1/1] (1.95ns)   --->   "%T3_tmp = add i256 %T3_tmp_1, i256 93903846365476920201324579263430632764721620265224529695759379821337321144319" [../src/msm.cpp:323]   --->   Operation 209 'add' 'T3_tmp' <Predicate = (icmp_ln323)> <Delay = 1.95> <CoreInst = "Adder">   --->   Core 1 'Adder' <Latency = 0> <II = 1> <Delay = 1.95> <FuncUnit> <Opcode : 'add' 'sub'> <InPorts = 2> <OutPorts = 1>
ST_22 : Operation 210 [1/1] (0.51ns)   --->   "%T3_tmp_2 = select i1 %icmp_ln323, i256 %T3_tmp, i256 %T3_tmp_1" [../src/msm.cpp:323]   --->   Operation 210 'select' 'T3_tmp_2' <Predicate = true> <Delay = 0.51> <CoreInst = "Sel">   --->   Core 73 'Sel' <Latency = 0> <II = 1> <Delay = 0.51> <FuncUnit> <Opcode : 'select'> <InPorts = 3> <OutPorts = 1>
ST_22 : Operation 211 [1/1] (1.95ns)   --->   "%Z3_tmp = add i256 %Z3_tmp_1, i256 93903846365476920201324579263430632764721620265224529695759379821337321144319" [../src/msm.cpp:324]   --->   Operation 211 'add' 'Z3_tmp' <Predicate = (icmp_ln324)> <Delay = 1.95> <CoreInst = "Adder">   --->   Core 1 'Adder' <Latency = 0> <II = 1> <Delay = 1.95> <FuncUnit> <Opcode : 'add' 'sub'> <InPorts = 2> <OutPorts = 1>
ST_22 : Operation 212 [1/1] (0.51ns)   --->   "%Z3_tmp_2 = select i1 %icmp_ln324, i256 %Z3_tmp, i256 %Z3_tmp_1" [../src/msm.cpp:324]   --->   Operation 212 'select' 'Z3_tmp_2' <Predicate = true> <Delay = 0.51> <CoreInst = "Sel">   --->   Core 73 'Sel' <Latency = 0> <II = 1> <Delay = 0.51> <FuncUnit> <Opcode : 'select'> <InPorts = 3> <OutPorts = 1>
ST_22 : Operation 213 [1/1] (0.00ns)   --->   "%mrv = insertvalue i1024 <undef>, i256 %X3_tmp_2" [../src/msm.cpp:331]   --->   Operation 213 'insertvalue' 'mrv' <Predicate = true> <Delay = 0.00>
ST_22 : Operation 214 [1/1] (0.00ns)   --->   "%mrv_1 = insertvalue i1024 %mrv, i256 %Y3_tmp_2" [../src/msm.cpp:331]   --->   Operation 214 'insertvalue' 'mrv_1' <Predicate = true> <Delay = 0.00>
ST_22 : Operation 215 [1/1] (0.00ns)   --->   "%mrv_2 = insertvalue i1024 %mrv_1, i256 %Z3_tmp_2" [../src/msm.cpp:331]   --->   Operation 215 'insertvalue' 'mrv_2' <Predicate = true> <Delay = 0.00>
ST_22 : Operation 216 [1/1] (0.00ns)   --->   "%mrv_3 = insertvalue i1024 %mrv_2, i256 %T3_tmp_2" [../src/msm.cpp:331]   --->   Operation 216 'insertvalue' 'mrv_3' <Predicate = true> <Delay = 0.00>
ST_22 : Operation 217 [1/1] (0.00ns)   --->   "%ret_ln331 = ret i1024 %mrv_3" [../src/msm.cpp:331]   --->   Operation 217 'ret' 'ret_ln331' <Predicate = true> <Delay = 0.00>


============================================================
+ Verbose Summary: Timing violations
============================================================
Target clock period: 4.000ns, clock uncertainty: 1.080ns.

 <State 1>: 2.611ns
The critical path consists of the following:
	wire read operation ('X2_read', ../src/msm.cpp:294) on port 'X2' (../src/msm.cpp:294) [12]  (0.000 ns)
	'mul' operation 512 bit ('mul_ln305', ../src/msm.cpp:305) [33]  (2.611 ns)

 <State 2>: 2.611ns
The critical path consists of the following:
	'mul' operation 512 bit ('mul_ln305', ../src/msm.cpp:305) [33]  (2.611 ns)

 <State 3>: 2.611ns
The critical path consists of the following:
	'mul' operation 512 bit ('mul_ln305', ../src/msm.cpp:305) [33]  (2.611 ns)

 <State 4>: 2.611ns
The critical path consists of the following:
	'mul' operation 512 bit ('mul_ln305', ../src/msm.cpp:305) [33]  (2.611 ns)

 <State 5>: 2.611ns
The critical path consists of the following:
	'mul' operation 512 bit ('mul_ln305', ../src/msm.cpp:305) [33]  (2.611 ns)

 <State 6>: 2.850ns
The critical path consists of the following:
	'icmp' operation 1 bit ('icmp_ln305', ../src/msm.cpp:305) [34]  (2.850 ns)

 <State 7>: 2.611ns
The critical path consists of the following:
	'mul' operation 512 bit ('mul_ln311', ../src/msm.cpp:311) [67]  (2.611 ns)

 <State 8>: 2.850ns
The critical path consists of the following:
	'icmp' operation 1 bit ('icmp_ln311', ../src/msm.cpp:311) [68]  (2.850 ns)

 <State 9>: 2.611ns
The critical path consists of the following:
	'mul' operation 509 bit ('mul_ln309', ../src/msm.cpp:309) [60]  (2.611 ns)

 <State 10>: 2.611ns
The critical path consists of the following:
	'mul' operation 509 bit ('mul_ln309', ../src/msm.cpp:309) [60]  (2.611 ns)

 <State 11>: 2.611ns
The critical path consists of the following:
	'mul' operation 509 bit ('mul_ln309', ../src/msm.cpp:309) [60]  (2.611 ns)

 <State 12>: 2.611ns
The critical path consists of the following:
	'mul' operation 509 bit ('mul_ln309', ../src/msm.cpp:309) [60]  (2.611 ns)

 <State 13>: 2.837ns
The critical path consists of the following:
	'icmp' operation 1 bit ('icmp_ln309', ../src/msm.cpp:309) [61]  (2.837 ns)

 <State 14>: 2.467ns
The critical path consists of the following:
	'select' operation 256 bit ('D', ../src/msm.cpp:309) [64]  (0.512 ns)
	'icmp' operation 1 bit ('icmp_ln312', ../src/msm.cpp:312) [72]  (1.955 ns)

 <State 15>: 2.469ns
The critical path consists of the following:
	'icmp' operation 1 bit ('icmp_ln313', ../src/msm.cpp:313) [80]  (1.957 ns)
	'select' operation 256 bit ('G', ../src/msm.cpp:313) [83]  (0.512 ns)

 <State 16>: 2.611ns
The critical path consists of the following:
	'mul' operation 512 bit ('mul_ln321', ../src/msm.cpp:321) [97]  (2.611 ns)

 <State 17>: 2.611ns
The critical path consists of the following:
	'mul' operation 512 bit ('mul_ln321', ../src/msm.cpp:321) [97]  (2.611 ns)

 <State 18>: 2.611ns
The critical path consists of the following:
	'mul' operation 512 bit ('mul_ln321', ../src/msm.cpp:321) [97]  (2.611 ns)

 <State 19>: 2.611ns
The critical path consists of the following:
	'mul' operation 512 bit ('mul_ln321', ../src/msm.cpp:321) [97]  (2.611 ns)

 <State 20>: 2.611ns
The critical path consists of the following:
	'mul' operation 512 bit ('mul_ln321', ../src/msm.cpp:321) [97]  (2.611 ns)

 <State 21>: 2.850ns
The critical path consists of the following:
	'icmp' operation 1 bit ('icmp_ln321', ../src/msm.cpp:321) [98]  (2.850 ns)

 <State 22>: 2.467ns
The critical path consists of the following:
	'add' operation 256 bit ('X3_tmp', ../src/msm.cpp:321) [100]  (1.955 ns)
	'select' operation 256 bit ('X3_tmp', ../src/msm.cpp:321) [101]  (0.512 ns)


============================================================
+ Verbose Summary: Binding
============================================================
N/A
* FSMD analyzer results:
  - Output states:
 - Input state : 
  - Chain level:
	State 1
	State 2
	State 3
	State 4
	State 5
	State 6
	State 7
	State 8
	State 9
	State 10
	State 11
	State 12
	State 13
	State 14
	State 15
	State 16
	State 17
	State 18
	State 19
	State 20
	State 21
	State 22


============================================================
+ Verbose Summary: Datapath Resource usage 
============================================================
N/A
