

================================================================
== Vitis HLS Report for 'msm'
================================================================
* Date:           Tue Apr 29 06:14:31 2025

* Version:        2024.2 (Build 5238294 on Nov  8 2024)
* Project:        msm_2
* Solution:       solution1 (Vivado IP Flow Target)
* Product family: zynquplus
* Target device:  xczu7ev-ffvc1156-2-e


================================================================
== Performance Estimates
================================================================
+ Timing: 
    * Summary: 
    +--------+---------+----------+------------+
    |  Clock |  Target | Estimated| Uncertainty|
    +--------+---------+----------+------------+
    |ap_clk  |  4.00 ns|  2.920 ns|     1.08 ns|
    +--------+---------+----------+------------+

+ Latency: 
    * Summary: 
    +---------+---------+----------+----------+-----+-----+----------+
    |  Latency (cycles) |  Latency (absolute) |  Interval | Pipeline |
    |   min   |   max   |    min   |    max   | min | max |   Type   |
    +---------+---------+----------+----------+-----+-----+----------+
    |        ?|        ?|         ?|         ?|    ?|    ?|  dataflow|
    +---------+---------+----------+----------+-----+-----+----------+

    + Detail: 
        * Instance: 
        +------------------------------+-------------------+---------+------------+----------+-----------+-------+------------+------------------------------------------------+
        |                              |                   |   Latency (cycles)   |  Latency (absolute)  |      Interval      |                    Pipeline                    |
        |           Instance           |       Module      |   min   |     max    |    min   |    max    |  min  |     max    |                      Type                      |
        +------------------------------+-------------------+---------+------------+----------+-----------+-------+------------+------------------------------------------------+
        |call_ln636_entry_proc_fu_214  |entry_proc         |        0|           0|      0 ns|       0 ns|      0|           0|                                              no|
        |grp_data_loader_fu_230        |data_loader        |        ?|           ?|         ?|          ?|      0|           0|  loop auto-rewind stp (delay=0 clock cycles(s))|
        |grp_pippenger_control_fu_264  |pippenger_control  |    26769|  1946183709|  0.107 ms|  7.785 sec|  26769|  1946183709|                                              no|
        |grp_WriteBack_fu_280          |WriteBack          |    26633|       26633|  0.107 ms|   0.107 ms|  26624|       26624|  loop auto-rewind stp (delay=0 clock cycles(s))|
        +------------------------------+-------------------+---------+------------+----------+-----------+-------+------------+------------------------------------------------+

        * Loop: 
        N/A

============================================================
+ Verbose Summary: Synthesis Manager
============================================================
InlineROM: 1
ExposeGlobal: 0
============================================================
+ Verbose Summary: CDFG Model
============================================================
IsTopModel: 1
ResetActiveHigh: 1
IsCombinational: 2
IsDatapathOnly: 0
HasWiredReturn: 1
HasMFsm: 0
HasVarLatency: 1
IsPipeline: 0
IsRtlPipelined: 0
IsInstanceOverlapped: 0
IsDontTouch: 0
HasImplIP: 0
IsGatedGlobalClock: 0


============================================================
+ Verbose Summary: Schedule
============================================================
* Number of FSM states : 6
* Pipeline : 0
* Dataflow Pipeline: 1
  DF-Pipeline-0: Size = 6, States = { 1 2 3 4 5 6 }

* FSM state transitions: 
1 --> 2 
2 --> 3 
3 --> 4 
4 --> 5 
5 --> 6 
6 --> 

* FSM state operations: 

State 1 <SV = 0> <Delay = 2.46>
ST_1 : Operation 7 [1/1] (0.00ns)   --->   "%degree_read = read i32 @_ssdm_op_Read.ap_auto.i32, i32 %degree" [../src/msm.cpp:636]   --->   Operation 7 'read' 'degree_read' <Predicate = true> <Delay = 0.00>
ST_1 : Operation 8 [1/1] (1.00ns)   --->   "%result_t_read = read i64 @_ssdm_op_Read.s_axilite.i64, i64 %result_t" [../src/msm.cpp:636]   --->   Operation 8 'read' 'result_t_read' <Predicate = true> <Delay = 1.00> <CoreInst = "s_axilite">   --->   Core 120 's_axilite' <Latency = 0> <II = 1> <Delay = 1.00> <Adapter> <Opcode : 'read' 'write'>
ST_1 : Operation 9 [1/1] (1.00ns)   --->   "%result_z_read = read i64 @_ssdm_op_Read.s_axilite.i64, i64 %result_z" [../src/msm.cpp:636]   --->   Operation 9 'read' 'result_z_read' <Predicate = true> <Delay = 1.00> <CoreInst = "s_axilite">   --->   Core 120 's_axilite' <Latency = 0> <II = 1> <Delay = 1.00> <Adapter> <Opcode : 'read' 'write'>
ST_1 : Operation 10 [1/1] (1.00ns)   --->   "%result_y_read = read i64 @_ssdm_op_Read.s_axilite.i64, i64 %result_y" [../src/msm.cpp:636]   --->   Operation 10 'read' 'result_y_read' <Predicate = true> <Delay = 1.00> <CoreInst = "s_axilite">   --->   Core 120 's_axilite' <Latency = 0> <II = 1> <Delay = 1.00> <Adapter> <Opcode : 'read' 'write'>
ST_1 : Operation 11 [1/1] (1.00ns)   --->   "%result_x_read = read i64 @_ssdm_op_Read.s_axilite.i64, i64 %result_x" [../src/msm.cpp:636]   --->   Operation 11 'read' 'result_x_read' <Predicate = true> <Delay = 1.00> <CoreInst = "s_axilite">   --->   Core 120 's_axilite' <Latency = 0> <II = 1> <Delay = 1.00> <Adapter> <Opcode : 'read' 'write'>
ST_1 : Operation 12 [1/1] (1.00ns)   --->   "%t_array_read = read i64 @_ssdm_op_Read.s_axilite.i64, i64 %t_array" [../src/msm.cpp:636]   --->   Operation 12 'read' 't_array_read' <Predicate = true> <Delay = 1.00> <CoreInst = "s_axilite">   --->   Core 120 's_axilite' <Latency = 0> <II = 1> <Delay = 1.00> <Adapter> <Opcode : 'read' 'write'>
ST_1 : Operation 13 [1/1] (1.00ns)   --->   "%z_array_read = read i64 @_ssdm_op_Read.s_axilite.i64, i64 %z_array" [../src/msm.cpp:636]   --->   Operation 13 'read' 'z_array_read' <Predicate = true> <Delay = 1.00> <CoreInst = "s_axilite">   --->   Core 120 's_axilite' <Latency = 0> <II = 1> <Delay = 1.00> <Adapter> <Opcode : 'read' 'write'>
ST_1 : Operation 14 [1/1] (1.00ns)   --->   "%y_array_read = read i64 @_ssdm_op_Read.s_axilite.i64, i64 %y_array" [../src/msm.cpp:636]   --->   Operation 14 'read' 'y_array_read' <Predicate = true> <Delay = 1.00> <CoreInst = "s_axilite">   --->   Core 120 's_axilite' <Latency = 0> <II = 1> <Delay = 1.00> <Adapter> <Opcode : 'read' 'write'>
ST_1 : Operation 15 [1/1] (1.00ns)   --->   "%x_array_read = read i64 @_ssdm_op_Read.s_axilite.i64, i64 %x_array" [../src/msm.cpp:636]   --->   Operation 15 'read' 'x_array_read' <Predicate = true> <Delay = 1.00> <CoreInst = "s_axilite">   --->   Core 120 's_axilite' <Latency = 0> <II = 1> <Delay = 1.00> <Adapter> <Opcode : 'read' 'write'>
ST_1 : Operation 16 [1/1] (0.00ns)   --->   "%result_t_c = alloca i64 1" [../src/msm.cpp:636]   --->   Operation 16 'alloca' 'result_t_c' <Predicate = true> <Delay = 0.00> <CoreInst = "FIFO_SRL">   --->   Core 80 'FIFO_SRL' <Latency = 0> <II = 1> <Delay = 1.83> <Storage> <Opcode : 'read' 'write' 'nbread' 'nbwrite'> <Ports = 0> <Width = 64> <Depth = 4> <FIFO>
ST_1 : Operation 17 [1/1] (0.00ns)   --->   "%result_z_c = alloca i64 1" [../src/msm.cpp:636]   --->   Operation 17 'alloca' 'result_z_c' <Predicate = true> <Delay = 0.00> <CoreInst = "FIFO_SRL">   --->   Core 80 'FIFO_SRL' <Latency = 0> <II = 1> <Delay = 1.83> <Storage> <Opcode : 'read' 'write' 'nbread' 'nbwrite'> <Ports = 0> <Width = 64> <Depth = 4> <FIFO>
ST_1 : Operation 18 [1/1] (0.00ns)   --->   "%result_y_c = alloca i64 1" [../src/msm.cpp:636]   --->   Operation 18 'alloca' 'result_y_c' <Predicate = true> <Delay = 0.00> <CoreInst = "FIFO_SRL">   --->   Core 80 'FIFO_SRL' <Latency = 0> <II = 1> <Delay = 1.83> <Storage> <Opcode : 'read' 'write' 'nbread' 'nbwrite'> <Ports = 0> <Width = 64> <Depth = 4> <FIFO>
ST_1 : Operation 19 [1/1] (0.00ns)   --->   "%result_x_c = alloca i64 1" [../src/msm.cpp:636]   --->   Operation 19 'alloca' 'result_x_c' <Predicate = true> <Delay = 0.00> <CoreInst = "FIFO_SRL">   --->   Core 80 'FIFO_SRL' <Latency = 0> <II = 1> <Delay = 1.83> <Storage> <Opcode : 'read' 'write' 'nbread' 'nbwrite'> <Ports = 0> <Width = 64> <Depth = 4> <FIFO>
ST_1 : Operation 20 [1/1] (1.46ns)   --->   "%call_ln636 = call void @entry_proc, i64 %result_x_read, i64 %result_x_c, i64 %result_y_read, i64 %result_y_c, i64 %result_z_read, i64 %result_z_c, i64 %result_t_read, i64 %result_t_c" [../src/msm.cpp:636]   --->   Operation 20 'call' 'call_ln636' <Predicate = true> <Delay = 1.46> <CoreType = "Generic">   --->   Generic Core
ST_1 : Operation 21 [2/2] (1.44ns)   --->   "%call_ln637 = call void @data_loader, i256 %gmem0, i64 %x_array_read, i256 %gmem1, i64 %y_array_read, i256 %gmem2, i64 %z_array_read, i256 %gmem3, i64 %t_array_read, i256 %scalar_array, i32 %degree_read, i256 %x_point_stream, i256 %y_point_stream, i256 %z_point_stream, i256 %t_point_stream, i256 %scalar_point_stream" [../src/msm.cpp:637]   --->   Operation 21 'call' 'call_ln637' <Predicate = true> <Delay = 1.44> <CoreType = "Generic">   --->   Generic Core

State 2 <SV = 1> <Delay = 0.00>
ST_2 : Operation 22 [1/2] (0.00ns)   --->   "%call_ln637 = call void @data_loader, i256 %gmem0, i64 %x_array_read, i256 %gmem1, i64 %y_array_read, i256 %gmem2, i64 %z_array_read, i256 %gmem3, i64 %t_array_read, i256 %scalar_array, i32 %degree_read, i256 %x_point_stream, i256 %y_point_stream, i256 %z_point_stream, i256 %t_point_stream, i256 %scalar_point_stream" [../src/msm.cpp:637]   --->   Operation 22 'call' 'call_ln637' <Predicate = true> <Delay = 0.00> <CoreType = "Generic">   --->   Generic Core

State 3 <SV = 2> <Delay = 0.00>
ST_3 : Operation 23 [2/2] (0.00ns)   --->   "%call_ln639 = call void @pippenger_control, i256 %x_point_stream, i256 %y_point_stream, i256 %z_point_stream, i256 %t_point_stream, i256 %scalar_point_stream, i1024 %point_result_stream" [../src/msm.cpp:639]   --->   Operation 23 'call' 'call_ln639' <Predicate = true> <Delay = 0.00> <CoreType = "Generic">   --->   Generic Core

State 4 <SV = 3> <Delay = 0.00>
ST_4 : Operation 24 [1/2] (0.00ns)   --->   "%call_ln639 = call void @pippenger_control, i256 %x_point_stream, i256 %y_point_stream, i256 %z_point_stream, i256 %t_point_stream, i256 %scalar_point_stream, i1024 %point_result_stream" [../src/msm.cpp:639]   --->   Operation 24 'call' 'call_ln639' <Predicate = true> <Delay = 0.00> <CoreType = "Generic">   --->   Generic Core

State 5 <SV = 4> <Delay = 0.00>
ST_5 : Operation 25 [2/2] (0.00ns)   --->   "%call_ln647 = call void @WriteBack, i256 %gmem0, i64 %result_x_c, i256 %gmem1, i64 %result_y_c, i256 %gmem2, i64 %result_z_c, i256 %gmem3, i64 %result_t_c, i1024 %point_result_stream" [../src/msm.cpp:647]   --->   Operation 25 'call' 'call_ln647' <Predicate = true> <Delay = 0.00> <CoreType = "Generic">   --->   Generic Core

State 6 <SV = 5> <Delay = 0.00>
ST_6 : Operation 26 [1/1] (0.00ns)   --->   "%empty = specchannel i32 @_ssdm_op_SpecChannel, void @result_t_c_str, i32 1, void @p_str, void @p_str, i32 4, i32 0, i64 %result_t_c, i64 %result_t_c" [../src/msm.cpp:636]   --->   Operation 26 'specchannel' 'empty' <Predicate = true> <Delay = 0.00>
ST_6 : Operation 27 [1/1] (0.00ns)   --->   "%specinterface_ln636 = specinterface void @_ssdm_op_SpecInterface, i64 %result_t_c, void @ap_fifo_str, i32 0, i32 0, void @p_str, i32 0, i32 0, void @p_str, void @p_str, void @p_str, i32 2, i32 2, i32 16, i32 16, void @p_str, void @p_str, i32 4294967295, i32 0, i32 0" [../src/msm.cpp:636]   --->   Operation 27 'specinterface' 'specinterface_ln636' <Predicate = true> <Delay = 0.00>
ST_6 : Operation 28 [1/1] (0.00ns)   --->   "%empty_41 = specchannel i32 @_ssdm_op_SpecChannel, void @result_z_c_str, i32 1, void @p_str, void @p_str, i32 4, i32 0, i64 %result_z_c, i64 %result_z_c" [../src/msm.cpp:636]   --->   Operation 28 'specchannel' 'empty_41' <Predicate = true> <Delay = 0.00>
ST_6 : Operation 29 [1/1] (0.00ns)   --->   "%specinterface_ln636 = specinterface void @_ssdm_op_SpecInterface, i64 %result_z_c, void @ap_fifo_str, i32 0, i32 0, void @p_str, i32 0, i32 0, void @p_str, void @p_str, void @p_str, i32 2, i32 2, i32 16, i32 16, void @p_str, void @p_str, i32 4294967295, i32 0, i32 0" [../src/msm.cpp:636]   --->   Operation 29 'specinterface' 'specinterface_ln636' <Predicate = true> <Delay = 0.00>
ST_6 : Operation 30 [1/1] (0.00ns)   --->   "%empty_42 = specchannel i32 @_ssdm_op_SpecChannel, void @result_y_c_str, i32 1, void @p_str, void @p_str, i32 4, i32 0, i64 %result_y_c, i64 %result_y_c" [../src/msm.cpp:636]   --->   Operation 30 'specchannel' 'empty_42' <Predicate = true> <Delay = 0.00>
ST_6 : Operation 31 [1/1] (0.00ns)   --->   "%specinterface_ln636 = specinterface void @_ssdm_op_SpecInterface, i64 %result_y_c, void @ap_fifo_str, i32 0, i32 0, void @p_str, i32 0, i32 0, void @p_str, void @p_str, void @p_str, i32 2, i32 2, i32 16, i32 16, void @p_str, void @p_str, i32 4294967295, i32 0, i32 0" [../src/msm.cpp:636]   --->   Operation 31 'specinterface' 'specinterface_ln636' <Predicate = true> <Delay = 0.00>
ST_6 : Operation 32 [1/1] (0.00ns)   --->   "%empty_43 = specchannel i32 @_ssdm_op_SpecChannel, void @result_x_c_str, i32 1, void @p_str, void @p_str, i32 4, i32 0, i64 %result_x_c, i64 %result_x_c" [../src/msm.cpp:636]   --->   Operation 32 'specchannel' 'empty_43' <Predicate = true> <Delay = 0.00>
ST_6 : Operation 33 [1/1] (0.00ns)   --->   "%specinterface_ln636 = specinterface void @_ssdm_op_SpecInterface, i64 %result_x_c, void @ap_fifo_str, i32 0, i32 0, void @p_str, i32 0, i32 0, void @p_str, void @p_str, void @p_str, i32 2, i32 2, i32 16, i32 16, void @p_str, void @p_str, i32 4294967295, i32 0, i32 0" [../src/msm.cpp:636]   --->   Operation 33 'specinterface' 'specinterface_ln636' <Predicate = true> <Delay = 0.00>
ST_6 : Operation 34 [1/1] (0.00ns)   --->   "%specdataflowpipeline_ln636 = specdataflowpipeline void @_ssdm_op_SpecDataflowPipeline, i32 4294967295, i32 0, void @empty_15" [../src/msm.cpp:636]   --->   Operation 34 'specdataflowpipeline' 'specdataflowpipeline_ln636' <Predicate = true> <Delay = 0.00>
ST_6 : Operation 35 [1/1] (0.00ns)   --->   "%empty_44 = specchannel i32 @_ssdm_op_SpecChannel, void @point_result_stream_str, i32 1, void @p_str, void @p_str, i32 64, i32 64, i1024 %point_result_stream, i1024 %point_result_stream"   --->   Operation 35 'specchannel' 'empty_44' <Predicate = true> <Delay = 0.00>
ST_6 : Operation 36 [1/1] (0.00ns)   --->   "%empty_45 = specchannel i32 @_ssdm_op_SpecChannel, void @scalar_point_stream_str, i32 1, void @p_str, void @p_str, i32 64, i32 64, i256 %scalar_point_stream, i256 %scalar_point_stream"   --->   Operation 36 'specchannel' 'empty_45' <Predicate = true> <Delay = 0.00>
ST_6 : Operation 37 [1/1] (0.00ns)   --->   "%empty_46 = specchannel i32 @_ssdm_op_SpecChannel, void @t_point_stream_str, i32 1, void @p_str, void @p_str, i32 2, i32 2, i256 %t_point_stream, i256 %t_point_stream"   --->   Operation 37 'specchannel' 'empty_46' <Predicate = true> <Delay = 0.00>
ST_6 : Operation 38 [1/1] (0.00ns)   --->   "%empty_47 = specchannel i32 @_ssdm_op_SpecChannel, void @x_point_stream_str, i32 1, void @p_str, void @p_str, i32 64, i32 64, i256 %x_point_stream, i256 %x_point_stream"   --->   Operation 38 'specchannel' 'empty_47' <Predicate = true> <Delay = 0.00>
ST_6 : Operation 39 [1/1] (0.00ns)   --->   "%empty_48 = specchannel i32 @_ssdm_op_SpecChannel, void @y_point_stream_str, i32 1, void @p_str, void @p_str, i32 64, i32 64, i256 %y_point_stream, i256 %y_point_stream"   --->   Operation 39 'specchannel' 'empty_48' <Predicate = true> <Delay = 0.00>
ST_6 : Operation 40 [1/1] (0.00ns)   --->   "%empty_49 = specchannel i32 @_ssdm_op_SpecChannel, void @z_point_stream_str, i32 1, void @p_str, void @p_str, i32 64, i32 64, i256 %z_point_stream, i256 %z_point_stream"   --->   Operation 40 'specchannel' 'empty_49' <Predicate = true> <Delay = 0.00>
ST_6 : Operation 41 [1/1] (0.00ns)   --->   "%spectopmodule_ln602 = spectopmodule void @_ssdm_op_SpecTopModule, void @empty_18" [../src/msm.cpp:602]   --->   Operation 41 'spectopmodule' 'spectopmodule_ln602' <Predicate = true> <Delay = 0.00>
ST_6 : Operation 42 [1/1] (0.00ns)   --->   "%specinterface_ln0 = specinterface void @_ssdm_op_SpecInterface, i256 %gmem0, void @empty_11, i32 0, i32 0, void @empty_15, i32 0, i32 0, void @empty_0, void @empty_1, void @empty_15, i32 16, i32 16, i32 16, i32 16, void @empty_15, void @empty_15, i32 4294967295, i32 0, i32 0"   --->   Operation 42 'specinterface' 'specinterface_ln0' <Predicate = true> <Delay = 0.00>
ST_6 : Operation 43 [1/1] (0.00ns)   --->   "%specbitsmap_ln0 = specbitsmap void @_ssdm_op_SpecBitsMap, i256 %gmem0"   --->   Operation 43 'specbitsmap' 'specbitsmap_ln0' <Predicate = true> <Delay = 0.00>
ST_6 : Operation 44 [1/1] (0.00ns)   --->   "%specinterface_ln0 = specinterface void @_ssdm_op_SpecInterface, i256 %gmem1, void @empty_11, i32 0, i32 0, void @empty_15, i32 0, i32 0, void @empty_24, void @empty_1, void @empty_15, i32 16, i32 16, i32 16, i32 16, void @empty_15, void @empty_15, i32 4294967295, i32 0, i32 0"   --->   Operation 44 'specinterface' 'specinterface_ln0' <Predicate = true> <Delay = 0.00>
ST_6 : Operation 45 [1/1] (0.00ns)   --->   "%specbitsmap_ln0 = specbitsmap void @_ssdm_op_SpecBitsMap, i256 %gmem1"   --->   Operation 45 'specbitsmap' 'specbitsmap_ln0' <Predicate = true> <Delay = 0.00>
ST_6 : Operation 46 [1/1] (0.00ns)   --->   "%specinterface_ln0 = specinterface void @_ssdm_op_SpecInterface, i256 %gmem2, void @empty_11, i32 0, i32 0, void @empty_15, i32 0, i32 0, void @empty_23, void @empty_1, void @empty_15, i32 16, i32 16, i32 16, i32 16, void @empty_15, void @empty_15, i32 4294967295, i32 0, i32 0"   --->   Operation 46 'specinterface' 'specinterface_ln0' <Predicate = true> <Delay = 0.00>
ST_6 : Operation 47 [1/1] (0.00ns)   --->   "%specbitsmap_ln0 = specbitsmap void @_ssdm_op_SpecBitsMap, i256 %gmem2"   --->   Operation 47 'specbitsmap' 'specbitsmap_ln0' <Predicate = true> <Delay = 0.00>
ST_6 : Operation 48 [1/1] (0.00ns)   --->   "%specinterface_ln0 = specinterface void @_ssdm_op_SpecInterface, i256 %gmem3, void @empty_11, i32 0, i32 0, void @empty_15, i32 0, i32 0, void @empty_22, void @empty_1, void @empty_15, i32 16, i32 16, i32 16, i32 16, void @empty_15, void @empty_15, i32 4294967295, i32 0, i32 0"   --->   Operation 48 'specinterface' 'specinterface_ln0' <Predicate = true> <Delay = 0.00>
ST_6 : Operation 49 [1/1] (0.00ns)   --->   "%specbitsmap_ln0 = specbitsmap void @_ssdm_op_SpecBitsMap, i256 %gmem3"   --->   Operation 49 'specbitsmap' 'specbitsmap_ln0' <Predicate = true> <Delay = 0.00>
ST_6 : Operation 50 [1/1] (0.00ns)   --->   "%specinterface_ln0 = specinterface void @_ssdm_op_SpecInterface, i64 %x_array, void @empty_21, i32 0, i32 0, void @empty_15, i32 0, i32 0, void @empty_20, void @empty_19, void @empty_15, i32 0, i32 0, i32 0, i32 0, void @empty_15, void @empty_10, i32 4294967295, i32 0, i32 0"   --->   Operation 50 'specinterface' 'specinterface_ln0' <Predicate = true> <Delay = 0.00>
ST_6 : Operation 51 [1/1] (0.00ns)   --->   "%specinterface_ln0 = specinterface void @_ssdm_op_SpecInterface, i64 %x_array, void @empty_4, i32 0, i32 0, void @empty_15, i32 0, i32 0, void @empty_15, void @empty_15, void @empty_15, i32 0, i32 0, i32 0, i32 0, void @empty_15, void @empty_10, i32 4294967295, i32 0, i32 0"   --->   Operation 51 'specinterface' 'specinterface_ln0' <Predicate = true> <Delay = 0.00>
ST_6 : Operation 52 [1/1] (0.00ns)   --->   "%specinterface_ln0 = specinterface void @_ssdm_op_SpecInterface, i64 %y_array, void @empty_21, i32 0, i32 0, void @empty_15, i32 0, i32 0, void @empty_20, void @empty_17, void @empty_15, i32 0, i32 0, i32 0, i32 0, void @empty_15, void @empty_10, i32 4294967295, i32 0, i32 0"   --->   Operation 52 'specinterface' 'specinterface_ln0' <Predicate = true> <Delay = 0.00>
ST_6 : Operation 53 [1/1] (0.00ns)   --->   "%specinterface_ln0 = specinterface void @_ssdm_op_SpecInterface, i64 %y_array, void @empty_4, i32 0, i32 0, void @empty_15, i32 0, i32 0, void @empty_15, void @empty_15, void @empty_15, i32 0, i32 0, i32 0, i32 0, void @empty_15, void @empty_10, i32 4294967295, i32 0, i32 0"   --->   Operation 53 'specinterface' 'specinterface_ln0' <Predicate = true> <Delay = 0.00>
ST_6 : Operation 54 [1/1] (0.00ns)   --->   "%specinterface_ln0 = specinterface void @_ssdm_op_SpecInterface, i64 %z_array, void @empty_21, i32 0, i32 0, void @empty_15, i32 0, i32 0, void @empty_20, void @empty_9, void @empty_15, i32 0, i32 0, i32 0, i32 0, void @empty_15, void @empty_10, i32 4294967295, i32 0, i32 0"   --->   Operation 54 'specinterface' 'specinterface_ln0' <Predicate = true> <Delay = 0.00>
ST_6 : Operation 55 [1/1] (0.00ns)   --->   "%specinterface_ln0 = specinterface void @_ssdm_op_SpecInterface, i64 %z_array, void @empty_4, i32 0, i32 0, void @empty_15, i32 0, i32 0, void @empty_15, void @empty_15, void @empty_15, i32 0, i32 0, i32 0, i32 0, void @empty_15, void @empty_10, i32 4294967295, i32 0, i32 0"   --->   Operation 55 'specinterface' 'specinterface_ln0' <Predicate = true> <Delay = 0.00>
ST_6 : Operation 56 [1/1] (0.00ns)   --->   "%specinterface_ln0 = specinterface void @_ssdm_op_SpecInterface, i64 %t_array, void @empty_21, i32 0, i32 0, void @empty_15, i32 0, i32 0, void @empty_20, void @empty, void @empty_15, i32 0, i32 0, i32 0, i32 0, void @empty_15, void @empty_10, i32 4294967295, i32 0, i32 0"   --->   Operation 56 'specinterface' 'specinterface_ln0' <Predicate = true> <Delay = 0.00>
ST_6 : Operation 57 [1/1] (0.00ns)   --->   "%specinterface_ln0 = specinterface void @_ssdm_op_SpecInterface, i64 %t_array, void @empty_4, i32 0, i32 0, void @empty_15, i32 0, i32 0, void @empty_15, void @empty_15, void @empty_15, i32 0, i32 0, i32 0, i32 0, void @empty_15, void @empty_10, i32 4294967295, i32 0, i32 0"   --->   Operation 57 'specinterface' 'specinterface_ln0' <Predicate = true> <Delay = 0.00>
ST_6 : Operation 58 [1/1] (0.00ns)   --->   "%specbitsmap_ln0 = specbitsmap void @_ssdm_op_SpecBitsMap, i256 %scalar_array"   --->   Operation 58 'specbitsmap' 'specbitsmap_ln0' <Predicate = true> <Delay = 0.00>
ST_6 : Operation 59 [1/1] (0.00ns)   --->   "%specinterface_ln0 = specinterface void @_ssdm_op_SpecInterface, i256 %scalar_array, void @empty_4, i32 0, i32 0, void @empty_15, i32 0, i32 0, void @empty_15, void @empty_15, void @empty_15, i32 0, i32 0, i32 0, i32 0, void @empty_15, void @empty_15, i32 4294967295, i32 0, i32 0"   --->   Operation 59 'specinterface' 'specinterface_ln0' <Predicate = true> <Delay = 0.00>
ST_6 : Operation 60 [1/1] (0.00ns)   --->   "%specinterface_ln0 = specinterface void @_ssdm_op_SpecInterface, i64 %result_x, void @empty_21, i32 0, i32 0, void @empty_15, i32 0, i32 0, void @empty_20, void @empty_16, void @empty_15, i32 0, i32 0, i32 0, i32 0, void @empty_15, void @empty_10, i32 4294967295, i32 0, i32 0"   --->   Operation 60 'specinterface' 'specinterface_ln0' <Predicate = true> <Delay = 0.00>
ST_6 : Operation 61 [1/1] (0.00ns)   --->   "%specinterface_ln0 = specinterface void @_ssdm_op_SpecInterface, i64 %result_x, void @empty_4, i32 0, i32 0, void @empty_15, i32 0, i32 0, void @empty_15, void @empty_15, void @empty_15, i32 0, i32 0, i32 0, i32 0, void @empty_15, void @empty_10, i32 4294967295, i32 0, i32 0"   --->   Operation 61 'specinterface' 'specinterface_ln0' <Predicate = true> <Delay = 0.00>
ST_6 : Operation 62 [1/1] (0.00ns)   --->   "%specinterface_ln0 = specinterface void @_ssdm_op_SpecInterface, i64 %result_y, void @empty_21, i32 0, i32 0, void @empty_15, i32 0, i32 0, void @empty_20, void @empty_14, void @empty_15, i32 0, i32 0, i32 0, i32 0, void @empty_15, void @empty_10, i32 4294967295, i32 0, i32 0"   --->   Operation 62 'specinterface' 'specinterface_ln0' <Predicate = true> <Delay = 0.00>
ST_6 : Operation 63 [1/1] (0.00ns)   --->   "%specinterface_ln0 = specinterface void @_ssdm_op_SpecInterface, i64 %result_y, void @empty_4, i32 0, i32 0, void @empty_15, i32 0, i32 0, void @empty_15, void @empty_15, void @empty_15, i32 0, i32 0, i32 0, i32 0, void @empty_15, void @empty_10, i32 4294967295, i32 0, i32 0"   --->   Operation 63 'specinterface' 'specinterface_ln0' <Predicate = true> <Delay = 0.00>
ST_6 : Operation 64 [1/1] (0.00ns)   --->   "%specinterface_ln0 = specinterface void @_ssdm_op_SpecInterface, i64 %result_z, void @empty_21, i32 0, i32 0, void @empty_15, i32 0, i32 0, void @empty_20, void @empty_2, void @empty_15, i32 0, i32 0, i32 0, i32 0, void @empty_15, void @empty_10, i32 4294967295, i32 0, i32 0"   --->   Operation 64 'specinterface' 'specinterface_ln0' <Predicate = true> <Delay = 0.00>
ST_6 : Operation 65 [1/1] (0.00ns)   --->   "%specinterface_ln0 = specinterface void @_ssdm_op_SpecInterface, i64 %result_z, void @empty_4, i32 0, i32 0, void @empty_15, i32 0, i32 0, void @empty_15, void @empty_15, void @empty_15, i32 0, i32 0, i32 0, i32 0, void @empty_15, void @empty_10, i32 4294967295, i32 0, i32 0"   --->   Operation 65 'specinterface' 'specinterface_ln0' <Predicate = true> <Delay = 0.00>
ST_6 : Operation 66 [1/1] (0.00ns)   --->   "%specinterface_ln0 = specinterface void @_ssdm_op_SpecInterface, i64 %result_t, void @empty_21, i32 0, i32 0, void @empty_15, i32 0, i32 0, void @empty_20, void @empty_12, void @empty_15, i32 0, i32 0, i32 0, i32 0, void @empty_15, void @empty_10, i32 4294967295, i32 0, i32 0"   --->   Operation 66 'specinterface' 'specinterface_ln0' <Predicate = true> <Delay = 0.00>
ST_6 : Operation 67 [1/1] (0.00ns)   --->   "%specinterface_ln0 = specinterface void @_ssdm_op_SpecInterface, i64 %result_t, void @empty_4, i32 0, i32 0, void @empty_15, i32 0, i32 0, void @empty_15, void @empty_15, void @empty_15, i32 0, i32 0, i32 0, i32 0, void @empty_15, void @empty_10, i32 4294967295, i32 0, i32 0"   --->   Operation 67 'specinterface' 'specinterface_ln0' <Predicate = true> <Delay = 0.00>
ST_6 : Operation 68 [1/1] (0.00ns)   --->   "%specbitsmap_ln0 = specbitsmap void @_ssdm_op_SpecBitsMap, i32 %degree"   --->   Operation 68 'specbitsmap' 'specbitsmap_ln0' <Predicate = true> <Delay = 0.00>
ST_6 : Operation 69 [1/1] (0.00ns)   --->   "%specinterface_ln0 = specinterface void @_ssdm_op_SpecInterface, i32 %degree, void @empty_4, i32 0, i32 0, void @empty_15, i32 0, i32 0, void @empty_15, void @empty_15, void @empty_15, i32 0, i32 0, i32 0, i32 0, void @empty_15, void @empty_15, i32 4294967295, i32 0, i32 0"   --->   Operation 69 'specinterface' 'specinterface_ln0' <Predicate = true> <Delay = 0.00>
ST_6 : Operation 70 [1/1] (0.00ns)   --->   "%specinterface_ln0 = specinterface void @_ssdm_op_SpecInterface, i256 %x_point_stream, void @empty_3, i32 0, i32 0, void @empty_15, i32 0, i32 0, void @empty_15, void @empty_15, void @empty_15, i32 0, i32 0, i32 0, i32 0, void @empty_15, void @empty_15, i32 4294967295, i32 0, i32 0"   --->   Operation 70 'specinterface' 'specinterface_ln0' <Predicate = true> <Delay = 0.00>
ST_6 : Operation 71 [1/1] (0.00ns)   --->   "%specinterface_ln0 = specinterface void @_ssdm_op_SpecInterface, i256 %y_point_stream, void @empty_3, i32 0, i32 0, void @empty_15, i32 0, i32 0, void @empty_15, void @empty_15, void @empty_15, i32 0, i32 0, i32 0, i32 0, void @empty_15, void @empty_15, i32 4294967295, i32 0, i32 0"   --->   Operation 71 'specinterface' 'specinterface_ln0' <Predicate = true> <Delay = 0.00>
ST_6 : Operation 72 [1/1] (0.00ns)   --->   "%specinterface_ln0 = specinterface void @_ssdm_op_SpecInterface, i256 %z_point_stream, void @empty_3, i32 0, i32 0, void @empty_15, i32 0, i32 0, void @empty_15, void @empty_15, void @empty_15, i32 0, i32 0, i32 0, i32 0, void @empty_15, void @empty_15, i32 4294967295, i32 0, i32 0"   --->   Operation 72 'specinterface' 'specinterface_ln0' <Predicate = true> <Delay = 0.00>
ST_6 : Operation 73 [1/1] (0.00ns)   --->   "%specinterface_ln0 = specinterface void @_ssdm_op_SpecInterface, i256 %t_point_stream, void @empty_3, i32 0, i32 0, void @empty_15, i32 0, i32 0, void @empty_15, void @empty_15, void @empty_15, i32 0, i32 0, i32 0, i32 0, void @empty_15, void @empty_15, i32 4294967295, i32 0, i32 0"   --->   Operation 73 'specinterface' 'specinterface_ln0' <Predicate = true> <Delay = 0.00>
ST_6 : Operation 74 [1/1] (0.00ns)   --->   "%specinterface_ln0 = specinterface void @_ssdm_op_SpecInterface, i256 %scalar_point_stream, void @empty_3, i32 0, i32 0, void @empty_15, i32 0, i32 0, void @empty_15, void @empty_15, void @empty_15, i32 0, i32 0, i32 0, i32 0, void @empty_15, void @empty_15, i32 4294967295, i32 0, i32 0"   --->   Operation 74 'specinterface' 'specinterface_ln0' <Predicate = true> <Delay = 0.00>
ST_6 : Operation 75 [1/1] (0.00ns)   --->   "%specinterface_ln0 = specinterface void @_ssdm_op_SpecInterface, i1024 %point_result_stream, void @empty_3, i32 0, i32 0, void @empty_15, i32 0, i32 0, void @empty_15, void @empty_15, void @empty_15, i32 0, i32 0, i32 0, i32 0, void @empty_15, void @empty_15, i32 4294967295, i32 0, i32 0"   --->   Operation 75 'specinterface' 'specinterface_ln0' <Predicate = true> <Delay = 0.00>
ST_6 : Operation 76 [1/2] (0.00ns)   --->   "%call_ln647 = call void @WriteBack, i256 %gmem0, i64 %result_x_c, i256 %gmem1, i64 %result_y_c, i256 %gmem2, i64 %result_z_c, i256 %gmem3, i64 %result_t_c, i1024 %point_result_stream" [../src/msm.cpp:647]   --->   Operation 76 'call' 'call_ln647' <Predicate = true> <Delay = 0.00> <CoreType = "Generic">   --->   Generic Core
ST_6 : Operation 77 [1/1] (0.00ns)   --->   "%ret_ln653 = ret" [../src/msm.cpp:653]   --->   Operation 77 'ret' 'ret_ln653' <Predicate = true> <Delay = 0.00>


============================================================
+ Verbose Summary: Binding
============================================================
STG Binding: 
---------------- STG Properties BEGIN ----------------
- Is combinational: 0
- Is one-state seq: 0
- Is datapath-only: 0
- Is pipelined: 0
- Is top level: 1
Port [ Return ] is wired: 1; IO mode=ap_ctrl_hs:ce=0
Port [ gmem0]:  wired=1; compound=1; hidden=0; nouse=0; global=0; static=0; extern=0; dir=2; type=4; pingpong=0; private_global=0; IO mode=m_axi:ce=0
Port [ gmem1]:  wired=1; compound=1; hidden=0; nouse=0; global=0; static=0; extern=0; dir=2; type=4; pingpong=0; private_global=0; IO mode=m_axi:ce=0
Port [ gmem2]:  wired=1; compound=1; hidden=0; nouse=0; global=0; static=0; extern=0; dir=2; type=4; pingpong=0; private_global=0; IO mode=m_axi:ce=0
Port [ gmem3]:  wired=1; compound=1; hidden=0; nouse=0; global=0; static=0; extern=0; dir=2; type=4; pingpong=0; private_global=0; IO mode=m_axi:ce=0
Port [ x_array]:  wired=1; compound=0; hidden=0; nouse=0; global=0; static=0; extern=0; dir=0; type=0; pingpong=0; private_global=0; IO mode=ap_none:ce=0
Port [ y_array]:  wired=1; compound=0; hidden=0; nouse=0; global=0; static=0; extern=0; dir=0; type=0; pingpong=0; private_global=0; IO mode=ap_none:ce=0
Port [ z_array]:  wired=1; compound=0; hidden=0; nouse=0; global=0; static=0; extern=0; dir=0; type=0; pingpong=0; private_global=0; IO mode=ap_none:ce=0
Port [ t_array]:  wired=1; compound=0; hidden=0; nouse=0; global=0; static=0; extern=0; dir=0; type=0; pingpong=0; private_global=0; IO mode=ap_none:ce=0
Port [ scalar_array]:  wired=1; compound=0; hidden=0; nouse=0; global=0; static=0; extern=0; dir=0; type=0; pingpong=0; private_global=0; IO mode=ap_none:ce=0
Port [ result_x]:  wired=1; compound=0; hidden=0; nouse=0; global=0; static=0; extern=0; dir=0; type=0; pingpong=0; private_global=0; IO mode=ap_none:ce=0
Port [ result_y]:  wired=1; compound=0; hidden=0; nouse=0; global=0; static=0; extern=0; dir=0; type=0; pingpong=0; private_global=0; IO mode=ap_none:ce=0
Port [ result_z]:  wired=1; compound=0; hidden=0; nouse=0; global=0; static=0; extern=0; dir=0; type=0; pingpong=0; private_global=0; IO mode=ap_none:ce=0
Port [ result_t]:  wired=1; compound=0; hidden=0; nouse=0; global=0; static=0; extern=0; dir=0; type=0; pingpong=0; private_global=0; IO mode=ap_none:ce=0
Port [ degree]:  wired=1; compound=0; hidden=0; nouse=0; global=0; static=0; extern=0; dir=0; type=0; pingpong=0; private_global=0; IO mode=ap_none:ce=0
Port [ x_point_stream]:  wired=0; compound=1; hidden=1; nouse=0; global=1; static=1; extern=0; dir=2; type=3; pingpong=0; private_global=1; IO mode=ap_fifo:ce=0
Port [ y_point_stream]:  wired=0; compound=1; hidden=1; nouse=0; global=1; static=1; extern=0; dir=2; type=3; pingpong=0; private_global=1; IO mode=ap_fifo:ce=0
Port [ z_point_stream]:  wired=0; compound=1; hidden=1; nouse=0; global=1; static=1; extern=0; dir=2; type=3; pingpong=0; private_global=1; IO mode=ap_fifo:ce=0
Port [ t_point_stream]:  wired=0; compound=1; hidden=1; nouse=0; global=1; static=1; extern=0; dir=2; type=3; pingpong=0; private_global=1; IO mode=ap_fifo:ce=0
Port [ scalar_point_stream]:  wired=0; compound=1; hidden=1; nouse=0; global=1; static=1; extern=0; dir=2; type=3; pingpong=0; private_global=1; IO mode=ap_fifo:ce=0
Port [ point_result_stream]:  wired=0; compound=1; hidden=1; nouse=0; global=1; static=1; extern=0; dir=2; type=3; pingpong=0; private_global=1; IO mode=ap_fifo:ce=0
---------------- STG Properties END ------------------

---------------- Datapath Model BEGIN ----------------

<LifeTime>
<method=bitvector/>
degree_read                (read                ) [ 0010000]
result_t_read              (read                ) [ 0000000]
result_z_read              (read                ) [ 0000000]
result_y_read              (read                ) [ 0000000]
result_x_read              (read                ) [ 0000000]
t_array_read               (read                ) [ 0010000]
z_array_read               (read                ) [ 0010000]
y_array_read               (read                ) [ 0010000]
x_array_read               (read                ) [ 0010000]
result_t_c                 (alloca              ) [ 0111111]
result_z_c                 (alloca              ) [ 0111111]
result_y_c                 (alloca              ) [ 0111111]
result_x_c                 (alloca              ) [ 0111111]
call_ln636                 (call                ) [ 0000000]
call_ln637                 (call                ) [ 0000000]
call_ln639                 (call                ) [ 0000000]
empty                      (specchannel         ) [ 0000000]
specinterface_ln636        (specinterface       ) [ 0000000]
empty_41                   (specchannel         ) [ 0000000]
specinterface_ln636        (specinterface       ) [ 0000000]
empty_42                   (specchannel         ) [ 0000000]
specinterface_ln636        (specinterface       ) [ 0000000]
empty_43                   (specchannel         ) [ 0000000]
specinterface_ln636        (specinterface       ) [ 0000000]
specdataflowpipeline_ln636 (specdataflowpipeline) [ 0000000]
empty_44                   (specchannel         ) [ 0000000]
empty_45                   (specchannel         ) [ 0000000]
empty_46                   (specchannel         ) [ 0000000]
empty_47                   (specchannel         ) [ 0000000]
empty_48                   (specchannel         ) [ 0000000]
empty_49                   (specchannel         ) [ 0000000]
spectopmodule_ln602        (spectopmodule       ) [ 0000000]
specinterface_ln0          (specinterface       ) [ 0000000]
specbitsmap_ln0            (specbitsmap         ) [ 0000000]
specinterface_ln0          (specinterface       ) [ 0000000]
specbitsmap_ln0            (specbitsmap         ) [ 0000000]
specinterface_ln0          (specinterface       ) [ 0000000]
specbitsmap_ln0            (specbitsmap         ) [ 0000000]
specinterface_ln0          (specinterface       ) [ 0000000]
specbitsmap_ln0            (specbitsmap         ) [ 0000000]
specinterface_ln0          (specinterface       ) [ 0000000]
specinterface_ln0          (specinterface       ) [ 0000000]
specinterface_ln0          (specinterface       ) [ 0000000]
specinterface_ln0          (specinterface       ) [ 0000000]
specinterface_ln0          (specinterface       ) [ 0000000]
specinterface_ln0          (specinterface       ) [ 0000000]
specinterface_ln0          (specinterface       ) [ 0000000]
specinterface_ln0          (specinterface       ) [ 0000000]
specbitsmap_ln0            (specbitsmap         ) [ 0000000]
specinterface_ln0          (specinterface       ) [ 0000000]
specinterface_ln0          (specinterface       ) [ 0000000]
specinterface_ln0          (specinterface       ) [ 0000000]
specinterface_ln0          (specinterface       ) [ 0000000]
specinterface_ln0          (specinterface       ) [ 0000000]
specinterface_ln0          (specinterface       ) [ 0000000]
specinterface_ln0          (specinterface       ) [ 0000000]
specinterface_ln0          (specinterface       ) [ 0000000]
specinterface_ln0          (specinterface       ) [ 0000000]
specbitsmap_ln0            (specbitsmap         ) [ 0000000]
specinterface_ln0          (specinterface       ) [ 0000000]
specinterface_ln0          (specinterface       ) [ 0000000]
specinterface_ln0          (specinterface       ) [ 0000000]
specinterface_ln0          (specinterface       ) [ 0000000]
specinterface_ln0          (specinterface       ) [ 0000000]
specinterface_ln0          (specinterface       ) [ 0000000]
specinterface_ln0          (specinterface       ) [ 0000000]
call_ln647                 (call                ) [ 0000000]
ret_ln653                  (ret                 ) [ 0000000]
</LifeTime>

<model>

<comp_list>
<comp id="0" class="1000" name="gmem0">
<pin_list>
<pin id="1" dir="1" index="0" bw="1" slack="0"/>
</pin_list>
<bind>
<StgValue><ssdm name="gmem0"/><MemPortTyVec>2 </MemPortTyVec>
</StgValue>
</bind>
</comp>

<comp id="2" class="1000" name="gmem1">
<pin_list>
<pin id="3" dir="1" index="0" bw="1" slack="0"/>
</pin_list>
<bind>
<StgValue><ssdm name="gmem1"/><MemPortTyVec>2 </MemPortTyVec>
</StgValue>
</bind>
</comp>

<comp id="4" class="1000" name="gmem2">
<pin_list>
<pin id="5" dir="1" index="0" bw="1" slack="0"/>
</pin_list>
<bind>
<StgValue><ssdm name="gmem2"/><MemPortTyVec>2 </MemPortTyVec>
</StgValue>
</bind>
</comp>

<comp id="6" class="1000" name="gmem3">
<pin_list>
<pin id="7" dir="1" index="0" bw="1" slack="0"/>
</pin_list>
<bind>
<StgValue><ssdm name="gmem3"/><MemPortTyVec>2 </MemPortTyVec>
</StgValue>
</bind>
</comp>

<comp id="8" class="1000" name="x_array">
<pin_list>
<pin id="9" dir="1" index="0" bw="1" slack="0"/>
</pin_list>
<bind>
<StgValue><ssdm name="x_array"/></StgValue>
</bind>
</comp>

<comp id="10" class="1000" name="y_array">
<pin_list>
<pin id="11" dir="1" index="0" bw="1" slack="0"/>
</pin_list>
<bind>
<StgValue><ssdm name="y_array"/></StgValue>
</bind>
</comp>

<comp id="12" class="1000" name="z_array">
<pin_list>
<pin id="13" dir="1" index="0" bw="1" slack="0"/>
</pin_list>
<bind>
<StgValue><ssdm name="z_array"/></StgValue>
</bind>
</comp>

<comp id="14" class="1000" name="t_array">
<pin_list>
<pin id="15" dir="1" index="0" bw="1" slack="0"/>
</pin_list>
<bind>
<StgValue><ssdm name="t_array"/></StgValue>
</bind>
</comp>

<comp id="16" class="1000" name="scalar_array">
<pin_list>
<pin id="17" dir="1" index="0" bw="1" slack="0"/>
</pin_list>
<bind>
<StgValue><ssdm name="scalar_array"/></StgValue>
</bind>
</comp>

<comp id="18" class="1000" name="result_x">
<pin_list>
<pin id="19" dir="1" index="0" bw="1" slack="0"/>
</pin_list>
<bind>
<StgValue><ssdm name="result_x"/></StgValue>
</bind>
</comp>

<comp id="20" class="1000" name="result_y">
<pin_list>
<pin id="21" dir="1" index="0" bw="1" slack="0"/>
</pin_list>
<bind>
<StgValue><ssdm name="result_y"/></StgValue>
</bind>
</comp>

<comp id="22" class="1000" name="result_z">
<pin_list>
<pin id="23" dir="1" index="0" bw="1" slack="0"/>
</pin_list>
<bind>
<StgValue><ssdm name="result_z"/></StgValue>
</bind>
</comp>

<comp id="24" class="1000" name="result_t">
<pin_list>
<pin id="25" dir="1" index="0" bw="1" slack="0"/>
</pin_list>
<bind>
<StgValue><ssdm name="result_t"/></StgValue>
</bind>
</comp>

<comp id="26" class="1000" name="degree">
<pin_list>
<pin id="27" dir="1" index="0" bw="1" slack="0"/>
</pin_list>
<bind>
<StgValue><ssdm name="degree"/></StgValue>
</bind>
</comp>

<comp id="28" class="1000" name="x_point_stream">
<pin_list>
<pin id="29" dir="1" index="0" bw="1" slack="0"/>
</pin_list>
<bind>
<StgValue><ssdm name="x_point_stream"/></StgValue>
</bind>
</comp>

<comp id="30" class="1000" name="y_point_stream">
<pin_list>
<pin id="31" dir="1" index="0" bw="1" slack="0"/>
</pin_list>
<bind>
<StgValue><ssdm name="y_point_stream"/></StgValue>
</bind>
</comp>

<comp id="32" class="1000" name="z_point_stream">
<pin_list>
<pin id="33" dir="1" index="0" bw="1" slack="0"/>
</pin_list>
<bind>
<StgValue><ssdm name="z_point_stream"/></StgValue>
</bind>
</comp>

<comp id="34" class="1000" name="t_point_stream">
<pin_list>
<pin id="35" dir="1" index="0" bw="1" slack="0"/>
</pin_list>
<bind>
<StgValue><ssdm name="t_point_stream"/></StgValue>
</bind>
</comp>

<comp id="36" class="1000" name="scalar_point_stream">
<pin_list>
<pin id="37" dir="1" index="0" bw="1" slack="0"/>
</pin_list>
<bind>
<StgValue><ssdm name="scalar_point_stream"/></StgValue>
</bind>
</comp>

<comp id="38" class="1000" name="point_result_stream">
<pin_list>
<pin id="39" dir="1" index="0" bw="1" slack="0"/>
</pin_list>
<bind>
<StgValue><ssdm name="point_result_stream"/></StgValue>
</bind>
</comp>

<comp id="40" class="1001" name="const_40">
<pin_list>
<pin id="41" dir="1" index="0" bw="1" slack="0"/>
</pin_list>
<bind>
<StgValue><ssdm name="_ssdm_op_Read.ap_auto.i32"/></StgValue>
</bind>
</comp>

<comp id="42" class="1001" name="const_42">
<pin_list>
<pin id="43" dir="1" index="0" bw="1" slack="0"/>
</pin_list>
<bind>
<StgValue><ssdm name="_ssdm_op_Read.s_axilite.i64"/></StgValue>
</bind>
</comp>

<comp id="44" class="1001" name="const_44">
<pin_list>
<pin id="45" dir="1" index="0" bw="1" slack="0"/>
</pin_list>
<bind>
<StgValue><ssdm name=""/></StgValue>
</bind>
</comp>

<comp id="46" class="1001" name="const_46">
<pin_list>
<pin id="47" dir="1" index="0" bw="1" slack="0"/>
</pin_list>
<bind>
<StgValue><ssdm name="entry_proc"/></StgValue>
</bind>
</comp>

<comp id="48" class="1001" name="const_48">
<pin_list>
<pin id="49" dir="1" index="0" bw="1" slack="0"/>
</pin_list>
<bind>
<StgValue><ssdm name="data_loader"/></StgValue>
</bind>
</comp>

<comp id="50" class="1001" name="const_50">
<pin_list>
<pin id="51" dir="1" index="0" bw="1" slack="0"/>
</pin_list>
<bind>
<StgValue><ssdm name="pippenger_control"/></StgValue>
</bind>
</comp>

<comp id="52" class="1001" name="const_52">
<pin_list>
<pin id="53" dir="1" index="0" bw="1" slack="0"/>
</pin_list>
<bind>
<StgValue><ssdm name="WriteBack"/></StgValue>
</bind>
</comp>

<comp id="54" class="1001" name="const_54">
<pin_list>
<pin id="55" dir="1" index="0" bw="1" slack="2147483647"/>
</pin_list>
<bind>
<StgValue><ssdm name="_ssdm_op_SpecChannel"/></StgValue>
</bind>
</comp>

<comp id="56" class="1001" name="const_56">
<pin_list>
<pin id="57" dir="1" index="0" bw="1" slack="2147483647"/>
</pin_list>
<bind>
<StgValue><ssdm name="result_t_c_str"/></StgValue>
</bind>
</comp>

<comp id="58" class="1001" name="const_58">
<pin_list>
<pin id="59" dir="1" index="0" bw="1" slack="2147483647"/>
</pin_list>
<bind>
<StgValue><ssdm name=""/></StgValue>
</bind>
</comp>

<comp id="60" class="1001" name="const_60">
<pin_list>
<pin id="61" dir="1" index="0" bw="1" slack="2147483647"/>
</pin_list>
<bind>
<StgValue><ssdm name="p_str"/></StgValue>
</bind>
</comp>

<comp id="62" class="1001" name="const_62">
<pin_list>
<pin id="63" dir="1" index="0" bw="1" slack="2147483647"/>
</pin_list>
<bind>
<StgValue><ssdm name=""/></StgValue>
</bind>
</comp>

<comp id="64" class="1001" name="const_64">
<pin_list>
<pin id="65" dir="1" index="0" bw="1" slack="2147483647"/>
</pin_list>
<bind>
<StgValue><ssdm name=""/></StgValue>
</bind>
</comp>

<comp id="66" class="1001" name="const_66">
<pin_list>
<pin id="67" dir="1" index="0" bw="1" slack="2147483647"/>
</pin_list>
<bind>
<StgValue><ssdm name="_ssdm_op_SpecInterface"/></StgValue>
</bind>
</comp>

<comp id="68" class="1001" name="const_68">
<pin_list>
<pin id="69" dir="1" index="0" bw="1" slack="2147483647"/>
</pin_list>
<bind>
<StgValue><ssdm name="ap_fifo_str"/></StgValue>
</bind>
</comp>

<comp id="70" class="1001" name="const_70">
<pin_list>
<pin id="71" dir="1" index="0" bw="1" slack="2147483647"/>
</pin_list>
<bind>
<StgValue><ssdm name=""/></StgValue>
</bind>
</comp>

<comp id="72" class="1001" name="const_72">
<pin_list>
<pin id="73" dir="1" index="0" bw="1" slack="2147483647"/>
</pin_list>
<bind>
<StgValue><ssdm name=""/></StgValue>
</bind>
</comp>

<comp id="74" class="1001" name="const_74">
<pin_list>
<pin id="75" dir="1" index="0" bw="1" slack="2147483647"/>
</pin_list>
<bind>
<StgValue><ssdm name=""/></StgValue>
</bind>
</comp>

<comp id="76" class="1001" name="const_76">
<pin_list>
<pin id="77" dir="1" index="0" bw="1" slack="2147483647"/>
</pin_list>
<bind>
<StgValue><ssdm name="result_z_c_str"/></StgValue>
</bind>
</comp>

<comp id="78" class="1001" name="const_78">
<pin_list>
<pin id="79" dir="1" index="0" bw="1" slack="2147483647"/>
</pin_list>
<bind>
<StgValue><ssdm name="result_y_c_str"/></StgValue>
</bind>
</comp>

<comp id="80" class="1001" name="const_80">
<pin_list>
<pin id="81" dir="1" index="0" bw="1" slack="2147483647"/>
</pin_list>
<bind>
<StgValue><ssdm name="result_x_c_str"/></StgValue>
</bind>
</comp>

<comp id="82" class="1001" name="const_82">
<pin_list>
<pin id="83" dir="1" index="0" bw="1" slack="2147483647"/>
</pin_list>
<bind>
<StgValue><ssdm name="_ssdm_op_SpecDataflowPipeline"/></StgValue>
</bind>
</comp>

<comp id="84" class="1001" name="const_84">
<pin_list>
<pin id="85" dir="1" index="0" bw="1" slack="2147483647"/>
</pin_list>
<bind>
<StgValue><ssdm name="empty_15"/></StgValue>
</bind>
</comp>

<comp id="86" class="1001" name="const_86">
<pin_list>
<pin id="87" dir="1" index="0" bw="1" slack="2147483647"/>
</pin_list>
<bind>
<StgValue><ssdm name="point_result_stream_str"/></StgValue>
</bind>
</comp>

<comp id="88" class="1001" name="const_88">
<pin_list>
<pin id="89" dir="1" index="0" bw="1" slack="2147483647"/>
</pin_list>
<bind>
<StgValue><ssdm name=""/></StgValue>
</bind>
</comp>

<comp id="90" class="1001" name="const_90">
<pin_list>
<pin id="91" dir="1" index="0" bw="1" slack="2147483647"/>
</pin_list>
<bind>
<StgValue><ssdm name="scalar_point_stream_str"/></StgValue>
</bind>
</comp>

<comp id="92" class="1001" name="const_92">
<pin_list>
<pin id="93" dir="1" index="0" bw="1" slack="2147483647"/>
</pin_list>
<bind>
<StgValue><ssdm name="t_point_stream_str"/></StgValue>
</bind>
</comp>

<comp id="94" class="1001" name="const_94">
<pin_list>
<pin id="95" dir="1" index="0" bw="1" slack="2147483647"/>
</pin_list>
<bind>
<StgValue><ssdm name="x_point_stream_str"/></StgValue>
</bind>
</comp>

<comp id="96" class="1001" name="const_96">
<pin_list>
<pin id="97" dir="1" index="0" bw="1" slack="2147483647"/>
</pin_list>
<bind>
<StgValue><ssdm name="y_point_stream_str"/></StgValue>
</bind>
</comp>

<comp id="98" class="1001" name="const_98">
<pin_list>
<pin id="99" dir="1" index="0" bw="1" slack="2147483647"/>
</pin_list>
<bind>
<StgValue><ssdm name="z_point_stream_str"/></StgValue>
</bind>
</comp>

<comp id="100" class="1001" name="const_100">
<pin_list>
<pin id="101" dir="1" index="0" bw="1" slack="2147483647"/>
</pin_list>
<bind>
<StgValue><ssdm name="_ssdm_op_SpecTopModule"/></StgValue>
</bind>
</comp>

<comp id="102" class="1001" name="const_102">
<pin_list>
<pin id="103" dir="1" index="0" bw="1" slack="2147483647"/>
</pin_list>
<bind>
<StgValue><ssdm name="empty_18"/></StgValue>
</bind>
</comp>

<comp id="104" class="1001" name="const_104">
<pin_list>
<pin id="105" dir="1" index="0" bw="1" slack="2147483647"/>
</pin_list>
<bind>
<StgValue><ssdm name="empty_11"/></StgValue>
</bind>
</comp>

<comp id="106" class="1001" name="const_106">
<pin_list>
<pin id="107" dir="1" index="0" bw="1" slack="2147483647"/>
</pin_list>
<bind>
<StgValue><ssdm name="empty_0"/></StgValue>
</bind>
</comp>

<comp id="108" class="1001" name="const_108">
<pin_list>
<pin id="109" dir="1" index="0" bw="1" slack="2147483647"/>
</pin_list>
<bind>
<StgValue><ssdm name="empty_1"/></StgValue>
</bind>
</comp>

<comp id="110" class="1001" name="const_110">
<pin_list>
<pin id="111" dir="1" index="0" bw="1" slack="2147483647"/>
</pin_list>
<bind>
<StgValue><ssdm name="_ssdm_op_SpecBitsMap"/></StgValue>
</bind>
</comp>

<comp id="112" class="1001" name="const_112">
<pin_list>
<pin id="113" dir="1" index="0" bw="1" slack="2147483647"/>
</pin_list>
<bind>
<StgValue><ssdm name="empty_24"/></StgValue>
</bind>
</comp>

<comp id="114" class="1001" name="const_114">
<pin_list>
<pin id="115" dir="1" index="0" bw="1" slack="2147483647"/>
</pin_list>
<bind>
<StgValue><ssdm name="empty_23"/></StgValue>
</bind>
</comp>

<comp id="116" class="1001" name="const_116">
<pin_list>
<pin id="117" dir="1" index="0" bw="1" slack="2147483647"/>
</pin_list>
<bind>
<StgValue><ssdm name="empty_22"/></StgValue>
</bind>
</comp>

<comp id="118" class="1001" name="const_118">
<pin_list>
<pin id="119" dir="1" index="0" bw="1" slack="2147483647"/>
</pin_list>
<bind>
<StgValue><ssdm name="empty_21"/></StgValue>
</bind>
</comp>

<comp id="120" class="1001" name="const_120">
<pin_list>
<pin id="121" dir="1" index="0" bw="1" slack="2147483647"/>
</pin_list>
<bind>
<StgValue><ssdm name="empty_20"/></StgValue>
</bind>
</comp>

<comp id="122" class="1001" name="const_122">
<pin_list>
<pin id="123" dir="1" index="0" bw="1" slack="2147483647"/>
</pin_list>
<bind>
<StgValue><ssdm name="empty_19"/></StgValue>
</bind>
</comp>

<comp id="124" class="1001" name="const_124">
<pin_list>
<pin id="125" dir="1" index="0" bw="1" slack="2147483647"/>
</pin_list>
<bind>
<StgValue><ssdm name="empty_10"/></StgValue>
</bind>
</comp>

<comp id="126" class="1001" name="const_126">
<pin_list>
<pin id="127" dir="1" index="0" bw="1" slack="2147483647"/>
</pin_list>
<bind>
<StgValue><ssdm name="empty_4"/></StgValue>
</bind>
</comp>

<comp id="128" class="1001" name="const_128">
<pin_list>
<pin id="129" dir="1" index="0" bw="1" slack="2147483647"/>
</pin_list>
<bind>
<StgValue><ssdm name="empty_17"/></StgValue>
</bind>
</comp>

<comp id="130" class="1001" name="const_130">
<pin_list>
<pin id="131" dir="1" index="0" bw="1" slack="2147483647"/>
</pin_list>
<bind>
<StgValue><ssdm name="empty_9"/></StgValue>
</bind>
</comp>

<comp id="132" class="1001" name="const_132">
<pin_list>
<pin id="133" dir="1" index="0" bw="1" slack="2147483647"/>
</pin_list>
<bind>
<StgValue><ssdm name="empty"/></StgValue>
</bind>
</comp>

<comp id="134" class="1001" name="const_134">
<pin_list>
<pin id="135" dir="1" index="0" bw="1" slack="2147483647"/>
</pin_list>
<bind>
<StgValue><ssdm name="empty_16"/></StgValue>
</bind>
</comp>

<comp id="136" class="1001" name="const_136">
<pin_list>
<pin id="137" dir="1" index="0" bw="1" slack="2147483647"/>
</pin_list>
<bind>
<StgValue><ssdm name="empty_14"/></StgValue>
</bind>
</comp>

<comp id="138" class="1001" name="const_138">
<pin_list>
<pin id="139" dir="1" index="0" bw="1" slack="2147483647"/>
</pin_list>
<bind>
<StgValue><ssdm name="empty_2"/></StgValue>
</bind>
</comp>

<comp id="140" class="1001" name="const_140">
<pin_list>
<pin id="141" dir="1" index="0" bw="1" slack="2147483647"/>
</pin_list>
<bind>
<StgValue><ssdm name="empty_12"/></StgValue>
</bind>
</comp>

<comp id="142" class="1001" name="const_142">
<pin_list>
<pin id="143" dir="1" index="0" bw="1" slack="2147483647"/>
</pin_list>
<bind>
<StgValue><ssdm name="empty_3"/></StgValue>
</bind>
</comp>

<comp id="144" class="1004" name="result_t_c_fu_144">
<pin_list>
<pin id="145" dir="0" index="0" bw="1" slack="0"/>
<pin id="146" dir="1" index="1" bw="64" slack="0"/>
</pin_list>
<bind>
<opcode="alloca(26) " fcode="alloca"/>
<opset="result_t_c/1 "/>
</bind>
</comp>

<comp id="148" class="1004" name="result_z_c_fu_148">
<pin_list>
<pin id="149" dir="0" index="0" bw="1" slack="0"/>
<pin id="150" dir="1" index="1" bw="64" slack="0"/>
</pin_list>
<bind>
<opcode="alloca(26) " fcode="alloca"/>
<opset="result_z_c/1 "/>
</bind>
</comp>

<comp id="152" class="1004" name="result_y_c_fu_152">
<pin_list>
<pin id="153" dir="0" index="0" bw="1" slack="0"/>
<pin id="154" dir="1" index="1" bw="64" slack="0"/>
</pin_list>
<bind>
<opcode="alloca(26) " fcode="alloca"/>
<opset="result_y_c/1 "/>
</bind>
</comp>

<comp id="156" class="1004" name="result_x_c_fu_156">
<pin_list>
<pin id="157" dir="0" index="0" bw="1" slack="0"/>
<pin id="158" dir="1" index="1" bw="64" slack="0"/>
</pin_list>
<bind>
<opcode="alloca(26) " fcode="alloca"/>
<opset="result_x_c/1 "/>
</bind>
</comp>

<comp id="160" class="1004" name="degree_read_read_fu_160">
<pin_list>
<pin id="161" dir="0" index="0" bw="32" slack="0"/>
<pin id="162" dir="0" index="1" bw="32" slack="0"/>
<pin id="163" dir="1" index="2" bw="32" slack="0"/>
</pin_list>
<bind>
<opcode="read(1150) " fcode="read"/>
<opset="degree_read/1 "/>
</bind>
</comp>

<comp id="166" class="1004" name="result_t_read_read_fu_166">
<pin_list>
<pin id="167" dir="0" index="0" bw="64" slack="0"/>
<pin id="168" dir="0" index="1" bw="64" slack="0"/>
<pin id="169" dir="1" index="2" bw="64" slack="0"/>
</pin_list>
<bind>
<opcode="read(1150) " fcode="read"/>
<opset="result_t_read/1 "/>
</bind>
</comp>

<comp id="172" class="1004" name="result_z_read_read_fu_172">
<pin_list>
<pin id="173" dir="0" index="0" bw="64" slack="0"/>
<pin id="174" dir="0" index="1" bw="64" slack="0"/>
<pin id="175" dir="1" index="2" bw="64" slack="0"/>
</pin_list>
<bind>
<opcode="read(1150) " fcode="read"/>
<opset="result_z_read/1 "/>
</bind>
</comp>

<comp id="178" class="1004" name="result_y_read_read_fu_178">
<pin_list>
<pin id="179" dir="0" index="0" bw="64" slack="0"/>
<pin id="180" dir="0" index="1" bw="64" slack="0"/>
<pin id="181" dir="1" index="2" bw="64" slack="0"/>
</pin_list>
<bind>
<opcode="read(1150) " fcode="read"/>
<opset="result_y_read/1 "/>
</bind>
</comp>

<comp id="184" class="1004" name="result_x_read_read_fu_184">
<pin_list>
<pin id="185" dir="0" index="0" bw="64" slack="0"/>
<pin id="186" dir="0" index="1" bw="64" slack="0"/>
<pin id="187" dir="1" index="2" bw="64" slack="0"/>
</pin_list>
<bind>
<opcode="read(1150) " fcode="read"/>
<opset="result_x_read/1 "/>
</bind>
</comp>

<comp id="190" class="1004" name="t_array_read_read_fu_190">
<pin_list>
<pin id="191" dir="0" index="0" bw="64" slack="0"/>
<pin id="192" dir="0" index="1" bw="64" slack="0"/>
<pin id="193" dir="1" index="2" bw="64" slack="0"/>
</pin_list>
<bind>
<opcode="read(1150) " fcode="read"/>
<opset="t_array_read/1 "/>
</bind>
</comp>

<comp id="196" class="1004" name="z_array_read_read_fu_196">
<pin_list>
<pin id="197" dir="0" index="0" bw="64" slack="0"/>
<pin id="198" dir="0" index="1" bw="64" slack="0"/>
<pin id="199" dir="1" index="2" bw="64" slack="0"/>
</pin_list>
<bind>
<opcode="read(1150) " fcode="read"/>
<opset="z_array_read/1 "/>
</bind>
</comp>

<comp id="202" class="1004" name="y_array_read_read_fu_202">
<pin_list>
<pin id="203" dir="0" index="0" bw="64" slack="0"/>
<pin id="204" dir="0" index="1" bw="64" slack="0"/>
<pin id="205" dir="1" index="2" bw="64" slack="0"/>
</pin_list>
<bind>
<opcode="read(1150) " fcode="read"/>
<opset="y_array_read/1 "/>
</bind>
</comp>

<comp id="208" class="1004" name="x_array_read_read_fu_208">
<pin_list>
<pin id="209" dir="0" index="0" bw="64" slack="0"/>
<pin id="210" dir="0" index="1" bw="64" slack="0"/>
<pin id="211" dir="1" index="2" bw="64" slack="0"/>
</pin_list>
<bind>
<opcode="read(1150) " fcode="read"/>
<opset="x_array_read/1 "/>
</bind>
</comp>

<comp id="214" class="1004" name="call_ln636_entry_proc_fu_214">
<pin_list>
<pin id="215" dir="0" index="0" bw="0" slack="0"/>
<pin id="216" dir="0" index="1" bw="64" slack="0"/>
<pin id="217" dir="0" index="2" bw="64" slack="0"/>
<pin id="218" dir="0" index="3" bw="64" slack="0"/>
<pin id="219" dir="0" index="4" bw="64" slack="0"/>
<pin id="220" dir="0" index="5" bw="64" slack="0"/>
<pin id="221" dir="0" index="6" bw="64" slack="0"/>
<pin id="222" dir="0" index="7" bw="64" slack="0"/>
<pin id="223" dir="0" index="8" bw="64" slack="0"/>
<pin id="224" dir="1" index="9" bw="0" slack="2147483647"/>
</pin_list>
<bind>
<opcode="call(48) " fcode="call"/>
<opset="call_ln636/1 "/>
</bind>
</comp>

<comp id="230" class="1004" name="grp_data_loader_fu_230">
<pin_list>
<pin id="231" dir="0" index="0" bw="0" slack="0"/>
<pin id="232" dir="0" index="1" bw="256" slack="0"/>
<pin id="233" dir="0" index="2" bw="64" slack="0"/>
<pin id="234" dir="0" index="3" bw="256" slack="0"/>
<pin id="235" dir="0" index="4" bw="64" slack="0"/>
<pin id="236" dir="0" index="5" bw="256" slack="0"/>
<pin id="237" dir="0" index="6" bw="64" slack="0"/>
<pin id="238" dir="0" index="7" bw="256" slack="0"/>
<pin id="239" dir="0" index="8" bw="64" slack="0"/>
<pin id="240" dir="0" index="9" bw="256" slack="0"/>
<pin id="241" dir="0" index="10" bw="32" slack="0"/>
<pin id="242" dir="0" index="11" bw="256" slack="0"/>
<pin id="243" dir="0" index="12" bw="256" slack="0"/>
<pin id="244" dir="0" index="13" bw="256" slack="0"/>
<pin id="245" dir="0" index="14" bw="256" slack="0"/>
<pin id="246" dir="0" index="15" bw="256" slack="0"/>
<pin id="247" dir="1" index="16" bw="0" slack="2147483647"/>
</pin_list>
<bind>
<opcode="call(48) " fcode="call"/>
<opset="call_ln637/1 "/>
</bind>
</comp>

<comp id="264" class="1004" name="grp_pippenger_control_fu_264">
<pin_list>
<pin id="265" dir="0" index="0" bw="0" slack="0"/>
<pin id="266" dir="0" index="1" bw="256" slack="0"/>
<pin id="267" dir="0" index="2" bw="256" slack="0"/>
<pin id="268" dir="0" index="3" bw="256" slack="0"/>
<pin id="269" dir="0" index="4" bw="256" slack="0"/>
<pin id="270" dir="0" index="5" bw="256" slack="0"/>
<pin id="271" dir="0" index="6" bw="1024" slack="0"/>
<pin id="272" dir="1" index="7" bw="0" slack="2147483647"/>
</pin_list>
<bind>
<opcode="call(48) " fcode="call"/>
<opset="call_ln639/3 "/>
</bind>
</comp>

<comp id="280" class="1004" name="grp_WriteBack_fu_280">
<pin_list>
<pin id="281" dir="0" index="0" bw="0" slack="0"/>
<pin id="282" dir="0" index="1" bw="256" slack="0"/>
<pin id="283" dir="0" index="2" bw="64" slack="4"/>
<pin id="284" dir="0" index="3" bw="256" slack="0"/>
<pin id="285" dir="0" index="4" bw="64" slack="4"/>
<pin id="286" dir="0" index="5" bw="256" slack="0"/>
<pin id="287" dir="0" index="6" bw="64" slack="4"/>
<pin id="288" dir="0" index="7" bw="256" slack="0"/>
<pin id="289" dir="0" index="8" bw="64" slack="4"/>
<pin id="290" dir="0" index="9" bw="1024" slack="0"/>
<pin id="291" dir="1" index="10" bw="0" slack="2147483647"/>
</pin_list>
<bind>
<opcode="call(48) " fcode="call"/>
<opset="call_ln647/5 "/>
</bind>
</comp>

<comp id="298" class="1005" name="degree_read_reg_298">
<pin_list>
<pin id="299" dir="0" index="0" bw="32" slack="1"/>
<pin id="300" dir="1" index="1" bw="32" slack="1"/>
</pin_list>
<bind>
<opset="degree_read "/>
</bind>
</comp>

<comp id="303" class="1005" name="t_array_read_reg_303">
<pin_list>
<pin id="304" dir="0" index="0" bw="64" slack="1"/>
<pin id="305" dir="1" index="1" bw="64" slack="1"/>
</pin_list>
<bind>
<opset="t_array_read "/>
</bind>
</comp>

<comp id="308" class="1005" name="z_array_read_reg_308">
<pin_list>
<pin id="309" dir="0" index="0" bw="64" slack="1"/>
<pin id="310" dir="1" index="1" bw="64" slack="1"/>
</pin_list>
<bind>
<opset="z_array_read "/>
</bind>
</comp>

<comp id="313" class="1005" name="y_array_read_reg_313">
<pin_list>
<pin id="314" dir="0" index="0" bw="64" slack="1"/>
<pin id="315" dir="1" index="1" bw="64" slack="1"/>
</pin_list>
<bind>
<opset="y_array_read "/>
</bind>
</comp>

<comp id="318" class="1005" name="x_array_read_reg_318">
<pin_list>
<pin id="319" dir="0" index="0" bw="64" slack="1"/>
<pin id="320" dir="1" index="1" bw="64" slack="1"/>
</pin_list>
<bind>
<opset="x_array_read "/>
</bind>
</comp>

<comp id="323" class="1005" name="result_t_c_reg_323">
<pin_list>
<pin id="324" dir="0" index="0" bw="64" slack="0"/>
<pin id="325" dir="1" index="1" bw="64" slack="0"/>
</pin_list>
<bind>
<opset="result_t_c "/>
</bind>
</comp>

<comp id="329" class="1005" name="result_z_c_reg_329">
<pin_list>
<pin id="330" dir="0" index="0" bw="64" slack="0"/>
<pin id="331" dir="1" index="1" bw="64" slack="0"/>
</pin_list>
<bind>
<opset="result_z_c "/>
</bind>
</comp>

<comp id="335" class="1005" name="result_y_c_reg_335">
<pin_list>
<pin id="336" dir="0" index="0" bw="64" slack="0"/>
<pin id="337" dir="1" index="1" bw="64" slack="0"/>
</pin_list>
<bind>
<opset="result_y_c "/>
</bind>
</comp>

<comp id="341" class="1005" name="result_x_c_reg_341">
<pin_list>
<pin id="342" dir="0" index="0" bw="64" slack="0"/>
<pin id="343" dir="1" index="1" bw="64" slack="0"/>
</pin_list>
<bind>
<opset="result_x_c "/>
</bind>
</comp>

</comp_list>

<net_list>
<net id="147"><net_src comp="44" pin="0"/><net_sink comp="144" pin=0"/></net>

<net id="151"><net_src comp="44" pin="0"/><net_sink comp="148" pin=0"/></net>

<net id="155"><net_src comp="44" pin="0"/><net_sink comp="152" pin=0"/></net>

<net id="159"><net_src comp="44" pin="0"/><net_sink comp="156" pin=0"/></net>

<net id="164"><net_src comp="40" pin="0"/><net_sink comp="160" pin=0"/></net>

<net id="165"><net_src comp="26" pin="0"/><net_sink comp="160" pin=1"/></net>

<net id="170"><net_src comp="42" pin="0"/><net_sink comp="166" pin=0"/></net>

<net id="171"><net_src comp="24" pin="0"/><net_sink comp="166" pin=1"/></net>

<net id="176"><net_src comp="42" pin="0"/><net_sink comp="172" pin=0"/></net>

<net id="177"><net_src comp="22" pin="0"/><net_sink comp="172" pin=1"/></net>

<net id="182"><net_src comp="42" pin="0"/><net_sink comp="178" pin=0"/></net>

<net id="183"><net_src comp="20" pin="0"/><net_sink comp="178" pin=1"/></net>

<net id="188"><net_src comp="42" pin="0"/><net_sink comp="184" pin=0"/></net>

<net id="189"><net_src comp="18" pin="0"/><net_sink comp="184" pin=1"/></net>

<net id="194"><net_src comp="42" pin="0"/><net_sink comp="190" pin=0"/></net>

<net id="195"><net_src comp="14" pin="0"/><net_sink comp="190" pin=1"/></net>

<net id="200"><net_src comp="42" pin="0"/><net_sink comp="196" pin=0"/></net>

<net id="201"><net_src comp="12" pin="0"/><net_sink comp="196" pin=1"/></net>

<net id="206"><net_src comp="42" pin="0"/><net_sink comp="202" pin=0"/></net>

<net id="207"><net_src comp="10" pin="0"/><net_sink comp="202" pin=1"/></net>

<net id="212"><net_src comp="42" pin="0"/><net_sink comp="208" pin=0"/></net>

<net id="213"><net_src comp="8" pin="0"/><net_sink comp="208" pin=1"/></net>

<net id="225"><net_src comp="46" pin="0"/><net_sink comp="214" pin=0"/></net>

<net id="226"><net_src comp="184" pin="2"/><net_sink comp="214" pin=1"/></net>

<net id="227"><net_src comp="178" pin="2"/><net_sink comp="214" pin=3"/></net>

<net id="228"><net_src comp="172" pin="2"/><net_sink comp="214" pin=5"/></net>

<net id="229"><net_src comp="166" pin="2"/><net_sink comp="214" pin=7"/></net>

<net id="248"><net_src comp="48" pin="0"/><net_sink comp="230" pin=0"/></net>

<net id="249"><net_src comp="0" pin="0"/><net_sink comp="230" pin=1"/></net>

<net id="250"><net_src comp="208" pin="2"/><net_sink comp="230" pin=2"/></net>

<net id="251"><net_src comp="2" pin="0"/><net_sink comp="230" pin=3"/></net>

<net id="252"><net_src comp="202" pin="2"/><net_sink comp="230" pin=4"/></net>

<net id="253"><net_src comp="4" pin="0"/><net_sink comp="230" pin=5"/></net>

<net id="254"><net_src comp="196" pin="2"/><net_sink comp="230" pin=6"/></net>

<net id="255"><net_src comp="6" pin="0"/><net_sink comp="230" pin=7"/></net>

<net id="256"><net_src comp="190" pin="2"/><net_sink comp="230" pin=8"/></net>

<net id="257"><net_src comp="16" pin="0"/><net_sink comp="230" pin=9"/></net>

<net id="258"><net_src comp="160" pin="2"/><net_sink comp="230" pin=10"/></net>

<net id="259"><net_src comp="28" pin="0"/><net_sink comp="230" pin=11"/></net>

<net id="260"><net_src comp="30" pin="0"/><net_sink comp="230" pin=12"/></net>

<net id="261"><net_src comp="32" pin="0"/><net_sink comp="230" pin=13"/></net>

<net id="262"><net_src comp="34" pin="0"/><net_sink comp="230" pin=14"/></net>

<net id="263"><net_src comp="36" pin="0"/><net_sink comp="230" pin=15"/></net>

<net id="273"><net_src comp="50" pin="0"/><net_sink comp="264" pin=0"/></net>

<net id="274"><net_src comp="28" pin="0"/><net_sink comp="264" pin=1"/></net>

<net id="275"><net_src comp="30" pin="0"/><net_sink comp="264" pin=2"/></net>

<net id="276"><net_src comp="32" pin="0"/><net_sink comp="264" pin=3"/></net>

<net id="277"><net_src comp="34" pin="0"/><net_sink comp="264" pin=4"/></net>

<net id="278"><net_src comp="36" pin="0"/><net_sink comp="264" pin=5"/></net>

<net id="279"><net_src comp="38" pin="0"/><net_sink comp="264" pin=6"/></net>

<net id="292"><net_src comp="52" pin="0"/><net_sink comp="280" pin=0"/></net>

<net id="293"><net_src comp="0" pin="0"/><net_sink comp="280" pin=1"/></net>

<net id="294"><net_src comp="2" pin="0"/><net_sink comp="280" pin=3"/></net>

<net id="295"><net_src comp="4" pin="0"/><net_sink comp="280" pin=5"/></net>

<net id="296"><net_src comp="6" pin="0"/><net_sink comp="280" pin=7"/></net>

<net id="297"><net_src comp="38" pin="0"/><net_sink comp="280" pin=9"/></net>

<net id="301"><net_src comp="160" pin="2"/><net_sink comp="298" pin=0"/></net>

<net id="302"><net_src comp="298" pin="1"/><net_sink comp="230" pin=10"/></net>

<net id="306"><net_src comp="190" pin="2"/><net_sink comp="303" pin=0"/></net>

<net id="307"><net_src comp="303" pin="1"/><net_sink comp="230" pin=8"/></net>

<net id="311"><net_src comp="196" pin="2"/><net_sink comp="308" pin=0"/></net>

<net id="312"><net_src comp="308" pin="1"/><net_sink comp="230" pin=6"/></net>

<net id="316"><net_src comp="202" pin="2"/><net_sink comp="313" pin=0"/></net>

<net id="317"><net_src comp="313" pin="1"/><net_sink comp="230" pin=4"/></net>

<net id="321"><net_src comp="208" pin="2"/><net_sink comp="318" pin=0"/></net>

<net id="322"><net_src comp="318" pin="1"/><net_sink comp="230" pin=2"/></net>

<net id="326"><net_src comp="144" pin="1"/><net_sink comp="323" pin=0"/></net>

<net id="327"><net_src comp="323" pin="1"/><net_sink comp="214" pin=8"/></net>

<net id="328"><net_src comp="323" pin="1"/><net_sink comp="280" pin=8"/></net>

<net id="332"><net_src comp="148" pin="1"/><net_sink comp="329" pin=0"/></net>

<net id="333"><net_src comp="329" pin="1"/><net_sink comp="214" pin=6"/></net>

<net id="334"><net_src comp="329" pin="1"/><net_sink comp="280" pin=6"/></net>

<net id="338"><net_src comp="152" pin="1"/><net_sink comp="335" pin=0"/></net>

<net id="339"><net_src comp="335" pin="1"/><net_sink comp="214" pin=4"/></net>

<net id="340"><net_src comp="335" pin="1"/><net_sink comp="280" pin=4"/></net>

<net id="344"><net_src comp="156" pin="1"/><net_sink comp="341" pin=0"/></net>

<net id="345"><net_src comp="341" pin="1"/><net_sink comp="214" pin=2"/></net>

<net id="346"><net_src comp="341" pin="1"/><net_sink comp="280" pin=2"/></net>

</net_list>

</model> 
---------------- Datapath Model END ------------------

* FSMD analyzer results:
  - Output states:
	Port: gmem0 | {5 6 }
	Port: gmem1 | {5 6 }
	Port: gmem2 | {5 6 }
	Port: gmem3 | {5 6 }
	Port: x_point_stream | {1 2 }
	Port: y_point_stream | {1 2 }
	Port: z_point_stream | {1 2 }
	Port: t_point_stream | {1 2 }
	Port: scalar_point_stream | {1 2 }
	Port: point_result_stream | {3 4 }
 - Input state : 
	Port: msm : gmem0 | {1 2 }
	Port: msm : gmem1 | {1 2 }
	Port: msm : gmem2 | {1 2 }
	Port: msm : gmem3 | {1 2 }
	Port: msm : x_array | {1 }
	Port: msm : y_array | {1 }
	Port: msm : z_array | {1 }
	Port: msm : t_array | {1 }
	Port: msm : scalar_array | {1 2 }
	Port: msm : result_x | {1 }
	Port: msm : result_y | {1 }
	Port: msm : result_z | {1 }
	Port: msm : result_t | {1 }
	Port: msm : degree | {1 }
	Port: msm : x_point_stream | {3 4 }
	Port: msm : y_point_stream | {3 4 }
	Port: msm : z_point_stream | {3 4 }
	Port: msm : t_point_stream | {3 4 }
	Port: msm : scalar_point_stream | {3 4 }
	Port: msm : point_result_stream | {5 6 }
  - Chain level:
	State 1
		call_ln636 : 1
	State 2
	State 3
	State 4
	State 5
	State 6


============================================================
+ Verbose Summary: Datapath Resource usage 
============================================================

* Functional unit list:
|----------|------------------------------|---------|---------|---------|---------|---------|---------|
| Operation|        Functional Unit       |   BRAM  |   DSP   |  Delay  |    FF   |   LUT   |   URAM  |
|----------|------------------------------|---------|---------|---------|---------|---------|---------|
|          | call_ln636_entry_proc_fu_214 |    0    |    0    |    0    |    0    |    0    |    0    |
|   call   |    grp_data_loader_fu_230    |    0    |    0    |  1.708  |   2657  |   183   |    0    |
|          | grp_pippenger_control_fu_264 |    2    |   3590  |  31.23  |  127316 |  49198  |   128   |
|          |     grp_WriteBack_fu_280     |    0    |    0    |    0    |   2557  |    44   |    0    |
|----------|------------------------------|---------|---------|---------|---------|---------|---------|
|          |    degree_read_read_fu_160   |    0    |    0    |    0    |    0    |    0    |    0    |
|          |   result_t_read_read_fu_166  |    0    |    0    |    0    |    0    |    0    |    0    |
|          |   result_z_read_read_fu_172  |    0    |    0    |    0    |    0    |    0    |    0    |
|          |   result_y_read_read_fu_178  |    0    |    0    |    0    |    0    |    0    |    0    |
|   read   |   result_x_read_read_fu_184  |    0    |    0    |    0    |    0    |    0    |    0    |
|          |   t_array_read_read_fu_190   |    0    |    0    |    0    |    0    |    0    |    0    |
|          |   z_array_read_read_fu_196   |    0    |    0    |    0    |    0    |    0    |    0    |
|          |   y_array_read_read_fu_202   |    0    |    0    |    0    |    0    |    0    |    0    |
|          |   x_array_read_read_fu_208   |    0    |    0    |    0    |    0    |    0    |    0    |
|----------|------------------------------|---------|---------|---------|---------|---------|---------|
|   Total  |                              |    2    |   3590  |  32.938 |  132530 |  49425  |   128   |
|----------|------------------------------|---------|---------|---------|---------|---------|---------|

Memories:
N/A

* Register list:
+--------------------+--------+
|                    |   FF   |
+--------------------+--------+
| degree_read_reg_298|   32   |
| result_t_c_reg_323 |   64   |
| result_x_c_reg_341 |   64   |
| result_y_c_reg_335 |   64   |
| result_z_c_reg_329 |   64   |
|t_array_read_reg_303|   64   |
|x_array_read_reg_318|   64   |
|y_array_read_reg_313|   64   |
|z_array_read_reg_308|   64   |
+--------------------+--------+
|        Total       |   544  |
+--------------------+--------+

* Multiplexer (MUX) list: 
|------------------------|------|------|------|--------||---------||---------||---------|
|          Comp          |  Pin | Size |  BW  | S x BW ||  Delay  ||    FF   ||   LUT   |
|------------------------|------|------|------|--------||---------||---------||---------|
| grp_data_loader_fu_230 |  p2  |   2  |  64  |   128  ||    0    ||    9    |
| grp_data_loader_fu_230 |  p4  |   2  |  64  |   128  ||    0    ||    9    |
| grp_data_loader_fu_230 |  p6  |   2  |  64  |   128  ||    0    ||    9    |
| grp_data_loader_fu_230 |  p8  |   2  |  64  |   128  ||    0    ||    9    |
| grp_data_loader_fu_230 |  p10 |   2  |  32  |   64   ||    0    ||    9    |
|------------------------|------|------|------|--------||---------||---------||---------|
|          Total         |      |      |      |   576  ||  2.135  ||    0    ||    45   |
|------------------------|------|------|------|--------||---------||---------||---------|



* Summary:
+-----------+--------+--------+--------+--------+--------+--------+
|           |  BRAM  |   DSP  |  Delay |   FF   |   LUT  |  URAM  |
+-----------+--------+--------+--------+--------+--------+--------+
|  Function |    2   |  3590  |   32   | 132530 |  49425 |   128  |
|   Memory  |    -   |    -   |    -   |    -   |    -   |    -   |
|Multiplexer|    -   |    -   |    2   |    0   |   45   |    -   |
|  Register |    -   |    -   |    -   |   544  |    -   |    -   |
+-----------+--------+--------+--------+--------+--------+--------+
|   Total   |    2   |  3590  |   35   | 133074 |  49470 |   128  |
+-----------+--------+--------+--------+--------+--------+--------+
