

================================================================
== Vitis HLS Report for 'partition_scalar'
================================================================
* Date:           Wed Apr 23 16:29:18 2025

* Version:        2024.2 (Build 5238294 on Nov  8 2024)
* Project:        msm_2
* Solution:       solution1 (Vivado IP Flow Target)
* Product family: zynquplus
* Target device:  xczu7ev-ffvc1156-2-e


================================================================
== Performance Estimates
================================================================
+ Timing: 
    * Summary: 
    +--------+---------+----------+------------+
    |  Clock |  Target | Estimated| Uncertainty|
    +--------+---------+----------+------------+
    |ap_clk  |  4.00 ns|  2.920 ns|     1.08 ns|
    +--------+---------+----------+------------+

+ Latency: 
    * Summary: 
    +---------+---------+----------+----------+-----+-----+---------+
    |  Latency (cycles) |  Latency (absolute) |  Interval | Pipeline|
    |   min   |   max   |    min   |    max   | min | max |   Type  |
    +---------+---------+----------+----------+-----+-----+---------+
    |       25|       25|  0.100 us|  0.100 us|   26|   26|      yes|
    +---------+---------+----------+----------+-----+-----+---------+

    + Detail: 
        * Instance: 
        N/A

        * Loop: 
        N/A

============================================================
+ Verbose Summary: Synthesis Manager
============================================================
InlineROM: 1
ExposeGlobal: 0
============================================================
+ Verbose Summary: CDFG Model
============================================================
IsTopModel: 0
ResetActiveHigh: 1
IsCombinational: 0
IsDatapathOnly: 0
HasWiredReturn: 1
HasMFsm: 2
HasVarLatency: 0
IsPipeline: 1
IsRtlPipelined: 0
IsInstanceOverlapped: 0
IsDontTouch: 0
HasImplIP: 0
IsGatedGlobalClock: 0

+ Individual pipeline summary: 
  * Pipeline-0: initiation interval (II) = 26, depth = 26


============================================================
+ Verbose Summary: Schedule
============================================================
* Number of FSM states : 26
* Pipeline : 1
  Pipeline-0 : II = 26, D = 26, States = { 1 2 3 4 5 6 7 8 9 10 11 12 13 14 15 16 17 18 19 20 21 22 23 24 25 26 }
* Dataflow Pipeline: 0

* FSM state transitions: 
1 --> 2 
2 --> 3 
3 --> 4 
4 --> 5 
5 --> 6 
6 --> 7 
7 --> 8 
8 --> 9 
9 --> 10 
10 --> 11 
11 --> 12 
12 --> 13 
13 --> 14 
14 --> 15 
15 --> 16 
16 --> 17 
17 --> 18 
18 --> 19 
19 --> 20 
20 --> 21 
21 --> 22 
22 --> 23 
23 --> 24 
24 --> 25 
25 --> 26 
26 --> 

* FSM state operations: 

State 1 <SV = 0> <Delay = 2.92>
ST_1 : Operation 27 [1/1] ( I:1.46ns O:1.46ns )   --->   "%scalar = read i256 @_ssdm_op_Read.ap_fifo.volatile.i256P0A, i256 %scalar_stream" [../src/msm.cpp:474]   --->   Operation 27 'read' 'scalar' <Predicate = true> <Delay = 1.46> <CoreInst = "FIFO">   --->   Core 77 'FIFO' <Latency = 0> <II = 1> <Delay = 1.63> <Storage> <Opcode : 'read' 'write' 'nbread' 'nbwrite'> <Ports = 0> <Width = -1> <Depth = -1> <FIFO>
ST_1 : Operation 28 [1/1] (0.00ns)   --->   "%scalar_partition = trunc i256 %scalar" [../src/msm.cpp:480]   --->   Operation 28 'trunc' 'scalar_partition' <Predicate = true> <Delay = 0.00>
ST_1 : Operation 29 [1/1] (0.00ns)   --->   "%zext_ln475 = zext i10 %scalar_partition" [../src/msm.cpp:475]   --->   Operation 29 'zext' 'zext_ln475' <Predicate = true> <Delay = 0.00>
ST_1 : Operation 30 [1/1] ( I:1.46ns O:1.46ns )   --->   "%write_ln481 = write void @_ssdm_op_Write.ap_fifo.volatile.i32P0A, i32 %scalar_partition_stream_i, i32 %zext_ln475" [../src/msm.cpp:481]   --->   Operation 30 'write' 'write_ln481' <Predicate = true> <Delay = 1.46> <CoreInst = "FIFO">   --->   Core 77 'FIFO' <Latency = 0> <II = 1> <Delay = 1.63> <Storage> <Opcode : 'read' 'write' 'nbread' 'nbwrite'> <Ports = 0> <Width = -1> <Depth = -1> <FIFO>
ST_1 : Operation 31 [1/1] (0.00ns)   --->   "%scalar_partition_1 = partselect i10 @_ssdm_op_PartSelect.i10.i256.i32.i32, i256 %scalar, i32 10, i32 19" [../src/msm.cpp:480]   --->   Operation 31 'partselect' 'scalar_partition_1' <Predicate = true> <Delay = 0.00>
ST_1 : Operation 32 [1/1] (0.00ns)   --->   "%scalar_partition_2 = partselect i10 @_ssdm_op_PartSelect.i10.i256.i32.i32, i256 %scalar, i32 20, i32 29" [../src/msm.cpp:480]   --->   Operation 32 'partselect' 'scalar_partition_2' <Predicate = true> <Delay = 0.00>
ST_1 : Operation 33 [1/1] (0.00ns)   --->   "%scalar_partition_3 = partselect i10 @_ssdm_op_PartSelect.i10.i256.i32.i32, i256 %scalar, i32 30, i32 39" [../src/msm.cpp:480]   --->   Operation 33 'partselect' 'scalar_partition_3' <Predicate = true> <Delay = 0.00>
ST_1 : Operation 34 [1/1] (0.00ns)   --->   "%scalar_partition_4 = partselect i10 @_ssdm_op_PartSelect.i10.i256.i32.i32, i256 %scalar, i32 40, i32 49" [../src/msm.cpp:480]   --->   Operation 34 'partselect' 'scalar_partition_4' <Predicate = true> <Delay = 0.00>
ST_1 : Operation 35 [1/1] (0.00ns)   --->   "%scalar_partition_5 = partselect i10 @_ssdm_op_PartSelect.i10.i256.i32.i32, i256 %scalar, i32 50, i32 59" [../src/msm.cpp:480]   --->   Operation 35 'partselect' 'scalar_partition_5' <Predicate = true> <Delay = 0.00>
ST_1 : Operation 36 [1/1] (0.00ns)   --->   "%scalar_partition_6 = partselect i10 @_ssdm_op_PartSelect.i10.i256.i32.i32, i256 %scalar, i32 60, i32 69" [../src/msm.cpp:480]   --->   Operation 36 'partselect' 'scalar_partition_6' <Predicate = true> <Delay = 0.00>
ST_1 : Operation 37 [1/1] (0.00ns)   --->   "%scalar_partition_7 = partselect i10 @_ssdm_op_PartSelect.i10.i256.i32.i32, i256 %scalar, i32 70, i32 79" [../src/msm.cpp:480]   --->   Operation 37 'partselect' 'scalar_partition_7' <Predicate = true> <Delay = 0.00>
ST_1 : Operation 38 [1/1] (0.00ns)   --->   "%scalar_partition_8 = partselect i10 @_ssdm_op_PartSelect.i10.i256.i32.i32, i256 %scalar, i32 80, i32 89" [../src/msm.cpp:480]   --->   Operation 38 'partselect' 'scalar_partition_8' <Predicate = true> <Delay = 0.00>
ST_1 : Operation 39 [1/1] (0.00ns)   --->   "%scalar_partition_9 = partselect i10 @_ssdm_op_PartSelect.i10.i256.i32.i32, i256 %scalar, i32 90, i32 99" [../src/msm.cpp:480]   --->   Operation 39 'partselect' 'scalar_partition_9' <Predicate = true> <Delay = 0.00>
ST_1 : Operation 40 [1/1] (0.00ns)   --->   "%scalar_partition_10 = partselect i10 @_ssdm_op_PartSelect.i10.i256.i32.i32, i256 %scalar, i32 100, i32 109" [../src/msm.cpp:480]   --->   Operation 40 'partselect' 'scalar_partition_10' <Predicate = true> <Delay = 0.00>
ST_1 : Operation 41 [1/1] (0.00ns)   --->   "%scalar_partition_11 = partselect i10 @_ssdm_op_PartSelect.i10.i256.i32.i32, i256 %scalar, i32 110, i32 119" [../src/msm.cpp:480]   --->   Operation 41 'partselect' 'scalar_partition_11' <Predicate = true> <Delay = 0.00>
ST_1 : Operation 42 [1/1] (0.00ns)   --->   "%scalar_partition_12 = partselect i10 @_ssdm_op_PartSelect.i10.i256.i32.i32, i256 %scalar, i32 120, i32 129" [../src/msm.cpp:480]   --->   Operation 42 'partselect' 'scalar_partition_12' <Predicate = true> <Delay = 0.00>
ST_1 : Operation 43 [1/1] (0.00ns)   --->   "%scalar_partition_13 = partselect i10 @_ssdm_op_PartSelect.i10.i256.i32.i32, i256 %scalar, i32 130, i32 139" [../src/msm.cpp:480]   --->   Operation 43 'partselect' 'scalar_partition_13' <Predicate = true> <Delay = 0.00>
ST_1 : Operation 44 [1/1] (0.00ns)   --->   "%scalar_partition_14 = partselect i10 @_ssdm_op_PartSelect.i10.i256.i32.i32, i256 %scalar, i32 140, i32 149" [../src/msm.cpp:480]   --->   Operation 44 'partselect' 'scalar_partition_14' <Predicate = true> <Delay = 0.00>
ST_1 : Operation 45 [1/1] (0.00ns)   --->   "%scalar_partition_15 = partselect i10 @_ssdm_op_PartSelect.i10.i256.i32.i32, i256 %scalar, i32 150, i32 159" [../src/msm.cpp:480]   --->   Operation 45 'partselect' 'scalar_partition_15' <Predicate = true> <Delay = 0.00>
ST_1 : Operation 46 [1/1] (0.00ns)   --->   "%scalar_partition_16 = partselect i10 @_ssdm_op_PartSelect.i10.i256.i32.i32, i256 %scalar, i32 160, i32 169" [../src/msm.cpp:480]   --->   Operation 46 'partselect' 'scalar_partition_16' <Predicate = true> <Delay = 0.00>
ST_1 : Operation 47 [1/1] (0.00ns)   --->   "%scalar_partition_17 = partselect i10 @_ssdm_op_PartSelect.i10.i256.i32.i32, i256 %scalar, i32 170, i32 179" [../src/msm.cpp:480]   --->   Operation 47 'partselect' 'scalar_partition_17' <Predicate = true> <Delay = 0.00>
ST_1 : Operation 48 [1/1] (0.00ns)   --->   "%scalar_partition_18 = partselect i10 @_ssdm_op_PartSelect.i10.i256.i32.i32, i256 %scalar, i32 180, i32 189" [../src/msm.cpp:480]   --->   Operation 48 'partselect' 'scalar_partition_18' <Predicate = true> <Delay = 0.00>
ST_1 : Operation 49 [1/1] (0.00ns)   --->   "%scalar_partition_19 = partselect i10 @_ssdm_op_PartSelect.i10.i256.i32.i32, i256 %scalar, i32 190, i32 199" [../src/msm.cpp:480]   --->   Operation 49 'partselect' 'scalar_partition_19' <Predicate = true> <Delay = 0.00>
ST_1 : Operation 50 [1/1] (0.00ns)   --->   "%scalar_partition_20 = partselect i10 @_ssdm_op_PartSelect.i10.i256.i32.i32, i256 %scalar, i32 200, i32 209" [../src/msm.cpp:480]   --->   Operation 50 'partselect' 'scalar_partition_20' <Predicate = true> <Delay = 0.00>
ST_1 : Operation 51 [1/1] (0.00ns)   --->   "%scalar_partition_21 = partselect i10 @_ssdm_op_PartSelect.i10.i256.i32.i32, i256 %scalar, i32 210, i32 219" [../src/msm.cpp:480]   --->   Operation 51 'partselect' 'scalar_partition_21' <Predicate = true> <Delay = 0.00>
ST_1 : Operation 52 [1/1] (0.00ns)   --->   "%scalar_partition_22 = partselect i10 @_ssdm_op_PartSelect.i10.i256.i32.i32, i256 %scalar, i32 220, i32 229" [../src/msm.cpp:480]   --->   Operation 52 'partselect' 'scalar_partition_22' <Predicate = true> <Delay = 0.00>
ST_1 : Operation 53 [1/1] (0.00ns)   --->   "%scalar_partition_23 = partselect i10 @_ssdm_op_PartSelect.i10.i256.i32.i32, i256 %scalar, i32 230, i32 239" [../src/msm.cpp:480]   --->   Operation 53 'partselect' 'scalar_partition_23' <Predicate = true> <Delay = 0.00>
ST_1 : Operation 54 [1/1] (0.00ns)   --->   "%scalar_partition_24 = partselect i10 @_ssdm_op_PartSelect.i10.i256.i32.i32, i256 %scalar, i32 240, i32 249" [../src/msm.cpp:480]   --->   Operation 54 'partselect' 'scalar_partition_24' <Predicate = true> <Delay = 0.00>
ST_1 : Operation 55 [1/1] (0.00ns)   --->   "%tmp = partselect i6 @_ssdm_op_PartSelect.i6.i256.i32.i32, i256 %scalar, i32 250, i32 255" [../src/msm.cpp:480]   --->   Operation 55 'partselect' 'tmp' <Predicate = true> <Delay = 0.00>

State 2 <SV = 1> <Delay = 1.46>
ST_2 : Operation 56 [1/1] (0.00ns)   --->   "%zext_ln475_1 = zext i10 %scalar_partition_1" [../src/msm.cpp:475]   --->   Operation 56 'zext' 'zext_ln475_1' <Predicate = true> <Delay = 0.00>
ST_2 : Operation 57 [1/1] ( I:1.46ns O:1.46ns )   --->   "%write_ln481 = write void @_ssdm_op_Write.ap_fifo.volatile.i32P0A, i32 %scalar_partition_stream_i, i32 %zext_ln475_1" [../src/msm.cpp:481]   --->   Operation 57 'write' 'write_ln481' <Predicate = true> <Delay = 1.46> <CoreInst = "FIFO">   --->   Core 77 'FIFO' <Latency = 0> <II = 1> <Delay = 1.63> <Storage> <Opcode : 'read' 'write' 'nbread' 'nbwrite'> <Ports = 0> <Width = -1> <Depth = -1> <FIFO>

State 3 <SV = 2> <Delay = 1.46>
ST_3 : Operation 58 [1/1] (0.00ns)   --->   "%zext_ln475_2 = zext i10 %scalar_partition_2" [../src/msm.cpp:475]   --->   Operation 58 'zext' 'zext_ln475_2' <Predicate = true> <Delay = 0.00>
ST_3 : Operation 59 [1/1] ( I:1.46ns O:1.46ns )   --->   "%write_ln481 = write void @_ssdm_op_Write.ap_fifo.volatile.i32P0A, i32 %scalar_partition_stream_i, i32 %zext_ln475_2" [../src/msm.cpp:481]   --->   Operation 59 'write' 'write_ln481' <Predicate = true> <Delay = 1.46> <CoreInst = "FIFO">   --->   Core 77 'FIFO' <Latency = 0> <II = 1> <Delay = 1.63> <Storage> <Opcode : 'read' 'write' 'nbread' 'nbwrite'> <Ports = 0> <Width = -1> <Depth = -1> <FIFO>

State 4 <SV = 3> <Delay = 1.46>
ST_4 : Operation 60 [1/1] (0.00ns)   --->   "%zext_ln475_3 = zext i10 %scalar_partition_3" [../src/msm.cpp:475]   --->   Operation 60 'zext' 'zext_ln475_3' <Predicate = true> <Delay = 0.00>
ST_4 : Operation 61 [1/1] ( I:1.46ns O:1.46ns )   --->   "%write_ln481 = write void @_ssdm_op_Write.ap_fifo.volatile.i32P0A, i32 %scalar_partition_stream_i, i32 %zext_ln475_3" [../src/msm.cpp:481]   --->   Operation 61 'write' 'write_ln481' <Predicate = true> <Delay = 1.46> <CoreInst = "FIFO">   --->   Core 77 'FIFO' <Latency = 0> <II = 1> <Delay = 1.63> <Storage> <Opcode : 'read' 'write' 'nbread' 'nbwrite'> <Ports = 0> <Width = -1> <Depth = -1> <FIFO>

State 5 <SV = 4> <Delay = 1.46>
ST_5 : Operation 62 [1/1] (0.00ns)   --->   "%zext_ln475_4 = zext i10 %scalar_partition_4" [../src/msm.cpp:475]   --->   Operation 62 'zext' 'zext_ln475_4' <Predicate = true> <Delay = 0.00>
ST_5 : Operation 63 [1/1] ( I:1.46ns O:1.46ns )   --->   "%write_ln481 = write void @_ssdm_op_Write.ap_fifo.volatile.i32P0A, i32 %scalar_partition_stream_i, i32 %zext_ln475_4" [../src/msm.cpp:481]   --->   Operation 63 'write' 'write_ln481' <Predicate = true> <Delay = 1.46> <CoreInst = "FIFO">   --->   Core 77 'FIFO' <Latency = 0> <II = 1> <Delay = 1.63> <Storage> <Opcode : 'read' 'write' 'nbread' 'nbwrite'> <Ports = 0> <Width = -1> <Depth = -1> <FIFO>

State 6 <SV = 5> <Delay = 1.46>
ST_6 : Operation 64 [1/1] (0.00ns)   --->   "%zext_ln475_5 = zext i10 %scalar_partition_5" [../src/msm.cpp:475]   --->   Operation 64 'zext' 'zext_ln475_5' <Predicate = true> <Delay = 0.00>
ST_6 : Operation 65 [1/1] ( I:1.46ns O:1.46ns )   --->   "%write_ln481 = write void @_ssdm_op_Write.ap_fifo.volatile.i32P0A, i32 %scalar_partition_stream_i, i32 %zext_ln475_5" [../src/msm.cpp:481]   --->   Operation 65 'write' 'write_ln481' <Predicate = true> <Delay = 1.46> <CoreInst = "FIFO">   --->   Core 77 'FIFO' <Latency = 0> <II = 1> <Delay = 1.63> <Storage> <Opcode : 'read' 'write' 'nbread' 'nbwrite'> <Ports = 0> <Width = -1> <Depth = -1> <FIFO>

State 7 <SV = 6> <Delay = 1.46>
ST_7 : Operation 66 [1/1] (0.00ns)   --->   "%zext_ln475_6 = zext i10 %scalar_partition_6" [../src/msm.cpp:475]   --->   Operation 66 'zext' 'zext_ln475_6' <Predicate = true> <Delay = 0.00>
ST_7 : Operation 67 [1/1] ( I:1.46ns O:1.46ns )   --->   "%write_ln481 = write void @_ssdm_op_Write.ap_fifo.volatile.i32P0A, i32 %scalar_partition_stream_i, i32 %zext_ln475_6" [../src/msm.cpp:481]   --->   Operation 67 'write' 'write_ln481' <Predicate = true> <Delay = 1.46> <CoreInst = "FIFO">   --->   Core 77 'FIFO' <Latency = 0> <II = 1> <Delay = 1.63> <Storage> <Opcode : 'read' 'write' 'nbread' 'nbwrite'> <Ports = 0> <Width = -1> <Depth = -1> <FIFO>

State 8 <SV = 7> <Delay = 1.46>
ST_8 : Operation 68 [1/1] (0.00ns)   --->   "%zext_ln475_7 = zext i10 %scalar_partition_7" [../src/msm.cpp:475]   --->   Operation 68 'zext' 'zext_ln475_7' <Predicate = true> <Delay = 0.00>
ST_8 : Operation 69 [1/1] ( I:1.46ns O:1.46ns )   --->   "%write_ln481 = write void @_ssdm_op_Write.ap_fifo.volatile.i32P0A, i32 %scalar_partition_stream_i, i32 %zext_ln475_7" [../src/msm.cpp:481]   --->   Operation 69 'write' 'write_ln481' <Predicate = true> <Delay = 1.46> <CoreInst = "FIFO">   --->   Core 77 'FIFO' <Latency = 0> <II = 1> <Delay = 1.63> <Storage> <Opcode : 'read' 'write' 'nbread' 'nbwrite'> <Ports = 0> <Width = -1> <Depth = -1> <FIFO>

State 9 <SV = 8> <Delay = 1.46>
ST_9 : Operation 70 [1/1] (0.00ns)   --->   "%zext_ln475_8 = zext i10 %scalar_partition_8" [../src/msm.cpp:475]   --->   Operation 70 'zext' 'zext_ln475_8' <Predicate = true> <Delay = 0.00>
ST_9 : Operation 71 [1/1] ( I:1.46ns O:1.46ns )   --->   "%write_ln481 = write void @_ssdm_op_Write.ap_fifo.volatile.i32P0A, i32 %scalar_partition_stream_i, i32 %zext_ln475_8" [../src/msm.cpp:481]   --->   Operation 71 'write' 'write_ln481' <Predicate = true> <Delay = 1.46> <CoreInst = "FIFO">   --->   Core 77 'FIFO' <Latency = 0> <II = 1> <Delay = 1.63> <Storage> <Opcode : 'read' 'write' 'nbread' 'nbwrite'> <Ports = 0> <Width = -1> <Depth = -1> <FIFO>

State 10 <SV = 9> <Delay = 1.46>
ST_10 : Operation 72 [1/1] (0.00ns)   --->   "%zext_ln475_9 = zext i10 %scalar_partition_9" [../src/msm.cpp:475]   --->   Operation 72 'zext' 'zext_ln475_9' <Predicate = true> <Delay = 0.00>
ST_10 : Operation 73 [1/1] ( I:1.46ns O:1.46ns )   --->   "%write_ln481 = write void @_ssdm_op_Write.ap_fifo.volatile.i32P0A, i32 %scalar_partition_stream_i, i32 %zext_ln475_9" [../src/msm.cpp:481]   --->   Operation 73 'write' 'write_ln481' <Predicate = true> <Delay = 1.46> <CoreInst = "FIFO">   --->   Core 77 'FIFO' <Latency = 0> <II = 1> <Delay = 1.63> <Storage> <Opcode : 'read' 'write' 'nbread' 'nbwrite'> <Ports = 0> <Width = -1> <Depth = -1> <FIFO>

State 11 <SV = 10> <Delay = 1.46>
ST_11 : Operation 74 [1/1] (0.00ns)   --->   "%zext_ln475_10 = zext i10 %scalar_partition_10" [../src/msm.cpp:475]   --->   Operation 74 'zext' 'zext_ln475_10' <Predicate = true> <Delay = 0.00>
ST_11 : Operation 75 [1/1] ( I:1.46ns O:1.46ns )   --->   "%write_ln481 = write void @_ssdm_op_Write.ap_fifo.volatile.i32P0A, i32 %scalar_partition_stream_i, i32 %zext_ln475_10" [../src/msm.cpp:481]   --->   Operation 75 'write' 'write_ln481' <Predicate = true> <Delay = 1.46> <CoreInst = "FIFO">   --->   Core 77 'FIFO' <Latency = 0> <II = 1> <Delay = 1.63> <Storage> <Opcode : 'read' 'write' 'nbread' 'nbwrite'> <Ports = 0> <Width = -1> <Depth = -1> <FIFO>

State 12 <SV = 11> <Delay = 1.46>
ST_12 : Operation 76 [1/1] (0.00ns)   --->   "%zext_ln475_11 = zext i10 %scalar_partition_11" [../src/msm.cpp:475]   --->   Operation 76 'zext' 'zext_ln475_11' <Predicate = true> <Delay = 0.00>
ST_12 : Operation 77 [1/1] ( I:1.46ns O:1.46ns )   --->   "%write_ln481 = write void @_ssdm_op_Write.ap_fifo.volatile.i32P0A, i32 %scalar_partition_stream_i, i32 %zext_ln475_11" [../src/msm.cpp:481]   --->   Operation 77 'write' 'write_ln481' <Predicate = true> <Delay = 1.46> <CoreInst = "FIFO">   --->   Core 77 'FIFO' <Latency = 0> <II = 1> <Delay = 1.63> <Storage> <Opcode : 'read' 'write' 'nbread' 'nbwrite'> <Ports = 0> <Width = -1> <Depth = -1> <FIFO>

State 13 <SV = 12> <Delay = 1.46>
ST_13 : Operation 78 [1/1] (0.00ns)   --->   "%zext_ln475_12 = zext i10 %scalar_partition_12" [../src/msm.cpp:475]   --->   Operation 78 'zext' 'zext_ln475_12' <Predicate = true> <Delay = 0.00>
ST_13 : Operation 79 [1/1] ( I:1.46ns O:1.46ns )   --->   "%write_ln481 = write void @_ssdm_op_Write.ap_fifo.volatile.i32P0A, i32 %scalar_partition_stream_i, i32 %zext_ln475_12" [../src/msm.cpp:481]   --->   Operation 79 'write' 'write_ln481' <Predicate = true> <Delay = 1.46> <CoreInst = "FIFO">   --->   Core 77 'FIFO' <Latency = 0> <II = 1> <Delay = 1.63> <Storage> <Opcode : 'read' 'write' 'nbread' 'nbwrite'> <Ports = 0> <Width = -1> <Depth = -1> <FIFO>

State 14 <SV = 13> <Delay = 1.46>
ST_14 : Operation 80 [1/1] (0.00ns)   --->   "%zext_ln475_13 = zext i10 %scalar_partition_13" [../src/msm.cpp:475]   --->   Operation 80 'zext' 'zext_ln475_13' <Predicate = true> <Delay = 0.00>
ST_14 : Operation 81 [1/1] ( I:1.46ns O:1.46ns )   --->   "%write_ln481 = write void @_ssdm_op_Write.ap_fifo.volatile.i32P0A, i32 %scalar_partition_stream_i, i32 %zext_ln475_13" [../src/msm.cpp:481]   --->   Operation 81 'write' 'write_ln481' <Predicate = true> <Delay = 1.46> <CoreInst = "FIFO">   --->   Core 77 'FIFO' <Latency = 0> <II = 1> <Delay = 1.63> <Storage> <Opcode : 'read' 'write' 'nbread' 'nbwrite'> <Ports = 0> <Width = -1> <Depth = -1> <FIFO>

State 15 <SV = 14> <Delay = 1.46>
ST_15 : Operation 82 [1/1] (0.00ns)   --->   "%zext_ln475_14 = zext i10 %scalar_partition_14" [../src/msm.cpp:475]   --->   Operation 82 'zext' 'zext_ln475_14' <Predicate = true> <Delay = 0.00>
ST_15 : Operation 83 [1/1] ( I:1.46ns O:1.46ns )   --->   "%write_ln481 = write void @_ssdm_op_Write.ap_fifo.volatile.i32P0A, i32 %scalar_partition_stream_i, i32 %zext_ln475_14" [../src/msm.cpp:481]   --->   Operation 83 'write' 'write_ln481' <Predicate = true> <Delay = 1.46> <CoreInst = "FIFO">   --->   Core 77 'FIFO' <Latency = 0> <II = 1> <Delay = 1.63> <Storage> <Opcode : 'read' 'write' 'nbread' 'nbwrite'> <Ports = 0> <Width = -1> <Depth = -1> <FIFO>

State 16 <SV = 15> <Delay = 1.46>
ST_16 : Operation 84 [1/1] (0.00ns)   --->   "%zext_ln475_15 = zext i10 %scalar_partition_15" [../src/msm.cpp:475]   --->   Operation 84 'zext' 'zext_ln475_15' <Predicate = true> <Delay = 0.00>
ST_16 : Operation 85 [1/1] ( I:1.46ns O:1.46ns )   --->   "%write_ln481 = write void @_ssdm_op_Write.ap_fifo.volatile.i32P0A, i32 %scalar_partition_stream_i, i32 %zext_ln475_15" [../src/msm.cpp:481]   --->   Operation 85 'write' 'write_ln481' <Predicate = true> <Delay = 1.46> <CoreInst = "FIFO">   --->   Core 77 'FIFO' <Latency = 0> <II = 1> <Delay = 1.63> <Storage> <Opcode : 'read' 'write' 'nbread' 'nbwrite'> <Ports = 0> <Width = -1> <Depth = -1> <FIFO>

State 17 <SV = 16> <Delay = 1.46>
ST_17 : Operation 86 [1/1] (0.00ns)   --->   "%zext_ln475_16 = zext i10 %scalar_partition_16" [../src/msm.cpp:475]   --->   Operation 86 'zext' 'zext_ln475_16' <Predicate = true> <Delay = 0.00>
ST_17 : Operation 87 [1/1] ( I:1.46ns O:1.46ns )   --->   "%write_ln481 = write void @_ssdm_op_Write.ap_fifo.volatile.i32P0A, i32 %scalar_partition_stream_i, i32 %zext_ln475_16" [../src/msm.cpp:481]   --->   Operation 87 'write' 'write_ln481' <Predicate = true> <Delay = 1.46> <CoreInst = "FIFO">   --->   Core 77 'FIFO' <Latency = 0> <II = 1> <Delay = 1.63> <Storage> <Opcode : 'read' 'write' 'nbread' 'nbwrite'> <Ports = 0> <Width = -1> <Depth = -1> <FIFO>

State 18 <SV = 17> <Delay = 1.46>
ST_18 : Operation 88 [1/1] (0.00ns)   --->   "%zext_ln475_17 = zext i10 %scalar_partition_17" [../src/msm.cpp:475]   --->   Operation 88 'zext' 'zext_ln475_17' <Predicate = true> <Delay = 0.00>
ST_18 : Operation 89 [1/1] ( I:1.46ns O:1.46ns )   --->   "%write_ln481 = write void @_ssdm_op_Write.ap_fifo.volatile.i32P0A, i32 %scalar_partition_stream_i, i32 %zext_ln475_17" [../src/msm.cpp:481]   --->   Operation 89 'write' 'write_ln481' <Predicate = true> <Delay = 1.46> <CoreInst = "FIFO">   --->   Core 77 'FIFO' <Latency = 0> <II = 1> <Delay = 1.63> <Storage> <Opcode : 'read' 'write' 'nbread' 'nbwrite'> <Ports = 0> <Width = -1> <Depth = -1> <FIFO>

State 19 <SV = 18> <Delay = 1.46>
ST_19 : Operation 90 [1/1] (0.00ns)   --->   "%zext_ln475_18 = zext i10 %scalar_partition_18" [../src/msm.cpp:475]   --->   Operation 90 'zext' 'zext_ln475_18' <Predicate = true> <Delay = 0.00>
ST_19 : Operation 91 [1/1] ( I:1.46ns O:1.46ns )   --->   "%write_ln481 = write void @_ssdm_op_Write.ap_fifo.volatile.i32P0A, i32 %scalar_partition_stream_i, i32 %zext_ln475_18" [../src/msm.cpp:481]   --->   Operation 91 'write' 'write_ln481' <Predicate = true> <Delay = 1.46> <CoreInst = "FIFO">   --->   Core 77 'FIFO' <Latency = 0> <II = 1> <Delay = 1.63> <Storage> <Opcode : 'read' 'write' 'nbread' 'nbwrite'> <Ports = 0> <Width = -1> <Depth = -1> <FIFO>

State 20 <SV = 19> <Delay = 1.46>
ST_20 : Operation 92 [1/1] (0.00ns)   --->   "%zext_ln475_19 = zext i10 %scalar_partition_19" [../src/msm.cpp:475]   --->   Operation 92 'zext' 'zext_ln475_19' <Predicate = true> <Delay = 0.00>
ST_20 : Operation 93 [1/1] ( I:1.46ns O:1.46ns )   --->   "%write_ln481 = write void @_ssdm_op_Write.ap_fifo.volatile.i32P0A, i32 %scalar_partition_stream_i, i32 %zext_ln475_19" [../src/msm.cpp:481]   --->   Operation 93 'write' 'write_ln481' <Predicate = true> <Delay = 1.46> <CoreInst = "FIFO">   --->   Core 77 'FIFO' <Latency = 0> <II = 1> <Delay = 1.63> <Storage> <Opcode : 'read' 'write' 'nbread' 'nbwrite'> <Ports = 0> <Width = -1> <Depth = -1> <FIFO>

State 21 <SV = 20> <Delay = 1.46>
ST_21 : Operation 94 [1/1] (0.00ns)   --->   "%zext_ln475_20 = zext i10 %scalar_partition_20" [../src/msm.cpp:475]   --->   Operation 94 'zext' 'zext_ln475_20' <Predicate = true> <Delay = 0.00>
ST_21 : Operation 95 [1/1] ( I:1.46ns O:1.46ns )   --->   "%write_ln481 = write void @_ssdm_op_Write.ap_fifo.volatile.i32P0A, i32 %scalar_partition_stream_i, i32 %zext_ln475_20" [../src/msm.cpp:481]   --->   Operation 95 'write' 'write_ln481' <Predicate = true> <Delay = 1.46> <CoreInst = "FIFO">   --->   Core 77 'FIFO' <Latency = 0> <II = 1> <Delay = 1.63> <Storage> <Opcode : 'read' 'write' 'nbread' 'nbwrite'> <Ports = 0> <Width = -1> <Depth = -1> <FIFO>

State 22 <SV = 21> <Delay = 1.46>
ST_22 : Operation 96 [1/1] (0.00ns)   --->   "%zext_ln475_21 = zext i10 %scalar_partition_21" [../src/msm.cpp:475]   --->   Operation 96 'zext' 'zext_ln475_21' <Predicate = true> <Delay = 0.00>
ST_22 : Operation 97 [1/1] ( I:1.46ns O:1.46ns )   --->   "%write_ln481 = write void @_ssdm_op_Write.ap_fifo.volatile.i32P0A, i32 %scalar_partition_stream_i, i32 %zext_ln475_21" [../src/msm.cpp:481]   --->   Operation 97 'write' 'write_ln481' <Predicate = true> <Delay = 1.46> <CoreInst = "FIFO">   --->   Core 77 'FIFO' <Latency = 0> <II = 1> <Delay = 1.63> <Storage> <Opcode : 'read' 'write' 'nbread' 'nbwrite'> <Ports = 0> <Width = -1> <Depth = -1> <FIFO>

State 23 <SV = 22> <Delay = 1.46>
ST_23 : Operation 98 [1/1] (0.00ns)   --->   "%zext_ln475_22 = zext i10 %scalar_partition_22" [../src/msm.cpp:475]   --->   Operation 98 'zext' 'zext_ln475_22' <Predicate = true> <Delay = 0.00>
ST_23 : Operation 99 [1/1] ( I:1.46ns O:1.46ns )   --->   "%write_ln481 = write void @_ssdm_op_Write.ap_fifo.volatile.i32P0A, i32 %scalar_partition_stream_i, i32 %zext_ln475_22" [../src/msm.cpp:481]   --->   Operation 99 'write' 'write_ln481' <Predicate = true> <Delay = 1.46> <CoreInst = "FIFO">   --->   Core 77 'FIFO' <Latency = 0> <II = 1> <Delay = 1.63> <Storage> <Opcode : 'read' 'write' 'nbread' 'nbwrite'> <Ports = 0> <Width = -1> <Depth = -1> <FIFO>

State 24 <SV = 23> <Delay = 1.46>
ST_24 : Operation 100 [1/1] (0.00ns)   --->   "%zext_ln475_23 = zext i10 %scalar_partition_23" [../src/msm.cpp:475]   --->   Operation 100 'zext' 'zext_ln475_23' <Predicate = true> <Delay = 0.00>
ST_24 : Operation 101 [1/1] ( I:1.46ns O:1.46ns )   --->   "%write_ln481 = write void @_ssdm_op_Write.ap_fifo.volatile.i32P0A, i32 %scalar_partition_stream_i, i32 %zext_ln475_23" [../src/msm.cpp:481]   --->   Operation 101 'write' 'write_ln481' <Predicate = true> <Delay = 1.46> <CoreInst = "FIFO">   --->   Core 77 'FIFO' <Latency = 0> <II = 1> <Delay = 1.63> <Storage> <Opcode : 'read' 'write' 'nbread' 'nbwrite'> <Ports = 0> <Width = -1> <Depth = -1> <FIFO>

State 25 <SV = 24> <Delay = 1.46>
ST_25 : Operation 102 [1/1] (0.00ns)   --->   "%zext_ln475_24 = zext i10 %scalar_partition_24" [../src/msm.cpp:475]   --->   Operation 102 'zext' 'zext_ln475_24' <Predicate = true> <Delay = 0.00>
ST_25 : Operation 103 [1/1] ( I:1.46ns O:1.46ns )   --->   "%write_ln481 = write void @_ssdm_op_Write.ap_fifo.volatile.i32P0A, i32 %scalar_partition_stream_i, i32 %zext_ln475_24" [../src/msm.cpp:481]   --->   Operation 103 'write' 'write_ln481' <Predicate = true> <Delay = 1.46> <CoreInst = "FIFO">   --->   Core 77 'FIFO' <Latency = 0> <II = 1> <Delay = 1.63> <Storage> <Opcode : 'read' 'write' 'nbread' 'nbwrite'> <Ports = 0> <Width = -1> <Depth = -1> <FIFO>

State 26 <SV = 25> <Delay = 1.46>
ST_26 : Operation 104 [1/1] (0.00ns)   --->   "%specinterface_ln0 = specinterface void @_ssdm_op_SpecInterface, i32 %scalar_partition_stream_i, void @empty_0, i32 0, i32 0, void @empty, i32 0, i32 0, void @empty, void @empty, void @empty, i32 0, i32 0, i32 0, i32 0, void @empty, void @empty, i32 4294967295, i32 0, i32 0"   --->   Operation 104 'specinterface' 'specinterface_ln0' <Predicate = true> <Delay = 0.00>
ST_26 : Operation 105 [1/1] (0.00ns)   --->   "%specinterface_ln0 = specinterface void @_ssdm_op_SpecInterface, i256 %scalar_stream, void @empty_0, i32 0, i32 0, void @empty, i32 0, i32 0, void @empty, void @empty, void @empty, i32 0, i32 0, i32 0, i32 0, void @empty, void @empty, i32 4294967295, i32 0, i32 0"   --->   Operation 105 'specinterface' 'specinterface_ln0' <Predicate = true> <Delay = 0.00>
ST_26 : Operation 106 [1/1] (0.00ns)   --->   "%specpipeline_ln476 = specpipeline void @_ssdm_op_SpecPipeline, i32 1, i32 0, i32 0, i32 0, void @empty" [../src/msm.cpp:476]   --->   Operation 106 'specpipeline' 'specpipeline_ln476' <Predicate = true> <Delay = 0.00>
ST_26 : Operation 107 [1/1] (0.00ns)   --->   "%zext_ln480 = zext i6 %tmp" [../src/msm.cpp:480]   --->   Operation 107 'zext' 'zext_ln480' <Predicate = true> <Delay = 0.00>
ST_26 : Operation 108 [1/1] ( I:1.46ns O:1.46ns )   --->   "%write_ln481 = write void @_ssdm_op_Write.ap_fifo.volatile.i32P0A, i32 %scalar_partition_stream_i, i32 %zext_ln480" [../src/msm.cpp:481]   --->   Operation 108 'write' 'write_ln481' <Predicate = true> <Delay = 1.46> <CoreInst = "FIFO">   --->   Core 77 'FIFO' <Latency = 0> <II = 1> <Delay = 1.63> <Storage> <Opcode : 'read' 'write' 'nbread' 'nbwrite'> <Ports = 0> <Width = -1> <Depth = -1> <FIFO>
ST_26 : Operation 109 [1/1] (0.00ns)   --->   "%ret_ln484 = ret" [../src/msm.cpp:484]   --->   Operation 109 'ret' 'ret_ln484' <Predicate = true> <Delay = 0.00>


============================================================
+ Verbose Summary: Binding
============================================================
STG Binding: 
---------------- STG Properties BEGIN ----------------
- Is combinational: 0
- Is one-state seq: 0
- Is datapath-only: 0
- Is pipelined: 1
- Is top level: 0
Port [ Return ] is wired: 1; IO mode=ap_ctrl_hs:ce=0
Port [ scalar_stream]:  wired=1; compound=1; hidden=0; nouse=0; global=0; static=0; extern=0; dir=0; type=3; pingpong=0; private_global=0; IO mode=ap_fifo:ce=0
Port [ scalar_partition_stream_i]:  wired=1; compound=1; hidden=0; nouse=0; global=0; static=0; extern=0; dir=1; type=3; pingpong=0; private_global=0; IO mode=ap_fifo:ce=0
---------------- STG Properties END ------------------

---------------- Datapath Model BEGIN ----------------

<LifeTime>
<method=bitvector/>
scalar              (read         ) [ 000000000000000000000000000]
scalar_partition    (trunc        ) [ 000000000000000000000000000]
zext_ln475          (zext         ) [ 000000000000000000000000000]
write_ln481         (write        ) [ 000000000000000000000000000]
scalar_partition_1  (partselect   ) [ 001000000000000000000000000]
scalar_partition_2  (partselect   ) [ 001100000000000000000000000]
scalar_partition_3  (partselect   ) [ 001110000000000000000000000]
scalar_partition_4  (partselect   ) [ 001111000000000000000000000]
scalar_partition_5  (partselect   ) [ 001111100000000000000000000]
scalar_partition_6  (partselect   ) [ 001111110000000000000000000]
scalar_partition_7  (partselect   ) [ 001111111000000000000000000]
scalar_partition_8  (partselect   ) [ 001111111100000000000000000]
scalar_partition_9  (partselect   ) [ 001111111110000000000000000]
scalar_partition_10 (partselect   ) [ 001111111111000000000000000]
scalar_partition_11 (partselect   ) [ 001111111111100000000000000]
scalar_partition_12 (partselect   ) [ 001111111111110000000000000]
scalar_partition_13 (partselect   ) [ 001111111111111000000000000]
scalar_partition_14 (partselect   ) [ 001111111111111100000000000]
scalar_partition_15 (partselect   ) [ 001111111111111110000000000]
scalar_partition_16 (partselect   ) [ 001111111111111111000000000]
scalar_partition_17 (partselect   ) [ 001111111111111111100000000]
scalar_partition_18 (partselect   ) [ 001111111111111111110000000]
scalar_partition_19 (partselect   ) [ 001111111111111111111000000]
scalar_partition_20 (partselect   ) [ 001111111111111111111100000]
scalar_partition_21 (partselect   ) [ 001111111111111111111110000]
scalar_partition_22 (partselect   ) [ 001111111111111111111111000]
scalar_partition_23 (partselect   ) [ 001111111111111111111111100]
scalar_partition_24 (partselect   ) [ 001111111111111111111111110]
tmp                 (partselect   ) [ 001111111111111111111111111]
zext_ln475_1        (zext         ) [ 000000000000000000000000000]
write_ln481         (write        ) [ 000000000000000000000000000]
zext_ln475_2        (zext         ) [ 000000000000000000000000000]
write_ln481         (write        ) [ 000000000000000000000000000]
zext_ln475_3        (zext         ) [ 000000000000000000000000000]
write_ln481         (write        ) [ 000000000000000000000000000]
zext_ln475_4        (zext         ) [ 000000000000000000000000000]
write_ln481         (write        ) [ 000000000000000000000000000]
zext_ln475_5        (zext         ) [ 000000000000000000000000000]
write_ln481         (write        ) [ 000000000000000000000000000]
zext_ln475_6        (zext         ) [ 000000000000000000000000000]
write_ln481         (write        ) [ 000000000000000000000000000]
zext_ln475_7        (zext         ) [ 000000000000000000000000000]
write_ln481         (write        ) [ 000000000000000000000000000]
zext_ln475_8        (zext         ) [ 000000000000000000000000000]
write_ln481         (write        ) [ 000000000000000000000000000]
zext_ln475_9        (zext         ) [ 000000000000000000000000000]
write_ln481         (write        ) [ 000000000000000000000000000]
zext_ln475_10       (zext         ) [ 000000000000000000000000000]
write_ln481         (write        ) [ 000000000000000000000000000]
zext_ln475_11       (zext         ) [ 000000000000000000000000000]
write_ln481         (write        ) [ 000000000000000000000000000]
zext_ln475_12       (zext         ) [ 000000000000000000000000000]
write_ln481         (write        ) [ 000000000000000000000000000]
zext_ln475_13       (zext         ) [ 000000000000000000000000000]
write_ln481         (write        ) [ 000000000000000000000000000]
zext_ln475_14       (zext         ) [ 000000000000000000000000000]
write_ln481         (write        ) [ 000000000000000000000000000]
zext_ln475_15       (zext         ) [ 000000000000000000000000000]
write_ln481         (write        ) [ 000000000000000000000000000]
zext_ln475_16       (zext         ) [ 000000000000000000000000000]
write_ln481         (write        ) [ 000000000000000000000000000]
zext_ln475_17       (zext         ) [ 000000000000000000000000000]
write_ln481         (write        ) [ 000000000000000000000000000]
zext_ln475_18       (zext         ) [ 000000000000000000000000000]
write_ln481         (write        ) [ 000000000000000000000000000]
zext_ln475_19       (zext         ) [ 000000000000000000000000000]
write_ln481         (write        ) [ 000000000000000000000000000]
zext_ln475_20       (zext         ) [ 000000000000000000000000000]
write_ln481         (write        ) [ 000000000000000000000000000]
zext_ln475_21       (zext         ) [ 000000000000000000000000000]
write_ln481         (write        ) [ 000000000000000000000000000]
zext_ln475_22       (zext         ) [ 000000000000000000000000000]
write_ln481         (write        ) [ 000000000000000000000000000]
zext_ln475_23       (zext         ) [ 000000000000000000000000000]
write_ln481         (write        ) [ 000000000000000000000000000]
zext_ln475_24       (zext         ) [ 000000000000000000000000000]
write_ln481         (write        ) [ 000000000000000000000000000]
specinterface_ln0   (specinterface) [ 000000000000000000000000000]
specinterface_ln0   (specinterface) [ 000000000000000000000000000]
specpipeline_ln476  (specpipeline ) [ 000000000000000000000000000]
zext_ln480          (zext         ) [ 000000000000000000000000000]
write_ln481         (write        ) [ 000000000000000000000000000]
ret_ln484           (ret          ) [ 000000000000000000000000000]
</LifeTime>

<model>

<comp_list>
<comp id="0" class="1000" name="scalar_stream">
<pin_list>
<pin id="1" dir="1" index="0" bw="1" slack="0"/>
</pin_list>
<bind>
<StgValue><ssdm name="scalar_stream"/></StgValue>
</bind>
</comp>

<comp id="2" class="1000" name="scalar_partition_stream_i">
<pin_list>
<pin id="3" dir="1" index="0" bw="1" slack="0"/>
</pin_list>
<bind>
<StgValue><ssdm name="scalar_partition_stream_i"/></StgValue>
</bind>
</comp>

<comp id="4" class="1001" name="const_4">
<pin_list>
<pin id="5" dir="1" index="0" bw="1" slack="0"/>
</pin_list>
<bind>
<StgValue><ssdm name="_ssdm_op_Read.ap_fifo.volatile.i256P0A"/></StgValue>
</bind>
</comp>

<comp id="6" class="1001" name="const_6">
<pin_list>
<pin id="7" dir="1" index="0" bw="1" slack="0"/>
</pin_list>
<bind>
<StgValue><ssdm name="_ssdm_op_Write.ap_fifo.volatile.i32P0A"/></StgValue>
</bind>
</comp>

<comp id="8" class="1001" name="const_8">
<pin_list>
<pin id="9" dir="1" index="0" bw="1" slack="0"/>
</pin_list>
<bind>
<StgValue><ssdm name="_ssdm_op_PartSelect.i10.i256.i32.i32"/></StgValue>
</bind>
</comp>

<comp id="10" class="1001" name="const_10">
<pin_list>
<pin id="11" dir="1" index="0" bw="1" slack="0"/>
</pin_list>
<bind>
<StgValue><ssdm name=""/></StgValue>
</bind>
</comp>

<comp id="12" class="1001" name="const_12">
<pin_list>
<pin id="13" dir="1" index="0" bw="1" slack="0"/>
</pin_list>
<bind>
<StgValue><ssdm name=""/></StgValue>
</bind>
</comp>

<comp id="14" class="1001" name="const_14">
<pin_list>
<pin id="15" dir="1" index="0" bw="1" slack="0"/>
</pin_list>
<bind>
<StgValue><ssdm name=""/></StgValue>
</bind>
</comp>

<comp id="16" class="1001" name="const_16">
<pin_list>
<pin id="17" dir="1" index="0" bw="1" slack="0"/>
</pin_list>
<bind>
<StgValue><ssdm name=""/></StgValue>
</bind>
</comp>

<comp id="18" class="1001" name="const_18">
<pin_list>
<pin id="19" dir="1" index="0" bw="1" slack="0"/>
</pin_list>
<bind>
<StgValue><ssdm name=""/></StgValue>
</bind>
</comp>

<comp id="20" class="1001" name="const_20">
<pin_list>
<pin id="21" dir="1" index="0" bw="1" slack="0"/>
</pin_list>
<bind>
<StgValue><ssdm name=""/></StgValue>
</bind>
</comp>

<comp id="22" class="1001" name="const_22">
<pin_list>
<pin id="23" dir="1" index="0" bw="1" slack="0"/>
</pin_list>
<bind>
<StgValue><ssdm name=""/></StgValue>
</bind>
</comp>

<comp id="24" class="1001" name="const_24">
<pin_list>
<pin id="25" dir="1" index="0" bw="1" slack="0"/>
</pin_list>
<bind>
<StgValue><ssdm name=""/></StgValue>
</bind>
</comp>

<comp id="26" class="1001" name="const_26">
<pin_list>
<pin id="27" dir="1" index="0" bw="1" slack="0"/>
</pin_list>
<bind>
<StgValue><ssdm name=""/></StgValue>
</bind>
</comp>

<comp id="28" class="1001" name="const_28">
<pin_list>
<pin id="29" dir="1" index="0" bw="1" slack="0"/>
</pin_list>
<bind>
<StgValue><ssdm name=""/></StgValue>
</bind>
</comp>

<comp id="30" class="1001" name="const_30">
<pin_list>
<pin id="31" dir="1" index="0" bw="1" slack="0"/>
</pin_list>
<bind>
<StgValue><ssdm name=""/></StgValue>
</bind>
</comp>

<comp id="32" class="1001" name="const_32">
<pin_list>
<pin id="33" dir="1" index="0" bw="1" slack="0"/>
</pin_list>
<bind>
<StgValue><ssdm name=""/></StgValue>
</bind>
</comp>

<comp id="34" class="1001" name="const_34">
<pin_list>
<pin id="35" dir="1" index="0" bw="1" slack="0"/>
</pin_list>
<bind>
<StgValue><ssdm name=""/></StgValue>
</bind>
</comp>

<comp id="36" class="1001" name="const_36">
<pin_list>
<pin id="37" dir="1" index="0" bw="1" slack="0"/>
</pin_list>
<bind>
<StgValue><ssdm name=""/></StgValue>
</bind>
</comp>

<comp id="38" class="1001" name="const_38">
<pin_list>
<pin id="39" dir="1" index="0" bw="1" slack="0"/>
</pin_list>
<bind>
<StgValue><ssdm name=""/></StgValue>
</bind>
</comp>

<comp id="40" class="1001" name="const_40">
<pin_list>
<pin id="41" dir="1" index="0" bw="1" slack="0"/>
</pin_list>
<bind>
<StgValue><ssdm name=""/></StgValue>
</bind>
</comp>

<comp id="42" class="1001" name="const_42">
<pin_list>
<pin id="43" dir="1" index="0" bw="1" slack="0"/>
</pin_list>
<bind>
<StgValue><ssdm name=""/></StgValue>
</bind>
</comp>

<comp id="44" class="1001" name="const_44">
<pin_list>
<pin id="45" dir="1" index="0" bw="1" slack="0"/>
</pin_list>
<bind>
<StgValue><ssdm name=""/></StgValue>
</bind>
</comp>

<comp id="46" class="1001" name="const_46">
<pin_list>
<pin id="47" dir="1" index="0" bw="1" slack="0"/>
</pin_list>
<bind>
<StgValue><ssdm name=""/></StgValue>
</bind>
</comp>

<comp id="48" class="1001" name="const_48">
<pin_list>
<pin id="49" dir="1" index="0" bw="1" slack="0"/>
</pin_list>
<bind>
<StgValue><ssdm name=""/></StgValue>
</bind>
</comp>

<comp id="50" class="1001" name="const_50">
<pin_list>
<pin id="51" dir="1" index="0" bw="1" slack="0"/>
</pin_list>
<bind>
<StgValue><ssdm name=""/></StgValue>
</bind>
</comp>

<comp id="52" class="1001" name="const_52">
<pin_list>
<pin id="53" dir="1" index="0" bw="1" slack="0"/>
</pin_list>
<bind>
<StgValue><ssdm name=""/></StgValue>
</bind>
</comp>

<comp id="54" class="1001" name="const_54">
<pin_list>
<pin id="55" dir="1" index="0" bw="1" slack="0"/>
</pin_list>
<bind>
<StgValue><ssdm name=""/></StgValue>
</bind>
</comp>

<comp id="56" class="1001" name="const_56">
<pin_list>
<pin id="57" dir="1" index="0" bw="1" slack="0"/>
</pin_list>
<bind>
<StgValue><ssdm name=""/></StgValue>
</bind>
</comp>

<comp id="58" class="1001" name="const_58">
<pin_list>
<pin id="59" dir="1" index="0" bw="1" slack="0"/>
</pin_list>
<bind>
<StgValue><ssdm name=""/></StgValue>
</bind>
</comp>

<comp id="60" class="1001" name="const_60">
<pin_list>
<pin id="61" dir="1" index="0" bw="1" slack="0"/>
</pin_list>
<bind>
<StgValue><ssdm name=""/></StgValue>
</bind>
</comp>

<comp id="62" class="1001" name="const_62">
<pin_list>
<pin id="63" dir="1" index="0" bw="1" slack="0"/>
</pin_list>
<bind>
<StgValue><ssdm name=""/></StgValue>
</bind>
</comp>

<comp id="64" class="1001" name="const_64">
<pin_list>
<pin id="65" dir="1" index="0" bw="1" slack="0"/>
</pin_list>
<bind>
<StgValue><ssdm name=""/></StgValue>
</bind>
</comp>

<comp id="66" class="1001" name="const_66">
<pin_list>
<pin id="67" dir="1" index="0" bw="1" slack="0"/>
</pin_list>
<bind>
<StgValue><ssdm name=""/></StgValue>
</bind>
</comp>

<comp id="68" class="1001" name="const_68">
<pin_list>
<pin id="69" dir="1" index="0" bw="1" slack="0"/>
</pin_list>
<bind>
<StgValue><ssdm name=""/></StgValue>
</bind>
</comp>

<comp id="70" class="1001" name="const_70">
<pin_list>
<pin id="71" dir="1" index="0" bw="1" slack="0"/>
</pin_list>
<bind>
<StgValue><ssdm name=""/></StgValue>
</bind>
</comp>

<comp id="72" class="1001" name="const_72">
<pin_list>
<pin id="73" dir="1" index="0" bw="1" slack="0"/>
</pin_list>
<bind>
<StgValue><ssdm name=""/></StgValue>
</bind>
</comp>

<comp id="74" class="1001" name="const_74">
<pin_list>
<pin id="75" dir="1" index="0" bw="1" slack="0"/>
</pin_list>
<bind>
<StgValue><ssdm name=""/></StgValue>
</bind>
</comp>

<comp id="76" class="1001" name="const_76">
<pin_list>
<pin id="77" dir="1" index="0" bw="1" slack="0"/>
</pin_list>
<bind>
<StgValue><ssdm name=""/></StgValue>
</bind>
</comp>

<comp id="78" class="1001" name="const_78">
<pin_list>
<pin id="79" dir="1" index="0" bw="1" slack="0"/>
</pin_list>
<bind>
<StgValue><ssdm name=""/></StgValue>
</bind>
</comp>

<comp id="80" class="1001" name="const_80">
<pin_list>
<pin id="81" dir="1" index="0" bw="1" slack="0"/>
</pin_list>
<bind>
<StgValue><ssdm name=""/></StgValue>
</bind>
</comp>

<comp id="82" class="1001" name="const_82">
<pin_list>
<pin id="83" dir="1" index="0" bw="1" slack="0"/>
</pin_list>
<bind>
<StgValue><ssdm name=""/></StgValue>
</bind>
</comp>

<comp id="84" class="1001" name="const_84">
<pin_list>
<pin id="85" dir="1" index="0" bw="1" slack="0"/>
</pin_list>
<bind>
<StgValue><ssdm name=""/></StgValue>
</bind>
</comp>

<comp id="86" class="1001" name="const_86">
<pin_list>
<pin id="87" dir="1" index="0" bw="1" slack="0"/>
</pin_list>
<bind>
<StgValue><ssdm name=""/></StgValue>
</bind>
</comp>

<comp id="88" class="1001" name="const_88">
<pin_list>
<pin id="89" dir="1" index="0" bw="1" slack="0"/>
</pin_list>
<bind>
<StgValue><ssdm name=""/></StgValue>
</bind>
</comp>

<comp id="90" class="1001" name="const_90">
<pin_list>
<pin id="91" dir="1" index="0" bw="1" slack="0"/>
</pin_list>
<bind>
<StgValue><ssdm name=""/></StgValue>
</bind>
</comp>

<comp id="92" class="1001" name="const_92">
<pin_list>
<pin id="93" dir="1" index="0" bw="1" slack="0"/>
</pin_list>
<bind>
<StgValue><ssdm name=""/></StgValue>
</bind>
</comp>

<comp id="94" class="1001" name="const_94">
<pin_list>
<pin id="95" dir="1" index="0" bw="1" slack="0"/>
</pin_list>
<bind>
<StgValue><ssdm name=""/></StgValue>
</bind>
</comp>

<comp id="96" class="1001" name="const_96">
<pin_list>
<pin id="97" dir="1" index="0" bw="1" slack="0"/>
</pin_list>
<bind>
<StgValue><ssdm name=""/></StgValue>
</bind>
</comp>

<comp id="98" class="1001" name="const_98">
<pin_list>
<pin id="99" dir="1" index="0" bw="1" slack="0"/>
</pin_list>
<bind>
<StgValue><ssdm name=""/></StgValue>
</bind>
</comp>

<comp id="100" class="1001" name="const_100">
<pin_list>
<pin id="101" dir="1" index="0" bw="1" slack="0"/>
</pin_list>
<bind>
<StgValue><ssdm name=""/></StgValue>
</bind>
</comp>

<comp id="102" class="1001" name="const_102">
<pin_list>
<pin id="103" dir="1" index="0" bw="1" slack="0"/>
</pin_list>
<bind>
<StgValue><ssdm name=""/></StgValue>
</bind>
</comp>

<comp id="104" class="1001" name="const_104">
<pin_list>
<pin id="105" dir="1" index="0" bw="1" slack="0"/>
</pin_list>
<bind>
<StgValue><ssdm name=""/></StgValue>
</bind>
</comp>

<comp id="106" class="1001" name="const_106">
<pin_list>
<pin id="107" dir="1" index="0" bw="1" slack="0"/>
</pin_list>
<bind>
<StgValue><ssdm name="_ssdm_op_PartSelect.i6.i256.i32.i32"/></StgValue>
</bind>
</comp>

<comp id="108" class="1001" name="const_108">
<pin_list>
<pin id="109" dir="1" index="0" bw="1" slack="0"/>
</pin_list>
<bind>
<StgValue><ssdm name=""/></StgValue>
</bind>
</comp>

<comp id="110" class="1001" name="const_110">
<pin_list>
<pin id="111" dir="1" index="0" bw="1" slack="0"/>
</pin_list>
<bind>
<StgValue><ssdm name=""/></StgValue>
</bind>
</comp>

<comp id="112" class="1001" name="const_112">
<pin_list>
<pin id="113" dir="1" index="0" bw="1" slack="2147483647"/>
</pin_list>
<bind>
<StgValue><ssdm name="_ssdm_op_SpecInterface"/></StgValue>
</bind>
</comp>

<comp id="114" class="1001" name="const_114">
<pin_list>
<pin id="115" dir="1" index="0" bw="1" slack="2147483647"/>
</pin_list>
<bind>
<StgValue><ssdm name="empty_0"/></StgValue>
</bind>
</comp>

<comp id="116" class="1001" name="const_116">
<pin_list>
<pin id="117" dir="1" index="0" bw="1" slack="2147483647"/>
</pin_list>
<bind>
<StgValue><ssdm name=""/></StgValue>
</bind>
</comp>

<comp id="118" class="1001" name="const_118">
<pin_list>
<pin id="119" dir="1" index="0" bw="1" slack="2147483647"/>
</pin_list>
<bind>
<StgValue><ssdm name="empty"/></StgValue>
</bind>
</comp>

<comp id="120" class="1001" name="const_120">
<pin_list>
<pin id="121" dir="1" index="0" bw="1" slack="2147483647"/>
</pin_list>
<bind>
<StgValue><ssdm name=""/></StgValue>
</bind>
</comp>

<comp id="122" class="1001" name="const_122">
<pin_list>
<pin id="123" dir="1" index="0" bw="1" slack="2147483647"/>
</pin_list>
<bind>
<StgValue><ssdm name="_ssdm_op_SpecPipeline"/></StgValue>
</bind>
</comp>

<comp id="124" class="1001" name="const_124">
<pin_list>
<pin id="125" dir="1" index="0" bw="1" slack="2147483647"/>
</pin_list>
<bind>
<StgValue><ssdm name=""/></StgValue>
</bind>
</comp>

<comp id="126" class="1004" name="scalar_read_fu_126">
<pin_list>
<pin id="127" dir="0" index="0" bw="256" slack="0"/>
<pin id="128" dir="0" index="1" bw="256" slack="0"/>
<pin id="129" dir="1" index="2" bw="256" slack="0"/>
</pin_list>
<bind>
<opcode="read(1150) " fcode="read"/>
<opset="scalar/1 "/>
</bind>
</comp>

<comp id="132" class="1004" name="grp_write_fu_132">
<pin_list>
<pin id="133" dir="0" index="0" bw="0" slack="0"/>
<pin id="134" dir="0" index="1" bw="32" slack="0"/>
<pin id="135" dir="0" index="2" bw="10" slack="0"/>
<pin id="136" dir="1" index="3" bw="0" slack="2147483647"/>
</pin_list>
<bind>
<opcode="write(1151) " fcode="write"/>
<opset="write_ln481/1 write_ln481/2 write_ln481/3 write_ln481/4 write_ln481/5 write_ln481/6 write_ln481/7 write_ln481/8 write_ln481/9 write_ln481/10 write_ln481/11 write_ln481/12 write_ln481/13 write_ln481/14 write_ln481/15 write_ln481/16 write_ln481/17 write_ln481/18 write_ln481/19 write_ln481/20 write_ln481/21 write_ln481/22 write_ln481/23 write_ln481/24 write_ln481/25 write_ln481/26 "/>
</bind>
</comp>

<comp id="139" class="1004" name="scalar_partition_fu_139">
<pin_list>
<pin id="140" dir="0" index="0" bw="256" slack="0"/>
<pin id="141" dir="1" index="1" bw="10" slack="0"/>
</pin_list>
<bind>
<opcode="trunc(33) " fcode="trunc"/>
<opset="scalar_partition/1 "/>
</bind>
</comp>

<comp id="143" class="1004" name="zext_ln475_fu_143">
<pin_list>
<pin id="144" dir="0" index="0" bw="10" slack="0"/>
<pin id="145" dir="1" index="1" bw="32" slack="0"/>
</pin_list>
<bind>
<opcode="zext(34) " fcode="zext"/>
<opset="zext_ln475/1 "/>
</bind>
</comp>

<comp id="148" class="1004" name="scalar_partition_1_fu_148">
<pin_list>
<pin id="149" dir="0" index="0" bw="10" slack="0"/>
<pin id="150" dir="0" index="1" bw="256" slack="0"/>
<pin id="151" dir="0" index="2" bw="5" slack="0"/>
<pin id="152" dir="0" index="3" bw="6" slack="0"/>
<pin id="153" dir="1" index="4" bw="10" slack="1"/>
</pin_list>
<bind>
<opcode="partselect(1002) " fcode="partselect"/>
<opset="scalar_partition_1/1 "/>
</bind>
</comp>

<comp id="158" class="1004" name="scalar_partition_2_fu_158">
<pin_list>
<pin id="159" dir="0" index="0" bw="10" slack="0"/>
<pin id="160" dir="0" index="1" bw="256" slack="0"/>
<pin id="161" dir="0" index="2" bw="6" slack="0"/>
<pin id="162" dir="0" index="3" bw="6" slack="0"/>
<pin id="163" dir="1" index="4" bw="10" slack="2"/>
</pin_list>
<bind>
<opcode="partselect(1002) " fcode="partselect"/>
<opset="scalar_partition_2/1 "/>
</bind>
</comp>

<comp id="168" class="1004" name="scalar_partition_3_fu_168">
<pin_list>
<pin id="169" dir="0" index="0" bw="10" slack="0"/>
<pin id="170" dir="0" index="1" bw="256" slack="0"/>
<pin id="171" dir="0" index="2" bw="6" slack="0"/>
<pin id="172" dir="0" index="3" bw="7" slack="0"/>
<pin id="173" dir="1" index="4" bw="10" slack="3"/>
</pin_list>
<bind>
<opcode="partselect(1002) " fcode="partselect"/>
<opset="scalar_partition_3/1 "/>
</bind>
</comp>

<comp id="178" class="1004" name="scalar_partition_4_fu_178">
<pin_list>
<pin id="179" dir="0" index="0" bw="10" slack="0"/>
<pin id="180" dir="0" index="1" bw="256" slack="0"/>
<pin id="181" dir="0" index="2" bw="7" slack="0"/>
<pin id="182" dir="0" index="3" bw="7" slack="0"/>
<pin id="183" dir="1" index="4" bw="10" slack="4"/>
</pin_list>
<bind>
<opcode="partselect(1002) " fcode="partselect"/>
<opset="scalar_partition_4/1 "/>
</bind>
</comp>

<comp id="188" class="1004" name="scalar_partition_5_fu_188">
<pin_list>
<pin id="189" dir="0" index="0" bw="10" slack="0"/>
<pin id="190" dir="0" index="1" bw="256" slack="0"/>
<pin id="191" dir="0" index="2" bw="7" slack="0"/>
<pin id="192" dir="0" index="3" bw="7" slack="0"/>
<pin id="193" dir="1" index="4" bw="10" slack="5"/>
</pin_list>
<bind>
<opcode="partselect(1002) " fcode="partselect"/>
<opset="scalar_partition_5/1 "/>
</bind>
</comp>

<comp id="198" class="1004" name="scalar_partition_6_fu_198">
<pin_list>
<pin id="199" dir="0" index="0" bw="10" slack="0"/>
<pin id="200" dir="0" index="1" bw="256" slack="0"/>
<pin id="201" dir="0" index="2" bw="7" slack="0"/>
<pin id="202" dir="0" index="3" bw="8" slack="0"/>
<pin id="203" dir="1" index="4" bw="10" slack="6"/>
</pin_list>
<bind>
<opcode="partselect(1002) " fcode="partselect"/>
<opset="scalar_partition_6/1 "/>
</bind>
</comp>

<comp id="208" class="1004" name="scalar_partition_7_fu_208">
<pin_list>
<pin id="209" dir="0" index="0" bw="10" slack="0"/>
<pin id="210" dir="0" index="1" bw="256" slack="0"/>
<pin id="211" dir="0" index="2" bw="8" slack="0"/>
<pin id="212" dir="0" index="3" bw="8" slack="0"/>
<pin id="213" dir="1" index="4" bw="10" slack="7"/>
</pin_list>
<bind>
<opcode="partselect(1002) " fcode="partselect"/>
<opset="scalar_partition_7/1 "/>
</bind>
</comp>

<comp id="218" class="1004" name="scalar_partition_8_fu_218">
<pin_list>
<pin id="219" dir="0" index="0" bw="10" slack="0"/>
<pin id="220" dir="0" index="1" bw="256" slack="0"/>
<pin id="221" dir="0" index="2" bw="8" slack="0"/>
<pin id="222" dir="0" index="3" bw="8" slack="0"/>
<pin id="223" dir="1" index="4" bw="10" slack="8"/>
</pin_list>
<bind>
<opcode="partselect(1002) " fcode="partselect"/>
<opset="scalar_partition_8/1 "/>
</bind>
</comp>

<comp id="228" class="1004" name="scalar_partition_9_fu_228">
<pin_list>
<pin id="229" dir="0" index="0" bw="10" slack="0"/>
<pin id="230" dir="0" index="1" bw="256" slack="0"/>
<pin id="231" dir="0" index="2" bw="8" slack="0"/>
<pin id="232" dir="0" index="3" bw="8" slack="0"/>
<pin id="233" dir="1" index="4" bw="10" slack="9"/>
</pin_list>
<bind>
<opcode="partselect(1002) " fcode="partselect"/>
<opset="scalar_partition_9/1 "/>
</bind>
</comp>

<comp id="238" class="1004" name="scalar_partition_10_fu_238">
<pin_list>
<pin id="239" dir="0" index="0" bw="10" slack="0"/>
<pin id="240" dir="0" index="1" bw="256" slack="0"/>
<pin id="241" dir="0" index="2" bw="8" slack="0"/>
<pin id="242" dir="0" index="3" bw="8" slack="0"/>
<pin id="243" dir="1" index="4" bw="10" slack="10"/>
</pin_list>
<bind>
<opcode="partselect(1002) " fcode="partselect"/>
<opset="scalar_partition_10/1 "/>
</bind>
</comp>

<comp id="248" class="1004" name="scalar_partition_11_fu_248">
<pin_list>
<pin id="249" dir="0" index="0" bw="10" slack="0"/>
<pin id="250" dir="0" index="1" bw="256" slack="0"/>
<pin id="251" dir="0" index="2" bw="8" slack="0"/>
<pin id="252" dir="0" index="3" bw="8" slack="0"/>
<pin id="253" dir="1" index="4" bw="10" slack="11"/>
</pin_list>
<bind>
<opcode="partselect(1002) " fcode="partselect"/>
<opset="scalar_partition_11/1 "/>
</bind>
</comp>

<comp id="258" class="1004" name="scalar_partition_12_fu_258">
<pin_list>
<pin id="259" dir="0" index="0" bw="10" slack="0"/>
<pin id="260" dir="0" index="1" bw="256" slack="0"/>
<pin id="261" dir="0" index="2" bw="8" slack="0"/>
<pin id="262" dir="0" index="3" bw="9" slack="0"/>
<pin id="263" dir="1" index="4" bw="10" slack="12"/>
</pin_list>
<bind>
<opcode="partselect(1002) " fcode="partselect"/>
<opset="scalar_partition_12/1 "/>
</bind>
</comp>

<comp id="268" class="1004" name="scalar_partition_13_fu_268">
<pin_list>
<pin id="269" dir="0" index="0" bw="10" slack="0"/>
<pin id="270" dir="0" index="1" bw="256" slack="0"/>
<pin id="271" dir="0" index="2" bw="9" slack="0"/>
<pin id="272" dir="0" index="3" bw="9" slack="0"/>
<pin id="273" dir="1" index="4" bw="10" slack="13"/>
</pin_list>
<bind>
<opcode="partselect(1002) " fcode="partselect"/>
<opset="scalar_partition_13/1 "/>
</bind>
</comp>

<comp id="278" class="1004" name="scalar_partition_14_fu_278">
<pin_list>
<pin id="279" dir="0" index="0" bw="10" slack="0"/>
<pin id="280" dir="0" index="1" bw="256" slack="0"/>
<pin id="281" dir="0" index="2" bw="9" slack="0"/>
<pin id="282" dir="0" index="3" bw="9" slack="0"/>
<pin id="283" dir="1" index="4" bw="10" slack="14"/>
</pin_list>
<bind>
<opcode="partselect(1002) " fcode="partselect"/>
<opset="scalar_partition_14/1 "/>
</bind>
</comp>

<comp id="288" class="1004" name="scalar_partition_15_fu_288">
<pin_list>
<pin id="289" dir="0" index="0" bw="10" slack="0"/>
<pin id="290" dir="0" index="1" bw="256" slack="0"/>
<pin id="291" dir="0" index="2" bw="9" slack="0"/>
<pin id="292" dir="0" index="3" bw="9" slack="0"/>
<pin id="293" dir="1" index="4" bw="10" slack="15"/>
</pin_list>
<bind>
<opcode="partselect(1002) " fcode="partselect"/>
<opset="scalar_partition_15/1 "/>
</bind>
</comp>

<comp id="298" class="1004" name="scalar_partition_16_fu_298">
<pin_list>
<pin id="299" dir="0" index="0" bw="10" slack="0"/>
<pin id="300" dir="0" index="1" bw="256" slack="0"/>
<pin id="301" dir="0" index="2" bw="9" slack="0"/>
<pin id="302" dir="0" index="3" bw="9" slack="0"/>
<pin id="303" dir="1" index="4" bw="10" slack="16"/>
</pin_list>
<bind>
<opcode="partselect(1002) " fcode="partselect"/>
<opset="scalar_partition_16/1 "/>
</bind>
</comp>

<comp id="308" class="1004" name="scalar_partition_17_fu_308">
<pin_list>
<pin id="309" dir="0" index="0" bw="10" slack="0"/>
<pin id="310" dir="0" index="1" bw="256" slack="0"/>
<pin id="311" dir="0" index="2" bw="9" slack="0"/>
<pin id="312" dir="0" index="3" bw="9" slack="0"/>
<pin id="313" dir="1" index="4" bw="10" slack="17"/>
</pin_list>
<bind>
<opcode="partselect(1002) " fcode="partselect"/>
<opset="scalar_partition_17/1 "/>
</bind>
</comp>

<comp id="318" class="1004" name="scalar_partition_18_fu_318">
<pin_list>
<pin id="319" dir="0" index="0" bw="10" slack="0"/>
<pin id="320" dir="0" index="1" bw="256" slack="0"/>
<pin id="321" dir="0" index="2" bw="9" slack="0"/>
<pin id="322" dir="0" index="3" bw="9" slack="0"/>
<pin id="323" dir="1" index="4" bw="10" slack="18"/>
</pin_list>
<bind>
<opcode="partselect(1002) " fcode="partselect"/>
<opset="scalar_partition_18/1 "/>
</bind>
</comp>

<comp id="328" class="1004" name="scalar_partition_19_fu_328">
<pin_list>
<pin id="329" dir="0" index="0" bw="10" slack="0"/>
<pin id="330" dir="0" index="1" bw="256" slack="0"/>
<pin id="331" dir="0" index="2" bw="9" slack="0"/>
<pin id="332" dir="0" index="3" bw="9" slack="0"/>
<pin id="333" dir="1" index="4" bw="10" slack="19"/>
</pin_list>
<bind>
<opcode="partselect(1002) " fcode="partselect"/>
<opset="scalar_partition_19/1 "/>
</bind>
</comp>

<comp id="338" class="1004" name="scalar_partition_20_fu_338">
<pin_list>
<pin id="339" dir="0" index="0" bw="10" slack="0"/>
<pin id="340" dir="0" index="1" bw="256" slack="0"/>
<pin id="341" dir="0" index="2" bw="9" slack="0"/>
<pin id="342" dir="0" index="3" bw="9" slack="0"/>
<pin id="343" dir="1" index="4" bw="10" slack="20"/>
</pin_list>
<bind>
<opcode="partselect(1002) " fcode="partselect"/>
<opset="scalar_partition_20/1 "/>
</bind>
</comp>

<comp id="348" class="1004" name="scalar_partition_21_fu_348">
<pin_list>
<pin id="349" dir="0" index="0" bw="10" slack="0"/>
<pin id="350" dir="0" index="1" bw="256" slack="0"/>
<pin id="351" dir="0" index="2" bw="9" slack="0"/>
<pin id="352" dir="0" index="3" bw="9" slack="0"/>
<pin id="353" dir="1" index="4" bw="10" slack="21"/>
</pin_list>
<bind>
<opcode="partselect(1002) " fcode="partselect"/>
<opset="scalar_partition_21/1 "/>
</bind>
</comp>

<comp id="358" class="1004" name="scalar_partition_22_fu_358">
<pin_list>
<pin id="359" dir="0" index="0" bw="10" slack="0"/>
<pin id="360" dir="0" index="1" bw="256" slack="0"/>
<pin id="361" dir="0" index="2" bw="9" slack="0"/>
<pin id="362" dir="0" index="3" bw="9" slack="0"/>
<pin id="363" dir="1" index="4" bw="10" slack="22"/>
</pin_list>
<bind>
<opcode="partselect(1002) " fcode="partselect"/>
<opset="scalar_partition_22/1 "/>
</bind>
</comp>

<comp id="368" class="1004" name="scalar_partition_23_fu_368">
<pin_list>
<pin id="369" dir="0" index="0" bw="10" slack="0"/>
<pin id="370" dir="0" index="1" bw="256" slack="0"/>
<pin id="371" dir="0" index="2" bw="9" slack="0"/>
<pin id="372" dir="0" index="3" bw="9" slack="0"/>
<pin id="373" dir="1" index="4" bw="10" slack="23"/>
</pin_list>
<bind>
<opcode="partselect(1002) " fcode="partselect"/>
<opset="scalar_partition_23/1 "/>
</bind>
</comp>

<comp id="378" class="1004" name="scalar_partition_24_fu_378">
<pin_list>
<pin id="379" dir="0" index="0" bw="10" slack="0"/>
<pin id="380" dir="0" index="1" bw="256" slack="0"/>
<pin id="381" dir="0" index="2" bw="9" slack="0"/>
<pin id="382" dir="0" index="3" bw="9" slack="0"/>
<pin id="383" dir="1" index="4" bw="10" slack="24"/>
</pin_list>
<bind>
<opcode="partselect(1002) " fcode="partselect"/>
<opset="scalar_partition_24/1 "/>
</bind>
</comp>

<comp id="388" class="1004" name="tmp_fu_388">
<pin_list>
<pin id="389" dir="0" index="0" bw="6" slack="0"/>
<pin id="390" dir="0" index="1" bw="256" slack="0"/>
<pin id="391" dir="0" index="2" bw="9" slack="0"/>
<pin id="392" dir="0" index="3" bw="9" slack="0"/>
<pin id="393" dir="1" index="4" bw="6" slack="25"/>
</pin_list>
<bind>
<opcode="partselect(1002) " fcode="partselect"/>
<opset="tmp/1 "/>
</bind>
</comp>

<comp id="398" class="1004" name="zext_ln475_1_fu_398">
<pin_list>
<pin id="399" dir="0" index="0" bw="10" slack="1"/>
<pin id="400" dir="1" index="1" bw="32" slack="0"/>
</pin_list>
<bind>
<opcode="zext(34) " fcode="zext"/>
<opset="zext_ln475_1/2 "/>
</bind>
</comp>

<comp id="402" class="1004" name="zext_ln475_2_fu_402">
<pin_list>
<pin id="403" dir="0" index="0" bw="10" slack="2"/>
<pin id="404" dir="1" index="1" bw="32" slack="0"/>
</pin_list>
<bind>
<opcode="zext(34) " fcode="zext"/>
<opset="zext_ln475_2/3 "/>
</bind>
</comp>

<comp id="406" class="1004" name="zext_ln475_3_fu_406">
<pin_list>
<pin id="407" dir="0" index="0" bw="10" slack="3"/>
<pin id="408" dir="1" index="1" bw="32" slack="0"/>
</pin_list>
<bind>
<opcode="zext(34) " fcode="zext"/>
<opset="zext_ln475_3/4 "/>
</bind>
</comp>

<comp id="410" class="1004" name="zext_ln475_4_fu_410">
<pin_list>
<pin id="411" dir="0" index="0" bw="10" slack="4"/>
<pin id="412" dir="1" index="1" bw="32" slack="0"/>
</pin_list>
<bind>
<opcode="zext(34) " fcode="zext"/>
<opset="zext_ln475_4/5 "/>
</bind>
</comp>

<comp id="414" class="1004" name="zext_ln475_5_fu_414">
<pin_list>
<pin id="415" dir="0" index="0" bw="10" slack="5"/>
<pin id="416" dir="1" index="1" bw="32" slack="0"/>
</pin_list>
<bind>
<opcode="zext(34) " fcode="zext"/>
<opset="zext_ln475_5/6 "/>
</bind>
</comp>

<comp id="418" class="1004" name="zext_ln475_6_fu_418">
<pin_list>
<pin id="419" dir="0" index="0" bw="10" slack="6"/>
<pin id="420" dir="1" index="1" bw="32" slack="0"/>
</pin_list>
<bind>
<opcode="zext(34) " fcode="zext"/>
<opset="zext_ln475_6/7 "/>
</bind>
</comp>

<comp id="422" class="1004" name="zext_ln475_7_fu_422">
<pin_list>
<pin id="423" dir="0" index="0" bw="10" slack="7"/>
<pin id="424" dir="1" index="1" bw="32" slack="0"/>
</pin_list>
<bind>
<opcode="zext(34) " fcode="zext"/>
<opset="zext_ln475_7/8 "/>
</bind>
</comp>

<comp id="426" class="1004" name="zext_ln475_8_fu_426">
<pin_list>
<pin id="427" dir="0" index="0" bw="10" slack="8"/>
<pin id="428" dir="1" index="1" bw="32" slack="0"/>
</pin_list>
<bind>
<opcode="zext(34) " fcode="zext"/>
<opset="zext_ln475_8/9 "/>
</bind>
</comp>

<comp id="430" class="1004" name="zext_ln475_9_fu_430">
<pin_list>
<pin id="431" dir="0" index="0" bw="10" slack="9"/>
<pin id="432" dir="1" index="1" bw="32" slack="0"/>
</pin_list>
<bind>
<opcode="zext(34) " fcode="zext"/>
<opset="zext_ln475_9/10 "/>
</bind>
</comp>

<comp id="434" class="1004" name="zext_ln475_10_fu_434">
<pin_list>
<pin id="435" dir="0" index="0" bw="10" slack="10"/>
<pin id="436" dir="1" index="1" bw="32" slack="0"/>
</pin_list>
<bind>
<opcode="zext(34) " fcode="zext"/>
<opset="zext_ln475_10/11 "/>
</bind>
</comp>

<comp id="438" class="1004" name="zext_ln475_11_fu_438">
<pin_list>
<pin id="439" dir="0" index="0" bw="10" slack="11"/>
<pin id="440" dir="1" index="1" bw="32" slack="0"/>
</pin_list>
<bind>
<opcode="zext(34) " fcode="zext"/>
<opset="zext_ln475_11/12 "/>
</bind>
</comp>

<comp id="442" class="1004" name="zext_ln475_12_fu_442">
<pin_list>
<pin id="443" dir="0" index="0" bw="10" slack="12"/>
<pin id="444" dir="1" index="1" bw="32" slack="0"/>
</pin_list>
<bind>
<opcode="zext(34) " fcode="zext"/>
<opset="zext_ln475_12/13 "/>
</bind>
</comp>

<comp id="446" class="1004" name="zext_ln475_13_fu_446">
<pin_list>
<pin id="447" dir="0" index="0" bw="10" slack="13"/>
<pin id="448" dir="1" index="1" bw="32" slack="0"/>
</pin_list>
<bind>
<opcode="zext(34) " fcode="zext"/>
<opset="zext_ln475_13/14 "/>
</bind>
</comp>

<comp id="450" class="1004" name="zext_ln475_14_fu_450">
<pin_list>
<pin id="451" dir="0" index="0" bw="10" slack="14"/>
<pin id="452" dir="1" index="1" bw="32" slack="0"/>
</pin_list>
<bind>
<opcode="zext(34) " fcode="zext"/>
<opset="zext_ln475_14/15 "/>
</bind>
</comp>

<comp id="454" class="1004" name="zext_ln475_15_fu_454">
<pin_list>
<pin id="455" dir="0" index="0" bw="10" slack="15"/>
<pin id="456" dir="1" index="1" bw="32" slack="0"/>
</pin_list>
<bind>
<opcode="zext(34) " fcode="zext"/>
<opset="zext_ln475_15/16 "/>
</bind>
</comp>

<comp id="458" class="1004" name="zext_ln475_16_fu_458">
<pin_list>
<pin id="459" dir="0" index="0" bw="10" slack="16"/>
<pin id="460" dir="1" index="1" bw="32" slack="0"/>
</pin_list>
<bind>
<opcode="zext(34) " fcode="zext"/>
<opset="zext_ln475_16/17 "/>
</bind>
</comp>

<comp id="462" class="1004" name="zext_ln475_17_fu_462">
<pin_list>
<pin id="463" dir="0" index="0" bw="10" slack="17"/>
<pin id="464" dir="1" index="1" bw="32" slack="0"/>
</pin_list>
<bind>
<opcode="zext(34) " fcode="zext"/>
<opset="zext_ln475_17/18 "/>
</bind>
</comp>

<comp id="466" class="1004" name="zext_ln475_18_fu_466">
<pin_list>
<pin id="467" dir="0" index="0" bw="10" slack="18"/>
<pin id="468" dir="1" index="1" bw="32" slack="0"/>
</pin_list>
<bind>
<opcode="zext(34) " fcode="zext"/>
<opset="zext_ln475_18/19 "/>
</bind>
</comp>

<comp id="470" class="1004" name="zext_ln475_19_fu_470">
<pin_list>
<pin id="471" dir="0" index="0" bw="10" slack="19"/>
<pin id="472" dir="1" index="1" bw="32" slack="0"/>
</pin_list>
<bind>
<opcode="zext(34) " fcode="zext"/>
<opset="zext_ln475_19/20 "/>
</bind>
</comp>

<comp id="474" class="1004" name="zext_ln475_20_fu_474">
<pin_list>
<pin id="475" dir="0" index="0" bw="10" slack="20"/>
<pin id="476" dir="1" index="1" bw="32" slack="0"/>
</pin_list>
<bind>
<opcode="zext(34) " fcode="zext"/>
<opset="zext_ln475_20/21 "/>
</bind>
</comp>

<comp id="478" class="1004" name="zext_ln475_21_fu_478">
<pin_list>
<pin id="479" dir="0" index="0" bw="10" slack="21"/>
<pin id="480" dir="1" index="1" bw="32" slack="0"/>
</pin_list>
<bind>
<opcode="zext(34) " fcode="zext"/>
<opset="zext_ln475_21/22 "/>
</bind>
</comp>

<comp id="482" class="1004" name="zext_ln475_22_fu_482">
<pin_list>
<pin id="483" dir="0" index="0" bw="10" slack="22"/>
<pin id="484" dir="1" index="1" bw="32" slack="0"/>
</pin_list>
<bind>
<opcode="zext(34) " fcode="zext"/>
<opset="zext_ln475_22/23 "/>
</bind>
</comp>

<comp id="486" class="1004" name="zext_ln475_23_fu_486">
<pin_list>
<pin id="487" dir="0" index="0" bw="10" slack="23"/>
<pin id="488" dir="1" index="1" bw="32" slack="0"/>
</pin_list>
<bind>
<opcode="zext(34) " fcode="zext"/>
<opset="zext_ln475_23/24 "/>
</bind>
</comp>

<comp id="490" class="1004" name="zext_ln475_24_fu_490">
<pin_list>
<pin id="491" dir="0" index="0" bw="10" slack="24"/>
<pin id="492" dir="1" index="1" bw="32" slack="0"/>
</pin_list>
<bind>
<opcode="zext(34) " fcode="zext"/>
<opset="zext_ln475_24/25 "/>
</bind>
</comp>

<comp id="494" class="1004" name="zext_ln480_fu_494">
<pin_list>
<pin id="495" dir="0" index="0" bw="6" slack="25"/>
<pin id="496" dir="1" index="1" bw="32" slack="0"/>
</pin_list>
<bind>
<opcode="zext(34) " fcode="zext"/>
<opset="zext_ln480/26 "/>
</bind>
</comp>

<comp id="498" class="1005" name="scalar_partition_1_reg_498">
<pin_list>
<pin id="499" dir="0" index="0" bw="10" slack="1"/>
<pin id="500" dir="1" index="1" bw="10" slack="1"/>
</pin_list>
<bind>
<opset="scalar_partition_1 "/>
</bind>
</comp>

<comp id="503" class="1005" name="scalar_partition_2_reg_503">
<pin_list>
<pin id="504" dir="0" index="0" bw="10" slack="2"/>
<pin id="505" dir="1" index="1" bw="10" slack="2"/>
</pin_list>
<bind>
<opset="scalar_partition_2 "/>
</bind>
</comp>

<comp id="508" class="1005" name="scalar_partition_3_reg_508">
<pin_list>
<pin id="509" dir="0" index="0" bw="10" slack="3"/>
<pin id="510" dir="1" index="1" bw="10" slack="3"/>
</pin_list>
<bind>
<opset="scalar_partition_3 "/>
</bind>
</comp>

<comp id="513" class="1005" name="scalar_partition_4_reg_513">
<pin_list>
<pin id="514" dir="0" index="0" bw="10" slack="4"/>
<pin id="515" dir="1" index="1" bw="10" slack="4"/>
</pin_list>
<bind>
<opset="scalar_partition_4 "/>
</bind>
</comp>

<comp id="518" class="1005" name="scalar_partition_5_reg_518">
<pin_list>
<pin id="519" dir="0" index="0" bw="10" slack="5"/>
<pin id="520" dir="1" index="1" bw="10" slack="5"/>
</pin_list>
<bind>
<opset="scalar_partition_5 "/>
</bind>
</comp>

<comp id="523" class="1005" name="scalar_partition_6_reg_523">
<pin_list>
<pin id="524" dir="0" index="0" bw="10" slack="6"/>
<pin id="525" dir="1" index="1" bw="10" slack="6"/>
</pin_list>
<bind>
<opset="scalar_partition_6 "/>
</bind>
</comp>

<comp id="528" class="1005" name="scalar_partition_7_reg_528">
<pin_list>
<pin id="529" dir="0" index="0" bw="10" slack="7"/>
<pin id="530" dir="1" index="1" bw="10" slack="7"/>
</pin_list>
<bind>
<opset="scalar_partition_7 "/>
</bind>
</comp>

<comp id="533" class="1005" name="scalar_partition_8_reg_533">
<pin_list>
<pin id="534" dir="0" index="0" bw="10" slack="8"/>
<pin id="535" dir="1" index="1" bw="10" slack="8"/>
</pin_list>
<bind>
<opset="scalar_partition_8 "/>
</bind>
</comp>

<comp id="538" class="1005" name="scalar_partition_9_reg_538">
<pin_list>
<pin id="539" dir="0" index="0" bw="10" slack="9"/>
<pin id="540" dir="1" index="1" bw="10" slack="9"/>
</pin_list>
<bind>
<opset="scalar_partition_9 "/>
</bind>
</comp>

<comp id="543" class="1005" name="scalar_partition_10_reg_543">
<pin_list>
<pin id="544" dir="0" index="0" bw="10" slack="10"/>
<pin id="545" dir="1" index="1" bw="10" slack="10"/>
</pin_list>
<bind>
<opset="scalar_partition_10 "/>
</bind>
</comp>

<comp id="548" class="1005" name="scalar_partition_11_reg_548">
<pin_list>
<pin id="549" dir="0" index="0" bw="10" slack="11"/>
<pin id="550" dir="1" index="1" bw="10" slack="11"/>
</pin_list>
<bind>
<opset="scalar_partition_11 "/>
</bind>
</comp>

<comp id="553" class="1005" name="scalar_partition_12_reg_553">
<pin_list>
<pin id="554" dir="0" index="0" bw="10" slack="12"/>
<pin id="555" dir="1" index="1" bw="10" slack="12"/>
</pin_list>
<bind>
<opset="scalar_partition_12 "/>
</bind>
</comp>

<comp id="558" class="1005" name="scalar_partition_13_reg_558">
<pin_list>
<pin id="559" dir="0" index="0" bw="10" slack="13"/>
<pin id="560" dir="1" index="1" bw="10" slack="13"/>
</pin_list>
<bind>
<opset="scalar_partition_13 "/>
</bind>
</comp>

<comp id="563" class="1005" name="scalar_partition_14_reg_563">
<pin_list>
<pin id="564" dir="0" index="0" bw="10" slack="14"/>
<pin id="565" dir="1" index="1" bw="10" slack="14"/>
</pin_list>
<bind>
<opset="scalar_partition_14 "/>
</bind>
</comp>

<comp id="568" class="1005" name="scalar_partition_15_reg_568">
<pin_list>
<pin id="569" dir="0" index="0" bw="10" slack="15"/>
<pin id="570" dir="1" index="1" bw="10" slack="15"/>
</pin_list>
<bind>
<opset="scalar_partition_15 "/>
</bind>
</comp>

<comp id="573" class="1005" name="scalar_partition_16_reg_573">
<pin_list>
<pin id="574" dir="0" index="0" bw="10" slack="16"/>
<pin id="575" dir="1" index="1" bw="10" slack="16"/>
</pin_list>
<bind>
<opset="scalar_partition_16 "/>
</bind>
</comp>

<comp id="578" class="1005" name="scalar_partition_17_reg_578">
<pin_list>
<pin id="579" dir="0" index="0" bw="10" slack="17"/>
<pin id="580" dir="1" index="1" bw="10" slack="17"/>
</pin_list>
<bind>
<opset="scalar_partition_17 "/>
</bind>
</comp>

<comp id="583" class="1005" name="scalar_partition_18_reg_583">
<pin_list>
<pin id="584" dir="0" index="0" bw="10" slack="18"/>
<pin id="585" dir="1" index="1" bw="10" slack="18"/>
</pin_list>
<bind>
<opset="scalar_partition_18 "/>
</bind>
</comp>

<comp id="588" class="1005" name="scalar_partition_19_reg_588">
<pin_list>
<pin id="589" dir="0" index="0" bw="10" slack="19"/>
<pin id="590" dir="1" index="1" bw="10" slack="19"/>
</pin_list>
<bind>
<opset="scalar_partition_19 "/>
</bind>
</comp>

<comp id="593" class="1005" name="scalar_partition_20_reg_593">
<pin_list>
<pin id="594" dir="0" index="0" bw="10" slack="20"/>
<pin id="595" dir="1" index="1" bw="10" slack="20"/>
</pin_list>
<bind>
<opset="scalar_partition_20 "/>
</bind>
</comp>

<comp id="598" class="1005" name="scalar_partition_21_reg_598">
<pin_list>
<pin id="599" dir="0" index="0" bw="10" slack="21"/>
<pin id="600" dir="1" index="1" bw="10" slack="21"/>
</pin_list>
<bind>
<opset="scalar_partition_21 "/>
</bind>
</comp>

<comp id="603" class="1005" name="scalar_partition_22_reg_603">
<pin_list>
<pin id="604" dir="0" index="0" bw="10" slack="22"/>
<pin id="605" dir="1" index="1" bw="10" slack="22"/>
</pin_list>
<bind>
<opset="scalar_partition_22 "/>
</bind>
</comp>

<comp id="608" class="1005" name="scalar_partition_23_reg_608">
<pin_list>
<pin id="609" dir="0" index="0" bw="10" slack="23"/>
<pin id="610" dir="1" index="1" bw="10" slack="23"/>
</pin_list>
<bind>
<opset="scalar_partition_23 "/>
</bind>
</comp>

<comp id="613" class="1005" name="scalar_partition_24_reg_613">
<pin_list>
<pin id="614" dir="0" index="0" bw="10" slack="24"/>
<pin id="615" dir="1" index="1" bw="10" slack="24"/>
</pin_list>
<bind>
<opset="scalar_partition_24 "/>
</bind>
</comp>

<comp id="618" class="1005" name="tmp_reg_618">
<pin_list>
<pin id="619" dir="0" index="0" bw="6" slack="25"/>
<pin id="620" dir="1" index="1" bw="6" slack="25"/>
</pin_list>
<bind>
<opset="tmp "/>
</bind>
</comp>

</comp_list>

<net_list>
<net id="130"><net_src comp="4" pin="0"/><net_sink comp="126" pin=0"/></net>

<net id="131"><net_src comp="0" pin="0"/><net_sink comp="126" pin=1"/></net>

<net id="137"><net_src comp="6" pin="0"/><net_sink comp="132" pin=0"/></net>

<net id="138"><net_src comp="2" pin="0"/><net_sink comp="132" pin=1"/></net>

<net id="142"><net_src comp="126" pin="2"/><net_sink comp="139" pin=0"/></net>

<net id="146"><net_src comp="139" pin="1"/><net_sink comp="143" pin=0"/></net>

<net id="147"><net_src comp="143" pin="1"/><net_sink comp="132" pin=2"/></net>

<net id="154"><net_src comp="8" pin="0"/><net_sink comp="148" pin=0"/></net>

<net id="155"><net_src comp="126" pin="2"/><net_sink comp="148" pin=1"/></net>

<net id="156"><net_src comp="10" pin="0"/><net_sink comp="148" pin=2"/></net>

<net id="157"><net_src comp="12" pin="0"/><net_sink comp="148" pin=3"/></net>

<net id="164"><net_src comp="8" pin="0"/><net_sink comp="158" pin=0"/></net>

<net id="165"><net_src comp="126" pin="2"/><net_sink comp="158" pin=1"/></net>

<net id="166"><net_src comp="14" pin="0"/><net_sink comp="158" pin=2"/></net>

<net id="167"><net_src comp="16" pin="0"/><net_sink comp="158" pin=3"/></net>

<net id="174"><net_src comp="8" pin="0"/><net_sink comp="168" pin=0"/></net>

<net id="175"><net_src comp="126" pin="2"/><net_sink comp="168" pin=1"/></net>

<net id="176"><net_src comp="18" pin="0"/><net_sink comp="168" pin=2"/></net>

<net id="177"><net_src comp="20" pin="0"/><net_sink comp="168" pin=3"/></net>

<net id="184"><net_src comp="8" pin="0"/><net_sink comp="178" pin=0"/></net>

<net id="185"><net_src comp="126" pin="2"/><net_sink comp="178" pin=1"/></net>

<net id="186"><net_src comp="22" pin="0"/><net_sink comp="178" pin=2"/></net>

<net id="187"><net_src comp="24" pin="0"/><net_sink comp="178" pin=3"/></net>

<net id="194"><net_src comp="8" pin="0"/><net_sink comp="188" pin=0"/></net>

<net id="195"><net_src comp="126" pin="2"/><net_sink comp="188" pin=1"/></net>

<net id="196"><net_src comp="26" pin="0"/><net_sink comp="188" pin=2"/></net>

<net id="197"><net_src comp="28" pin="0"/><net_sink comp="188" pin=3"/></net>

<net id="204"><net_src comp="8" pin="0"/><net_sink comp="198" pin=0"/></net>

<net id="205"><net_src comp="126" pin="2"/><net_sink comp="198" pin=1"/></net>

<net id="206"><net_src comp="30" pin="0"/><net_sink comp="198" pin=2"/></net>

<net id="207"><net_src comp="32" pin="0"/><net_sink comp="198" pin=3"/></net>

<net id="214"><net_src comp="8" pin="0"/><net_sink comp="208" pin=0"/></net>

<net id="215"><net_src comp="126" pin="2"/><net_sink comp="208" pin=1"/></net>

<net id="216"><net_src comp="34" pin="0"/><net_sink comp="208" pin=2"/></net>

<net id="217"><net_src comp="36" pin="0"/><net_sink comp="208" pin=3"/></net>

<net id="224"><net_src comp="8" pin="0"/><net_sink comp="218" pin=0"/></net>

<net id="225"><net_src comp="126" pin="2"/><net_sink comp="218" pin=1"/></net>

<net id="226"><net_src comp="38" pin="0"/><net_sink comp="218" pin=2"/></net>

<net id="227"><net_src comp="40" pin="0"/><net_sink comp="218" pin=3"/></net>

<net id="234"><net_src comp="8" pin="0"/><net_sink comp="228" pin=0"/></net>

<net id="235"><net_src comp="126" pin="2"/><net_sink comp="228" pin=1"/></net>

<net id="236"><net_src comp="42" pin="0"/><net_sink comp="228" pin=2"/></net>

<net id="237"><net_src comp="44" pin="0"/><net_sink comp="228" pin=3"/></net>

<net id="244"><net_src comp="8" pin="0"/><net_sink comp="238" pin=0"/></net>

<net id="245"><net_src comp="126" pin="2"/><net_sink comp="238" pin=1"/></net>

<net id="246"><net_src comp="46" pin="0"/><net_sink comp="238" pin=2"/></net>

<net id="247"><net_src comp="48" pin="0"/><net_sink comp="238" pin=3"/></net>

<net id="254"><net_src comp="8" pin="0"/><net_sink comp="248" pin=0"/></net>

<net id="255"><net_src comp="126" pin="2"/><net_sink comp="248" pin=1"/></net>

<net id="256"><net_src comp="50" pin="0"/><net_sink comp="248" pin=2"/></net>

<net id="257"><net_src comp="52" pin="0"/><net_sink comp="248" pin=3"/></net>

<net id="264"><net_src comp="8" pin="0"/><net_sink comp="258" pin=0"/></net>

<net id="265"><net_src comp="126" pin="2"/><net_sink comp="258" pin=1"/></net>

<net id="266"><net_src comp="54" pin="0"/><net_sink comp="258" pin=2"/></net>

<net id="267"><net_src comp="56" pin="0"/><net_sink comp="258" pin=3"/></net>

<net id="274"><net_src comp="8" pin="0"/><net_sink comp="268" pin=0"/></net>

<net id="275"><net_src comp="126" pin="2"/><net_sink comp="268" pin=1"/></net>

<net id="276"><net_src comp="58" pin="0"/><net_sink comp="268" pin=2"/></net>

<net id="277"><net_src comp="60" pin="0"/><net_sink comp="268" pin=3"/></net>

<net id="284"><net_src comp="8" pin="0"/><net_sink comp="278" pin=0"/></net>

<net id="285"><net_src comp="126" pin="2"/><net_sink comp="278" pin=1"/></net>

<net id="286"><net_src comp="62" pin="0"/><net_sink comp="278" pin=2"/></net>

<net id="287"><net_src comp="64" pin="0"/><net_sink comp="278" pin=3"/></net>

<net id="294"><net_src comp="8" pin="0"/><net_sink comp="288" pin=0"/></net>

<net id="295"><net_src comp="126" pin="2"/><net_sink comp="288" pin=1"/></net>

<net id="296"><net_src comp="66" pin="0"/><net_sink comp="288" pin=2"/></net>

<net id="297"><net_src comp="68" pin="0"/><net_sink comp="288" pin=3"/></net>

<net id="304"><net_src comp="8" pin="0"/><net_sink comp="298" pin=0"/></net>

<net id="305"><net_src comp="126" pin="2"/><net_sink comp="298" pin=1"/></net>

<net id="306"><net_src comp="70" pin="0"/><net_sink comp="298" pin=2"/></net>

<net id="307"><net_src comp="72" pin="0"/><net_sink comp="298" pin=3"/></net>

<net id="314"><net_src comp="8" pin="0"/><net_sink comp="308" pin=0"/></net>

<net id="315"><net_src comp="126" pin="2"/><net_sink comp="308" pin=1"/></net>

<net id="316"><net_src comp="74" pin="0"/><net_sink comp="308" pin=2"/></net>

<net id="317"><net_src comp="76" pin="0"/><net_sink comp="308" pin=3"/></net>

<net id="324"><net_src comp="8" pin="0"/><net_sink comp="318" pin=0"/></net>

<net id="325"><net_src comp="126" pin="2"/><net_sink comp="318" pin=1"/></net>

<net id="326"><net_src comp="78" pin="0"/><net_sink comp="318" pin=2"/></net>

<net id="327"><net_src comp="80" pin="0"/><net_sink comp="318" pin=3"/></net>

<net id="334"><net_src comp="8" pin="0"/><net_sink comp="328" pin=0"/></net>

<net id="335"><net_src comp="126" pin="2"/><net_sink comp="328" pin=1"/></net>

<net id="336"><net_src comp="82" pin="0"/><net_sink comp="328" pin=2"/></net>

<net id="337"><net_src comp="84" pin="0"/><net_sink comp="328" pin=3"/></net>

<net id="344"><net_src comp="8" pin="0"/><net_sink comp="338" pin=0"/></net>

<net id="345"><net_src comp="126" pin="2"/><net_sink comp="338" pin=1"/></net>

<net id="346"><net_src comp="86" pin="0"/><net_sink comp="338" pin=2"/></net>

<net id="347"><net_src comp="88" pin="0"/><net_sink comp="338" pin=3"/></net>

<net id="354"><net_src comp="8" pin="0"/><net_sink comp="348" pin=0"/></net>

<net id="355"><net_src comp="126" pin="2"/><net_sink comp="348" pin=1"/></net>

<net id="356"><net_src comp="90" pin="0"/><net_sink comp="348" pin=2"/></net>

<net id="357"><net_src comp="92" pin="0"/><net_sink comp="348" pin=3"/></net>

<net id="364"><net_src comp="8" pin="0"/><net_sink comp="358" pin=0"/></net>

<net id="365"><net_src comp="126" pin="2"/><net_sink comp="358" pin=1"/></net>

<net id="366"><net_src comp="94" pin="0"/><net_sink comp="358" pin=2"/></net>

<net id="367"><net_src comp="96" pin="0"/><net_sink comp="358" pin=3"/></net>

<net id="374"><net_src comp="8" pin="0"/><net_sink comp="368" pin=0"/></net>

<net id="375"><net_src comp="126" pin="2"/><net_sink comp="368" pin=1"/></net>

<net id="376"><net_src comp="98" pin="0"/><net_sink comp="368" pin=2"/></net>

<net id="377"><net_src comp="100" pin="0"/><net_sink comp="368" pin=3"/></net>

<net id="384"><net_src comp="8" pin="0"/><net_sink comp="378" pin=0"/></net>

<net id="385"><net_src comp="126" pin="2"/><net_sink comp="378" pin=1"/></net>

<net id="386"><net_src comp="102" pin="0"/><net_sink comp="378" pin=2"/></net>

<net id="387"><net_src comp="104" pin="0"/><net_sink comp="378" pin=3"/></net>

<net id="394"><net_src comp="106" pin="0"/><net_sink comp="388" pin=0"/></net>

<net id="395"><net_src comp="126" pin="2"/><net_sink comp="388" pin=1"/></net>

<net id="396"><net_src comp="108" pin="0"/><net_sink comp="388" pin=2"/></net>

<net id="397"><net_src comp="110" pin="0"/><net_sink comp="388" pin=3"/></net>

<net id="401"><net_src comp="398" pin="1"/><net_sink comp="132" pin=2"/></net>

<net id="405"><net_src comp="402" pin="1"/><net_sink comp="132" pin=2"/></net>

<net id="409"><net_src comp="406" pin="1"/><net_sink comp="132" pin=2"/></net>

<net id="413"><net_src comp="410" pin="1"/><net_sink comp="132" pin=2"/></net>

<net id="417"><net_src comp="414" pin="1"/><net_sink comp="132" pin=2"/></net>

<net id="421"><net_src comp="418" pin="1"/><net_sink comp="132" pin=2"/></net>

<net id="425"><net_src comp="422" pin="1"/><net_sink comp="132" pin=2"/></net>

<net id="429"><net_src comp="426" pin="1"/><net_sink comp="132" pin=2"/></net>

<net id="433"><net_src comp="430" pin="1"/><net_sink comp="132" pin=2"/></net>

<net id="437"><net_src comp="434" pin="1"/><net_sink comp="132" pin=2"/></net>

<net id="441"><net_src comp="438" pin="1"/><net_sink comp="132" pin=2"/></net>

<net id="445"><net_src comp="442" pin="1"/><net_sink comp="132" pin=2"/></net>

<net id="449"><net_src comp="446" pin="1"/><net_sink comp="132" pin=2"/></net>

<net id="453"><net_src comp="450" pin="1"/><net_sink comp="132" pin=2"/></net>

<net id="457"><net_src comp="454" pin="1"/><net_sink comp="132" pin=2"/></net>

<net id="461"><net_src comp="458" pin="1"/><net_sink comp="132" pin=2"/></net>

<net id="465"><net_src comp="462" pin="1"/><net_sink comp="132" pin=2"/></net>

<net id="469"><net_src comp="466" pin="1"/><net_sink comp="132" pin=2"/></net>

<net id="473"><net_src comp="470" pin="1"/><net_sink comp="132" pin=2"/></net>

<net id="477"><net_src comp="474" pin="1"/><net_sink comp="132" pin=2"/></net>

<net id="481"><net_src comp="478" pin="1"/><net_sink comp="132" pin=2"/></net>

<net id="485"><net_src comp="482" pin="1"/><net_sink comp="132" pin=2"/></net>

<net id="489"><net_src comp="486" pin="1"/><net_sink comp="132" pin=2"/></net>

<net id="493"><net_src comp="490" pin="1"/><net_sink comp="132" pin=2"/></net>

<net id="497"><net_src comp="494" pin="1"/><net_sink comp="132" pin=2"/></net>

<net id="501"><net_src comp="148" pin="4"/><net_sink comp="498" pin=0"/></net>

<net id="502"><net_src comp="498" pin="1"/><net_sink comp="398" pin=0"/></net>

<net id="506"><net_src comp="158" pin="4"/><net_sink comp="503" pin=0"/></net>

<net id="507"><net_src comp="503" pin="1"/><net_sink comp="402" pin=0"/></net>

<net id="511"><net_src comp="168" pin="4"/><net_sink comp="508" pin=0"/></net>

<net id="512"><net_src comp="508" pin="1"/><net_sink comp="406" pin=0"/></net>

<net id="516"><net_src comp="178" pin="4"/><net_sink comp="513" pin=0"/></net>

<net id="517"><net_src comp="513" pin="1"/><net_sink comp="410" pin=0"/></net>

<net id="521"><net_src comp="188" pin="4"/><net_sink comp="518" pin=0"/></net>

<net id="522"><net_src comp="518" pin="1"/><net_sink comp="414" pin=0"/></net>

<net id="526"><net_src comp="198" pin="4"/><net_sink comp="523" pin=0"/></net>

<net id="527"><net_src comp="523" pin="1"/><net_sink comp="418" pin=0"/></net>

<net id="531"><net_src comp="208" pin="4"/><net_sink comp="528" pin=0"/></net>

<net id="532"><net_src comp="528" pin="1"/><net_sink comp="422" pin=0"/></net>

<net id="536"><net_src comp="218" pin="4"/><net_sink comp="533" pin=0"/></net>

<net id="537"><net_src comp="533" pin="1"/><net_sink comp="426" pin=0"/></net>

<net id="541"><net_src comp="228" pin="4"/><net_sink comp="538" pin=0"/></net>

<net id="542"><net_src comp="538" pin="1"/><net_sink comp="430" pin=0"/></net>

<net id="546"><net_src comp="238" pin="4"/><net_sink comp="543" pin=0"/></net>

<net id="547"><net_src comp="543" pin="1"/><net_sink comp="434" pin=0"/></net>

<net id="551"><net_src comp="248" pin="4"/><net_sink comp="548" pin=0"/></net>

<net id="552"><net_src comp="548" pin="1"/><net_sink comp="438" pin=0"/></net>

<net id="556"><net_src comp="258" pin="4"/><net_sink comp="553" pin=0"/></net>

<net id="557"><net_src comp="553" pin="1"/><net_sink comp="442" pin=0"/></net>

<net id="561"><net_src comp="268" pin="4"/><net_sink comp="558" pin=0"/></net>

<net id="562"><net_src comp="558" pin="1"/><net_sink comp="446" pin=0"/></net>

<net id="566"><net_src comp="278" pin="4"/><net_sink comp="563" pin=0"/></net>

<net id="567"><net_src comp="563" pin="1"/><net_sink comp="450" pin=0"/></net>

<net id="571"><net_src comp="288" pin="4"/><net_sink comp="568" pin=0"/></net>

<net id="572"><net_src comp="568" pin="1"/><net_sink comp="454" pin=0"/></net>

<net id="576"><net_src comp="298" pin="4"/><net_sink comp="573" pin=0"/></net>

<net id="577"><net_src comp="573" pin="1"/><net_sink comp="458" pin=0"/></net>

<net id="581"><net_src comp="308" pin="4"/><net_sink comp="578" pin=0"/></net>

<net id="582"><net_src comp="578" pin="1"/><net_sink comp="462" pin=0"/></net>

<net id="586"><net_src comp="318" pin="4"/><net_sink comp="583" pin=0"/></net>

<net id="587"><net_src comp="583" pin="1"/><net_sink comp="466" pin=0"/></net>

<net id="591"><net_src comp="328" pin="4"/><net_sink comp="588" pin=0"/></net>

<net id="592"><net_src comp="588" pin="1"/><net_sink comp="470" pin=0"/></net>

<net id="596"><net_src comp="338" pin="4"/><net_sink comp="593" pin=0"/></net>

<net id="597"><net_src comp="593" pin="1"/><net_sink comp="474" pin=0"/></net>

<net id="601"><net_src comp="348" pin="4"/><net_sink comp="598" pin=0"/></net>

<net id="602"><net_src comp="598" pin="1"/><net_sink comp="478" pin=0"/></net>

<net id="606"><net_src comp="358" pin="4"/><net_sink comp="603" pin=0"/></net>

<net id="607"><net_src comp="603" pin="1"/><net_sink comp="482" pin=0"/></net>

<net id="611"><net_src comp="368" pin="4"/><net_sink comp="608" pin=0"/></net>

<net id="612"><net_src comp="608" pin="1"/><net_sink comp="486" pin=0"/></net>

<net id="616"><net_src comp="378" pin="4"/><net_sink comp="613" pin=0"/></net>

<net id="617"><net_src comp="613" pin="1"/><net_sink comp="490" pin=0"/></net>

<net id="621"><net_src comp="388" pin="4"/><net_sink comp="618" pin=0"/></net>

<net id="622"><net_src comp="618" pin="1"/><net_sink comp="494" pin=0"/></net>

</net_list>

</model> 
---------------- Datapath Model END ------------------

* FSMD analyzer results:
  - Output states:
	Port: scalar_partition_stream_i | {1 2 3 4 5 6 7 8 9 10 11 12 13 14 15 16 17 18 19 20 21 22 23 24 25 26 }
 - Input state : 
	Port: partition_scalar : scalar_stream | {1 }
  - Chain level:
	State 1
		zext_ln475 : 1
		write_ln481 : 2
	State 2
		write_ln481 : 1
	State 3
		write_ln481 : 1
	State 4
		write_ln481 : 1
	State 5
		write_ln481 : 1
	State 6
		write_ln481 : 1
	State 7
		write_ln481 : 1
	State 8
		write_ln481 : 1
	State 9
		write_ln481 : 1
	State 10
		write_ln481 : 1
	State 11
		write_ln481 : 1
	State 12
		write_ln481 : 1
	State 13
		write_ln481 : 1
	State 14
		write_ln481 : 1
	State 15
		write_ln481 : 1
	State 16
		write_ln481 : 1
	State 17
		write_ln481 : 1
	State 18
		write_ln481 : 1
	State 19
		write_ln481 : 1
	State 20
		write_ln481 : 1
	State 21
		write_ln481 : 1
	State 22
		write_ln481 : 1
	State 23
		write_ln481 : 1
	State 24
		write_ln481 : 1
	State 25
		write_ln481 : 1
	State 26
		write_ln481 : 1


============================================================
+ Verbose Summary: Datapath Resource usage 
============================================================

* Functional unit list:
|----------|----------------------------|
| Operation|       Functional Unit      |
|----------|----------------------------|
|   read   |     scalar_read_fu_126     |
|----------|----------------------------|
|   write  |      grp_write_fu_132      |
|----------|----------------------------|
|   trunc  |   scalar_partition_fu_139  |
|----------|----------------------------|
|          |      zext_ln475_fu_143     |
|          |     zext_ln475_1_fu_398    |
|          |     zext_ln475_2_fu_402    |
|          |     zext_ln475_3_fu_406    |
|          |     zext_ln475_4_fu_410    |
|          |     zext_ln475_5_fu_414    |
|          |     zext_ln475_6_fu_418    |
|          |     zext_ln475_7_fu_422    |
|          |     zext_ln475_8_fu_426    |
|          |     zext_ln475_9_fu_430    |
|          |    zext_ln475_10_fu_434    |
|          |    zext_ln475_11_fu_438    |
|   zext   |    zext_ln475_12_fu_442    |
|          |    zext_ln475_13_fu_446    |
|          |    zext_ln475_14_fu_450    |
|          |    zext_ln475_15_fu_454    |
|          |    zext_ln475_16_fu_458    |
|          |    zext_ln475_17_fu_462    |
|          |    zext_ln475_18_fu_466    |
|          |    zext_ln475_19_fu_470    |
|          |    zext_ln475_20_fu_474    |
|          |    zext_ln475_21_fu_478    |
|          |    zext_ln475_22_fu_482    |
|          |    zext_ln475_23_fu_486    |
|          |    zext_ln475_24_fu_490    |
|          |      zext_ln480_fu_494     |
|----------|----------------------------|
|          |  scalar_partition_1_fu_148 |
|          |  scalar_partition_2_fu_158 |
|          |  scalar_partition_3_fu_168 |
|          |  scalar_partition_4_fu_178 |
|          |  scalar_partition_5_fu_188 |
|          |  scalar_partition_6_fu_198 |
|          |  scalar_partition_7_fu_208 |
|          |  scalar_partition_8_fu_218 |
|          |  scalar_partition_9_fu_228 |
|          | scalar_partition_10_fu_238 |
|          | scalar_partition_11_fu_248 |
|          | scalar_partition_12_fu_258 |
|partselect| scalar_partition_13_fu_268 |
|          | scalar_partition_14_fu_278 |
|          | scalar_partition_15_fu_288 |
|          | scalar_partition_16_fu_298 |
|          | scalar_partition_17_fu_308 |
|          | scalar_partition_18_fu_318 |
|          | scalar_partition_19_fu_328 |
|          | scalar_partition_20_fu_338 |
|          | scalar_partition_21_fu_348 |
|          | scalar_partition_22_fu_358 |
|          | scalar_partition_23_fu_368 |
|          | scalar_partition_24_fu_378 |
|          |         tmp_fu_388         |
|----------|----------------------------|
|   Total  |                            |
|----------|----------------------------|

Memories:
N/A

* Register list:
+---------------------------+--------+
|                           |   FF   |
+---------------------------+--------+
|scalar_partition_10_reg_543|   10   |
|scalar_partition_11_reg_548|   10   |
|scalar_partition_12_reg_553|   10   |
|scalar_partition_13_reg_558|   10   |
|scalar_partition_14_reg_563|   10   |
|scalar_partition_15_reg_568|   10   |
|scalar_partition_16_reg_573|   10   |
|scalar_partition_17_reg_578|   10   |
|scalar_partition_18_reg_583|   10   |
|scalar_partition_19_reg_588|   10   |
| scalar_partition_1_reg_498|   10   |
|scalar_partition_20_reg_593|   10   |
|scalar_partition_21_reg_598|   10   |
|scalar_partition_22_reg_603|   10   |
|scalar_partition_23_reg_608|   10   |
|scalar_partition_24_reg_613|   10   |
| scalar_partition_2_reg_503|   10   |
| scalar_partition_3_reg_508|   10   |
| scalar_partition_4_reg_513|   10   |
| scalar_partition_5_reg_518|   10   |
| scalar_partition_6_reg_523|   10   |
| scalar_partition_7_reg_528|   10   |
| scalar_partition_8_reg_533|   10   |
| scalar_partition_9_reg_538|   10   |
|        tmp_reg_618        |    6   |
+---------------------------+--------+
|           Total           |   246  |
+---------------------------+--------+

* Multiplexer (MUX) list: 
|------------------|------|------|------|--------||---------||---------||---------|
|       Comp       |  Pin | Size |  BW  | S x BW ||  Delay  ||    FF   ||   LUT   |
|------------------|------|------|------|--------||---------||---------||---------|
| grp_write_fu_132 |  p2  |  26  |  10  |   260  ||    0    ||   130   |
|------------------|------|------|------|--------||---------||---------||---------|
|       Total      |      |      |      |   260  ||  0.9053 ||    0    ||   130   |
|------------------|------|------|------|--------||---------||---------||---------|



* Summary:
+-----------+--------+--------+--------+
|           |  Delay |   FF   |   LUT  |
+-----------+--------+--------+--------+
|  Function |    -   |    -   |    -   |
|   Memory  |    -   |    -   |    -   |
|Multiplexer|    0   |    0   |   130  |
|  Register |    -   |   246  |    -   |
+-----------+--------+--------+--------+
|   Total   |    0   |   246  |   130  |
+-----------+--------+--------+--------+
