

================================================================
== Vitis HLS Report for 'partition_scalar'
================================================================
* Date:           Wed Apr 23 16:29:18 2025

* Version:        2024.2 (Build 5238294 on Nov  8 2024)
* Project:        msm_2
* Solution:       solution1 (Vivado IP Flow Target)
* Product family: zynquplus
* Target device:  xczu7ev-ffvc1156-2-e


================================================================
== Performance Estimates
================================================================
+ Timing: 
    * Summary: 
    +--------+---------+----------+------------+
    |  Clock |  Target | Estimated| Uncertainty|
    +--------+---------+----------+------------+
    |ap_clk  |  4.00 ns|  2.920 ns|     1.08 ns|
    +--------+---------+----------+------------+

+ Latency: 
    * Summary: 
    +---------+---------+----------+----------+-----+-----+---------+
    |  Latency (cycles) |  Latency (absolute) |  Interval | Pipeline|
    |   min   |   max   |    min   |    max   | min | max |   Type  |
    +---------+---------+----------+----------+-----+-----+---------+
    |       25|       25|  0.100 us|  0.100 us|   26|   26|      yes|
    +---------+---------+----------+----------+-----+-----+---------+

    + Detail: 
        * Instance: 
        N/A

        * Loop: 
        N/A

============================================================
+ Verbose Summary: Synthesis Manager
============================================================
InlineROM: 1
ExposeGlobal: 0
============================================================
+ Verbose Summary: CDFG Model
============================================================
IsTopModel: 0
ResetActiveHigh: 1
IsCombinational: 0
IsDatapathOnly: 0
HasWiredReturn: 1
HasMFsm: 2
HasVarLatency: 0
IsPipeline: 1
IsRtlPipelined: 0
IsInstanceOverlapped: 0
IsDontTouch: 0
HasImplIP: 0
IsGatedGlobalClock: 0

+ Individual pipeline summary: 
  * Pipeline-0: initiation interval (II) = 26, depth = 26


============================================================
+ Verbose Summary: Schedule
============================================================
* Number of FSM states : 26
* Pipeline : 1
  Pipeline-0 : II = 26, D = 26, States = { 1 2 3 4 5 6 7 8 9 10 11 12 13 14 15 16 17 18 19 20 21 22 23 24 25 26 }
* Dataflow Pipeline: 0

* FSM state transitions: 
1 --> 2 
2 --> 3 
3 --> 4 
4 --> 5 
5 --> 6 
6 --> 7 
7 --> 8 
8 --> 9 
9 --> 10 
10 --> 11 
11 --> 12 
12 --> 13 
13 --> 14 
14 --> 15 
15 --> 16 
16 --> 17 
17 --> 18 
18 --> 19 
19 --> 20 
20 --> 21 
21 --> 22 
22 --> 23 
23 --> 24 
24 --> 25 
25 --> 26 
26 --> 

* FSM state operations: 

State 1 <SV = 0> <Delay = 2.92>
ST_1 : Operation 27 [1/1] ( I:1.46ns O:1.46ns )   --->   "%scalar = read i256 @_ssdm_op_Read.ap_fifo.volatile.i256P0A, i256 %scalar_stream" [../src/msm.cpp:474]   --->   Operation 27 'read' 'scalar' <Predicate = true> <Delay = 1.46> <CoreInst = "FIFO">   --->   Core 77 'FIFO' <Latency = 0> <II = 1> <Delay = 1.63> <Storage> <Opcode : 'read' 'write' 'nbread' 'nbwrite'> <Ports = 0> <Width = -1> <Depth = -1> <FIFO>
ST_1 : Operation 28 [1/1] (0.00ns)   --->   "%scalar_partition = trunc i256 %scalar" [../src/msm.cpp:480]   --->   Operation 28 'trunc' 'scalar_partition' <Predicate = true> <Delay = 0.00>
ST_1 : Operation 29 [1/1] (0.00ns)   --->   "%zext_ln475 = zext i10 %scalar_partition" [../src/msm.cpp:475]   --->   Operation 29 'zext' 'zext_ln475' <Predicate = true> <Delay = 0.00>
ST_1 : Operation 30 [1/1] ( I:1.46ns O:1.46ns )   --->   "%write_ln481 = write void @_ssdm_op_Write.ap_fifo.volatile.i32P0A, i32 %scalar_partition_stream_i, i32 %zext_ln475" [../src/msm.cpp:481]   --->   Operation 30 'write' 'write_ln481' <Predicate = true> <Delay = 1.46> <CoreInst = "FIFO">   --->   Core 77 'FIFO' <Latency = 0> <II = 1> <Delay = 1.63> <Storage> <Opcode : 'read' 'write' 'nbread' 'nbwrite'> <Ports = 0> <Width = -1> <Depth = -1> <FIFO>
ST_1 : Operation 31 [1/1] (0.00ns)   --->   "%scalar_partition_1 = partselect i10 @_ssdm_op_PartSelect.i10.i256.i32.i32, i256 %scalar, i32 10, i32 19" [../src/msm.cpp:480]   --->   Operation 31 'partselect' 'scalar_partition_1' <Predicate = true> <Delay = 0.00>
ST_1 : Operation 32 [1/1] (0.00ns)   --->   "%scalar_partition_2 = partselect i10 @_ssdm_op_PartSelect.i10.i256.i32.i32, i256 %scalar, i32 20, i32 29" [../src/msm.cpp:480]   --->   Operation 32 'partselect' 'scalar_partition_2' <Predicate = true> <Delay = 0.00>
ST_1 : Operation 33 [1/1] (0.00ns)   --->   "%scalar_partition_3 = partselect i10 @_ssdm_op_PartSelect.i10.i256.i32.i32, i256 %scalar, i32 30, i32 39" [../src/msm.cpp:480]   --->   Operation 33 'partselect' 'scalar_partition_3' <Predicate = true> <Delay = 0.00>
ST_1 : Operation 34 [1/1] (0.00ns)   --->   "%scalar_partition_4 = partselect i10 @_ssdm_op_PartSelect.i10.i256.i32.i32, i256 %scalar, i32 40, i32 49" [../src/msm.cpp:480]   --->   Operation 34 'partselect' 'scalar_partition_4' <Predicate = true> <Delay = 0.00>
ST_1 : Operation 35 [1/1] (0.00ns)   --->   "%scalar_partition_5 = partselect i10 @_ssdm_op_PartSelect.i10.i256.i32.i32, i256 %scalar, i32 50, i32 59" [../src/msm.cpp:480]   --->   Operation 35 'partselect' 'scalar_partition_5' <Predicate = true> <Delay = 0.00>
ST_1 : Operation 36 [1/1] (0.00ns)   --->   "%scalar_partition_6 = partselect i10 @_ssdm_op_PartSelect.i10.i256.i32.i32, i256 %scalar, i32 60, i32 69" [../src/msm.cpp:480]   --->   Operation 36 'partselect' 'scalar_partition_6' <Predicate = true> <Delay = 0.00>
ST_1 : Operation 37 [1/1] (0.00ns)   --->   "%scalar_partition_7 = partselect i10 @_ssdm_op_PartSelect.i10.i256.i32.i32, i256 %scalar, i32 70, i32 79" [../src/msm.cpp:480]   --->   Operation 37 'partselect' 'scalar_partition_7' <Predicate = true> <Delay = 0.00>
ST_1 : Operation 38 [1/1] (0.00ns)   --->   "%scalar_partition_8 = partselect i10 @_ssdm_op_PartSelect.i10.i256.i32.i32, i256 %scalar, i32 80, i32 89" [../src/msm.cpp:480]   --->   Operation 38 'partselect' 'scalar_partition_8' <Predicate = true> <Delay = 0.00>
ST_1 : Operation 39 [1/1] (0.00ns)   --->   "%scalar_partition_9 = partselect i10 @_ssdm_op_PartSelect.i10.i256.i32.i32, i256 %scalar, i32 90, i32 99" [../src/msm.cpp:480]   --->   Operation 39 'partselect' 'scalar_partition_9' <Predicate = true> <Delay = 0.00>
ST_1 : Operation 40 [1/1] (0.00ns)   --->   "%scalar_partition_10 = partselect i10 @_ssdm_op_PartSelect.i10.i256.i32.i32, i256 %scalar, i32 100, i32 109" [../src/msm.cpp:480]   --->   Operation 40 'partselect' 'scalar_partition_10' <Predicate = true> <Delay = 0.00>
ST_1 : Operation 41 [1/1] (0.00ns)   --->   "%scalar_partition_11 = partselect i10 @_ssdm_op_PartSelect.i10.i256.i32.i32, i256 %scalar, i32 110, i32 119" [../src/msm.cpp:480]   --->   Operation 41 'partselect' 'scalar_partition_11' <Predicate = true> <Delay = 0.00>
ST_1 : Operation 42 [1/1] (0.00ns)   --->   "%scalar_partition_12 = partselect i10 @_ssdm_op_PartSelect.i10.i256.i32.i32, i256 %scalar, i32 120, i32 129" [../src/msm.cpp:480]   --->   Operation 42 'partselect' 'scalar_partition_12' <Predicate = true> <Delay = 0.00>
ST_1 : Operation 43 [1/1] (0.00ns)   --->   "%scalar_partition_13 = partselect i10 @_ssdm_op_PartSelect.i10.i256.i32.i32, i256 %scalar, i32 130, i32 139" [../src/msm.cpp:480]   --->   Operation 43 'partselect' 'scalar_partition_13' <Predicate = true> <Delay = 0.00>
ST_1 : Operation 44 [1/1] (0.00ns)   --->   "%scalar_partition_14 = partselect i10 @_ssdm_op_PartSelect.i10.i256.i32.i32, i256 %scalar, i32 140, i32 149" [../src/msm.cpp:480]   --->   Operation 44 'partselect' 'scalar_partition_14' <Predicate = true> <Delay = 0.00>
ST_1 : Operation 45 [1/1] (0.00ns)   --->   "%scalar_partition_15 = partselect i10 @_ssdm_op_PartSelect.i10.i256.i32.i32, i256 %scalar, i32 150, i32 159" [../src/msm.cpp:480]   --->   Operation 45 'partselect' 'scalar_partition_15' <Predicate = true> <Delay = 0.00>
ST_1 : Operation 46 [1/1] (0.00ns)   --->   "%scalar_partition_16 = partselect i10 @_ssdm_op_PartSelect.i10.i256.i32.i32, i256 %scalar, i32 160, i32 169" [../src/msm.cpp:480]   --->   Operation 46 'partselect' 'scalar_partition_16' <Predicate = true> <Delay = 0.00>
ST_1 : Operation 47 [1/1] (0.00ns)   --->   "%scalar_partition_17 = partselect i10 @_ssdm_op_PartSelect.i10.i256.i32.i32, i256 %scalar, i32 170, i32 179" [../src/msm.cpp:480]   --->   Operation 47 'partselect' 'scalar_partition_17' <Predicate = true> <Delay = 0.00>
ST_1 : Operation 48 [1/1] (0.00ns)   --->   "%scalar_partition_18 = partselect i10 @_ssdm_op_PartSelect.i10.i256.i32.i32, i256 %scalar, i32 180, i32 189" [../src/msm.cpp:480]   --->   Operation 48 'partselect' 'scalar_partition_18' <Predicate = true> <Delay = 0.00>
ST_1 : Operation 49 [1/1] (0.00ns)   --->   "%scalar_partition_19 = partselect i10 @_ssdm_op_PartSelect.i10.i256.i32.i32, i256 %scalar, i32 190, i32 199" [../src/msm.cpp:480]   --->   Operation 49 'partselect' 'scalar_partition_19' <Predicate = true> <Delay = 0.00>
ST_1 : Operation 50 [1/1] (0.00ns)   --->   "%scalar_partition_20 = partselect i10 @_ssdm_op_PartSelect.i10.i256.i32.i32, i256 %scalar, i32 200, i32 209" [../src/msm.cpp:480]   --->   Operation 50 'partselect' 'scalar_partition_20' <Predicate = true> <Delay = 0.00>
ST_1 : Operation 51 [1/1] (0.00ns)   --->   "%scalar_partition_21 = partselect i10 @_ssdm_op_PartSelect.i10.i256.i32.i32, i256 %scalar, i32 210, i32 219" [../src/msm.cpp:480]   --->   Operation 51 'partselect' 'scalar_partition_21' <Predicate = true> <Delay = 0.00>
ST_1 : Operation 52 [1/1] (0.00ns)   --->   "%scalar_partition_22 = partselect i10 @_ssdm_op_PartSelect.i10.i256.i32.i32, i256 %scalar, i32 220, i32 229" [../src/msm.cpp:480]   --->   Operation 52 'partselect' 'scalar_partition_22' <Predicate = true> <Delay = 0.00>
ST_1 : Operation 53 [1/1] (0.00ns)   --->   "%scalar_partition_23 = partselect i10 @_ssdm_op_PartSelect.i10.i256.i32.i32, i256 %scalar, i32 230, i32 239" [../src/msm.cpp:480]   --->   Operation 53 'partselect' 'scalar_partition_23' <Predicate = true> <Delay = 0.00>
ST_1 : Operation 54 [1/1] (0.00ns)   --->   "%scalar_partition_24 = partselect i10 @_ssdm_op_PartSelect.i10.i256.i32.i32, i256 %scalar, i32 240, i32 249" [../src/msm.cpp:480]   --->   Operation 54 'partselect' 'scalar_partition_24' <Predicate = true> <Delay = 0.00>
ST_1 : Operation 55 [1/1] (0.00ns)   --->   "%tmp = partselect i6 @_ssdm_op_PartSelect.i6.i256.i32.i32, i256 %scalar, i32 250, i32 255" [../src/msm.cpp:480]   --->   Operation 55 'partselect' 'tmp' <Predicate = true> <Delay = 0.00>

State 2 <SV = 1> <Delay = 1.46>
ST_2 : Operation 56 [1/1] (0.00ns)   --->   "%zext_ln475_1 = zext i10 %scalar_partition_1" [../src/msm.cpp:475]   --->   Operation 56 'zext' 'zext_ln475_1' <Predicate = true> <Delay = 0.00>
ST_2 : Operation 57 [1/1] ( I:1.46ns O:1.46ns )   --->   "%write_ln481 = write void @_ssdm_op_Write.ap_fifo.volatile.i32P0A, i32 %scalar_partition_stream_i, i32 %zext_ln475_1" [../src/msm.cpp:481]   --->   Operation 57 'write' 'write_ln481' <Predicate = true> <Delay = 1.46> <CoreInst = "FIFO">   --->   Core 77 'FIFO' <Latency = 0> <II = 1> <Delay = 1.63> <Storage> <Opcode : 'read' 'write' 'nbread' 'nbwrite'> <Ports = 0> <Width = -1> <Depth = -1> <FIFO>

State 3 <SV = 2> <Delay = 1.46>
ST_3 : Operation 58 [1/1] (0.00ns)   --->   "%zext_ln475_2 = zext i10 %scalar_partition_2" [../src/msm.cpp:475]   --->   Operation 58 'zext' 'zext_ln475_2' <Predicate = true> <Delay = 0.00>
ST_3 : Operation 59 [1/1] ( I:1.46ns O:1.46ns )   --->   "%write_ln481 = write void @_ssdm_op_Write.ap_fifo.volatile.i32P0A, i32 %scalar_partition_stream_i, i32 %zext_ln475_2" [../src/msm.cpp:481]   --->   Operation 59 'write' 'write_ln481' <Predicate = true> <Delay = 1.46> <CoreInst = "FIFO">   --->   Core 77 'FIFO' <Latency = 0> <II = 1> <Delay = 1.63> <Storage> <Opcode : 'read' 'write' 'nbread' 'nbwrite'> <Ports = 0> <Width = -1> <Depth = -1> <FIFO>

State 4 <SV = 3> <Delay = 1.46>
ST_4 : Operation 60 [1/1] (0.00ns)   --->   "%zext_ln475_3 = zext i10 %scalar_partition_3" [../src/msm.cpp:475]   --->   Operation 60 'zext' 'zext_ln475_3' <Predicate = true> <Delay = 0.00>
ST_4 : Operation 61 [1/1] ( I:1.46ns O:1.46ns )   --->   "%write_ln481 = write void @_ssdm_op_Write.ap_fifo.volatile.i32P0A, i32 %scalar_partition_stream_i, i32 %zext_ln475_3" [../src/msm.cpp:481]   --->   Operation 61 'write' 'write_ln481' <Predicate = true> <Delay = 1.46> <CoreInst = "FIFO">   --->   Core 77 'FIFO' <Latency = 0> <II = 1> <Delay = 1.63> <Storage> <Opcode : 'read' 'write' 'nbread' 'nbwrite'> <Ports = 0> <Width = -1> <Depth = -1> <FIFO>

State 5 <SV = 4> <Delay = 1.46>
ST_5 : Operation 62 [1/1] (0.00ns)   --->   "%zext_ln475_4 = zext i10 %scalar_partition_4" [../src/msm.cpp:475]   --->   Operation 62 'zext' 'zext_ln475_4' <Predicate = true> <Delay = 0.00>
ST_5 : Operation 63 [1/1] ( I:1.46ns O:1.46ns )   --->   "%write_ln481 = write void @_ssdm_op_Write.ap_fifo.volatile.i32P0A, i32 %scalar_partition_stream_i, i32 %zext_ln475_4" [../src/msm.cpp:481]   --->   Operation 63 'write' 'write_ln481' <Predicate = true> <Delay = 1.46> <CoreInst = "FIFO">   --->   Core 77 'FIFO' <Latency = 0> <II = 1> <Delay = 1.63> <Storage> <Opcode : 'read' 'write' 'nbread' 'nbwrite'> <Ports = 0> <Width = -1> <Depth = -1> <FIFO>

State 6 <SV = 5> <Delay = 1.46>
ST_6 : Operation 64 [1/1] (0.00ns)   --->   "%zext_ln475_5 = zext i10 %scalar_partition_5" [../src/msm.cpp:475]   --->   Operation 64 'zext' 'zext_ln475_5' <Predicate = true> <Delay = 0.00>
ST_6 : Operation 65 [1/1] ( I:1.46ns O:1.46ns )   --->   "%write_ln481 = write void @_ssdm_op_Write.ap_fifo.volatile.i32P0A, i32 %scalar_partition_stream_i, i32 %zext_ln475_5" [../src/msm.cpp:481]   --->   Operation 65 'write' 'write_ln481' <Predicate = true> <Delay = 1.46> <CoreInst = "FIFO">   --->   Core 77 'FIFO' <Latency = 0> <II = 1> <Delay = 1.63> <Storage> <Opcode : 'read' 'write' 'nbread' 'nbwrite'> <Ports = 0> <Width = -1> <Depth = -1> <FIFO>

State 7 <SV = 6> <Delay = 1.46>
ST_7 : Operation 66 [1/1] (0.00ns)   --->   "%zext_ln475_6 = zext i10 %scalar_partition_6" [../src/msm.cpp:475]   --->   Operation 66 'zext' 'zext_ln475_6' <Predicate = true> <Delay = 0.00>
ST_7 : Operation 67 [1/1] ( I:1.46ns O:1.46ns )   --->   "%write_ln481 = write void @_ssdm_op_Write.ap_fifo.volatile.i32P0A, i32 %scalar_partition_stream_i, i32 %zext_ln475_6" [../src/msm.cpp:481]   --->   Operation 67 'write' 'write_ln481' <Predicate = true> <Delay = 1.46> <CoreInst = "FIFO">   --->   Core 77 'FIFO' <Latency = 0> <II = 1> <Delay = 1.63> <Storage> <Opcode : 'read' 'write' 'nbread' 'nbwrite'> <Ports = 0> <Width = -1> <Depth = -1> <FIFO>

State 8 <SV = 7> <Delay = 1.46>
ST_8 : Operation 68 [1/1] (0.00ns)   --->   "%zext_ln475_7 = zext i10 %scalar_partition_7" [../src/msm.cpp:475]   --->   Operation 68 'zext' 'zext_ln475_7' <Predicate = true> <Delay = 0.00>
ST_8 : Operation 69 [1/1] ( I:1.46ns O:1.46ns )   --->   "%write_ln481 = write void @_ssdm_op_Write.ap_fifo.volatile.i32P0A, i32 %scalar_partition_stream_i, i32 %zext_ln475_7" [../src/msm.cpp:481]   --->   Operation 69 'write' 'write_ln481' <Predicate = true> <Delay = 1.46> <CoreInst = "FIFO">   --->   Core 77 'FIFO' <Latency = 0> <II = 1> <Delay = 1.63> <Storage> <Opcode : 'read' 'write' 'nbread' 'nbwrite'> <Ports = 0> <Width = -1> <Depth = -1> <FIFO>

State 9 <SV = 8> <Delay = 1.46>
ST_9 : Operation 70 [1/1] (0.00ns)   --->   "%zext_ln475_8 = zext i10 %scalar_partition_8" [../src/msm.cpp:475]   --->   Operation 70 'zext' 'zext_ln475_8' <Predicate = true> <Delay = 0.00>
ST_9 : Operation 71 [1/1] ( I:1.46ns O:1.46ns )   --->   "%write_ln481 = write void @_ssdm_op_Write.ap_fifo.volatile.i32P0A, i32 %scalar_partition_stream_i, i32 %zext_ln475_8" [../src/msm.cpp:481]   --->   Operation 71 'write' 'write_ln481' <Predicate = true> <Delay = 1.46> <CoreInst = "FIFO">   --->   Core 77 'FIFO' <Latency = 0> <II = 1> <Delay = 1.63> <Storage> <Opcode : 'read' 'write' 'nbread' 'nbwrite'> <Ports = 0> <Width = -1> <Depth = -1> <FIFO>

State 10 <SV = 9> <Delay = 1.46>
ST_10 : Operation 72 [1/1] (0.00ns)   --->   "%zext_ln475_9 = zext i10 %scalar_partition_9" [../src/msm.cpp:475]   --->   Operation 72 'zext' 'zext_ln475_9' <Predicate = true> <Delay = 0.00>
ST_10 : Operation 73 [1/1] ( I:1.46ns O:1.46ns )   --->   "%write_ln481 = write void @_ssdm_op_Write.ap_fifo.volatile.i32P0A, i32 %scalar_partition_stream_i, i32 %zext_ln475_9" [../src/msm.cpp:481]   --->   Operation 73 'write' 'write_ln481' <Predicate = true> <Delay = 1.46> <CoreInst = "FIFO">   --->   Core 77 'FIFO' <Latency = 0> <II = 1> <Delay = 1.63> <Storage> <Opcode : 'read' 'write' 'nbread' 'nbwrite'> <Ports = 0> <Width = -1> <Depth = -1> <FIFO>

State 11 <SV = 10> <Delay = 1.46>
ST_11 : Operation 74 [1/1] (0.00ns)   --->   "%zext_ln475_10 = zext i10 %scalar_partition_10" [../src/msm.cpp:475]   --->   Operation 74 'zext' 'zext_ln475_10' <Predicate = true> <Delay = 0.00>
ST_11 : Operation 75 [1/1] ( I:1.46ns O:1.46ns )   --->   "%write_ln481 = write void @_ssdm_op_Write.ap_fifo.volatile.i32P0A, i32 %scalar_partition_stream_i, i32 %zext_ln475_10" [../src/msm.cpp:481]   --->   Operation 75 'write' 'write_ln481' <Predicate = true> <Delay = 1.46> <CoreInst = "FIFO">   --->   Core 77 'FIFO' <Latency = 0> <II = 1> <Delay = 1.63> <Storage> <Opcode : 'read' 'write' 'nbread' 'nbwrite'> <Ports = 0> <Width = -1> <Depth = -1> <FIFO>

State 12 <SV = 11> <Delay = 1.46>
ST_12 : Operation 76 [1/1] (0.00ns)   --->   "%zext_ln475_11 = zext i10 %scalar_partition_11" [../src/msm.cpp:475]   --->   Operation 76 'zext' 'zext_ln475_11' <Predicate = true> <Delay = 0.00>
ST_12 : Operation 77 [1/1] ( I:1.46ns O:1.46ns )   --->   "%write_ln481 = write void @_ssdm_op_Write.ap_fifo.volatile.i32P0A, i32 %scalar_partition_stream_i, i32 %zext_ln475_11" [../src/msm.cpp:481]   --->   Operation 77 'write' 'write_ln481' <Predicate = true> <Delay = 1.46> <CoreInst = "FIFO">   --->   Core 77 'FIFO' <Latency = 0> <II = 1> <Delay = 1.63> <Storage> <Opcode : 'read' 'write' 'nbread' 'nbwrite'> <Ports = 0> <Width = -1> <Depth = -1> <FIFO>

State 13 <SV = 12> <Delay = 1.46>
ST_13 : Operation 78 [1/1] (0.00ns)   --->   "%zext_ln475_12 = zext i10 %scalar_partition_12" [../src/msm.cpp:475]   --->   Operation 78 'zext' 'zext_ln475_12' <Predicate = true> <Delay = 0.00>
ST_13 : Operation 79 [1/1] ( I:1.46ns O:1.46ns )   --->   "%write_ln481 = write void @_ssdm_op_Write.ap_fifo.volatile.i32P0A, i32 %scalar_partition_stream_i, i32 %zext_ln475_12" [../src/msm.cpp:481]   --->   Operation 79 'write' 'write_ln481' <Predicate = true> <Delay = 1.46> <CoreInst = "FIFO">   --->   Core 77 'FIFO' <Latency = 0> <II = 1> <Delay = 1.63> <Storage> <Opcode : 'read' 'write' 'nbread' 'nbwrite'> <Ports = 0> <Width = -1> <Depth = -1> <FIFO>

State 14 <SV = 13> <Delay = 1.46>
ST_14 : Operation 80 [1/1] (0.00ns)   --->   "%zext_ln475_13 = zext i10 %scalar_partition_13" [../src/msm.cpp:475]   --->   Operation 80 'zext' 'zext_ln475_13' <Predicate = true> <Delay = 0.00>
ST_14 : Operation 81 [1/1] ( I:1.46ns O:1.46ns )   --->   "%write_ln481 = write void @_ssdm_op_Write.ap_fifo.volatile.i32P0A, i32 %scalar_partition_stream_i, i32 %zext_ln475_13" [../src/msm.cpp:481]   --->   Operation 81 'write' 'write_ln481' <Predicate = true> <Delay = 1.46> <CoreInst = "FIFO">   --->   Core 77 'FIFO' <Latency = 0> <II = 1> <Delay = 1.63> <Storage> <Opcode : 'read' 'write' 'nbread' 'nbwrite'> <Ports = 0> <Width = -1> <Depth = -1> <FIFO>

State 15 <SV = 14> <Delay = 1.46>
ST_15 : Operation 82 [1/1] (0.00ns)   --->   "%zext_ln475_14 = zext i10 %scalar_partition_14" [../src/msm.cpp:475]   --->   Operation 82 'zext' 'zext_ln475_14' <Predicate = true> <Delay = 0.00>
ST_15 : Operation 83 [1/1] ( I:1.46ns O:1.46ns )   --->   "%write_ln481 = write void @_ssdm_op_Write.ap_fifo.volatile.i32P0A, i32 %scalar_partition_stream_i, i32 %zext_ln475_14" [../src/msm.cpp:481]   --->   Operation 83 'write' 'write_ln481' <Predicate = true> <Delay = 1.46> <CoreInst = "FIFO">   --->   Core 77 'FIFO' <Latency = 0> <II = 1> <Delay = 1.63> <Storage> <Opcode : 'read' 'write' 'nbread' 'nbwrite'> <Ports = 0> <Width = -1> <Depth = -1> <FIFO>

State 16 <SV = 15> <Delay = 1.46>
ST_16 : Operation 84 [1/1] (0.00ns)   --->   "%zext_ln475_15 = zext i10 %scalar_partition_15" [../src/msm.cpp:475]   --->   Operation 84 'zext' 'zext_ln475_15' <Predicate = true> <Delay = 0.00>
ST_16 : Operation 85 [1/1] ( I:1.46ns O:1.46ns )   --->   "%write_ln481 = write void @_ssdm_op_Write.ap_fifo.volatile.i32P0A, i32 %scalar_partition_stream_i, i32 %zext_ln475_15" [../src/msm.cpp:481]   --->   Operation 85 'write' 'write_ln481' <Predicate = true> <Delay = 1.46> <CoreInst = "FIFO">   --->   Core 77 'FIFO' <Latency = 0> <II = 1> <Delay = 1.63> <Storage> <Opcode : 'read' 'write' 'nbread' 'nbwrite'> <Ports = 0> <Width = -1> <Depth = -1> <FIFO>

State 17 <SV = 16> <Delay = 1.46>
ST_17 : Operation 86 [1/1] (0.00ns)   --->   "%zext_ln475_16 = zext i10 %scalar_partition_16" [../src/msm.cpp:475]   --->   Operation 86 'zext' 'zext_ln475_16' <Predicate = true> <Delay = 0.00>
ST_17 : Operation 87 [1/1] ( I:1.46ns O:1.46ns )   --->   "%write_ln481 = write void @_ssdm_op_Write.ap_fifo.volatile.i32P0A, i32 %scalar_partition_stream_i, i32 %zext_ln475_16" [../src/msm.cpp:481]   --->   Operation 87 'write' 'write_ln481' <Predicate = true> <Delay = 1.46> <CoreInst = "FIFO">   --->   Core 77 'FIFO' <Latency = 0> <II = 1> <Delay = 1.63> <Storage> <Opcode : 'read' 'write' 'nbread' 'nbwrite'> <Ports = 0> <Width = -1> <Depth = -1> <FIFO>

State 18 <SV = 17> <Delay = 1.46>
ST_18 : Operation 88 [1/1] (0.00ns)   --->   "%zext_ln475_17 = zext i10 %scalar_partition_17" [../src/msm.cpp:475]   --->   Operation 88 'zext' 'zext_ln475_17' <Predicate = true> <Delay = 0.00>
ST_18 : Operation 89 [1/1] ( I:1.46ns O:1.46ns )   --->   "%write_ln481 = write void @_ssdm_op_Write.ap_fifo.volatile.i32P0A, i32 %scalar_partition_stream_i, i32 %zext_ln475_17" [../src/msm.cpp:481]   --->   Operation 89 'write' 'write_ln481' <Predicate = true> <Delay = 1.46> <CoreInst = "FIFO">   --->   Core 77 'FIFO' <Latency = 0> <II = 1> <Delay = 1.63> <Storage> <Opcode : 'read' 'write' 'nbread' 'nbwrite'> <Ports = 0> <Width = -1> <Depth = -1> <FIFO>

State 19 <SV = 18> <Delay = 1.46>
ST_19 : Operation 90 [1/1] (0.00ns)   --->   "%zext_ln475_18 = zext i10 %scalar_partition_18" [../src/msm.cpp:475]   --->   Operation 90 'zext' 'zext_ln475_18' <Predicate = true> <Delay = 0.00>
ST_19 : Operation 91 [1/1] ( I:1.46ns O:1.46ns )   --->   "%write_ln481 = write void @_ssdm_op_Write.ap_fifo.volatile.i32P0A, i32 %scalar_partition_stream_i, i32 %zext_ln475_18" [../src/msm.cpp:481]   --->   Operation 91 'write' 'write_ln481' <Predicate = true> <Delay = 1.46> <CoreInst = "FIFO">   --->   Core 77 'FIFO' <Latency = 0> <II = 1> <Delay = 1.63> <Storage> <Opcode : 'read' 'write' 'nbread' 'nbwrite'> <Ports = 0> <Width = -1> <Depth = -1> <FIFO>

State 20 <SV = 19> <Delay = 1.46>
ST_20 : Operation 92 [1/1] (0.00ns)   --->   "%zext_ln475_19 = zext i10 %scalar_partition_19" [../src/msm.cpp:475]   --->   Operation 92 'zext' 'zext_ln475_19' <Predicate = true> <Delay = 0.00>
ST_20 : Operation 93 [1/1] ( I:1.46ns O:1.46ns )   --->   "%write_ln481 = write void @_ssdm_op_Write.ap_fifo.volatile.i32P0A, i32 %scalar_partition_stream_i, i32 %zext_ln475_19" [../src/msm.cpp:481]   --->   Operation 93 'write' 'write_ln481' <Predicate = true> <Delay = 1.46> <CoreInst = "FIFO">   --->   Core 77 'FIFO' <Latency = 0> <II = 1> <Delay = 1.63> <Storage> <Opcode : 'read' 'write' 'nbread' 'nbwrite'> <Ports = 0> <Width = -1> <Depth = -1> <FIFO>

State 21 <SV = 20> <Delay = 1.46>
ST_21 : Operation 94 [1/1] (0.00ns)   --->   "%zext_ln475_20 = zext i10 %scalar_partition_20" [../src/msm.cpp:475]   --->   Operation 94 'zext' 'zext_ln475_20' <Predicate = true> <Delay = 0.00>
ST_21 : Operation 95 [1/1] ( I:1.46ns O:1.46ns )   --->   "%write_ln481 = write void @_ssdm_op_Write.ap_fifo.volatile.i32P0A, i32 %scalar_partition_stream_i, i32 %zext_ln475_20" [../src/msm.cpp:481]   --->   Operation 95 'write' 'write_ln481' <Predicate = true> <Delay = 1.46> <CoreInst = "FIFO">   --->   Core 77 'FIFO' <Latency = 0> <II = 1> <Delay = 1.63> <Storage> <Opcode : 'read' 'write' 'nbread' 'nbwrite'> <Ports = 0> <Width = -1> <Depth = -1> <FIFO>

State 22 <SV = 21> <Delay = 1.46>
ST_22 : Operation 96 [1/1] (0.00ns)   --->   "%zext_ln475_21 = zext i10 %scalar_partition_21" [../src/msm.cpp:475]   --->   Operation 96 'zext' 'zext_ln475_21' <Predicate = true> <Delay = 0.00>
ST_22 : Operation 97 [1/1] ( I:1.46ns O:1.46ns )   --->   "%write_ln481 = write void @_ssdm_op_Write.ap_fifo.volatile.i32P0A, i32 %scalar_partition_stream_i, i32 %zext_ln475_21" [../src/msm.cpp:481]   --->   Operation 97 'write' 'write_ln481' <Predicate = true> <Delay = 1.46> <CoreInst = "FIFO">   --->   Core 77 'FIFO' <Latency = 0> <II = 1> <Delay = 1.63> <Storage> <Opcode : 'read' 'write' 'nbread' 'nbwrite'> <Ports = 0> <Width = -1> <Depth = -1> <FIFO>

State 23 <SV = 22> <Delay = 1.46>
ST_23 : Operation 98 [1/1] (0.00ns)   --->   "%zext_ln475_22 = zext i10 %scalar_partition_22" [../src/msm.cpp:475]   --->   Operation 98 'zext' 'zext_ln475_22' <Predicate = true> <Delay = 0.00>
ST_23 : Operation 99 [1/1] ( I:1.46ns O:1.46ns )   --->   "%write_ln481 = write void @_ssdm_op_Write.ap_fifo.volatile.i32P0A, i32 %scalar_partition_stream_i, i32 %zext_ln475_22" [../src/msm.cpp:481]   --->   Operation 99 'write' 'write_ln481' <Predicate = true> <Delay = 1.46> <CoreInst = "FIFO">   --->   Core 77 'FIFO' <Latency = 0> <II = 1> <Delay = 1.63> <Storage> <Opcode : 'read' 'write' 'nbread' 'nbwrite'> <Ports = 0> <Width = -1> <Depth = -1> <FIFO>

State 24 <SV = 23> <Delay = 1.46>
ST_24 : Operation 100 [1/1] (0.00ns)   --->   "%zext_ln475_23 = zext i10 %scalar_partition_23" [../src/msm.cpp:475]   --->   Operation 100 'zext' 'zext_ln475_23' <Predicate = true> <Delay = 0.00>
ST_24 : Operation 101 [1/1] ( I:1.46ns O:1.46ns )   --->   "%write_ln481 = write void @_ssdm_op_Write.ap_fifo.volatile.i32P0A, i32 %scalar_partition_stream_i, i32 %zext_ln475_23" [../src/msm.cpp:481]   --->   Operation 101 'write' 'write_ln481' <Predicate = true> <Delay = 1.46> <CoreInst = "FIFO">   --->   Core 77 'FIFO' <Latency = 0> <II = 1> <Delay = 1.63> <Storage> <Opcode : 'read' 'write' 'nbread' 'nbwrite'> <Ports = 0> <Width = -1> <Depth = -1> <FIFO>

State 25 <SV = 24> <Delay = 1.46>
ST_25 : Operation 102 [1/1] (0.00ns)   --->   "%zext_ln475_24 = zext i10 %scalar_partition_24" [../src/msm.cpp:475]   --->   Operation 102 'zext' 'zext_ln475_24' <Predicate = true> <Delay = 0.00>
ST_25 : Operation 103 [1/1] ( I:1.46ns O:1.46ns )   --->   "%write_ln481 = write void @_ssdm_op_Write.ap_fifo.volatile.i32P0A, i32 %scalar_partition_stream_i, i32 %zext_ln475_24" [../src/msm.cpp:481]   --->   Operation 103 'write' 'write_ln481' <Predicate = true> <Delay = 1.46> <CoreInst = "FIFO">   --->   Core 77 'FIFO' <Latency = 0> <II = 1> <Delay = 1.63> <Storage> <Opcode : 'read' 'write' 'nbread' 'nbwrite'> <Ports = 0> <Width = -1> <Depth = -1> <FIFO>

State 26 <SV = 25> <Delay = 1.46>
ST_26 : Operation 104 [1/1] (0.00ns)   --->   "%specinterface_ln0 = specinterface void @_ssdm_op_SpecInterface, i32 %scalar_partition_stream_i, void @empty_0, i32 0, i32 0, void @empty, i32 0, i32 0, void @empty, void @empty, void @empty, i32 0, i32 0, i32 0, i32 0, void @empty, void @empty, i32 4294967295, i32 0, i32 0"   --->   Operation 104 'specinterface' 'specinterface_ln0' <Predicate = true> <Delay = 0.00>
ST_26 : Operation 105 [1/1] (0.00ns)   --->   "%specinterface_ln0 = specinterface void @_ssdm_op_SpecInterface, i256 %scalar_stream, void @empty_0, i32 0, i32 0, void @empty, i32 0, i32 0, void @empty, void @empty, void @empty, i32 0, i32 0, i32 0, i32 0, void @empty, void @empty, i32 4294967295, i32 0, i32 0"   --->   Operation 105 'specinterface' 'specinterface_ln0' <Predicate = true> <Delay = 0.00>
ST_26 : Operation 106 [1/1] (0.00ns)   --->   "%specpipeline_ln476 = specpipeline void @_ssdm_op_SpecPipeline, i32 1, i32 0, i32 0, i32 0, void @empty" [../src/msm.cpp:476]   --->   Operation 106 'specpipeline' 'specpipeline_ln476' <Predicate = true> <Delay = 0.00>
ST_26 : Operation 107 [1/1] (0.00ns)   --->   "%zext_ln480 = zext i6 %tmp" [../src/msm.cpp:480]   --->   Operation 107 'zext' 'zext_ln480' <Predicate = true> <Delay = 0.00>
ST_26 : Operation 108 [1/1] ( I:1.46ns O:1.46ns )   --->   "%write_ln481 = write void @_ssdm_op_Write.ap_fifo.volatile.i32P0A, i32 %scalar_partition_stream_i, i32 %zext_ln480" [../src/msm.cpp:481]   --->   Operation 108 'write' 'write_ln481' <Predicate = true> <Delay = 1.46> <CoreInst = "FIFO">   --->   Core 77 'FIFO' <Latency = 0> <II = 1> <Delay = 1.63> <Storage> <Opcode : 'read' 'write' 'nbread' 'nbwrite'> <Ports = 0> <Width = -1> <Depth = -1> <FIFO>
ST_26 : Operation 109 [1/1] (0.00ns)   --->   "%ret_ln484 = ret" [../src/msm.cpp:484]   --->   Operation 109 'ret' 'ret_ln484' <Predicate = true> <Delay = 0.00>


============================================================
+ Verbose Summary: Timing violations
============================================================
Target clock period: 4.000ns, clock uncertainty: 1.080ns.

 <State 1>: 2.920ns
The critical path consists of the following:
	fifo read operation ('scalar', ../src/msm.cpp:474) on port 'scalar_stream' (../src/msm.cpp:474) [6]  (1.460 ns)
	fifo write operation ('write_ln481', ../src/msm.cpp:481) on port 'scalar_partition_stream_i' (../src/msm.cpp:481) [9]  (1.460 ns)

 <State 2>: 1.460ns
The critical path consists of the following:
	fifo write operation ('write_ln481', ../src/msm.cpp:481) on port 'scalar_partition_stream_i' (../src/msm.cpp:481) [12]  (1.460 ns)

 <State 3>: 1.460ns
The critical path consists of the following:
	fifo write operation ('write_ln481', ../src/msm.cpp:481) on port 'scalar_partition_stream_i' (../src/msm.cpp:481) [15]  (1.460 ns)

 <State 4>: 1.460ns
The critical path consists of the following:
	fifo write operation ('write_ln481', ../src/msm.cpp:481) on port 'scalar_partition_stream_i' (../src/msm.cpp:481) [18]  (1.460 ns)

 <State 5>: 1.460ns
The critical path consists of the following:
	fifo write operation ('write_ln481', ../src/msm.cpp:481) on port 'scalar_partition_stream_i' (../src/msm.cpp:481) [21]  (1.460 ns)

 <State 6>: 1.460ns
The critical path consists of the following:
	fifo write operation ('write_ln481', ../src/msm.cpp:481) on port 'scalar_partition_stream_i' (../src/msm.cpp:481) [24]  (1.460 ns)

 <State 7>: 1.460ns
The critical path consists of the following:
	fifo write operation ('write_ln481', ../src/msm.cpp:481) on port 'scalar_partition_stream_i' (../src/msm.cpp:481) [27]  (1.460 ns)

 <State 8>: 1.460ns
The critical path consists of the following:
	fifo write operation ('write_ln481', ../src/msm.cpp:481) on port 'scalar_partition_stream_i' (../src/msm.cpp:481) [30]  (1.460 ns)

 <State 9>: 1.460ns
The critical path consists of the following:
	fifo write operation ('write_ln481', ../src/msm.cpp:481) on port 'scalar_partition_stream_i' (../src/msm.cpp:481) [33]  (1.460 ns)

 <State 10>: 1.460ns
The critical path consists of the following:
	fifo write operation ('write_ln481', ../src/msm.cpp:481) on port 'scalar_partition_stream_i' (../src/msm.cpp:481) [36]  (1.460 ns)

 <State 11>: 1.460ns
The critical path consists of the following:
	fifo write operation ('write_ln481', ../src/msm.cpp:481) on port 'scalar_partition_stream_i' (../src/msm.cpp:481) [39]  (1.460 ns)

 <State 12>: 1.460ns
The critical path consists of the following:
	fifo write operation ('write_ln481', ../src/msm.cpp:481) on port 'scalar_partition_stream_i' (../src/msm.cpp:481) [42]  (1.460 ns)

 <State 13>: 1.460ns
The critical path consists of the following:
	fifo write operation ('write_ln481', ../src/msm.cpp:481) on port 'scalar_partition_stream_i' (../src/msm.cpp:481) [45]  (1.460 ns)

 <State 14>: 1.460ns
The critical path consists of the following:
	fifo write operation ('write_ln481', ../src/msm.cpp:481) on port 'scalar_partition_stream_i' (../src/msm.cpp:481) [48]  (1.460 ns)

 <State 15>: 1.460ns
The critical path consists of the following:
	fifo write operation ('write_ln481', ../src/msm.cpp:481) on port 'scalar_partition_stream_i' (../src/msm.cpp:481) [51]  (1.460 ns)

 <State 16>: 1.460ns
The critical path consists of the following:
	fifo write operation ('write_ln481', ../src/msm.cpp:481) on port 'scalar_partition_stream_i' (../src/msm.cpp:481) [54]  (1.460 ns)

 <State 17>: 1.460ns
The critical path consists of the following:
	fifo write operation ('write_ln481', ../src/msm.cpp:481) on port 'scalar_partition_stream_i' (../src/msm.cpp:481) [57]  (1.460 ns)

 <State 18>: 1.460ns
The critical path consists of the following:
	fifo write operation ('write_ln481', ../src/msm.cpp:481) on port 'scalar_partition_stream_i' (../src/msm.cpp:481) [60]  (1.460 ns)

 <State 19>: 1.460ns
The critical path consists of the following:
	fifo write operation ('write_ln481', ../src/msm.cpp:481) on port 'scalar_partition_stream_i' (../src/msm.cpp:481) [63]  (1.460 ns)

 <State 20>: 1.460ns
The critical path consists of the following:
	fifo write operation ('write_ln481', ../src/msm.cpp:481) on port 'scalar_partition_stream_i' (../src/msm.cpp:481) [66]  (1.460 ns)

 <State 21>: 1.460ns
The critical path consists of the following:
	fifo write operation ('write_ln481', ../src/msm.cpp:481) on port 'scalar_partition_stream_i' (../src/msm.cpp:481) [69]  (1.460 ns)

 <State 22>: 1.460ns
The critical path consists of the following:
	fifo write operation ('write_ln481', ../src/msm.cpp:481) on port 'scalar_partition_stream_i' (../src/msm.cpp:481) [72]  (1.460 ns)

 <State 23>: 1.460ns
The critical path consists of the following:
	fifo write operation ('write_ln481', ../src/msm.cpp:481) on port 'scalar_partition_stream_i' (../src/msm.cpp:481) [75]  (1.460 ns)

 <State 24>: 1.460ns
The critical path consists of the following:
	fifo write operation ('write_ln481', ../src/msm.cpp:481) on port 'scalar_partition_stream_i' (../src/msm.cpp:481) [78]  (1.460 ns)

 <State 25>: 1.460ns
The critical path consists of the following:
	fifo write operation ('write_ln481', ../src/msm.cpp:481) on port 'scalar_partition_stream_i' (../src/msm.cpp:481) [81]  (1.460 ns)

 <State 26>: 1.460ns
The critical path consists of the following:
	fifo write operation ('write_ln481', ../src/msm.cpp:481) on port 'scalar_partition_stream_i' (../src/msm.cpp:481) [84]  (1.460 ns)


============================================================
+ Verbose Summary: Binding
============================================================
N/A
* FSMD analyzer results:
  - Output states:
 - Input state : 
  - Chain level:
	State 1
	State 2
	State 3
	State 4
	State 5
	State 6
	State 7
	State 8
	State 9
	State 10
	State 11
	State 12
	State 13
	State 14
	State 15
	State 16
	State 17
	State 18
	State 19
	State 20
	State 21
	State 22
	State 23
	State 24
	State 25
	State 26


============================================================
+ Verbose Summary: Datapath Resource usage 
============================================================
N/A
