

================================================================
== Vitis HLS Report for 'pippenger_control_Pipeline_MAIN_LOOP'
================================================================
* Date:           Wed Apr 23 16:29:18 2025

* Version:        2024.2 (Build 5238294 on Nov  8 2024)
* Project:        msm_2
* Solution:       solution1 (Vivado IP Flow Target)
* Product family: zynquplus
* Target device:  xczu7ev-ffvc1156-2-e


================================================================
== Performance Estimates
================================================================
+ Timing: 
    * Summary: 
    +--------+---------+----------+------------+
    |  Clock |  Target | Estimated| Uncertainty|
    +--------+---------+----------+------------+
    |ap_clk  |  4.00 ns|  2.920 ns|     1.08 ns|
    +--------+---------+----------+------------+

+ Latency: 
    * Summary: 
    +---------+-----------+----------+-----------+-----+-----------+------------------------------------------------+
    |   Latency (cycles)  |  Latency (absolute)  |     Interval    |                    Pipeline                    |
    |   min   |    max    |    min   |    max    | min |    max    |                      Type                      |
    +---------+-----------+----------+-----------+-----+-----------+------------------------------------------------+
    |       28|  436207618|  0.112 us|  1.745 sec|   27|  436207617|  loop auto-rewind stp (delay=0 clock cycles(s))|
    +---------+-----------+----------+-----------+-----+-----------+------------------------------------------------+

    + Detail: 
        * Instance: 
        +----------------------------+------------------+---------+---------+----------+----------+-----+-----+---------+
        |                            |                  |  Latency (cycles) |  Latency (absolute) |  Interval | Pipeline|
        |          Instance          |      Module      |   min   |   max   |    min   |    max   | min | max |   Type  |
        +----------------------------+------------------+---------+---------+----------+----------+-----+-----+---------+
        |grp_partition_scalar_fu_78  |partition_scalar  |       25|       25|  0.100 us|  0.100 us|   26|   26|      yes|
        +----------------------------+------------------+---------+---------+----------+----------+-----+-----+---------+

        * Loop: 
        +-------------+---------+-----------+----------+-----------+-----------+--------------+----------+
        |             |   Latency (cycles)  | Iteration|  Initiation Interval  |     Trip     |          |
        |  Loop Name  |   min   |    max    |  Latency |  achieved |   target  |     Count    | Pipelined|
        +-------------+---------+-----------+----------+-----------+-----------+--------------+----------+
        |- MAIN_LOOP  |       26|  436207616|        27|         26|          1|  1 ~ 16777216|       yes|
        +-------------+---------+-----------+----------+-----------+-----------+--------------+----------+

============================================================
+ Verbose Summary: Synthesis Manager
============================================================
InlineROM: 1
ExposeGlobal: 0
============================================================
+ Verbose Summary: CDFG Model
============================================================
IsTopModel: 0
ResetActiveHigh: 1
IsCombinational: 0
IsDatapathOnly: 0
HasWiredReturn: 1
HasMFsm: 2
HasVarLatency: 1
IsPipeline: 0
IsRtlPipelined: 0
IsInstanceOverlapped: 0
IsDontTouch: 0
HasImplIP: 0
IsGatedGlobalClock: 0

+ Individual pipeline summary: 
  * Pipeline-0: initiation interval (II) = 26, depth = 27


============================================================
+ Verbose Summary: Schedule
============================================================
* Number of FSM states : 27
* Pipeline : 1
  Pipeline-0 : II = 26, D = 27, States = { 1 2 3 4 5 6 7 8 9 10 11 12 13 14 15 16 17 18 19 20 21 22 23 24 25 26 27 }
* Dataflow Pipeline: 0

* FSM state transitions: 
1 --> 2 
2 --> 3 
3 --> 4 
4 --> 5 
5 --> 6 
6 --> 7 
7 --> 8 
8 --> 9 
9 --> 10 
10 --> 11 
11 --> 12 
12 --> 13 
13 --> 14 
14 --> 15 
15 --> 16 
16 --> 17 
17 --> 18 
18 --> 19 
19 --> 20 
20 --> 21 
21 --> 22 
22 --> 23 
23 --> 24 
24 --> 25 
25 --> 26 
26 --> 27 
27 --> 

* FSM state operations: 

State 1 <SV = 0> <Delay = 0.42>
ST_1 : Operation 30 [1/1] (0.00ns)   --->   "%specinterface_ln0 = specinterface void @_ssdm_op_SpecInterface, i256 %scalar_stream, void @empty_0, i32 0, i32 0, void @empty, i32 0, i32 0, void @empty, void @empty, void @empty, i32 0, i32 0, i32 0, i32 0, void @empty, void @empty, i32 4294967295, i32 0, i32 0"   --->   Operation 30 'specinterface' 'specinterface_ln0' <Predicate = true> <Delay = 0.00>
ST_1 : Operation 31 [1/1] (0.00ns)   --->   "%specinterface_ln0 = specinterface void @_ssdm_op_SpecInterface, i256 %t_stream, void @empty_0, i32 0, i32 0, void @empty, i32 0, i32 0, void @empty, void @empty, void @empty, i32 0, i32 0, i32 0, i32 0, void @empty, void @empty, i32 4294967295, i32 0, i32 0"   --->   Operation 31 'specinterface' 'specinterface_ln0' <Predicate = true> <Delay = 0.00>
ST_1 : Operation 32 [1/1] (0.00ns)   --->   "%specinterface_ln0 = specinterface void @_ssdm_op_SpecInterface, i256 %z_stream, void @empty_0, i32 0, i32 0, void @empty, i32 0, i32 0, void @empty, void @empty, void @empty, i32 0, i32 0, i32 0, i32 0, void @empty, void @empty, i32 4294967295, i32 0, i32 0"   --->   Operation 32 'specinterface' 'specinterface_ln0' <Predicate = true> <Delay = 0.00>
ST_1 : Operation 33 [1/1] (0.00ns)   --->   "%specinterface_ln0 = specinterface void @_ssdm_op_SpecInterface, i256 %y_stream, void @empty_0, i32 0, i32 0, void @empty, i32 0, i32 0, void @empty, void @empty, void @empty, i32 0, i32 0, i32 0, i32 0, void @empty, void @empty, i32 4294967295, i32 0, i32 0"   --->   Operation 33 'specinterface' 'specinterface_ln0' <Predicate = true> <Delay = 0.00>
ST_1 : Operation 34 [1/1] (0.00ns)   --->   "%specinterface_ln0 = specinterface void @_ssdm_op_SpecInterface, i256 %x_stream, void @empty_0, i32 0, i32 0, void @empty, i32 0, i32 0, void @empty, void @empty, void @empty, i32 0, i32 0, i32 0, i32 0, void @empty, void @empty, i32 4294967295, i32 0, i32 0"   --->   Operation 34 'specinterface' 'specinterface_ln0' <Predicate = true> <Delay = 0.00>
ST_1 : Operation 35 [1/1] (0.00ns)   --->   "%scalar_partition_stream = alloca i64 1" [../src/msm.cpp:543->../src/msm.cpp:611]   --->   Operation 35 'alloca' 'scalar_partition_stream' <Predicate = true> <Delay = 0.00>
ST_1 : Operation 36 [1/1] (0.00ns)   --->   "%specinterface_ln0 = specinterface void @_ssdm_op_SpecInterface, i32 %scalar_partition_stream, void @empty_0, i32 0, i32 0, void @empty, i32 0, i32 0, void @empty, void @empty, void @empty, i32 0, i32 0, i32 0, i32 0, void @empty, void @empty, i32 4294967295, i32 0, i32 0"   --->   Operation 36 'specinterface' 'specinterface_ln0' <Predicate = true> <Delay = 0.00>
ST_1 : Operation 37 [1/1] (0.00ns)   --->   "%br_ln547 = br void %while.cond.i" [../src/msm.cpp:547->../src/msm.cpp:611]   --->   Operation 37 'br' 'br_ln547' <Predicate = true> <Delay = 0.00>
ST_1 : Operation 38 [1/1] ( I:0.00ns O:0.00ns )   --->   "%tmp = nbreadreq i1 @_ssdm_op_NbReadReq.ap_fifo.i256P0A, i256 %x_stream, i32 1" [../src/msm.cpp:547->../src/msm.cpp:611]   --->   Operation 38 'nbreadreq' 'tmp' <Predicate = true> <Delay = 0.00> <CoreInst = "FIFO">   --->   Core 77 'FIFO' <Latency = 0> <II = 1> <Delay = 1.63> <Storage> <Opcode : 'read' 'write' 'nbread' 'nbwrite'> <Ports = 0> <Width = -1> <Depth = -1> <FIFO>
ST_1 : Operation 39 [1/1] (0.00ns)   --->   "%br_ln547 = br i1 %tmp, void %for.inc.i.preheader.exitStub, void %while.body.i" [../src/msm.cpp:547->../src/msm.cpp:611]   --->   Operation 39 'br' 'br_ln547' <Predicate = true> <Delay = 0.00>
ST_1 : Operation 74 [1/1] (0.42ns)   --->   "%ret_ln0 = ret"   --->   Operation 74 'ret' 'ret_ln0' <Predicate = (!tmp)> <Delay = 0.42>

State 2 <SV = 1> <Delay = 0.00>
ST_2 : Operation 40 [26/26] (0.00ns)   --->   "%call_ln556 = call void @partition_scalar, i256 %scalar_stream, i32 %scalar_partition_stream" [../src/msm.cpp:556->../src/msm.cpp:611]   --->   Operation 40 'call' 'call_ln556' <Predicate = (tmp)> <Delay = 0.00> <CoreType = "Generic">   --->   Generic Core

State 3 <SV = 2> <Delay = 0.00>
ST_3 : Operation 41 [25/26] (0.00ns)   --->   "%call_ln556 = call void @partition_scalar, i256 %scalar_stream, i32 %scalar_partition_stream" [../src/msm.cpp:556->../src/msm.cpp:611]   --->   Operation 41 'call' 'call_ln556' <Predicate = (tmp)> <Delay = 0.00> <CoreType = "Generic">   --->   Generic Core

State 4 <SV = 3> <Delay = 0.00>
ST_4 : Operation 42 [24/26] (0.00ns)   --->   "%call_ln556 = call void @partition_scalar, i256 %scalar_stream, i32 %scalar_partition_stream" [../src/msm.cpp:556->../src/msm.cpp:611]   --->   Operation 42 'call' 'call_ln556' <Predicate = (tmp)> <Delay = 0.00> <CoreType = "Generic">   --->   Generic Core

State 5 <SV = 4> <Delay = 0.00>
ST_5 : Operation 43 [23/26] (0.00ns)   --->   "%call_ln556 = call void @partition_scalar, i256 %scalar_stream, i32 %scalar_partition_stream" [../src/msm.cpp:556->../src/msm.cpp:611]   --->   Operation 43 'call' 'call_ln556' <Predicate = (tmp)> <Delay = 0.00> <CoreType = "Generic">   --->   Generic Core

State 6 <SV = 5> <Delay = 0.00>
ST_6 : Operation 44 [22/26] (0.00ns)   --->   "%call_ln556 = call void @partition_scalar, i256 %scalar_stream, i32 %scalar_partition_stream" [../src/msm.cpp:556->../src/msm.cpp:611]   --->   Operation 44 'call' 'call_ln556' <Predicate = (tmp)> <Delay = 0.00> <CoreType = "Generic">   --->   Generic Core

State 7 <SV = 6> <Delay = 0.00>
ST_7 : Operation 45 [21/26] (0.00ns)   --->   "%call_ln556 = call void @partition_scalar, i256 %scalar_stream, i32 %scalar_partition_stream" [../src/msm.cpp:556->../src/msm.cpp:611]   --->   Operation 45 'call' 'call_ln556' <Predicate = (tmp)> <Delay = 0.00> <CoreType = "Generic">   --->   Generic Core

State 8 <SV = 7> <Delay = 0.00>
ST_8 : Operation 46 [20/26] (0.00ns)   --->   "%call_ln556 = call void @partition_scalar, i256 %scalar_stream, i32 %scalar_partition_stream" [../src/msm.cpp:556->../src/msm.cpp:611]   --->   Operation 46 'call' 'call_ln556' <Predicate = (tmp)> <Delay = 0.00> <CoreType = "Generic">   --->   Generic Core

State 9 <SV = 8> <Delay = 0.00>
ST_9 : Operation 47 [19/26] (0.00ns)   --->   "%call_ln556 = call void @partition_scalar, i256 %scalar_stream, i32 %scalar_partition_stream" [../src/msm.cpp:556->../src/msm.cpp:611]   --->   Operation 47 'call' 'call_ln556' <Predicate = (tmp)> <Delay = 0.00> <CoreType = "Generic">   --->   Generic Core

State 10 <SV = 9> <Delay = 0.00>
ST_10 : Operation 48 [18/26] (0.00ns)   --->   "%call_ln556 = call void @partition_scalar, i256 %scalar_stream, i32 %scalar_partition_stream" [../src/msm.cpp:556->../src/msm.cpp:611]   --->   Operation 48 'call' 'call_ln556' <Predicate = (tmp)> <Delay = 0.00> <CoreType = "Generic">   --->   Generic Core

State 11 <SV = 10> <Delay = 0.00>
ST_11 : Operation 49 [17/26] (0.00ns)   --->   "%call_ln556 = call void @partition_scalar, i256 %scalar_stream, i32 %scalar_partition_stream" [../src/msm.cpp:556->../src/msm.cpp:611]   --->   Operation 49 'call' 'call_ln556' <Predicate = (tmp)> <Delay = 0.00> <CoreType = "Generic">   --->   Generic Core

State 12 <SV = 11> <Delay = 0.00>
ST_12 : Operation 50 [16/26] (0.00ns)   --->   "%call_ln556 = call void @partition_scalar, i256 %scalar_stream, i32 %scalar_partition_stream" [../src/msm.cpp:556->../src/msm.cpp:611]   --->   Operation 50 'call' 'call_ln556' <Predicate = (tmp)> <Delay = 0.00> <CoreType = "Generic">   --->   Generic Core

State 13 <SV = 12> <Delay = 0.00>
ST_13 : Operation 51 [15/26] (0.00ns)   --->   "%call_ln556 = call void @partition_scalar, i256 %scalar_stream, i32 %scalar_partition_stream" [../src/msm.cpp:556->../src/msm.cpp:611]   --->   Operation 51 'call' 'call_ln556' <Predicate = (tmp)> <Delay = 0.00> <CoreType = "Generic">   --->   Generic Core

State 14 <SV = 13> <Delay = 0.00>
ST_14 : Operation 52 [14/26] (0.00ns)   --->   "%call_ln556 = call void @partition_scalar, i256 %scalar_stream, i32 %scalar_partition_stream" [../src/msm.cpp:556->../src/msm.cpp:611]   --->   Operation 52 'call' 'call_ln556' <Predicate = (tmp)> <Delay = 0.00> <CoreType = "Generic">   --->   Generic Core

State 15 <SV = 14> <Delay = 0.00>
ST_15 : Operation 53 [13/26] (0.00ns)   --->   "%call_ln556 = call void @partition_scalar, i256 %scalar_stream, i32 %scalar_partition_stream" [../src/msm.cpp:556->../src/msm.cpp:611]   --->   Operation 53 'call' 'call_ln556' <Predicate = (tmp)> <Delay = 0.00> <CoreType = "Generic">   --->   Generic Core

State 16 <SV = 15> <Delay = 0.00>
ST_16 : Operation 54 [12/26] (0.00ns)   --->   "%call_ln556 = call void @partition_scalar, i256 %scalar_stream, i32 %scalar_partition_stream" [../src/msm.cpp:556->../src/msm.cpp:611]   --->   Operation 54 'call' 'call_ln556' <Predicate = (tmp)> <Delay = 0.00> <CoreType = "Generic">   --->   Generic Core

State 17 <SV = 16> <Delay = 0.00>
ST_17 : Operation 55 [11/26] (0.00ns)   --->   "%call_ln556 = call void @partition_scalar, i256 %scalar_stream, i32 %scalar_partition_stream" [../src/msm.cpp:556->../src/msm.cpp:611]   --->   Operation 55 'call' 'call_ln556' <Predicate = (tmp)> <Delay = 0.00> <CoreType = "Generic">   --->   Generic Core

State 18 <SV = 17> <Delay = 0.00>
ST_18 : Operation 56 [10/26] (0.00ns)   --->   "%call_ln556 = call void @partition_scalar, i256 %scalar_stream, i32 %scalar_partition_stream" [../src/msm.cpp:556->../src/msm.cpp:611]   --->   Operation 56 'call' 'call_ln556' <Predicate = (tmp)> <Delay = 0.00> <CoreType = "Generic">   --->   Generic Core

State 19 <SV = 18> <Delay = 0.00>
ST_19 : Operation 57 [9/26] (0.00ns)   --->   "%call_ln556 = call void @partition_scalar, i256 %scalar_stream, i32 %scalar_partition_stream" [../src/msm.cpp:556->../src/msm.cpp:611]   --->   Operation 57 'call' 'call_ln556' <Predicate = (tmp)> <Delay = 0.00> <CoreType = "Generic">   --->   Generic Core

State 20 <SV = 19> <Delay = 0.00>
ST_20 : Operation 58 [8/26] (0.00ns)   --->   "%call_ln556 = call void @partition_scalar, i256 %scalar_stream, i32 %scalar_partition_stream" [../src/msm.cpp:556->../src/msm.cpp:611]   --->   Operation 58 'call' 'call_ln556' <Predicate = (tmp)> <Delay = 0.00> <CoreType = "Generic">   --->   Generic Core

State 21 <SV = 20> <Delay = 0.00>
ST_21 : Operation 59 [7/26] (0.00ns)   --->   "%call_ln556 = call void @partition_scalar, i256 %scalar_stream, i32 %scalar_partition_stream" [../src/msm.cpp:556->../src/msm.cpp:611]   --->   Operation 59 'call' 'call_ln556' <Predicate = (tmp)> <Delay = 0.00> <CoreType = "Generic">   --->   Generic Core

State 22 <SV = 21> <Delay = 0.00>
ST_22 : Operation 60 [6/26] (0.00ns)   --->   "%call_ln556 = call void @partition_scalar, i256 %scalar_stream, i32 %scalar_partition_stream" [../src/msm.cpp:556->../src/msm.cpp:611]   --->   Operation 60 'call' 'call_ln556' <Predicate = (tmp)> <Delay = 0.00> <CoreType = "Generic">   --->   Generic Core

State 23 <SV = 22> <Delay = 0.00>
ST_23 : Operation 61 [5/26] (0.00ns)   --->   "%call_ln556 = call void @partition_scalar, i256 %scalar_stream, i32 %scalar_partition_stream" [../src/msm.cpp:556->../src/msm.cpp:611]   --->   Operation 61 'call' 'call_ln556' <Predicate = (tmp)> <Delay = 0.00> <CoreType = "Generic">   --->   Generic Core

State 24 <SV = 23> <Delay = 0.00>
ST_24 : Operation 62 [4/26] (0.00ns)   --->   "%call_ln556 = call void @partition_scalar, i256 %scalar_stream, i32 %scalar_partition_stream" [../src/msm.cpp:556->../src/msm.cpp:611]   --->   Operation 62 'call' 'call_ln556' <Predicate = (tmp)> <Delay = 0.00> <CoreType = "Generic">   --->   Generic Core

State 25 <SV = 24> <Delay = 0.00>
ST_25 : Operation 63 [3/26] (0.00ns)   --->   "%call_ln556 = call void @partition_scalar, i256 %scalar_stream, i32 %scalar_partition_stream" [../src/msm.cpp:556->../src/msm.cpp:611]   --->   Operation 63 'call' 'call_ln556' <Predicate = (tmp)> <Delay = 0.00> <CoreType = "Generic">   --->   Generic Core

State 26 <SV = 25> <Delay = 1.46>
ST_26 : Operation 64 [1/1] ( I:1.46ns O:1.46ns )   --->   "%p_0 = read i256 @_ssdm_op_Read.ap_fifo.volatile.i256P0A, i256 %x_stream" [../src/msm.cpp:550->../src/msm.cpp:611]   --->   Operation 64 'read' 'p_0' <Predicate = (tmp)> <Delay = 1.46> <CoreInst = "FIFO">   --->   Core 77 'FIFO' <Latency = 0> <II = 1> <Delay = 1.63> <Storage> <Opcode : 'read' 'write' 'nbread' 'nbwrite'> <Ports = 0> <Width = -1> <Depth = -1> <FIFO>
ST_26 : Operation 65 [1/1] ( I:1.46ns O:1.46ns )   --->   "%p_03 = read i256 @_ssdm_op_Read.ap_fifo.volatile.i256P0A, i256 %y_stream" [../src/msm.cpp:551->../src/msm.cpp:611]   --->   Operation 65 'read' 'p_03' <Predicate = (tmp)> <Delay = 1.46> <CoreInst = "FIFO">   --->   Core 77 'FIFO' <Latency = 0> <II = 1> <Delay = 1.63> <Storage> <Opcode : 'read' 'write' 'nbread' 'nbwrite'> <Ports = 0> <Width = -1> <Depth = -1> <FIFO>
ST_26 : Operation 66 [1/1] ( I:1.46ns O:1.46ns )   --->   "%p_02 = read i256 @_ssdm_op_Read.ap_fifo.volatile.i256P0A, i256 %z_stream" [../src/msm.cpp:552->../src/msm.cpp:611]   --->   Operation 66 'read' 'p_02' <Predicate = (tmp)> <Delay = 1.46> <CoreInst = "FIFO">   --->   Core 77 'FIFO' <Latency = 0> <II = 1> <Delay = 1.63> <Storage> <Opcode : 'read' 'write' 'nbread' 'nbwrite'> <Ports = 0> <Width = -1> <Depth = -1> <FIFO>
ST_26 : Operation 67 [1/1] ( I:1.46ns O:1.46ns )   --->   "%p_01 = read i256 @_ssdm_op_Read.ap_fifo.volatile.i256P0A, i256 %t_stream" [../src/msm.cpp:553->../src/msm.cpp:611]   --->   Operation 67 'read' 'p_01' <Predicate = (tmp)> <Delay = 1.46> <CoreInst = "FIFO">   --->   Core 77 'FIFO' <Latency = 0> <II = 1> <Delay = 1.63> <Storage> <Opcode : 'read' 'write' 'nbread' 'nbwrite'> <Ports = 0> <Width = -1> <Depth = -1> <FIFO>
ST_26 : Operation 68 [2/26] (0.00ns)   --->   "%call_ln556 = call void @partition_scalar, i256 %scalar_stream, i32 %scalar_partition_stream" [../src/msm.cpp:556->../src/msm.cpp:611]   --->   Operation 68 'call' 'call_ln556' <Predicate = (tmp)> <Delay = 0.00> <CoreType = "Generic">   --->   Generic Core

State 27 <SV = 26> <Delay = 0.00>
ST_27 : Operation 69 [1/1] (0.00ns)   --->   "%specpipeline_ln550 = specpipeline void @_ssdm_op_SpecPipeline, i32 4294967295, i32 0, i32 0, i32 0, void @empty" [../src/msm.cpp:550->../src/msm.cpp:611]   --->   Operation 69 'specpipeline' 'specpipeline_ln550' <Predicate = true> <Delay = 0.00>
ST_27 : Operation 70 [1/1] (0.00ns)   --->   "%speclooptripcount_ln549 = speclooptripcount void @_ssdm_op_SpecLoopTripCount, i64 1, i64 16777216, i64 8388608" [../src/msm.cpp:549->../src/msm.cpp:611]   --->   Operation 70 'speclooptripcount' 'speclooptripcount_ln549' <Predicate = true> <Delay = 0.00>
ST_27 : Operation 71 [1/1] (0.00ns)   --->   "%specloopname_ln547 = specloopname void @_ssdm_op_SpecLoopName, void @empty_2" [../src/msm.cpp:547->../src/msm.cpp:611]   --->   Operation 71 'specloopname' 'specloopname_ln547' <Predicate = true> <Delay = 0.00>
ST_27 : Operation 72 [1/26] (0.00ns)   --->   "%call_ln556 = call void @partition_scalar, i256 %scalar_stream, i32 %scalar_partition_stream" [../src/msm.cpp:556->../src/msm.cpp:611]   --->   Operation 72 'call' 'call_ln556' <Predicate = (tmp)> <Delay = 0.00> <CoreType = "Generic">   --->   Generic Core
ST_27 : Operation 73 [1/1] (0.00ns)   --->   "%br_ln547 = br void %while.cond.i" [../src/msm.cpp:547->../src/msm.cpp:611]   --->   Operation 73 'br' 'br_ln547' <Predicate = true> <Delay = 0.00>


============================================================
+ Verbose Summary: Binding
============================================================
STG Binding: 
---------------- STG Properties BEGIN ----------------
- Is combinational: 0
- Is one-state seq: 0
- Is datapath-only: 0
- Is pipelined: 0
- Is top level: 0
Port [ Return ] is wired: 1; IO mode=ap_ctrl_hs:ce=0
Port [ x_stream]:  wired=1; compound=1; hidden=0; nouse=0; global=0; static=0; extern=0; dir=0; type=3; pingpong=0; private_global=0; IO mode=ap_fifo:ce=0
Port [ y_stream]:  wired=1; compound=1; hidden=0; nouse=0; global=0; static=0; extern=0; dir=0; type=3; pingpong=0; private_global=0; IO mode=ap_fifo:ce=0
Port [ z_stream]:  wired=1; compound=1; hidden=0; nouse=0; global=0; static=0; extern=0; dir=0; type=3; pingpong=0; private_global=0; IO mode=ap_fifo:ce=0
Port [ t_stream]:  wired=1; compound=1; hidden=0; nouse=0; global=0; static=0; extern=0; dir=0; type=3; pingpong=0; private_global=0; IO mode=ap_fifo:ce=0
Port [ scalar_stream]:  wired=1; compound=1; hidden=0; nouse=0; global=0; static=0; extern=0; dir=0; type=3; pingpong=0; private_global=0; IO mode=ap_fifo:ce=0
---------------- STG Properties END ------------------

---------------- Datapath Model BEGIN ----------------

<LifeTime>
<method=bitvector/>
specinterface_ln0       (specinterface    ) [ 0000000000000000000000000000]
specinterface_ln0       (specinterface    ) [ 0000000000000000000000000000]
specinterface_ln0       (specinterface    ) [ 0000000000000000000000000000]
specinterface_ln0       (specinterface    ) [ 0000000000000000000000000000]
specinterface_ln0       (specinterface    ) [ 0000000000000000000000000000]
scalar_partition_stream (alloca           ) [ 0111111111111111111111111111]
specinterface_ln0       (specinterface    ) [ 0000000000000000000000000000]
br_ln547                (br               ) [ 0000000000000000000000000000]
tmp                     (nbreadreq        ) [ 0111111111111111111111111111]
br_ln547                (br               ) [ 0000000000000000000000000000]
p_0                     (read             ) [ 0000000000000000000000000000]
p_03                    (read             ) [ 0000000000000000000000000000]
p_02                    (read             ) [ 0000000000000000000000000000]
p_01                    (read             ) [ 0000000000000000000000000000]
specpipeline_ln550      (specpipeline     ) [ 0000000000000000000000000000]
speclooptripcount_ln549 (speclooptripcount) [ 0000000000000000000000000000]
specloopname_ln547      (specloopname     ) [ 0000000000000000000000000000]
call_ln556              (call             ) [ 0000000000000000000000000000]
br_ln547                (br               ) [ 0000000000000000000000000000]
ret_ln0                 (ret              ) [ 0000000000000000000000000000]
</LifeTime>

<model>

<comp_list>
<comp id="0" class="1000" name="x_stream">
<pin_list>
<pin id="1" dir="1" index="0" bw="1" slack="0"/>
</pin_list>
<bind>
<StgValue><ssdm name="x_stream"/></StgValue>
</bind>
</comp>

<comp id="2" class="1000" name="y_stream">
<pin_list>
<pin id="3" dir="1" index="0" bw="1" slack="0"/>
</pin_list>
<bind>
<StgValue><ssdm name="y_stream"/></StgValue>
</bind>
</comp>

<comp id="4" class="1000" name="z_stream">
<pin_list>
<pin id="5" dir="1" index="0" bw="1" slack="0"/>
</pin_list>
<bind>
<StgValue><ssdm name="z_stream"/></StgValue>
</bind>
</comp>

<comp id="6" class="1000" name="t_stream">
<pin_list>
<pin id="7" dir="1" index="0" bw="1" slack="0"/>
</pin_list>
<bind>
<StgValue><ssdm name="t_stream"/></StgValue>
</bind>
</comp>

<comp id="8" class="1000" name="scalar_stream">
<pin_list>
<pin id="9" dir="1" index="0" bw="1" slack="0"/>
</pin_list>
<bind>
<StgValue><ssdm name="scalar_stream"/></StgValue>
</bind>
</comp>

<comp id="10" class="1001" name="const_10">
<pin_list>
<pin id="11" dir="1" index="0" bw="1" slack="2147483647"/>
</pin_list>
<bind>
<StgValue><ssdm name="_ssdm_op_SpecInterface"/></StgValue>
</bind>
</comp>

<comp id="12" class="1001" name="const_12">
<pin_list>
<pin id="13" dir="1" index="0" bw="1" slack="2147483647"/>
</pin_list>
<bind>
<StgValue><ssdm name="empty_0"/></StgValue>
</bind>
</comp>

<comp id="14" class="1001" name="const_14">
<pin_list>
<pin id="15" dir="1" index="0" bw="1" slack="2147483647"/>
</pin_list>
<bind>
<StgValue><ssdm name=""/></StgValue>
</bind>
</comp>

<comp id="16" class="1001" name="const_16">
<pin_list>
<pin id="17" dir="1" index="0" bw="1" slack="2147483647"/>
</pin_list>
<bind>
<StgValue><ssdm name="empty"/></StgValue>
</bind>
</comp>

<comp id="18" class="1001" name="const_18">
<pin_list>
<pin id="19" dir="1" index="0" bw="1" slack="2147483647"/>
</pin_list>
<bind>
<StgValue><ssdm name=""/></StgValue>
</bind>
</comp>

<comp id="20" class="1001" name="const_20">
<pin_list>
<pin id="21" dir="1" index="0" bw="1" slack="0"/>
</pin_list>
<bind>
<StgValue><ssdm name=""/></StgValue>
</bind>
</comp>

<comp id="22" class="1001" name="const_22">
<pin_list>
<pin id="23" dir="1" index="0" bw="1" slack="0"/>
</pin_list>
<bind>
<StgValue><ssdm name="_ssdm_op_NbReadReq.ap_fifo.i256P0A"/></StgValue>
</bind>
</comp>

<comp id="24" class="1001" name="const_24">
<pin_list>
<pin id="25" dir="1" index="0" bw="1" slack="0"/>
</pin_list>
<bind>
<StgValue><ssdm name=""/></StgValue>
</bind>
</comp>

<comp id="26" class="1001" name="const_26">
<pin_list>
<pin id="27" dir="1" index="0" bw="1" slack="0"/>
</pin_list>
<bind>
<StgValue><ssdm name="partition_scalar"/></StgValue>
</bind>
</comp>

<comp id="28" class="1001" name="const_28">
<pin_list>
<pin id="29" dir="1" index="0" bw="1" slack="0"/>
</pin_list>
<bind>
<StgValue><ssdm name="_ssdm_op_Read.ap_fifo.volatile.i256P0A"/></StgValue>
</bind>
</comp>

<comp id="30" class="1001" name="const_30">
<pin_list>
<pin id="31" dir="1" index="0" bw="1" slack="2147483647"/>
</pin_list>
<bind>
<StgValue><ssdm name="_ssdm_op_SpecPipeline"/></StgValue>
</bind>
</comp>

<comp id="32" class="1001" name="const_32">
<pin_list>
<pin id="33" dir="1" index="0" bw="1" slack="2147483647"/>
</pin_list>
<bind>
<StgValue><ssdm name="_ssdm_op_SpecLoopTripCount"/></StgValue>
</bind>
</comp>

<comp id="34" class="1001" name="const_34">
<pin_list>
<pin id="35" dir="1" index="0" bw="1" slack="2147483647"/>
</pin_list>
<bind>
<StgValue><ssdm name=""/></StgValue>
</bind>
</comp>

<comp id="36" class="1001" name="const_36">
<pin_list>
<pin id="37" dir="1" index="0" bw="1" slack="2147483647"/>
</pin_list>
<bind>
<StgValue><ssdm name=""/></StgValue>
</bind>
</comp>

<comp id="38" class="1001" name="const_38">
<pin_list>
<pin id="39" dir="1" index="0" bw="1" slack="2147483647"/>
</pin_list>
<bind>
<StgValue><ssdm name="_ssdm_op_SpecLoopName"/></StgValue>
</bind>
</comp>

<comp id="40" class="1001" name="const_40">
<pin_list>
<pin id="41" dir="1" index="0" bw="1" slack="2147483647"/>
</pin_list>
<bind>
<StgValue><ssdm name="empty_2"/></StgValue>
</bind>
</comp>

<comp id="42" class="1004" name="scalar_partition_stream_fu_42">
<pin_list>
<pin id="43" dir="0" index="0" bw="1" slack="0"/>
<pin id="44" dir="1" index="1" bw="32" slack="0"/>
</pin_list>
<bind>
<opcode="alloca(26) " fcode="alloca"/>
<opset="scalar_partition_stream/1 "/>
</bind>
</comp>

<comp id="46" class="1004" name="tmp_nbreadreq_fu_46">
<pin_list>
<pin id="47" dir="0" index="0" bw="1" slack="0"/>
<pin id="48" dir="0" index="1" bw="256" slack="0"/>
<pin id="49" dir="0" index="2" bw="1" slack="0"/>
<pin id="50" dir="1" index="3" bw="1" slack="1"/>
</pin_list>
<bind>
<opcode="nbreadreq(1156) " fcode="nbreadreq"/>
<opset="tmp/1 "/>
</bind>
</comp>

<comp id="54" class="1004" name="p_0_read_fu_54">
<pin_list>
<pin id="55" dir="0" index="0" bw="256" slack="0"/>
<pin id="56" dir="0" index="1" bw="256" slack="0"/>
<pin id="57" dir="1" index="2" bw="256" slack="2147483647"/>
</pin_list>
<bind>
<opcode="read(1150) " fcode="read"/>
<opset="p_0/26 "/>
</bind>
</comp>

<comp id="60" class="1004" name="p_03_read_fu_60">
<pin_list>
<pin id="61" dir="0" index="0" bw="256" slack="0"/>
<pin id="62" dir="0" index="1" bw="256" slack="0"/>
<pin id="63" dir="1" index="2" bw="256" slack="2147483647"/>
</pin_list>
<bind>
<opcode="read(1150) " fcode="read"/>
<opset="p_03/26 "/>
</bind>
</comp>

<comp id="66" class="1004" name="p_02_read_fu_66">
<pin_list>
<pin id="67" dir="0" index="0" bw="256" slack="0"/>
<pin id="68" dir="0" index="1" bw="256" slack="0"/>
<pin id="69" dir="1" index="2" bw="256" slack="2147483647"/>
</pin_list>
<bind>
<opcode="read(1150) " fcode="read"/>
<opset="p_02/26 "/>
</bind>
</comp>

<comp id="72" class="1004" name="p_01_read_fu_72">
<pin_list>
<pin id="73" dir="0" index="0" bw="256" slack="0"/>
<pin id="74" dir="0" index="1" bw="256" slack="0"/>
<pin id="75" dir="1" index="2" bw="256" slack="2147483647"/>
</pin_list>
<bind>
<opcode="read(1150) " fcode="read"/>
<opset="p_01/26 "/>
</bind>
</comp>

<comp id="78" class="1004" name="grp_partition_scalar_fu_78">
<pin_list>
<pin id="79" dir="0" index="0" bw="0" slack="0"/>
<pin id="80" dir="0" index="1" bw="256" slack="0"/>
<pin id="81" dir="0" index="2" bw="32" slack="1"/>
<pin id="82" dir="1" index="3" bw="0" slack="2147483647"/>
</pin_list>
<bind>
<opcode="call(48) " fcode="call"/>
<opset="call_ln556/2 "/>
</bind>
</comp>

<comp id="85" class="1005" name="scalar_partition_stream_reg_85">
<pin_list>
<pin id="86" dir="0" index="0" bw="32" slack="0"/>
<pin id="87" dir="1" index="1" bw="32" slack="1"/>
</pin_list>
<bind>
<opset="scalar_partition_stream "/>
</bind>
</comp>

<comp id="90" class="1005" name="tmp_reg_90">
<pin_list>
<pin id="91" dir="0" index="0" bw="1" slack="1"/>
<pin id="92" dir="1" index="1" bw="1" slack="2147483647"/>
</pin_list>
<bind>
<opset="tmp "/>
</bind>
</comp>

</comp_list>

<net_list>
<net id="45"><net_src comp="20" pin="0"/><net_sink comp="42" pin=0"/></net>

<net id="51"><net_src comp="22" pin="0"/><net_sink comp="46" pin=0"/></net>

<net id="52"><net_src comp="0" pin="0"/><net_sink comp="46" pin=1"/></net>

<net id="53"><net_src comp="24" pin="0"/><net_sink comp="46" pin=2"/></net>

<net id="58"><net_src comp="28" pin="0"/><net_sink comp="54" pin=0"/></net>

<net id="59"><net_src comp="0" pin="0"/><net_sink comp="54" pin=1"/></net>

<net id="64"><net_src comp="28" pin="0"/><net_sink comp="60" pin=0"/></net>

<net id="65"><net_src comp="2" pin="0"/><net_sink comp="60" pin=1"/></net>

<net id="70"><net_src comp="28" pin="0"/><net_sink comp="66" pin=0"/></net>

<net id="71"><net_src comp="4" pin="0"/><net_sink comp="66" pin=1"/></net>

<net id="76"><net_src comp="28" pin="0"/><net_sink comp="72" pin=0"/></net>

<net id="77"><net_src comp="6" pin="0"/><net_sink comp="72" pin=1"/></net>

<net id="83"><net_src comp="26" pin="0"/><net_sink comp="78" pin=0"/></net>

<net id="84"><net_src comp="8" pin="0"/><net_sink comp="78" pin=1"/></net>

<net id="88"><net_src comp="42" pin="1"/><net_sink comp="85" pin=0"/></net>

<net id="89"><net_src comp="85" pin="1"/><net_sink comp="78" pin=2"/></net>

<net id="93"><net_src comp="46" pin="3"/><net_sink comp="90" pin=0"/></net>

</net_list>

</model> 
---------------- Datapath Model END ------------------

* FSMD analyzer results:
  - Output states:
 - Input state : 
	Port: pippenger_control_Pipeline_MAIN_LOOP : x_stream | {1 26 }
	Port: pippenger_control_Pipeline_MAIN_LOOP : y_stream | {26 }
	Port: pippenger_control_Pipeline_MAIN_LOOP : z_stream | {26 }
	Port: pippenger_control_Pipeline_MAIN_LOOP : t_stream | {26 }
	Port: pippenger_control_Pipeline_MAIN_LOOP : scalar_stream | {2 }
  - Chain level:
	State 1
		specinterface_ln0 : 1
	State 2
	State 3
	State 4
	State 5
	State 6
	State 7
	State 8
	State 9
	State 10
	State 11
	State 12
	State 13
	State 14
	State 15
	State 16
	State 17
	State 18
	State 19
	State 20
	State 21
	State 22
	State 23
	State 24
	State 25
	State 26
	State 27


============================================================
+ Verbose Summary: Datapath Resource usage 
============================================================

* Functional unit list:
|----------|----------------------------|---------|---------|---------|
| Operation|       Functional Unit      |  Delay  |    FF   |   LUT   |
|----------|----------------------------|---------|---------|---------|
|   call   | grp_partition_scalar_fu_78 |  0.9053 |   246   |   130   |
|----------|----------------------------|---------|---------|---------|
| nbreadreq|     tmp_nbreadreq_fu_46    |    0    |    0    |    0    |
|----------|----------------------------|---------|---------|---------|
|          |       p_0_read_fu_54       |    0    |    0    |    0    |
|   read   |       p_03_read_fu_60      |    0    |    0    |    0    |
|          |       p_02_read_fu_66      |    0    |    0    |    0    |
|          |       p_01_read_fu_72      |    0    |    0    |    0    |
|----------|----------------------------|---------|---------|---------|
|   Total  |                            |  0.9053 |   246   |   130   |
|----------|----------------------------|---------|---------|---------|

Memories:
N/A

* Register list:
+------------------------------+--------+
|                              |   FF   |
+------------------------------+--------+
|scalar_partition_stream_reg_85|   32   |
|          tmp_reg_90          |    1   |
+------------------------------+--------+
|             Total            |   33   |
+------------------------------+--------+

* Multiplexer (MUX) list: 
|--------|------|------|------|--------|
|  Comp  |  Pin | Size |  BW  | S x BW |
|--------|------|------|------|--------|
|  Total |      |      |      |    0   |
|--------|------|------|------|--------|



* Summary:
+-----------+--------+--------+--------+
|           |  Delay |   FF   |   LUT  |
+-----------+--------+--------+--------+
|  Function |    0   |   246  |   130  |
|   Memory  |    -   |    -   |    -   |
|Multiplexer|    -   |    -   |    -   |
|  Register |    -   |   33   |    -   |
+-----------+--------+--------+--------+
|   Total   |    0   |   279  |   130  |
+-----------+--------+--------+--------+
