

================================================================
== Vitis HLS Report for 'pippenger_control_Pipeline_VITIS_LOOP_500_1_VITIS_LOOP_502_2'
================================================================
* Date:           Wed Apr 23 14:48:32 2025

* Version:        2024.2 (Build 5238294 on Nov  8 2024)
* Project:        msm_2
* Solution:       solution1 (Vivado IP Flow Target)
* Product family: zynquplus
* Target device:  xczu7ev-ffvc1156-2-e


================================================================
== Performance Estimates
================================================================
+ Timing: 
    * Summary: 
    +--------+---------+----------+------------+
    |  Clock |  Target | Estimated| Uncertainty|
    +--------+---------+----------+------------+
    |ap_clk  |  4.00 ns|  2.876 ns|     1.08 ns|
    +--------+---------+----------+------------+

+ Latency: 
    * Summary: 
    +---------+---------+----------+----------+-------+-------+------------------------------------------------+
    |  Latency (cycles) |  Latency (absolute) |    Interval   |                    Pipeline                    |
    |   min   |   max   |    min   |    max   |  min  |  max  |                      Type                      |
    +---------+---------+----------+----------+-------+-------+------------------------------------------------+
    |    26626|    26626|  0.107 ms|  0.107 ms|  26625|  26625|  loop auto-rewind stp (delay=0 clock cycles(s))|
    +---------+---------+----------+----------+-------+-------+------------------------------------------------+

    + Detail: 
        * Instance: 
        N/A

        * Loop: 
        +-------------------------------------+---------+---------+----------+-----------+-----------+-------+----------+
        |                                     |  Latency (cycles) | Iteration|  Initiation Interval  |  Trip |          |
        |              Loop Name              |   min   |   max   |  Latency |  achieved |   target  | Count | Pipelined|
        +-------------------------------------+---------+---------+----------+-----------+-----------+-------+----------+
        |- VITIS_LOOP_500_1_VITIS_LOOP_502_2  |    26624|    26624|         1|          1|          1|  26624|       yes|
        +-------------------------------------+---------+---------+----------+-----------+-----------+-------+----------+

============================================================
+ Verbose Summary: Synthesis Manager
============================================================
InlineROM: 1
ExposeGlobal: 0
============================================================
+ Verbose Summary: CDFG Model
============================================================
IsTopModel: 0
ResetActiveHigh: 1
IsCombinational: 0
IsDatapathOnly: 0
HasWiredReturn: 1
HasMFsm: 2
HasVarLatency: 1
IsPipeline: 0
IsRtlPipelined: 0
IsInstanceOverlapped: 0
IsDontTouch: 0
HasImplIP: 0
IsGatedGlobalClock: 0

+ Individual pipeline summary: 
  * Pipeline-0: initiation interval (II) = 1, depth = 1


============================================================
+ Verbose Summary: Schedule
============================================================
* Number of FSM states : 1
* Pipeline : 1
  Pipeline-0 : II = 1, D = 1, States = { 1 }
* Dataflow Pipeline: 0

* FSM state transitions: 
1 --> 

* FSM state operations: 

State 1 <SV = 0> <Delay = 2.87>
ST_1 : Operation 4 [1/1] (0.00ns)   --->   "%j = alloca i32 1" [../src/msm.cpp:502->../src/msm.cpp:609]   --->   Operation 4 'alloca' 'j' <Predicate = true> <Delay = 0.00>
ST_1 : Operation 5 [1/1] (0.00ns)   --->   "%i = alloca i32 1" [../src/msm.cpp:500->../src/msm.cpp:609]   --->   Operation 5 'alloca' 'i' <Predicate = true> <Delay = 0.00>
ST_1 : Operation 6 [1/1] (0.00ns)   --->   "%indvar_flatten = alloca i32 1"   --->   Operation 6 'alloca' 'indvar_flatten' <Predicate = true> <Delay = 0.00>
ST_1 : Operation 7 [1/1] (0.00ns)   --->   "%specmemcore_ln0 = specmemcore void @_ssdm_op_SpecMemCore, i256 %buckets_t, i64 666, i64 30, i64 18446744073709551615"   --->   Operation 7 'specmemcore' 'specmemcore_ln0' <Predicate = true> <Delay = 0.00>
ST_1 : Operation 8 [1/1] (0.00ns)   --->   "%specmemcore_ln0 = specmemcore void @_ssdm_op_SpecMemCore, i256 %buckets_t_1, i64 666, i64 30, i64 18446744073709551615"   --->   Operation 8 'specmemcore' 'specmemcore_ln0' <Predicate = true> <Delay = 0.00>
ST_1 : Operation 9 [1/1] (0.00ns)   --->   "%specmemcore_ln0 = specmemcore void @_ssdm_op_SpecMemCore, i256 %buckets_z, i64 666, i64 30, i64 18446744073709551615"   --->   Operation 9 'specmemcore' 'specmemcore_ln0' <Predicate = true> <Delay = 0.00>
ST_1 : Operation 10 [1/1] (0.00ns)   --->   "%specmemcore_ln0 = specmemcore void @_ssdm_op_SpecMemCore, i256 %buckets_z_1, i64 666, i64 30, i64 18446744073709551615"   --->   Operation 10 'specmemcore' 'specmemcore_ln0' <Predicate = true> <Delay = 0.00>
ST_1 : Operation 11 [1/1] (0.00ns)   --->   "%specmemcore_ln0 = specmemcore void @_ssdm_op_SpecMemCore, i256 %buckets_y, i64 666, i64 30, i64 18446744073709551615"   --->   Operation 11 'specmemcore' 'specmemcore_ln0' <Predicate = true> <Delay = 0.00>
ST_1 : Operation 12 [1/1] (0.00ns)   --->   "%specmemcore_ln0 = specmemcore void @_ssdm_op_SpecMemCore, i256 %buckets_y_1, i64 666, i64 30, i64 18446744073709551615"   --->   Operation 12 'specmemcore' 'specmemcore_ln0' <Predicate = true> <Delay = 0.00>
ST_1 : Operation 13 [1/1] (0.00ns)   --->   "%specmemcore_ln0 = specmemcore void @_ssdm_op_SpecMemCore, i256 %buckets_x, i64 666, i64 30, i64 18446744073709551615"   --->   Operation 13 'specmemcore' 'specmemcore_ln0' <Predicate = true> <Delay = 0.00>
ST_1 : Operation 14 [1/1] (0.00ns)   --->   "%specmemcore_ln0 = specmemcore void @_ssdm_op_SpecMemCore, i256 %buckets_x_1, i64 666, i64 30, i64 18446744073709551615"   --->   Operation 14 'specmemcore' 'specmemcore_ln0' <Predicate = true> <Delay = 0.00>
ST_1 : Operation 15 [1/1] (0.42ns)   --->   "%store_ln0 = store i15 0, i15 %indvar_flatten"   --->   Operation 15 'store' 'store_ln0' <Predicate = true> <Delay = 0.42>
ST_1 : Operation 16 [1/1] (0.42ns)   --->   "%store_ln500 = store i5 0, i5 %i" [../src/msm.cpp:500->../src/msm.cpp:609]   --->   Operation 16 'store' 'store_ln500' <Predicate = true> <Delay = 0.42>
ST_1 : Operation 17 [1/1] (0.42ns)   --->   "%store_ln502 = store i11 0, i11 %j" [../src/msm.cpp:502->../src/msm.cpp:609]   --->   Operation 17 'store' 'store_ln502' <Predicate = true> <Delay = 0.42>
ST_1 : Operation 18 [1/1] (0.00ns)   --->   "%br_ln0 = br void %for.inc.i"   --->   Operation 18 'br' 'br_ln0' <Predicate = true> <Delay = 0.00>
ST_1 : Operation 19 [1/1] (0.00ns)   --->   "%indvar_flatten_load = load i15 %indvar_flatten" [../src/msm.cpp:500->../src/msm.cpp:609]   --->   Operation 19 'load' 'indvar_flatten_load' <Predicate = true> <Delay = 0.00>
ST_1 : Operation 20 [1/1] (0.84ns)   --->   "%icmp_ln500 = icmp_eq  i15 %indvar_flatten_load, i15 26624" [../src/msm.cpp:500->../src/msm.cpp:609]   --->   Operation 20 'icmp' 'icmp_ln500' <Predicate = true> <Delay = 0.84> <CoreInst = "Cmp">   --->   Core 9 'Cmp' <Latency = 0> <II = 1> <Delay = 0.84> <FuncUnit> <Opcode : 'seteq' 'setne' 'setle' 'setge' 'setlt' 'setgt'> <InPorts = 2> <OutPorts = 1>
ST_1 : Operation 21 [1/1] (0.84ns)   --->   "%add_ln500_1 = add i15 %indvar_flatten_load, i15 1" [../src/msm.cpp:500->../src/msm.cpp:609]   --->   Operation 21 'add' 'add_ln500_1' <Predicate = true> <Delay = 0.84> <CoreInst = "Adder">   --->   Core 1 'Adder' <Latency = 0> <II = 1> <Delay = 0.84> <FuncUnit> <Opcode : 'add' 'sub'> <InPorts = 2> <OutPorts = 1>
ST_1 : Operation 22 [1/1] (0.00ns)   --->   "%br_ln500 = br i1 %icmp_ln500, void %for.inc7.i, void %PUT_INTO_BUCKETS_LOOP.i.preheader.exitStub" [../src/msm.cpp:500->../src/msm.cpp:609]   --->   Operation 22 'br' 'br_ln500' <Predicate = true> <Delay = 0.00>
ST_1 : Operation 23 [1/1] (0.00ns)   --->   "%j_load = load i11 %j" [../src/msm.cpp:502->../src/msm.cpp:609]   --->   Operation 23 'load' 'j_load' <Predicate = (!icmp_ln500)> <Delay = 0.00>
ST_1 : Operation 24 [1/1] (0.00ns)   --->   "%i_load = load i5 %i" [../src/msm.cpp:500->../src/msm.cpp:609]   --->   Operation 24 'load' 'i_load' <Predicate = (!icmp_ln500)> <Delay = 0.00>
ST_1 : Operation 25 [1/1] (0.78ns)   --->   "%add_ln500 = add i5 %i_load, i5 1" [../src/msm.cpp:500->../src/msm.cpp:609]   --->   Operation 25 'add' 'add_ln500' <Predicate = (!icmp_ln500)> <Delay = 0.78> <CoreInst = "Adder">   --->   Core 1 'Adder' <Latency = 0> <II = 1> <Delay = 0.78> <FuncUnit> <Opcode : 'add' 'sub'> <InPorts = 2> <OutPorts = 1>
ST_1 : Operation 26 [1/1] (0.00ns)   --->   "%specloopname_ln0 = specloopname void @_ssdm_op_SpecLoopName, void @VITIS_LOOP_500_1_VITIS_LOOP_502_2_str"   --->   Operation 26 'specloopname' 'specloopname_ln0' <Predicate = (!icmp_ln500)> <Delay = 0.00>
ST_1 : Operation 27 [1/1] (0.00ns)   --->   "%speclooptripcount_ln0 = speclooptripcount void @_ssdm_op_SpecLoopTripCount, i64 26624, i64 26624, i64 26624"   --->   Operation 27 'speclooptripcount' 'speclooptripcount_ln0' <Predicate = (!icmp_ln500)> <Delay = 0.00>
ST_1 : Operation 28 [1/1] (0.79ns)   --->   "%icmp_ln502 = icmp_eq  i11 %j_load, i11 1024" [../src/msm.cpp:502->../src/msm.cpp:609]   --->   Operation 28 'icmp' 'icmp_ln502' <Predicate = (!icmp_ln500)> <Delay = 0.79> <CoreInst = "Cmp">   --->   Core 9 'Cmp' <Latency = 0> <II = 1> <Delay = 0.79> <FuncUnit> <Opcode : 'seteq' 'setne' 'setle' 'setge' 'setlt' 'setgt'> <InPorts = 2> <OutPorts = 1>
ST_1 : Operation 29 [1/1] (0.38ns)   --->   "%select_ln500 = select i1 %icmp_ln502, i11 0, i11 %j_load" [../src/msm.cpp:500->../src/msm.cpp:609]   --->   Operation 29 'select' 'select_ln500' <Predicate = (!icmp_ln500)> <Delay = 0.38> <CoreInst = "Sel">   --->   Core 73 'Sel' <Latency = 0> <II = 1> <Delay = 0.38> <FuncUnit> <Opcode : 'select'> <InPorts = 3> <OutPorts = 1>
ST_1 : Operation 30 [1/1] (0.41ns)   --->   "%select_ln500_1 = select i1 %icmp_ln502, i5 %add_ln500, i5 %i_load" [../src/msm.cpp:500->../src/msm.cpp:609]   --->   Operation 30 'select' 'select_ln500_1' <Predicate = (!icmp_ln500)> <Delay = 0.41> <CoreInst = "Sel">   --->   Core 73 'Sel' <Latency = 0> <II = 1> <Delay = 0.41> <FuncUnit> <Opcode : 'select'> <InPorts = 3> <OutPorts = 1>
ST_1 : Operation 31 [1/1] (0.00ns)   --->   "%trunc_ln502 = trunc i11 %select_ln500" [../src/msm.cpp:502->../src/msm.cpp:609]   --->   Operation 31 'trunc' 'trunc_ln502' <Predicate = (!icmp_ln500)> <Delay = 0.00>
ST_1 : Operation 32 [1/1] (0.00ns)   --->   "%specpipeline_ln502 = specpipeline void @_ssdm_op_SpecPipeline, i32 4294967295, i32 0, i32 0, i32 0, void @empty" [../src/msm.cpp:502->../src/msm.cpp:609]   --->   Operation 32 'specpipeline' 'specpipeline_ln502' <Predicate = (!icmp_ln500)> <Delay = 0.00>
ST_1 : Operation 33 [1/1] (0.00ns)   --->   "%lshr_ln = partselect i9 @_ssdm_op_PartSelect.i9.i11.i32.i32, i11 %select_ln500, i32 1, i32 9" [../src/msm.cpp:502->../src/msm.cpp:609]   --->   Operation 33 'partselect' 'lshr_ln' <Predicate = (!icmp_ln500)> <Delay = 0.00>
ST_1 : Operation 34 [1/1] (0.00ns)   --->   "%tmp_1 = bitconcatenate i14 @_ssdm_op_BitConcatenate.i14.i5.i9, i5 %select_ln500_1, i9 %lshr_ln" [../src/msm.cpp:504->../src/msm.cpp:609]   --->   Operation 34 'bitconcatenate' 'tmp_1' <Predicate = (!icmp_ln500)> <Delay = 0.00>
ST_1 : Operation 35 [1/1] (0.00ns)   --->   "%zext_ln504 = zext i14 %tmp_1" [../src/msm.cpp:504->../src/msm.cpp:609]   --->   Operation 35 'zext' 'zext_ln504' <Predicate = (!icmp_ln500)> <Delay = 0.00>
ST_1 : Operation 36 [1/1] (0.00ns)   --->   "%buckets_x_addr_1 = getelementptr i256 %buckets_x, i64 0, i64 %zext_ln504" [../src/msm.cpp:504->../src/msm.cpp:609]   --->   Operation 36 'getelementptr' 'buckets_x_addr_1' <Predicate = (!icmp_ln500)> <Delay = 0.00>
ST_1 : Operation 37 [1/1] (0.00ns)   --->   "%buckets_x_1_addr_1 = getelementptr i256 %buckets_x_1, i64 0, i64 %zext_ln504" [../src/msm.cpp:504->../src/msm.cpp:609]   --->   Operation 37 'getelementptr' 'buckets_x_1_addr_1' <Predicate = (!icmp_ln500)> <Delay = 0.00>
ST_1 : Operation 38 [1/1] (0.00ns)   --->   "%buckets_y_addr_1 = getelementptr i256 %buckets_y, i64 0, i64 %zext_ln504" [../src/msm.cpp:504->../src/msm.cpp:609]   --->   Operation 38 'getelementptr' 'buckets_y_addr_1' <Predicate = (!icmp_ln500)> <Delay = 0.00>
ST_1 : Operation 39 [1/1] (0.00ns)   --->   "%buckets_y_1_addr_1 = getelementptr i256 %buckets_y_1, i64 0, i64 %zext_ln504" [../src/msm.cpp:504->../src/msm.cpp:609]   --->   Operation 39 'getelementptr' 'buckets_y_1_addr_1' <Predicate = (!icmp_ln500)> <Delay = 0.00>
ST_1 : Operation 40 [1/1] (0.00ns)   --->   "%buckets_z_addr_1 = getelementptr i256 %buckets_z, i64 0, i64 %zext_ln504" [../src/msm.cpp:504->../src/msm.cpp:609]   --->   Operation 40 'getelementptr' 'buckets_z_addr_1' <Predicate = (!icmp_ln500)> <Delay = 0.00>
ST_1 : Operation 41 [1/1] (0.00ns)   --->   "%buckets_z_1_addr_1 = getelementptr i256 %buckets_z_1, i64 0, i64 %zext_ln504" [../src/msm.cpp:504->../src/msm.cpp:609]   --->   Operation 41 'getelementptr' 'buckets_z_1_addr_1' <Predicate = (!icmp_ln500)> <Delay = 0.00>
ST_1 : Operation 42 [1/1] (0.00ns)   --->   "%buckets_t_addr_1 = getelementptr i256 %buckets_t, i64 0, i64 %zext_ln504" [../src/msm.cpp:504->../src/msm.cpp:609]   --->   Operation 42 'getelementptr' 'buckets_t_addr_1' <Predicate = (!icmp_ln500)> <Delay = 0.00>
ST_1 : Operation 43 [1/1] (0.00ns)   --->   "%buckets_t_1_addr_1 = getelementptr i256 %buckets_t_1, i64 0, i64 %zext_ln504" [../src/msm.cpp:504->../src/msm.cpp:609]   --->   Operation 43 'getelementptr' 'buckets_t_1_addr_1' <Predicate = (!icmp_ln500)> <Delay = 0.00>
ST_1 : Operation 44 [1/1] (0.00ns)   --->   "%br_ln504 = br i1 %trunc_ln502, void %arrayidx61.3.i20.case.0, void %arrayidx61.3.i20.case.1" [../src/msm.cpp:504->../src/msm.cpp:609]   --->   Operation 44 'br' 'br_ln504' <Predicate = (!icmp_ln500)> <Delay = 0.00>
ST_1 : Operation 45 [1/1] ( I:1.23ns O:1.23ns )   --->   "%store_ln504 = store i256 0, i14 %buckets_x_addr_1" [../src/msm.cpp:504->../src/msm.cpp:609]   --->   Operation 45 'store' 'store_ln504' <Predicate = (!icmp_ln500 & !trunc_ln502)> <Delay = 1.23> <CoreInst = "RAM_T2P_BRAM">   --->   Core 98 'RAM_T2P_BRAM' <Latency = 1> <II = 1> <Delay = 1.23> <Storage> <Opcode : 'load' 'store'> <Ports = 2> <Width = 256> <Depth = 13312> <RAM>
ST_1 : Operation 46 [1/1] ( I:1.23ns O:1.23ns )   --->   "%store_ln504 = store i256 1, i14 %buckets_y_addr_1" [../src/msm.cpp:504->../src/msm.cpp:609]   --->   Operation 46 'store' 'store_ln504' <Predicate = (!icmp_ln500 & !trunc_ln502)> <Delay = 1.23> <CoreInst = "RAM_T2P_BRAM">   --->   Core 98 'RAM_T2P_BRAM' <Latency = 1> <II = 1> <Delay = 1.23> <Storage> <Opcode : 'load' 'store'> <Ports = 2> <Width = 256> <Depth = 13312> <RAM>
ST_1 : Operation 47 [1/1] ( I:1.23ns O:1.23ns )   --->   "%store_ln504 = store i256 1, i14 %buckets_z_addr_1" [../src/msm.cpp:504->../src/msm.cpp:609]   --->   Operation 47 'store' 'store_ln504' <Predicate = (!icmp_ln500 & !trunc_ln502)> <Delay = 1.23> <CoreInst = "RAM_T2P_BRAM">   --->   Core 98 'RAM_T2P_BRAM' <Latency = 1> <II = 1> <Delay = 1.23> <Storage> <Opcode : 'load' 'store'> <Ports = 2> <Width = 256> <Depth = 13312> <RAM>
ST_1 : Operation 48 [1/1] ( I:1.23ns O:1.23ns )   --->   "%store_ln504 = store i256 0, i14 %buckets_t_addr_1" [../src/msm.cpp:504->../src/msm.cpp:609]   --->   Operation 48 'store' 'store_ln504' <Predicate = (!icmp_ln500 & !trunc_ln502)> <Delay = 1.23> <CoreInst = "RAM_T2P_BRAM">   --->   Core 98 'RAM_T2P_BRAM' <Latency = 1> <II = 1> <Delay = 1.23> <Storage> <Opcode : 'load' 'store'> <Ports = 2> <Width = 256> <Depth = 13312> <RAM>
ST_1 : Operation 49 [1/1] (0.00ns)   --->   "%br_ln504 = br void %arrayidx61.3.i20.exit" [../src/msm.cpp:504->../src/msm.cpp:609]   --->   Operation 49 'br' 'br_ln504' <Predicate = (!icmp_ln500 & !trunc_ln502)> <Delay = 0.00>
ST_1 : Operation 50 [1/1] ( I:1.23ns O:1.23ns )   --->   "%store_ln504 = store i256 0, i14 %buckets_x_1_addr_1" [../src/msm.cpp:504->../src/msm.cpp:609]   --->   Operation 50 'store' 'store_ln504' <Predicate = (!icmp_ln500 & trunc_ln502)> <Delay = 1.23> <CoreInst = "RAM_T2P_BRAM">   --->   Core 98 'RAM_T2P_BRAM' <Latency = 1> <II = 1> <Delay = 1.23> <Storage> <Opcode : 'load' 'store'> <Ports = 2> <Width = 256> <Depth = 13312> <RAM>
ST_1 : Operation 51 [1/1] ( I:1.23ns O:1.23ns )   --->   "%store_ln504 = store i256 1, i14 %buckets_y_1_addr_1" [../src/msm.cpp:504->../src/msm.cpp:609]   --->   Operation 51 'store' 'store_ln504' <Predicate = (!icmp_ln500 & trunc_ln502)> <Delay = 1.23> <CoreInst = "RAM_T2P_BRAM">   --->   Core 98 'RAM_T2P_BRAM' <Latency = 1> <II = 1> <Delay = 1.23> <Storage> <Opcode : 'load' 'store'> <Ports = 2> <Width = 256> <Depth = 13312> <RAM>
ST_1 : Operation 52 [1/1] ( I:1.23ns O:1.23ns )   --->   "%store_ln504 = store i256 1, i14 %buckets_z_1_addr_1" [../src/msm.cpp:504->../src/msm.cpp:609]   --->   Operation 52 'store' 'store_ln504' <Predicate = (!icmp_ln500 & trunc_ln502)> <Delay = 1.23> <CoreInst = "RAM_T2P_BRAM">   --->   Core 98 'RAM_T2P_BRAM' <Latency = 1> <II = 1> <Delay = 1.23> <Storage> <Opcode : 'load' 'store'> <Ports = 2> <Width = 256> <Depth = 13312> <RAM>
ST_1 : Operation 53 [1/1] ( I:1.23ns O:1.23ns )   --->   "%store_ln504 = store i256 0, i14 %buckets_t_1_addr_1" [../src/msm.cpp:504->../src/msm.cpp:609]   --->   Operation 53 'store' 'store_ln504' <Predicate = (!icmp_ln500 & trunc_ln502)> <Delay = 1.23> <CoreInst = "RAM_T2P_BRAM">   --->   Core 98 'RAM_T2P_BRAM' <Latency = 1> <II = 1> <Delay = 1.23> <Storage> <Opcode : 'load' 'store'> <Ports = 2> <Width = 256> <Depth = 13312> <RAM>
ST_1 : Operation 54 [1/1] (0.00ns)   --->   "%br_ln504 = br void %arrayidx61.3.i20.exit" [../src/msm.cpp:504->../src/msm.cpp:609]   --->   Operation 54 'br' 'br_ln504' <Predicate = (!icmp_ln500 & trunc_ln502)> <Delay = 0.00>
ST_1 : Operation 55 [1/1] (0.79ns)   --->   "%add_ln502 = add i11 %select_ln500, i11 1" [../src/msm.cpp:502->../src/msm.cpp:609]   --->   Operation 55 'add' 'add_ln502' <Predicate = (!icmp_ln500)> <Delay = 0.79> <CoreInst = "Adder">   --->   Core 1 'Adder' <Latency = 0> <II = 1> <Delay = 0.79> <FuncUnit> <Opcode : 'add' 'sub'> <InPorts = 2> <OutPorts = 1>
ST_1 : Operation 56 [1/1] (0.42ns)   --->   "%store_ln500 = store i15 %add_ln500_1, i15 %indvar_flatten" [../src/msm.cpp:500->../src/msm.cpp:609]   --->   Operation 56 'store' 'store_ln500' <Predicate = (!icmp_ln500)> <Delay = 0.42>
ST_1 : Operation 57 [1/1] (0.42ns)   --->   "%store_ln500 = store i5 %select_ln500_1, i5 %i" [../src/msm.cpp:500->../src/msm.cpp:609]   --->   Operation 57 'store' 'store_ln500' <Predicate = (!icmp_ln500)> <Delay = 0.42>
ST_1 : Operation 58 [1/1] (0.42ns)   --->   "%store_ln502 = store i11 %add_ln502, i11 %j" [../src/msm.cpp:502->../src/msm.cpp:609]   --->   Operation 58 'store' 'store_ln502' <Predicate = (!icmp_ln500)> <Delay = 0.42>
ST_1 : Operation 59 [1/1] (0.00ns)   --->   "%br_ln502 = br void %for.inc.i" [../src/msm.cpp:502->../src/msm.cpp:609]   --->   Operation 59 'br' 'br_ln502' <Predicate = (!icmp_ln500)> <Delay = 0.00>
ST_1 : Operation 60 [1/1] (0.42ns)   --->   "%ret_ln0 = ret"   --->   Operation 60 'ret' 'ret_ln0' <Predicate = (icmp_ln500)> <Delay = 0.42>


============================================================
+ Verbose Summary: Timing violations
============================================================
Target clock period: 4.000ns, clock uncertainty: 1.080ns.

 <State 1>: 2.876ns
The critical path consists of the following:
	'store' operation 0 bit ('store_ln502', ../src/msm.cpp:502->../src/msm.cpp:609) of constant 0 on local variable 'j', ../src/msm.cpp:502->../src/msm.cpp:609 [22]  (0.427 ns)
	'load' operation 11 bit ('j_load', ../src/msm.cpp:502->../src/msm.cpp:609) on local variable 'j', ../src/msm.cpp:502->../src/msm.cpp:609 [30]  (0.000 ns)
	'icmp' operation 1 bit ('icmp_ln502', ../src/msm.cpp:502->../src/msm.cpp:609) [35]  (0.798 ns)
	'select' operation 5 bit ('select_ln500_1', ../src/msm.cpp:500->../src/msm.cpp:609) [37]  (0.414 ns)
	'getelementptr' operation 14 bit ('buckets_x_addr_1', ../src/msm.cpp:504->../src/msm.cpp:609) [43]  (0.000 ns)
	'store' operation 0 bit ('store_ln504', ../src/msm.cpp:504->../src/msm.cpp:609) of constant 0 on array 'buckets_x' [53]  (1.237 ns)


============================================================
+ Verbose Summary: Binding
============================================================
N/A
* FSMD analyzer results:
  - Output states:
 - Input state : 
  - Chain level:
	State 1


============================================================
+ Verbose Summary: Datapath Resource usage 
============================================================
N/A
