

================================================================
== Vitis HLS Report for 'pippenger_control_Pipeline_VITIS_LOOP_476_1'
================================================================
* Date:           Wed Apr 23 16:43:43 2025

* Version:        2024.2 (Build 5238294 on Nov  8 2024)
* Project:        msm_2
* Solution:       solution1 (Vivado IP Flow Target)
* Product family: zynquplus
* Target device:  xczu7ev-ffvc1156-2-e


================================================================
== Performance Estimates
================================================================
+ Timing: 
    * Summary: 
    +--------+---------+----------+------------+
    |  Clock |  Target | Estimated| Uncertainty|
    +--------+---------+----------+------------+
    |ap_clk  |  4.00 ns|  1.643 ns|     1.08 ns|
    +--------+---------+----------+------------+

+ Latency: 
    * Summary: 
    +---------+---------+----------+----------+-----+-----+------------------------------------------------+
    |  Latency (cycles) |  Latency (absolute) |  Interval |                    Pipeline                    |
    |   min   |   max   |    min   |    max   | min | max |                      Type                      |
    +---------+---------+----------+----------+-----+-----+------------------------------------------------+
    |       28|       28|  0.112 us|  0.112 us|   27|   27|  loop auto-rewind stp (delay=0 clock cycles(s))|
    +---------+---------+----------+----------+-----+-----+------------------------------------------------+

    + Detail: 
        * Instance: 
        N/A

        * Loop: 
        +--------------------+---------+---------+----------+-----------+-----------+------+----------+
        |                    |  Latency (cycles) | Iteration|  Initiation Interval  | Trip |          |
        |      Loop Name     |   min   |   max   |  Latency |  achieved |   target  | Count| Pipelined|
        +--------------------+---------+---------+----------+-----------+-----------+------+----------+
        |- VITIS_LOOP_476_1  |       26|       26|         2|          1|          1|    26|       yes|
        +--------------------+---------+---------+----------+-----------+-----------+------+----------+

============================================================
+ Verbose Summary: Synthesis Manager
============================================================
InlineROM: 1
ExposeGlobal: 0
============================================================
+ Verbose Summary: CDFG Model
============================================================
IsTopModel: 0
ResetActiveHigh: 1
IsCombinational: 0
IsDatapathOnly: 0
HasWiredReturn: 1
HasMFsm: 2
HasVarLatency: 1
IsPipeline: 0
IsRtlPipelined: 0
IsInstanceOverlapped: 0
IsDontTouch: 0
HasImplIP: 0
IsGatedGlobalClock: 0

+ Individual pipeline summary: 
  * Pipeline-0: initiation interval (II) = 1, depth = 2


============================================================
+ Verbose Summary: Schedule
============================================================
* Number of FSM states : 2
* Pipeline : 1
  Pipeline-0 : II = 1, D = 2, States = { 1 2 }
* Dataflow Pipeline: 0

* FSM state transitions: 
1 --> 2 
2 --> 

* FSM state operations: 

State 1 <SV = 0> <Delay = 1.64>
ST_1 : Operation 5 [1/1] (0.00ns)   --->   "%scalar_1 = alloca i32 1" [../src/msm.cpp:474->../src/msm.cpp:555->../src/msm.cpp:609]   --->   Operation 5 'alloca' 'scalar_1' <Predicate = true> <Delay = 0.00>
ST_1 : Operation 6 [1/1] (0.00ns)   --->   "%i = alloca i32 1" [../src/msm.cpp:476->../src/msm.cpp:555->../src/msm.cpp:609]   --->   Operation 6 'alloca' 'i' <Predicate = true> <Delay = 0.00>
ST_1 : Operation 7 [1/1] (0.00ns)   --->   "%specinterface_ln0 = specinterface void @_ssdm_op_SpecInterface, i32 %scalar_partition_stream, void @empty_0, i32 0, i32 0, void @empty, i32 0, i32 0, void @empty, void @empty, void @empty, i32 0, i32 0, i32 0, i32 0, void @empty, void @empty, i32 4294967295, i32 0, i32 0"   --->   Operation 7 'specinterface' 'specinterface_ln0' <Predicate = true> <Delay = 0.00>
ST_1 : Operation 8 [1/1] (0.00ns)   --->   "%scalar_read = read i256 @_ssdm_op_Read.ap_auto.i256, i256 %scalar"   --->   Operation 8 'read' 'scalar_read' <Predicate = true> <Delay = 0.00>
ST_1 : Operation 9 [1/1] (0.42ns)   --->   "%store_ln476 = store i5 0, i5 %i" [../src/msm.cpp:476->../src/msm.cpp:555->../src/msm.cpp:609]   --->   Operation 9 'store' 'store_ln476' <Predicate = true> <Delay = 0.42>
ST_1 : Operation 10 [1/1] (0.42ns)   --->   "%store_ln474 = store i256 %scalar_read, i256 %scalar_1" [../src/msm.cpp:474->../src/msm.cpp:555->../src/msm.cpp:609]   --->   Operation 10 'store' 'store_ln474' <Predicate = true> <Delay = 0.42>
ST_1 : Operation 11 [1/1] (0.00ns)   --->   "%br_ln0 = br void %for.inc.i.i"   --->   Operation 11 'br' 'br_ln0' <Predicate = true> <Delay = 0.00>
ST_1 : Operation 12 [1/1] (0.00ns)   --->   "%i_1 = load i5 %i" [../src/msm.cpp:476->../src/msm.cpp:555->../src/msm.cpp:609]   --->   Operation 12 'load' 'i_1' <Predicate = true> <Delay = 0.00>
ST_1 : Operation 13 [1/1] (0.78ns)   --->   "%icmp_ln476 = icmp_eq  i5 %i_1, i5 26" [../src/msm.cpp:476->../src/msm.cpp:555->../src/msm.cpp:609]   --->   Operation 13 'icmp' 'icmp_ln476' <Predicate = true> <Delay = 0.78> <CoreInst = "Cmp">   --->   Core 9 'Cmp' <Latency = 0> <II = 1> <Delay = 0.78> <FuncUnit> <Opcode : 'seteq' 'setne' 'setle' 'setge' 'setlt' 'setgt'> <InPorts = 2> <OutPorts = 1>
ST_1 : Operation 14 [1/1] (0.78ns)   --->   "%i_2 = add i5 %i_1, i5 1" [../src/msm.cpp:476->../src/msm.cpp:555->../src/msm.cpp:609]   --->   Operation 14 'add' 'i_2' <Predicate = true> <Delay = 0.78> <CoreInst = "Adder">   --->   Core 1 'Adder' <Latency = 0> <II = 1> <Delay = 0.78> <FuncUnit> <Opcode : 'add' 'sub'> <InPorts = 2> <OutPorts = 1>
ST_1 : Operation 15 [1/1] (0.00ns)   --->   "%br_ln476 = br i1 %icmp_ln476, void %for.inc.i.i.split, void %for.inc.i4.preheader.exitStub" [../src/msm.cpp:476->../src/msm.cpp:555->../src/msm.cpp:609]   --->   Operation 15 'br' 'br_ln476' <Predicate = true> <Delay = 0.00>
ST_1 : Operation 16 [1/1] (0.42ns)   --->   "%store_ln476 = store i5 %i_2, i5 %i" [../src/msm.cpp:476->../src/msm.cpp:555->../src/msm.cpp:609]   --->   Operation 16 'store' 'store_ln476' <Predicate = (!icmp_ln476)> <Delay = 0.42>
ST_1 : Operation 28 [1/1] (0.42ns)   --->   "%ret_ln0 = ret"   --->   Operation 28 'ret' 'ret_ln0' <Predicate = (icmp_ln476)> <Delay = 0.42>

State 2 <SV = 1> <Delay = 1.46>
ST_2 : Operation 17 [1/1] (0.00ns)   --->   "%scalar_1_load = load i256 %scalar_1" [../src/msm.cpp:480->../src/msm.cpp:555->../src/msm.cpp:609]   --->   Operation 17 'load' 'scalar_1_load' <Predicate = true> <Delay = 0.00>
ST_2 : Operation 18 [1/1] (0.00ns)   --->   "%specpipeline_ln479 = specpipeline void @_ssdm_op_SpecPipeline, i32 1, i32 0, i32 0, i32 0, void @empty" [../src/msm.cpp:479->../src/msm.cpp:555->../src/msm.cpp:609]   --->   Operation 18 'specpipeline' 'specpipeline_ln479' <Predicate = true> <Delay = 0.00>
ST_2 : Operation 19 [1/1] (0.00ns)   --->   "%speclooptripcount_ln474 = speclooptripcount void @_ssdm_op_SpecLoopTripCount, i64 26, i64 26, i64 26" [../src/msm.cpp:474->../src/msm.cpp:555->../src/msm.cpp:609]   --->   Operation 19 'speclooptripcount' 'speclooptripcount_ln474' <Predicate = true> <Delay = 0.00>
ST_2 : Operation 20 [1/1] (0.00ns)   --->   "%specloopname_ln476 = specloopname void @_ssdm_op_SpecLoopName, void @empty_2" [../src/msm.cpp:476->../src/msm.cpp:555->../src/msm.cpp:609]   --->   Operation 20 'specloopname' 'specloopname_ln476' <Predicate = true> <Delay = 0.00>
ST_2 : Operation 21 [1/1] (0.00ns)   --->   "%scalar_partition = trunc i256 %scalar_1_load" [../src/msm.cpp:480->../src/msm.cpp:555->../src/msm.cpp:609]   --->   Operation 21 'trunc' 'scalar_partition' <Predicate = true> <Delay = 0.00>
ST_2 : Operation 22 [1/1] (0.00ns)   --->   "%zext_ln475 = zext i10 %scalar_partition" [../src/msm.cpp:475->../src/msm.cpp:555->../src/msm.cpp:609]   --->   Operation 22 'zext' 'zext_ln475' <Predicate = true> <Delay = 0.00>
ST_2 : Operation 23 [1/1] ( I:1.46ns O:1.46ns )   --->   "%write_ln481 = write void @_ssdm_op_Write.ap_fifo.volatile.i32P0A, i32 %scalar_partition_stream, i32 %zext_ln475" [../src/msm.cpp:481->../src/msm.cpp:555->../src/msm.cpp:609]   --->   Operation 23 'write' 'write_ln481' <Predicate = true> <Delay = 1.46> <CoreInst = "FIFO_SRL">   --->   Core 80 'FIFO_SRL' <Latency = 0> <II = 1> <Delay = 1.94> <Storage> <Opcode : 'read' 'write' 'nbread' 'nbwrite'> <Ports = 0> <Width = 32> <Depth = 20> <FIFO>
ST_2 : Operation 24 [1/1] (0.00ns)   --->   "%scalar_2 = partselect i246 @_ssdm_op_PartSelect.i246.i256.i32.i32, i256 %scalar_1_load, i32 10, i32 255" [../src/msm.cpp:482->../src/msm.cpp:555->../src/msm.cpp:609]   --->   Operation 24 'partselect' 'scalar_2' <Predicate = true> <Delay = 0.00>
ST_2 : Operation 25 [1/1] (0.00ns)   --->   "%zext_ln482 = zext i246 %scalar_2" [../src/msm.cpp:482->../src/msm.cpp:555->../src/msm.cpp:609]   --->   Operation 25 'zext' 'zext_ln482' <Predicate = true> <Delay = 0.00>
ST_2 : Operation 26 [1/1] (0.42ns)   --->   "%store_ln474 = store i256 %zext_ln482, i256 %scalar_1" [../src/msm.cpp:474->../src/msm.cpp:555->../src/msm.cpp:609]   --->   Operation 26 'store' 'store_ln474' <Predicate = true> <Delay = 0.42>
ST_2 : Operation 27 [1/1] (0.00ns)   --->   "%br_ln476 = br void %for.inc.i.i" [../src/msm.cpp:476->../src/msm.cpp:555->../src/msm.cpp:609]   --->   Operation 27 'br' 'br_ln476' <Predicate = true> <Delay = 0.00>


============================================================
+ Verbose Summary: Timing violations
============================================================
Target clock period: 4.000ns, clock uncertainty: 1.080ns.

 <State 1>: 1.643ns
The critical path consists of the following:
	'store' operation 0 bit ('store_ln476', ../src/msm.cpp:476->../src/msm.cpp:555->../src/msm.cpp:609) of constant 0 on local variable 'i', ../src/msm.cpp:476->../src/msm.cpp:555->../src/msm.cpp:609 [7]  (0.427 ns)
	'load' operation 5 bit ('i', ../src/msm.cpp:476->../src/msm.cpp:555->../src/msm.cpp:609) on local variable 'i', ../src/msm.cpp:476->../src/msm.cpp:555->../src/msm.cpp:609 [11]  (0.000 ns)
	'icmp' operation 1 bit ('icmp_ln476', ../src/msm.cpp:476->../src/msm.cpp:555->../src/msm.cpp:609) [12]  (0.789 ns)
	'store' operation 0 bit ('store_ln476', ../src/msm.cpp:476->../src/msm.cpp:555->../src/msm.cpp:609) of variable 'i', ../src/msm.cpp:476->../src/msm.cpp:555->../src/msm.cpp:609 on local variable 'i', ../src/msm.cpp:476->../src/msm.cpp:555->../src/msm.cpp:609 [25]  (0.427 ns)

 <State 2>: 1.460ns
The critical path consists of the following:
	'load' operation 256 bit ('scalar_1_load', ../src/msm.cpp:480->../src/msm.cpp:555->../src/msm.cpp:609) on local variable 'scalar', ../src/msm.cpp:474->../src/msm.cpp:555->../src/msm.cpp:609 [16]  (0.000 ns)
	fifo write operation ('write_ln481', ../src/msm.cpp:481->../src/msm.cpp:555->../src/msm.cpp:609) on port 'scalar_partition_stream' (../src/msm.cpp:481->../src/msm.cpp:555->../src/msm.cpp:609) [22]  (1.460 ns)


============================================================
+ Verbose Summary: Binding
============================================================
N/A
* FSMD analyzer results:
  - Output states:
 - Input state : 
  - Chain level:
	State 1
	State 2


============================================================
+ Verbose Summary: Datapath Resource usage 
============================================================
N/A
