

================================================================
== Vitis HLS Report for 'pippenger_control_Pipeline_AGGREGATE_AND_OUT_VITIS_LOOP_564_1'
================================================================
* Date:           Wed Apr 23 23:14:00 2025

* Version:        2024.2 (Build 5238294 on Nov  8 2024)
* Project:        msm_2
* Solution:       solution1 (Vivado IP Flow Target)
* Product family: zynquplus
* Target device:  xczu7ev-ffvc1156-2-e


================================================================
== Performance Estimates
================================================================
+ Timing: 
    * Summary: 
    +--------+---------+----------+------------+
    |  Clock |  Target | Estimated| Uncertainty|
    +--------+---------+----------+------------+
    |ap_clk  |  4.00 ns|  2.876 ns|     1.08 ns|
    +--------+---------+----------+------------+

+ Latency: 
    * Summary: 
    +---------+---------+----------+----------+-------+-------+------------------------------------------------+
    |  Latency (cycles) |  Latency (absolute) |    Interval   |                    Pipeline                    |
    |   min   |   max   |    min   |    max   |  min  |  max  |                      Type                      |
    +---------+---------+----------+----------+-------+-------+------------------------------------------------+
    |    26627|    26627|  0.107 ms|  0.107 ms|  26625|  26625|  loop auto-rewind stp (delay=0 clock cycles(s))|
    +---------+---------+----------+----------+-------+-------+------------------------------------------------+

    + Detail: 
        * Instance: 
        N/A

        * Loop: 
        +--------------------------------------+---------+---------+----------+-----------+-----------+-------+----------+
        |                                      |  Latency (cycles) | Iteration|  Initiation Interval  |  Trip |          |
        |               Loop Name              |   min   |   max   |  Latency |  achieved |   target  | Count | Pipelined|
        +--------------------------------------+---------+---------+----------+-----------+-----------+-------+----------+
        |- AGGREGATE_AND_OUT_VITIS_LOOP_564_1  |    26625|    26625|         3|          1|          1|  26624|       yes|
        +--------------------------------------+---------+---------+----------+-----------+-----------+-------+----------+



================================================================
== Utilization Estimates
================================================================
* Summary: 
+-----------------+---------+------+--------+--------+-----+
|       Name      | BRAM_18K|  DSP |   FF   |   LUT  | URAM|
+-----------------+---------+------+--------+--------+-----+
|DSP              |        -|     -|       -|       -|    -|
|Expression       |        -|     -|       0|     944|    -|
|FIFO             |        -|     -|       -|       -|    -|
|Instance         |        -|     -|       -|       -|    -|
|Memory           |        -|     -|       -|       -|    -|
|Multiplexer      |        -|     -|       0|      81|    -|
|Register         |        -|     -|    1091|       -|    -|
+-----------------+---------+------+--------+--------+-----+
|Total            |        0|     0|    1091|    1025|    0|
+-----------------+---------+------+--------+--------+-----+
|Available        |      624|  1728|  460800|  230400|   96|
+-----------------+---------+------+--------+--------+-----+
|Utilization (%)  |        0|     0|      ~0|      ~0|    0|
+-----------------+---------+------+--------+--------+-----+

+ Detail: 
    * Instance: 
    N/A

    * DSP: 
    N/A

    * Memory: 
    N/A

    * FIFO: 
    N/A

    * Expression: 
    +---------------------------------+----------+----+---+-----+------------+------------+
    |          Variable Name          | Operation| DSP| FF| LUT | Bitwidth P0| Bitwidth P1|
    +---------------------------------+----------+----+---+-----+------------+------------+
    |add_ln562_fu_223_p2              |         +|   0|  0|   22|          15|           1|
    |i_4_fu_235_p2                    |         +|   0|  0|   12|           5|           1|
    |j_fu_301_p2                      |         +|   0|  0|   18|          11|           1|
    |ap_block_pp0_stage0_01001_grp1   |       and|   0|  0|    2|           1|           1|
    |icmp_ln562_fu_217_p2             |      icmp|   0|  0|   22|          15|          14|
    |icmp_ln564_fu_241_p2             |      icmp|   0|  0|   19|          11|          12|
    |bucket_result_point_t_fu_343_p3  |    select|   0|  0|  208|           1|         256|
    |bucket_result_point_x_fu_322_p3  |    select|   0|  0|  208|           1|         256|
    |bucket_result_point_y_fu_329_p3  |    select|   0|  0|  208|           1|         256|
    |bucket_result_point_z_fu_336_p3  |    select|   0|  0|  208|           1|         256|
    |select_ln562_1_fu_255_p3         |    select|   0|  0|    5|           1|           5|
    |select_ln562_fu_247_p3           |    select|   0|  0|   10|           1|           1|
    |ap_enable_pp0                    |       xor|   0|  0|    2|           1|           2|
    +---------------------------------+----------+----+---+-----+------------+------------+
    |Total                            |          |   0|  0|  944|          65|        1062|
    +---------------------------------+----------+----+---+-----+------------+------------+

    * Multiplexer: 
    +--------------------------------------+----+-----------+-----+-----------+
    |                 Name                 | LUT| Input Size| Bits| Total Bits|
    +--------------------------------------+----+-----------+-----+-----------+
    |ap_done_int                           |   9|          2|    1|          2|
    |ap_enable_reg_pp0_iter1               |   9|          2|    1|          2|
    |ap_sig_allocacmp_i_load               |   9|          2|    5|         10|
    |ap_sig_allocacmp_indvar_flatten_load  |   9|          2|   15|         30|
    |ap_sig_allocacmp_j_1_load             |   9|          2|   11|         22|
    |i_fu_80                               |   9|          2|    5|         10|
    |indvar_flatten_fu_84                  |   9|          2|   15|         30|
    |j_1_fu_76                             |   9|          2|   11|         22|
    |out_stream_blk_n                      |   9|          2|    1|          2|
    +--------------------------------------+----+-----------+-----+-----------+
    |Total                                 |  81|         18|   65|        130|
    +--------------------------------------+----+-----------+-----+-----------+

    * Register: 
    +--------------------------------------+-----+----+-----+-----------+
    |                 Name                 |  FF | LUT| Bits| Const Bits|
    +--------------------------------------+-----+----+-----+-----------+
    |ap_CS_fsm                             |    1|   0|    1|          0|
    |ap_done_reg                           |    1|   0|    1|          0|
    |ap_enable_reg_pp0_iter1               |    1|   0|    1|          0|
    |ap_enable_reg_pp0_iter2               |    1|   0|    1|          0|
    |ap_loop_exit_ready_pp0_iter1_reg      |    1|   0|    1|          0|
    |bucket_result_point_t_reg_459         |  256|   0|  256|          0|
    |bucket_result_point_x_reg_444         |  256|   0|  256|          0|
    |bucket_result_point_y_reg_449         |  256|   0|  256|          0|
    |bucket_result_point_z_reg_454         |  256|   0|  256|          0|
    |i_fu_80                               |    5|   0|    5|          0|
    |indvar_flatten_fu_84                  |   15|   0|   15|          0|
    |j_1_fu_76                             |   11|   0|   11|          0|
    |select_ln562_1_reg_386                |    5|   0|    5|          0|
    |select_ln562_1_reg_386_pp0_iter1_reg  |    5|   0|    5|          0|
    |trunc_ln564_reg_391                   |    1|   0|    1|          0|
    |trunc_ln571_reg_439                   |   10|   0|   10|          0|
    |trunc_ln571_reg_439_pp0_iter1_reg     |   10|   0|   10|          0|
    +--------------------------------------+-----+----+-----+-----------+
    |Total                                 | 1091|   0| 1091|          0|
    +--------------------------------------+-----+----+-----+-----------+



================================================================
== Interface
================================================================
* Summary: 
+----------------------+-----+------+------------+---------------------------------------------------------------+--------------+
|       RTL Ports      | Dir | Bits |  Protocol  |                         Source Object                         |    C Type    |
+----------------------+-----+------+------------+---------------------------------------------------------------+--------------+
|ap_clk                |   in|     1|  ap_ctrl_hs|  pippenger_control_Pipeline_AGGREGATE_AND_OUT_VITIS_LOOP_564_1|  return value|
|ap_rst                |   in|     1|  ap_ctrl_hs|  pippenger_control_Pipeline_AGGREGATE_AND_OUT_VITIS_LOOP_564_1|  return value|
|ap_start              |   in|     1|  ap_ctrl_hs|  pippenger_control_Pipeline_AGGREGATE_AND_OUT_VITIS_LOOP_564_1|  return value|
|ap_done               |  out|     1|  ap_ctrl_hs|  pippenger_control_Pipeline_AGGREGATE_AND_OUT_VITIS_LOOP_564_1|  return value|
|ap_idle               |  out|     1|  ap_ctrl_hs|  pippenger_control_Pipeline_AGGREGATE_AND_OUT_VITIS_LOOP_564_1|  return value|
|ap_ready              |  out|     1|  ap_ctrl_hs|  pippenger_control_Pipeline_AGGREGATE_AND_OUT_VITIS_LOOP_564_1|  return value|
|out_stream_din        |  out|  1039|     ap_fifo|                                                     out_stream|       pointer|
|out_stream_full_n     |   in|     1|     ap_fifo|                                                     out_stream|       pointer|
|out_stream_write      |  out|     1|     ap_fifo|                                                     out_stream|       pointer|
|buckets_x_address0    |  out|    14|   ap_memory|                                                      buckets_x|         array|
|buckets_x_ce0         |  out|     1|   ap_memory|                                                      buckets_x|         array|
|buckets_x_q0          |   in|   256|   ap_memory|                                                      buckets_x|         array|
|buckets_x_1_address0  |  out|    14|   ap_memory|                                                    buckets_x_1|         array|
|buckets_x_1_ce0       |  out|     1|   ap_memory|                                                    buckets_x_1|         array|
|buckets_x_1_q0        |   in|   256|   ap_memory|                                                    buckets_x_1|         array|
|buckets_y_address0    |  out|    14|   ap_memory|                                                      buckets_y|         array|
|buckets_y_ce0         |  out|     1|   ap_memory|                                                      buckets_y|         array|
|buckets_y_q0          |   in|   256|   ap_memory|                                                      buckets_y|         array|
|buckets_y_1_address0  |  out|    14|   ap_memory|                                                    buckets_y_1|         array|
|buckets_y_1_ce0       |  out|     1|   ap_memory|                                                    buckets_y_1|         array|
|buckets_y_1_q0        |   in|   256|   ap_memory|                                                    buckets_y_1|         array|
|buckets_z_address0    |  out|    14|   ap_memory|                                                      buckets_z|         array|
|buckets_z_ce0         |  out|     1|   ap_memory|                                                      buckets_z|         array|
|buckets_z_q0          |   in|   256|   ap_memory|                                                      buckets_z|         array|
|buckets_z_1_address0  |  out|    14|   ap_memory|                                                    buckets_z_1|         array|
|buckets_z_1_ce0       |  out|     1|   ap_memory|                                                    buckets_z_1|         array|
|buckets_z_1_q0        |   in|   256|   ap_memory|                                                    buckets_z_1|         array|
|buckets_t_address0    |  out|    14|   ap_memory|                                                      buckets_t|         array|
|buckets_t_ce0         |  out|     1|   ap_memory|                                                      buckets_t|         array|
|buckets_t_q0          |   in|   256|   ap_memory|                                                      buckets_t|         array|
|buckets_t_1_address0  |  out|    14|   ap_memory|                                                    buckets_t_1|         array|
|buckets_t_1_ce0       |  out|     1|   ap_memory|                                                    buckets_t_1|         array|
|buckets_t_1_q0        |   in|   256|   ap_memory|                                                    buckets_t_1|         array|
+----------------------+-----+------+------------+---------------------------------------------------------------+--------------+

============================================================
+ Verbose Summary: Synthesis Manager
============================================================
InlineROM: 1
ExposeGlobal: 0
============================================================
+ Verbose Summary: CDFG Model
============================================================
IsTopModel: 0
ResetActiveHigh: 1
IsCombinational: 2
IsDatapathOnly: 2
HasWiredReturn: 1
HasMFsm: 2
HasVarLatency: 1
IsPipeline: 0
IsRtlPipelined: 0
IsInstanceOverlapped: 0
IsDontTouch: 0
HasImplIP: 0
IsGatedGlobalClock: 0

+ Individual pipeline summary: 
  * Pipeline-0: initiation interval (II) = 1, depth = 3


============================================================
+ Verbose Summary: Schedule
============================================================
* Number of FSM states : 3
* Pipeline : 1
  Pipeline-0 : II = 1, D = 3, States = { 1 2 3 }
* Dataflow Pipeline: 0

* FSM state transitions: 
1 --> 2 
2 --> 3 
3 --> 

* FSM state operations: 

State 1 <SV = 0> <Delay = 2.87>
ST_1 : Operation 6 [1/1] (0.00ns)   --->   "%j_1 = alloca i32 1" [../src/msm.cpp:564->../src/msm.cpp:603]   --->   Operation 6 'alloca' 'j_1' <Predicate = true> <Delay = 0.00>
ST_1 : Operation 7 [1/1] (0.00ns)   --->   "%i = alloca i32 1" [../src/msm.cpp:562->../src/msm.cpp:603]   --->   Operation 7 'alloca' 'i' <Predicate = true> <Delay = 0.00>
ST_1 : Operation 8 [1/1] (0.00ns)   --->   "%indvar_flatten = alloca i32 1"   --->   Operation 8 'alloca' 'indvar_flatten' <Predicate = true> <Delay = 0.00>
ST_1 : Operation 9 [1/1] (0.00ns)   --->   "%specmemcore_ln0 = specmemcore void @_ssdm_op_SpecMemCore, i256 %buckets_t, i64 666, i64 31, i64 18446744073709551615"   --->   Operation 9 'specmemcore' 'specmemcore_ln0' <Predicate = true> <Delay = 0.00>
ST_1 : Operation 10 [1/1] (0.00ns)   --->   "%specmemcore_ln0 = specmemcore void @_ssdm_op_SpecMemCore, i256 %buckets_t_1, i64 666, i64 31, i64 18446744073709551615"   --->   Operation 10 'specmemcore' 'specmemcore_ln0' <Predicate = true> <Delay = 0.00>
ST_1 : Operation 11 [1/1] (0.00ns)   --->   "%specmemcore_ln0 = specmemcore void @_ssdm_op_SpecMemCore, i256 %buckets_z, i64 666, i64 31, i64 18446744073709551615"   --->   Operation 11 'specmemcore' 'specmemcore_ln0' <Predicate = true> <Delay = 0.00>
ST_1 : Operation 12 [1/1] (0.00ns)   --->   "%specmemcore_ln0 = specmemcore void @_ssdm_op_SpecMemCore, i256 %buckets_z_1, i64 666, i64 31, i64 18446744073709551615"   --->   Operation 12 'specmemcore' 'specmemcore_ln0' <Predicate = true> <Delay = 0.00>
ST_1 : Operation 13 [1/1] (0.00ns)   --->   "%specmemcore_ln0 = specmemcore void @_ssdm_op_SpecMemCore, i256 %buckets_y, i64 666, i64 31, i64 18446744073709551615"   --->   Operation 13 'specmemcore' 'specmemcore_ln0' <Predicate = true> <Delay = 0.00>
ST_1 : Operation 14 [1/1] (0.00ns)   --->   "%specmemcore_ln0 = specmemcore void @_ssdm_op_SpecMemCore, i256 %buckets_y_1, i64 666, i64 31, i64 18446744073709551615"   --->   Operation 14 'specmemcore' 'specmemcore_ln0' <Predicate = true> <Delay = 0.00>
ST_1 : Operation 15 [1/1] (0.00ns)   --->   "%specmemcore_ln0 = specmemcore void @_ssdm_op_SpecMemCore, i256 %buckets_x, i64 666, i64 31, i64 18446744073709551615"   --->   Operation 15 'specmemcore' 'specmemcore_ln0' <Predicate = true> <Delay = 0.00>
ST_1 : Operation 16 [1/1] (0.00ns)   --->   "%specmemcore_ln0 = specmemcore void @_ssdm_op_SpecMemCore, i256 %buckets_x_1, i64 666, i64 31, i64 18446744073709551615"   --->   Operation 16 'specmemcore' 'specmemcore_ln0' <Predicate = true> <Delay = 0.00>
ST_1 : Operation 17 [1/1] (0.00ns)   --->   "%specinterface_ln0 = specinterface void @_ssdm_op_SpecInterface, i1039 %out_stream, void @empty_0, i32 0, i32 0, void @empty, i32 0, i32 0, void @empty, void @empty, void @empty, i32 0, i32 0, i32 0, i32 0, void @empty, void @empty, i32 4294967295, i32 0, i32 0"   --->   Operation 17 'specinterface' 'specinterface_ln0' <Predicate = true> <Delay = 0.00>
ST_1 : Operation 18 [1/1] (0.42ns)   --->   "%store_ln0 = store i15 0, i15 %indvar_flatten"   --->   Operation 18 'store' 'store_ln0' <Predicate = true> <Delay = 0.42>
ST_1 : Operation 19 [1/1] (0.42ns)   --->   "%store_ln562 = store i5 0, i5 %i" [../src/msm.cpp:562->../src/msm.cpp:603]   --->   Operation 19 'store' 'store_ln562' <Predicate = true> <Delay = 0.42>
ST_1 : Operation 20 [1/1] (0.42ns)   --->   "%store_ln564 = store i11 0, i11 %j_1" [../src/msm.cpp:564->../src/msm.cpp:603]   --->   Operation 20 'store' 'store_ln564' <Predicate = true> <Delay = 0.42>
ST_1 : Operation 21 [1/1] (0.00ns)   --->   "%br_ln0 = br void %for.inc.i4"   --->   Operation 21 'br' 'br_ln0' <Predicate = true> <Delay = 0.00>
ST_1 : Operation 22 [1/1] (0.00ns)   --->   "%indvar_flatten_load = load i15 %indvar_flatten" [../src/msm.cpp:562->../src/msm.cpp:603]   --->   Operation 22 'load' 'indvar_flatten_load' <Predicate = true> <Delay = 0.00>
ST_1 : Operation 23 [1/1] (0.84ns)   --->   "%icmp_ln562 = icmp_eq  i15 %indvar_flatten_load, i15 26624" [../src/msm.cpp:562->../src/msm.cpp:603]   --->   Operation 23 'icmp' 'icmp_ln562' <Predicate = true> <Delay = 0.84> <CoreInst = "Cmp">   --->   Core 9 'Cmp' <Latency = 0> <II = 1> <Delay = 0.84> <FuncUnit> <Opcode : 'seteq' 'setne' 'setle' 'setge' 'setlt' 'setgt'> <InPorts = 2> <OutPorts = 1>
ST_1 : Operation 24 [1/1] (0.84ns)   --->   "%add_ln562 = add i15 %indvar_flatten_load, i15 1" [../src/msm.cpp:562->../src/msm.cpp:603]   --->   Operation 24 'add' 'add_ln562' <Predicate = true> <Delay = 0.84> <CoreInst = "Adder">   --->   Core 1 'Adder' <Latency = 0> <II = 1> <Delay = 0.84> <FuncUnit> <Opcode : 'add' 'sub'> <InPorts = 2> <OutPorts = 1>
ST_1 : Operation 25 [1/1] (0.00ns)   --->   "%br_ln562 = br i1 %icmp_ln562, void %for.inc8.i, void %_Z28aggregate_and_output_resultsPA1024_12EdwardsPointRN3hls6streamI12BucketResultLi0EEE.exit.exitStub" [../src/msm.cpp:562->../src/msm.cpp:603]   --->   Operation 25 'br' 'br_ln562' <Predicate = true> <Delay = 0.00>
ST_1 : Operation 26 [1/1] (0.00ns)   --->   "%j_1_load = load i11 %j_1" [../src/msm.cpp:564->../src/msm.cpp:603]   --->   Operation 26 'load' 'j_1_load' <Predicate = (!icmp_ln562)> <Delay = 0.00>
ST_1 : Operation 27 [1/1] (0.00ns)   --->   "%i_load = load i5 %i" [../src/msm.cpp:562->../src/msm.cpp:603]   --->   Operation 27 'load' 'i_load' <Predicate = (!icmp_ln562)> <Delay = 0.00>
ST_1 : Operation 28 [1/1] (0.78ns)   --->   "%i_4 = add i5 %i_load, i5 1" [../src/msm.cpp:562->../src/msm.cpp:603]   --->   Operation 28 'add' 'i_4' <Predicate = (!icmp_ln562)> <Delay = 0.78> <CoreInst = "Adder">   --->   Core 1 'Adder' <Latency = 0> <II = 1> <Delay = 0.78> <FuncUnit> <Opcode : 'add' 'sub'> <InPorts = 2> <OutPorts = 1>
ST_1 : Operation 29 [1/1] (0.79ns)   --->   "%icmp_ln564 = icmp_eq  i11 %j_1_load, i11 1024" [../src/msm.cpp:564->../src/msm.cpp:603]   --->   Operation 29 'icmp' 'icmp_ln564' <Predicate = (!icmp_ln562)> <Delay = 0.79> <CoreInst = "Cmp">   --->   Core 9 'Cmp' <Latency = 0> <II = 1> <Delay = 0.80> <FuncUnit> <Opcode : 'seteq' 'setne' 'setle' 'setge' 'setlt' 'setgt'> <InPorts = 2> <OutPorts = 1>
ST_1 : Operation 30 [1/1] (0.38ns)   --->   "%select_ln562 = select i1 %icmp_ln564, i11 0, i11 %j_1_load" [../src/msm.cpp:562->../src/msm.cpp:603]   --->   Operation 30 'select' 'select_ln562' <Predicate = (!icmp_ln562)> <Delay = 0.38> <CoreInst = "Sel">   --->   Core 73 'Sel' <Latency = 0> <II = 1> <Delay = 0.38> <FuncUnit> <Opcode : 'select'> <InPorts = 3> <OutPorts = 1>
ST_1 : Operation 31 [1/1] (0.41ns)   --->   "%select_ln562_1 = select i1 %icmp_ln564, i5 %i_4, i5 %i_load" [../src/msm.cpp:562->../src/msm.cpp:603]   --->   Operation 31 'select' 'select_ln562_1' <Predicate = (!icmp_ln562)> <Delay = 0.41> <CoreInst = "Sel">   --->   Core 73 'Sel' <Latency = 0> <II = 1> <Delay = 0.41> <FuncUnit> <Opcode : 'select'> <InPorts = 3> <OutPorts = 1>
ST_1 : Operation 32 [1/1] (0.00ns)   --->   "%trunc_ln564 = trunc i11 %select_ln562" [../src/msm.cpp:564->../src/msm.cpp:603]   --->   Operation 32 'trunc' 'trunc_ln564' <Predicate = (!icmp_ln562)> <Delay = 0.00>
ST_1 : Operation 33 [1/1] (0.00ns)   --->   "%lshr_ln = partselect i9 @_ssdm_op_PartSelect.i9.i11.i32.i32, i11 %select_ln562, i32 1, i32 9" [../src/msm.cpp:564->../src/msm.cpp:603]   --->   Operation 33 'partselect' 'lshr_ln' <Predicate = (!icmp_ln562)> <Delay = 0.00>
ST_1 : Operation 34 [1/1] (0.00ns)   --->   "%tmp_4 = bitconcatenate i14 @_ssdm_op_BitConcatenate.i14.i5.i9, i5 %select_ln562_1, i9 %lshr_ln" [../src/msm.cpp:566->../src/msm.cpp:603]   --->   Operation 34 'bitconcatenate' 'tmp_4' <Predicate = (!icmp_ln562)> <Delay = 0.00>
ST_1 : Operation 35 [1/1] (0.00ns)   --->   "%zext_ln566 = zext i14 %tmp_4" [../src/msm.cpp:566->../src/msm.cpp:603]   --->   Operation 35 'zext' 'zext_ln566' <Predicate = (!icmp_ln562)> <Delay = 0.00>
ST_1 : Operation 36 [1/1] (0.00ns)   --->   "%buckets_x_addr = getelementptr i256 %buckets_x, i64 0, i64 %zext_ln566" [../src/msm.cpp:566->../src/msm.cpp:603]   --->   Operation 36 'getelementptr' 'buckets_x_addr' <Predicate = (!icmp_ln562)> <Delay = 0.00>
ST_1 : Operation 37 [1/1] (0.00ns)   --->   "%buckets_x_1_addr = getelementptr i256 %buckets_x_1, i64 0, i64 %zext_ln566" [../src/msm.cpp:566->../src/msm.cpp:603]   --->   Operation 37 'getelementptr' 'buckets_x_1_addr' <Predicate = (!icmp_ln562)> <Delay = 0.00>
ST_1 : Operation 38 [1/1] (0.00ns)   --->   "%buckets_y_addr = getelementptr i256 %buckets_y, i64 0, i64 %zext_ln566" [../src/msm.cpp:566->../src/msm.cpp:603]   --->   Operation 38 'getelementptr' 'buckets_y_addr' <Predicate = (!icmp_ln562)> <Delay = 0.00>
ST_1 : Operation 39 [1/1] (0.00ns)   --->   "%buckets_y_1_addr = getelementptr i256 %buckets_y_1, i64 0, i64 %zext_ln566" [../src/msm.cpp:566->../src/msm.cpp:603]   --->   Operation 39 'getelementptr' 'buckets_y_1_addr' <Predicate = (!icmp_ln562)> <Delay = 0.00>
ST_1 : Operation 40 [1/1] (0.00ns)   --->   "%buckets_z_addr = getelementptr i256 %buckets_z, i64 0, i64 %zext_ln566" [../src/msm.cpp:566->../src/msm.cpp:603]   --->   Operation 40 'getelementptr' 'buckets_z_addr' <Predicate = (!icmp_ln562)> <Delay = 0.00>
ST_1 : Operation 41 [1/1] (0.00ns)   --->   "%buckets_z_1_addr = getelementptr i256 %buckets_z_1, i64 0, i64 %zext_ln566" [../src/msm.cpp:566->../src/msm.cpp:603]   --->   Operation 41 'getelementptr' 'buckets_z_1_addr' <Predicate = (!icmp_ln562)> <Delay = 0.00>
ST_1 : Operation 42 [1/1] (0.00ns)   --->   "%buckets_t_addr = getelementptr i256 %buckets_t, i64 0, i64 %zext_ln566" [../src/msm.cpp:566->../src/msm.cpp:603]   --->   Operation 42 'getelementptr' 'buckets_t_addr' <Predicate = (!icmp_ln562)> <Delay = 0.00>
ST_1 : Operation 43 [1/1] (0.00ns)   --->   "%buckets_t_1_addr = getelementptr i256 %buckets_t_1, i64 0, i64 %zext_ln566" [../src/msm.cpp:566->../src/msm.cpp:603]   --->   Operation 43 'getelementptr' 'buckets_t_1_addr' <Predicate = (!icmp_ln562)> <Delay = 0.00>
ST_1 : Operation 44 [2/2] (1.23ns)   --->   "%buckets_x_load = load i14 %buckets_x_addr" [../src/msm.cpp:568->../src/msm.cpp:603]   --->   Operation 44 'load' 'buckets_x_load' <Predicate = (!icmp_ln562)> <Delay = 1.23> <CoreInst = "RAM_T2P_URAM">   --->   Core 99 'RAM_T2P_URAM' <Latency = 1> <II = 1> <Delay = 1.23> <Storage> <Opcode : 'load' 'store'> <Ports = 2> <Width = 256> <Depth = 13312> <RAM>
ST_1 : Operation 45 [2/2] (1.23ns)   --->   "%buckets_x_1_load = load i14 %buckets_x_1_addr" [../src/msm.cpp:568->../src/msm.cpp:603]   --->   Operation 45 'load' 'buckets_x_1_load' <Predicate = (!icmp_ln562)> <Delay = 1.23> <CoreInst = "RAM_T2P_URAM">   --->   Core 99 'RAM_T2P_URAM' <Latency = 1> <II = 1> <Delay = 1.23> <Storage> <Opcode : 'load' 'store'> <Ports = 2> <Width = 256> <Depth = 13312> <RAM>
ST_1 : Operation 46 [2/2] (1.23ns)   --->   "%buckets_y_load = load i14 %buckets_y_addr" [../src/msm.cpp:568->../src/msm.cpp:603]   --->   Operation 46 'load' 'buckets_y_load' <Predicate = (!icmp_ln562)> <Delay = 1.23> <CoreInst = "RAM_T2P_URAM">   --->   Core 99 'RAM_T2P_URAM' <Latency = 1> <II = 1> <Delay = 1.23> <Storage> <Opcode : 'load' 'store'> <Ports = 2> <Width = 256> <Depth = 13312> <RAM>
ST_1 : Operation 47 [2/2] (1.23ns)   --->   "%buckets_y_1_load = load i14 %buckets_y_1_addr" [../src/msm.cpp:568->../src/msm.cpp:603]   --->   Operation 47 'load' 'buckets_y_1_load' <Predicate = (!icmp_ln562)> <Delay = 1.23> <CoreInst = "RAM_T2P_URAM">   --->   Core 99 'RAM_T2P_URAM' <Latency = 1> <II = 1> <Delay = 1.23> <Storage> <Opcode : 'load' 'store'> <Ports = 2> <Width = 256> <Depth = 13312> <RAM>
ST_1 : Operation 48 [2/2] (1.23ns)   --->   "%buckets_z_load = load i14 %buckets_z_addr" [../src/msm.cpp:568->../src/msm.cpp:603]   --->   Operation 48 'load' 'buckets_z_load' <Predicate = (!icmp_ln562)> <Delay = 1.23> <CoreInst = "RAM_T2P_URAM">   --->   Core 99 'RAM_T2P_URAM' <Latency = 1> <II = 1> <Delay = 1.23> <Storage> <Opcode : 'load' 'store'> <Ports = 2> <Width = 256> <Depth = 13312> <RAM>
ST_1 : Operation 49 [2/2] (1.23ns)   --->   "%buckets_z_1_load = load i14 %buckets_z_1_addr" [../src/msm.cpp:568->../src/msm.cpp:603]   --->   Operation 49 'load' 'buckets_z_1_load' <Predicate = (!icmp_ln562)> <Delay = 1.23> <CoreInst = "RAM_T2P_URAM">   --->   Core 99 'RAM_T2P_URAM' <Latency = 1> <II = 1> <Delay = 1.23> <Storage> <Opcode : 'load' 'store'> <Ports = 2> <Width = 256> <Depth = 13312> <RAM>
ST_1 : Operation 50 [2/2] (1.23ns)   --->   "%buckets_t_load = load i14 %buckets_t_addr" [../src/msm.cpp:568->../src/msm.cpp:603]   --->   Operation 50 'load' 'buckets_t_load' <Predicate = (!icmp_ln562)> <Delay = 1.23> <CoreInst = "RAM_T2P_URAM">   --->   Core 99 'RAM_T2P_URAM' <Latency = 1> <II = 1> <Delay = 1.23> <Storage> <Opcode : 'load' 'store'> <Ports = 2> <Width = 256> <Depth = 13312> <RAM>
ST_1 : Operation 51 [2/2] (1.23ns)   --->   "%buckets_t_1_load = load i14 %buckets_t_1_addr" [../src/msm.cpp:568->../src/msm.cpp:603]   --->   Operation 51 'load' 'buckets_t_1_load' <Predicate = (!icmp_ln562)> <Delay = 1.23> <CoreInst = "RAM_T2P_URAM">   --->   Core 99 'RAM_T2P_URAM' <Latency = 1> <II = 1> <Delay = 1.23> <Storage> <Opcode : 'load' 'store'> <Ports = 2> <Width = 256> <Depth = 13312> <RAM>
ST_1 : Operation 52 [1/1] (0.00ns)   --->   "%trunc_ln571 = trunc i11 %select_ln562" [../src/msm.cpp:571->../src/msm.cpp:603]   --->   Operation 52 'trunc' 'trunc_ln571' <Predicate = (!icmp_ln562)> <Delay = 0.00>
ST_1 : Operation 53 [1/1] (0.79ns)   --->   "%j = add i11 %select_ln562, i11 1" [../src/msm.cpp:564->../src/msm.cpp:603]   --->   Operation 53 'add' 'j' <Predicate = (!icmp_ln562)> <Delay = 0.79> <CoreInst = "Adder">   --->   Core 1 'Adder' <Latency = 0> <II = 1> <Delay = 0.79> <FuncUnit> <Opcode : 'add' 'sub'> <InPorts = 2> <OutPorts = 1>
ST_1 : Operation 54 [1/1] (0.42ns)   --->   "%store_ln562 = store i15 %add_ln562, i15 %indvar_flatten" [../src/msm.cpp:562->../src/msm.cpp:603]   --->   Operation 54 'store' 'store_ln562' <Predicate = (!icmp_ln562)> <Delay = 0.42>
ST_1 : Operation 55 [1/1] (0.42ns)   --->   "%store_ln562 = store i5 %select_ln562_1, i5 %i" [../src/msm.cpp:562->../src/msm.cpp:603]   --->   Operation 55 'store' 'store_ln562' <Predicate = (!icmp_ln562)> <Delay = 0.42>
ST_1 : Operation 56 [1/1] (0.42ns)   --->   "%store_ln564 = store i11 %j, i11 %j_1" [../src/msm.cpp:564->../src/msm.cpp:603]   --->   Operation 56 'store' 'store_ln564' <Predicate = (!icmp_ln562)> <Delay = 0.42>

State 2 <SV = 1> <Delay = 1.74>
ST_2 : Operation 57 [1/2] ( I:1.23ns O:1.23ns )   --->   "%buckets_x_load = load i14 %buckets_x_addr" [../src/msm.cpp:568->../src/msm.cpp:603]   --->   Operation 57 'load' 'buckets_x_load' <Predicate = true> <Delay = 1.23> <CoreInst = "RAM_T2P_URAM">   --->   Core 99 'RAM_T2P_URAM' <Latency = 1> <II = 1> <Delay = 1.23> <Storage> <Opcode : 'load' 'store'> <Ports = 2> <Width = 256> <Depth = 13312> <RAM>
ST_2 : Operation 58 [1/2] ( I:1.23ns O:1.23ns )   --->   "%buckets_x_1_load = load i14 %buckets_x_1_addr" [../src/msm.cpp:568->../src/msm.cpp:603]   --->   Operation 58 'load' 'buckets_x_1_load' <Predicate = true> <Delay = 1.23> <CoreInst = "RAM_T2P_URAM">   --->   Core 99 'RAM_T2P_URAM' <Latency = 1> <II = 1> <Delay = 1.23> <Storage> <Opcode : 'load' 'store'> <Ports = 2> <Width = 256> <Depth = 13312> <RAM>
ST_2 : Operation 59 [1/1] (0.51ns)   --->   "%bucket_result_point_x = select i1 %trunc_ln564, i256 %buckets_x_1_load, i256 %buckets_x_load" [../src/msm.cpp:568->../src/msm.cpp:603]   --->   Operation 59 'select' 'bucket_result_point_x' <Predicate = true> <Delay = 0.51> <CoreInst = "Sel">   --->   Core 73 'Sel' <Latency = 0> <II = 1> <Delay = 0.51> <FuncUnit> <Opcode : 'select'> <InPorts = 3> <OutPorts = 1>
ST_2 : Operation 60 [1/2] ( I:1.23ns O:1.23ns )   --->   "%buckets_y_load = load i14 %buckets_y_addr" [../src/msm.cpp:568->../src/msm.cpp:603]   --->   Operation 60 'load' 'buckets_y_load' <Predicate = true> <Delay = 1.23> <CoreInst = "RAM_T2P_URAM">   --->   Core 99 'RAM_T2P_URAM' <Latency = 1> <II = 1> <Delay = 1.23> <Storage> <Opcode : 'load' 'store'> <Ports = 2> <Width = 256> <Depth = 13312> <RAM>
ST_2 : Operation 61 [1/2] ( I:1.23ns O:1.23ns )   --->   "%buckets_y_1_load = load i14 %buckets_y_1_addr" [../src/msm.cpp:568->../src/msm.cpp:603]   --->   Operation 61 'load' 'buckets_y_1_load' <Predicate = true> <Delay = 1.23> <CoreInst = "RAM_T2P_URAM">   --->   Core 99 'RAM_T2P_URAM' <Latency = 1> <II = 1> <Delay = 1.23> <Storage> <Opcode : 'load' 'store'> <Ports = 2> <Width = 256> <Depth = 13312> <RAM>
ST_2 : Operation 62 [1/1] (0.51ns)   --->   "%bucket_result_point_y = select i1 %trunc_ln564, i256 %buckets_y_1_load, i256 %buckets_y_load" [../src/msm.cpp:568->../src/msm.cpp:603]   --->   Operation 62 'select' 'bucket_result_point_y' <Predicate = true> <Delay = 0.51> <CoreInst = "Sel">   --->   Core 73 'Sel' <Latency = 0> <II = 1> <Delay = 0.51> <FuncUnit> <Opcode : 'select'> <InPorts = 3> <OutPorts = 1>
ST_2 : Operation 63 [1/2] ( I:1.23ns O:1.23ns )   --->   "%buckets_z_load = load i14 %buckets_z_addr" [../src/msm.cpp:568->../src/msm.cpp:603]   --->   Operation 63 'load' 'buckets_z_load' <Predicate = true> <Delay = 1.23> <CoreInst = "RAM_T2P_URAM">   --->   Core 99 'RAM_T2P_URAM' <Latency = 1> <II = 1> <Delay = 1.23> <Storage> <Opcode : 'load' 'store'> <Ports = 2> <Width = 256> <Depth = 13312> <RAM>
ST_2 : Operation 64 [1/2] ( I:1.23ns O:1.23ns )   --->   "%buckets_z_1_load = load i14 %buckets_z_1_addr" [../src/msm.cpp:568->../src/msm.cpp:603]   --->   Operation 64 'load' 'buckets_z_1_load' <Predicate = true> <Delay = 1.23> <CoreInst = "RAM_T2P_URAM">   --->   Core 99 'RAM_T2P_URAM' <Latency = 1> <II = 1> <Delay = 1.23> <Storage> <Opcode : 'load' 'store'> <Ports = 2> <Width = 256> <Depth = 13312> <RAM>
ST_2 : Operation 65 [1/1] (0.51ns)   --->   "%bucket_result_point_z = select i1 %trunc_ln564, i256 %buckets_z_1_load, i256 %buckets_z_load" [../src/msm.cpp:568->../src/msm.cpp:603]   --->   Operation 65 'select' 'bucket_result_point_z' <Predicate = true> <Delay = 0.51> <CoreInst = "Sel">   --->   Core 73 'Sel' <Latency = 0> <II = 1> <Delay = 0.51> <FuncUnit> <Opcode : 'select'> <InPorts = 3> <OutPorts = 1>
ST_2 : Operation 66 [1/2] ( I:1.23ns O:1.23ns )   --->   "%buckets_t_load = load i14 %buckets_t_addr" [../src/msm.cpp:568->../src/msm.cpp:603]   --->   Operation 66 'load' 'buckets_t_load' <Predicate = true> <Delay = 1.23> <CoreInst = "RAM_T2P_URAM">   --->   Core 99 'RAM_T2P_URAM' <Latency = 1> <II = 1> <Delay = 1.23> <Storage> <Opcode : 'load' 'store'> <Ports = 2> <Width = 256> <Depth = 13312> <RAM>
ST_2 : Operation 67 [1/2] ( I:1.23ns O:1.23ns )   --->   "%buckets_t_1_load = load i14 %buckets_t_1_addr" [../src/msm.cpp:568->../src/msm.cpp:603]   --->   Operation 67 'load' 'buckets_t_1_load' <Predicate = true> <Delay = 1.23> <CoreInst = "RAM_T2P_URAM">   --->   Core 99 'RAM_T2P_URAM' <Latency = 1> <II = 1> <Delay = 1.23> <Storage> <Opcode : 'load' 'store'> <Ports = 2> <Width = 256> <Depth = 13312> <RAM>
ST_2 : Operation 68 [1/1] (0.51ns)   --->   "%bucket_result_point_t = select i1 %trunc_ln564, i256 %buckets_t_1_load, i256 %buckets_t_load" [../src/msm.cpp:568->../src/msm.cpp:603]   --->   Operation 68 'select' 'bucket_result_point_t' <Predicate = true> <Delay = 0.51> <CoreInst = "Sel">   --->   Core 73 'Sel' <Latency = 0> <II = 1> <Delay = 0.51> <FuncUnit> <Opcode : 'select'> <InPorts = 3> <OutPorts = 1>
ST_2 : Operation 75 [1/1] (0.42ns)   --->   "%ret_ln0 = ret"   --->   Operation 75 'ret' 'ret_ln0' <Predicate = (icmp_ln562)> <Delay = 0.42>

State 3 <SV = 2> <Delay = 1.46>
ST_3 : Operation 69 [1/1] (0.00ns)   --->   "%specloopname_ln0 = specloopname void @_ssdm_op_SpecLoopName, void @AGGREGATE_AND_OUT_VITIS_LOOP_564_1_str"   --->   Operation 69 'specloopname' 'specloopname_ln0' <Predicate = true> <Delay = 0.00>
ST_3 : Operation 70 [1/1] (0.00ns)   --->   "%speclooptripcount_ln0 = speclooptripcount void @_ssdm_op_SpecLoopTripCount, i64 26624, i64 26624, i64 26624"   --->   Operation 70 'speclooptripcount' 'speclooptripcount_ln0' <Predicate = true> <Delay = 0.00>
ST_3 : Operation 71 [1/1] (0.00ns)   --->   "%specpipeline_ln564 = specpipeline void @_ssdm_op_SpecPipeline, i32 4294967295, i32 0, i32 0, i32 0, void @empty" [../src/msm.cpp:564->../src/msm.cpp:603]   --->   Operation 71 'specpipeline' 'specpipeline_ln564' <Predicate = true> <Delay = 0.00>
ST_3 : Operation 72 [1/1] (0.00ns)   --->   "%p_0 = bitconcatenate i1039 @_ssdm_op_BitConcatenate.i1039.i5.i10.i256.i256.i256.i256, i5 %select_ln562_1, i10 %trunc_ln571, i256 %bucket_result_point_t, i256 %bucket_result_point_z, i256 %bucket_result_point_y, i256 %bucket_result_point_x" [../src/msm.cpp:571->../src/msm.cpp:603]   --->   Operation 72 'bitconcatenate' 'p_0' <Predicate = true> <Delay = 0.00>
ST_3 : Operation 73 [1/1] ( I:1.46ns O:1.46ns )   --->   "%write_ln571 = write void @_ssdm_op_Write.ap_fifo.volatile.i1039P0A, i1039 %out_stream, i1039 %p_0" [../src/msm.cpp:571->../src/msm.cpp:603]   --->   Operation 73 'write' 'write_ln571' <Predicate = true> <Delay = 1.46> <CoreInst = "FIFO">   --->   Core 77 'FIFO' <Latency = 0> <II = 1> <Delay = 1.63> <Storage> <Opcode : 'read' 'write' 'nbread' 'nbwrite'> <Ports = 0> <Width = -1> <Depth = -1> <FIFO>
ST_3 : Operation 74 [1/1] (0.00ns)   --->   "%br_ln564 = br void %for.inc.i4" [../src/msm.cpp:564->../src/msm.cpp:603]   --->   Operation 74 'br' 'br_ln564' <Predicate = true> <Delay = 0.00>


============================================================
+ Verbose Summary: Binding
============================================================
STG Binding: 
---------------- STG Properties BEGIN ----------------
- Is combinational: 0
- Is one-state seq: 0
- Is datapath-only: 0
- Is pipelined: 0
- Is top level: 0
Port [ Return ] is wired: 1; IO mode=ap_ctrl_hs:ce=0
Port [ buckets_x]:  wired=1; compound=1; hidden=0; nouse=0; global=0; static=0; extern=0; dir=0; type=1; pingpong=0; private_global=0; MemPort=[13]; IO mode=ap_memory:ce=0
Port [ buckets_x_1]:  wired=1; compound=1; hidden=0; nouse=0; global=0; static=0; extern=0; dir=0; type=1; pingpong=0; private_global=0; MemPort=[13]; IO mode=ap_memory:ce=0
Port [ buckets_y]:  wired=1; compound=1; hidden=0; nouse=0; global=0; static=0; extern=0; dir=0; type=1; pingpong=0; private_global=0; MemPort=[13]; IO mode=ap_memory:ce=0
Port [ buckets_y_1]:  wired=1; compound=1; hidden=0; nouse=0; global=0; static=0; extern=0; dir=0; type=1; pingpong=0; private_global=0; MemPort=[13]; IO mode=ap_memory:ce=0
Port [ buckets_z]:  wired=1; compound=1; hidden=0; nouse=0; global=0; static=0; extern=0; dir=0; type=1; pingpong=0; private_global=0; MemPort=[13]; IO mode=ap_memory:ce=0
Port [ buckets_z_1]:  wired=1; compound=1; hidden=0; nouse=0; global=0; static=0; extern=0; dir=0; type=1; pingpong=0; private_global=0; MemPort=[13]; IO mode=ap_memory:ce=0
Port [ buckets_t]:  wired=1; compound=1; hidden=0; nouse=0; global=0; static=0; extern=0; dir=0; type=1; pingpong=0; private_global=0; MemPort=[13]; IO mode=ap_memory:ce=0
Port [ buckets_t_1]:  wired=1; compound=1; hidden=0; nouse=0; global=0; static=0; extern=0; dir=0; type=1; pingpong=0; private_global=0; MemPort=[13]; IO mode=ap_memory:ce=0
Port [ out_stream]:  wired=1; compound=1; hidden=0; nouse=0; global=0; static=0; extern=0; dir=1; type=3; pingpong=0; private_global=0; IO mode=ap_fifo:ce=0
---------------- STG Properties END ------------------

---------------- Datapath Model BEGIN ----------------

<LifeTime>
<method=bitvector/>
j_1                   (alloca           ) [ 0100]
i                     (alloca           ) [ 0100]
indvar_flatten        (alloca           ) [ 0100]
specmemcore_ln0       (specmemcore      ) [ 0000]
specmemcore_ln0       (specmemcore      ) [ 0000]
specmemcore_ln0       (specmemcore      ) [ 0000]
specmemcore_ln0       (specmemcore      ) [ 0000]
specmemcore_ln0       (specmemcore      ) [ 0000]
specmemcore_ln0       (specmemcore      ) [ 0000]
specmemcore_ln0       (specmemcore      ) [ 0000]
specmemcore_ln0       (specmemcore      ) [ 0000]
specinterface_ln0     (specinterface    ) [ 0000]
store_ln0             (store            ) [ 0000]
store_ln562           (store            ) [ 0000]
store_ln564           (store            ) [ 0000]
br_ln0                (br               ) [ 0000]
indvar_flatten_load   (load             ) [ 0000]
icmp_ln562            (icmp             ) [ 0110]
add_ln562             (add              ) [ 0000]
br_ln562              (br               ) [ 0000]
j_1_load              (load             ) [ 0000]
i_load                (load             ) [ 0000]
i_4                   (add              ) [ 0000]
icmp_ln564            (icmp             ) [ 0000]
select_ln562          (select           ) [ 0000]
select_ln562_1        (select           ) [ 0111]
trunc_ln564           (trunc            ) [ 0110]
lshr_ln               (partselect       ) [ 0000]
tmp_4                 (bitconcatenate   ) [ 0000]
zext_ln566            (zext             ) [ 0000]
buckets_x_addr        (getelementptr    ) [ 0110]
buckets_x_1_addr      (getelementptr    ) [ 0110]
buckets_y_addr        (getelementptr    ) [ 0110]
buckets_y_1_addr      (getelementptr    ) [ 0110]
buckets_z_addr        (getelementptr    ) [ 0110]
buckets_z_1_addr      (getelementptr    ) [ 0110]
buckets_t_addr        (getelementptr    ) [ 0110]
buckets_t_1_addr      (getelementptr    ) [ 0110]
trunc_ln571           (trunc            ) [ 0111]
j                     (add              ) [ 0000]
store_ln562           (store            ) [ 0000]
store_ln562           (store            ) [ 0000]
store_ln564           (store            ) [ 0000]
buckets_x_load        (load             ) [ 0000]
buckets_x_1_load      (load             ) [ 0000]
bucket_result_point_x (select           ) [ 0101]
buckets_y_load        (load             ) [ 0000]
buckets_y_1_load      (load             ) [ 0000]
bucket_result_point_y (select           ) [ 0101]
buckets_z_load        (load             ) [ 0000]
buckets_z_1_load      (load             ) [ 0000]
bucket_result_point_z (select           ) [ 0101]
buckets_t_load        (load             ) [ 0000]
buckets_t_1_load      (load             ) [ 0000]
bucket_result_point_t (select           ) [ 0101]
specloopname_ln0      (specloopname     ) [ 0000]
speclooptripcount_ln0 (speclooptripcount) [ 0000]
specpipeline_ln564    (specpipeline     ) [ 0000]
p_0                   (bitconcatenate   ) [ 0000]
write_ln571           (write            ) [ 0000]
br_ln564              (br               ) [ 0000]
ret_ln0               (ret              ) [ 0000]
</LifeTime>

<model>

<comp_list>
<comp id="0" class="1000" name="buckets_x">
<pin_list>
<pin id="1" dir="1" index="0" bw="1" slack="0"/>
</pin_list>
<bind>
<StgValue><ssdm name="buckets_x"/><MemPortTyVec>1 3 </MemPortTyVec>
</StgValue>
</bind>
</comp>

<comp id="2" class="1000" name="buckets_x_1">
<pin_list>
<pin id="3" dir="1" index="0" bw="1" slack="0"/>
</pin_list>
<bind>
<StgValue><ssdm name="buckets_x_1"/><MemPortTyVec>1 3 </MemPortTyVec>
</StgValue>
</bind>
</comp>

<comp id="4" class="1000" name="buckets_y">
<pin_list>
<pin id="5" dir="1" index="0" bw="1" slack="0"/>
</pin_list>
<bind>
<StgValue><ssdm name="buckets_y"/><MemPortTyVec>1 3 </MemPortTyVec>
</StgValue>
</bind>
</comp>

<comp id="6" class="1000" name="buckets_y_1">
<pin_list>
<pin id="7" dir="1" index="0" bw="1" slack="0"/>
</pin_list>
<bind>
<StgValue><ssdm name="buckets_y_1"/><MemPortTyVec>1 3 </MemPortTyVec>
</StgValue>
</bind>
</comp>

<comp id="8" class="1000" name="buckets_z">
<pin_list>
<pin id="9" dir="1" index="0" bw="1" slack="0"/>
</pin_list>
<bind>
<StgValue><ssdm name="buckets_z"/><MemPortTyVec>1 3 </MemPortTyVec>
</StgValue>
</bind>
</comp>

<comp id="10" class="1000" name="buckets_z_1">
<pin_list>
<pin id="11" dir="1" index="0" bw="1" slack="0"/>
</pin_list>
<bind>
<StgValue><ssdm name="buckets_z_1"/><MemPortTyVec>1 3 </MemPortTyVec>
</StgValue>
</bind>
</comp>

<comp id="12" class="1000" name="buckets_t">
<pin_list>
<pin id="13" dir="1" index="0" bw="1" slack="0"/>
</pin_list>
<bind>
<StgValue><ssdm name="buckets_t"/><MemPortTyVec>1 3 </MemPortTyVec>
</StgValue>
</bind>
</comp>

<comp id="14" class="1000" name="buckets_t_1">
<pin_list>
<pin id="15" dir="1" index="0" bw="1" slack="0"/>
</pin_list>
<bind>
<StgValue><ssdm name="buckets_t_1"/><MemPortTyVec>1 3 </MemPortTyVec>
</StgValue>
</bind>
</comp>

<comp id="16" class="1000" name="out_stream">
<pin_list>
<pin id="17" dir="1" index="0" bw="1" slack="0"/>
</pin_list>
<bind>
<StgValue><ssdm name="out_stream"/></StgValue>
</bind>
</comp>

<comp id="18" class="1001" name="const_18">
<pin_list>
<pin id="19" dir="1" index="0" bw="1" slack="0"/>
</pin_list>
<bind>
<StgValue><ssdm name=""/></StgValue>
</bind>
</comp>

<comp id="20" class="1001" name="const_20">
<pin_list>
<pin id="21" dir="1" index="0" bw="1" slack="2147483647"/>
</pin_list>
<bind>
<StgValue><ssdm name="_ssdm_op_SpecMemCore"/></StgValue>
</bind>
</comp>

<comp id="22" class="1001" name="const_22">
<pin_list>
<pin id="23" dir="1" index="0" bw="1" slack="2147483647"/>
</pin_list>
<bind>
<StgValue><ssdm name=""/></StgValue>
</bind>
</comp>

<comp id="24" class="1001" name="const_24">
<pin_list>
<pin id="25" dir="1" index="0" bw="1" slack="2147483647"/>
</pin_list>
<bind>
<StgValue><ssdm name=""/></StgValue>
</bind>
</comp>

<comp id="26" class="1001" name="const_26">
<pin_list>
<pin id="27" dir="1" index="0" bw="1" slack="2147483647"/>
</pin_list>
<bind>
<StgValue><ssdm name=""/></StgValue>
</bind>
</comp>

<comp id="28" class="1001" name="const_28">
<pin_list>
<pin id="29" dir="1" index="0" bw="1" slack="2147483647"/>
</pin_list>
<bind>
<StgValue><ssdm name="_ssdm_op_SpecInterface"/></StgValue>
</bind>
</comp>

<comp id="30" class="1001" name="const_30">
<pin_list>
<pin id="31" dir="1" index="0" bw="1" slack="2147483647"/>
</pin_list>
<bind>
<StgValue><ssdm name="empty_0"/></StgValue>
</bind>
</comp>

<comp id="32" class="1001" name="const_32">
<pin_list>
<pin id="33" dir="1" index="0" bw="1" slack="2147483647"/>
</pin_list>
<bind>
<StgValue><ssdm name=""/></StgValue>
</bind>
</comp>

<comp id="34" class="1001" name="const_34">
<pin_list>
<pin id="35" dir="1" index="0" bw="1" slack="2147483647"/>
</pin_list>
<bind>
<StgValue><ssdm name="empty"/></StgValue>
</bind>
</comp>

<comp id="36" class="1001" name="const_36">
<pin_list>
<pin id="37" dir="1" index="0" bw="1" slack="2147483647"/>
</pin_list>
<bind>
<StgValue><ssdm name=""/></StgValue>
</bind>
</comp>

<comp id="38" class="1001" name="const_38">
<pin_list>
<pin id="39" dir="1" index="0" bw="1" slack="0"/>
</pin_list>
<bind>
<StgValue><ssdm name=""/></StgValue>
</bind>
</comp>

<comp id="40" class="1001" name="const_40">
<pin_list>
<pin id="41" dir="1" index="0" bw="1" slack="0"/>
</pin_list>
<bind>
<StgValue><ssdm name=""/></StgValue>
</bind>
</comp>

<comp id="42" class="1001" name="const_42">
<pin_list>
<pin id="43" dir="1" index="0" bw="1" slack="0"/>
</pin_list>
<bind>
<StgValue><ssdm name=""/></StgValue>
</bind>
</comp>

<comp id="44" class="1001" name="const_44">
<pin_list>
<pin id="45" dir="1" index="0" bw="1" slack="0"/>
</pin_list>
<bind>
<StgValue><ssdm name=""/></StgValue>
</bind>
</comp>

<comp id="46" class="1001" name="const_46">
<pin_list>
<pin id="47" dir="1" index="0" bw="1" slack="0"/>
</pin_list>
<bind>
<StgValue><ssdm name=""/></StgValue>
</bind>
</comp>

<comp id="48" class="1001" name="const_48">
<pin_list>
<pin id="49" dir="1" index="0" bw="1" slack="0"/>
</pin_list>
<bind>
<StgValue><ssdm name=""/></StgValue>
</bind>
</comp>

<comp id="50" class="1001" name="const_50">
<pin_list>
<pin id="51" dir="1" index="0" bw="1" slack="0"/>
</pin_list>
<bind>
<StgValue><ssdm name=""/></StgValue>
</bind>
</comp>

<comp id="52" class="1001" name="const_52">
<pin_list>
<pin id="53" dir="1" index="0" bw="1" slack="0"/>
</pin_list>
<bind>
<StgValue><ssdm name="_ssdm_op_PartSelect.i9.i11.i32.i32"/></StgValue>
</bind>
</comp>

<comp id="54" class="1001" name="const_54">
<pin_list>
<pin id="55" dir="1" index="0" bw="1" slack="0"/>
</pin_list>
<bind>
<StgValue><ssdm name=""/></StgValue>
</bind>
</comp>

<comp id="56" class="1001" name="const_56">
<pin_list>
<pin id="57" dir="1" index="0" bw="1" slack="0"/>
</pin_list>
<bind>
<StgValue><ssdm name="_ssdm_op_BitConcatenate.i14.i5.i9"/></StgValue>
</bind>
</comp>

<comp id="58" class="1001" name="const_58">
<pin_list>
<pin id="59" dir="1" index="0" bw="1" slack="0"/>
</pin_list>
<bind>
<StgValue><ssdm name=""/></StgValue>
</bind>
</comp>

<comp id="60" class="1001" name="const_60">
<pin_list>
<pin id="61" dir="1" index="0" bw="1" slack="0"/>
</pin_list>
<bind>
<StgValue><ssdm name=""/></StgValue>
</bind>
</comp>

<comp id="62" class="1001" name="const_62">
<pin_list>
<pin id="63" dir="1" index="0" bw="1" slack="2147483647"/>
</pin_list>
<bind>
<StgValue><ssdm name="_ssdm_op_SpecLoopName"/></StgValue>
</bind>
</comp>

<comp id="64" class="1001" name="const_64">
<pin_list>
<pin id="65" dir="1" index="0" bw="1" slack="2147483647"/>
</pin_list>
<bind>
<StgValue><ssdm name="AGGREGATE_AND_OUT_VITIS_LOOP_564_1_str"/></StgValue>
</bind>
</comp>

<comp id="66" class="1001" name="const_66">
<pin_list>
<pin id="67" dir="1" index="0" bw="1" slack="2147483647"/>
</pin_list>
<bind>
<StgValue><ssdm name="_ssdm_op_SpecLoopTripCount"/></StgValue>
</bind>
</comp>

<comp id="68" class="1001" name="const_68">
<pin_list>
<pin id="69" dir="1" index="0" bw="1" slack="2147483647"/>
</pin_list>
<bind>
<StgValue><ssdm name=""/></StgValue>
</bind>
</comp>

<comp id="70" class="1001" name="const_70">
<pin_list>
<pin id="71" dir="1" index="0" bw="1" slack="2147483647"/>
</pin_list>
<bind>
<StgValue><ssdm name="_ssdm_op_SpecPipeline"/></StgValue>
</bind>
</comp>

<comp id="72" class="1001" name="const_72">
<pin_list>
<pin id="73" dir="1" index="0" bw="1" slack="0"/>
</pin_list>
<bind>
<StgValue><ssdm name="_ssdm_op_BitConcatenate.i1039.i5.i10.i256.i256.i256.i256"/></StgValue>
</bind>
</comp>

<comp id="74" class="1001" name="const_74">
<pin_list>
<pin id="75" dir="1" index="0" bw="1" slack="0"/>
</pin_list>
<bind>
<StgValue><ssdm name="_ssdm_op_Write.ap_fifo.volatile.i1039P0A"/></StgValue>
</bind>
</comp>

<comp id="76" class="1004" name="j_1_fu_76">
<pin_list>
<pin id="77" dir="0" index="0" bw="1" slack="0"/>
<pin id="78" dir="1" index="1" bw="11" slack="0"/>
</pin_list>
<bind>
<opcode="alloca(26) " fcode="alloca"/>
<opset="j_1/1 "/>
</bind>
</comp>

<comp id="80" class="1004" name="i_fu_80">
<pin_list>
<pin id="81" dir="0" index="0" bw="1" slack="0"/>
<pin id="82" dir="1" index="1" bw="5" slack="0"/>
</pin_list>
<bind>
<opcode="alloca(26) " fcode="alloca"/>
<opset="i/1 "/>
</bind>
</comp>

<comp id="84" class="1004" name="indvar_flatten_fu_84">
<pin_list>
<pin id="85" dir="0" index="0" bw="1" slack="0"/>
<pin id="86" dir="1" index="1" bw="15" slack="0"/>
</pin_list>
<bind>
<opcode="alloca(26) " fcode="alloca"/>
<opset="indvar_flatten/1 "/>
</bind>
</comp>

<comp id="88" class="1004" name="write_ln571_write_fu_88">
<pin_list>
<pin id="89" dir="0" index="0" bw="0" slack="0"/>
<pin id="90" dir="0" index="1" bw="1039" slack="0"/>
<pin id="91" dir="0" index="2" bw="1039" slack="0"/>
<pin id="92" dir="1" index="3" bw="0" slack="2147483647"/>
</pin_list>
<bind>
<opcode="write(1151) " fcode="write"/>
<opset="write_ln571/3 "/>
</bind>
</comp>

<comp id="95" class="1004" name="buckets_x_addr_gep_fu_95">
<pin_list>
<pin id="96" dir="0" index="0" bw="256" slack="0"/>
<pin id="97" dir="0" index="1" bw="1" slack="0"/>
<pin id="98" dir="0" index="2" bw="14" slack="0"/>
<pin id="99" dir="1" index="3" bw="14" slack="0"/>
</pin_list>
<bind>
<opcode="getelementptr(29) " fcode="getelementptr"/>
<opset="buckets_x_addr/1 "/>
</bind>
</comp>

<comp id="102" class="1004" name="buckets_x_1_addr_gep_fu_102">
<pin_list>
<pin id="103" dir="0" index="0" bw="256" slack="0"/>
<pin id="104" dir="0" index="1" bw="1" slack="0"/>
<pin id="105" dir="0" index="2" bw="14" slack="0"/>
<pin id="106" dir="1" index="3" bw="14" slack="0"/>
</pin_list>
<bind>
<opcode="getelementptr(29) " fcode="getelementptr"/>
<opset="buckets_x_1_addr/1 "/>
</bind>
</comp>

<comp id="109" class="1004" name="buckets_y_addr_gep_fu_109">
<pin_list>
<pin id="110" dir="0" index="0" bw="256" slack="0"/>
<pin id="111" dir="0" index="1" bw="1" slack="0"/>
<pin id="112" dir="0" index="2" bw="14" slack="0"/>
<pin id="113" dir="1" index="3" bw="14" slack="0"/>
</pin_list>
<bind>
<opcode="getelementptr(29) " fcode="getelementptr"/>
<opset="buckets_y_addr/1 "/>
</bind>
</comp>

<comp id="116" class="1004" name="buckets_y_1_addr_gep_fu_116">
<pin_list>
<pin id="117" dir="0" index="0" bw="256" slack="0"/>
<pin id="118" dir="0" index="1" bw="1" slack="0"/>
<pin id="119" dir="0" index="2" bw="14" slack="0"/>
<pin id="120" dir="1" index="3" bw="14" slack="0"/>
</pin_list>
<bind>
<opcode="getelementptr(29) " fcode="getelementptr"/>
<opset="buckets_y_1_addr/1 "/>
</bind>
</comp>

<comp id="123" class="1004" name="buckets_z_addr_gep_fu_123">
<pin_list>
<pin id="124" dir="0" index="0" bw="256" slack="0"/>
<pin id="125" dir="0" index="1" bw="1" slack="0"/>
<pin id="126" dir="0" index="2" bw="14" slack="0"/>
<pin id="127" dir="1" index="3" bw="14" slack="0"/>
</pin_list>
<bind>
<opcode="getelementptr(29) " fcode="getelementptr"/>
<opset="buckets_z_addr/1 "/>
</bind>
</comp>

<comp id="130" class="1004" name="buckets_z_1_addr_gep_fu_130">
<pin_list>
<pin id="131" dir="0" index="0" bw="256" slack="0"/>
<pin id="132" dir="0" index="1" bw="1" slack="0"/>
<pin id="133" dir="0" index="2" bw="14" slack="0"/>
<pin id="134" dir="1" index="3" bw="14" slack="0"/>
</pin_list>
<bind>
<opcode="getelementptr(29) " fcode="getelementptr"/>
<opset="buckets_z_1_addr/1 "/>
</bind>
</comp>

<comp id="137" class="1004" name="buckets_t_addr_gep_fu_137">
<pin_list>
<pin id="138" dir="0" index="0" bw="256" slack="0"/>
<pin id="139" dir="0" index="1" bw="1" slack="0"/>
<pin id="140" dir="0" index="2" bw="14" slack="0"/>
<pin id="141" dir="1" index="3" bw="14" slack="0"/>
</pin_list>
<bind>
<opcode="getelementptr(29) " fcode="getelementptr"/>
<opset="buckets_t_addr/1 "/>
</bind>
</comp>

<comp id="144" class="1004" name="buckets_t_1_addr_gep_fu_144">
<pin_list>
<pin id="145" dir="0" index="0" bw="256" slack="0"/>
<pin id="146" dir="0" index="1" bw="1" slack="0"/>
<pin id="147" dir="0" index="2" bw="14" slack="0"/>
<pin id="148" dir="1" index="3" bw="14" slack="0"/>
</pin_list>
<bind>
<opcode="getelementptr(29) " fcode="getelementptr"/>
<opset="buckets_t_1_addr/1 "/>
</bind>
</comp>

<comp id="151" class="1004" name="grp_access_fu_151">
<pin_list>
<pin id="152" dir="0" index="0" bw="14" slack="0"/>
<pin id="153" dir="0" index="1" bw="256" slack="2147483647"/>
<pin id="154" dir="0" index="2" bw="0" slack="2147483647"/>
<pin id="155" dir="1" index="3" bw="256" slack="0"/>
</pin_list>
<bind>
<opcode="load(27) " fcode="load"/>
<opset="buckets_x_load/1 "/>
</bind>
</comp>

<comp id="157" class="1004" name="grp_access_fu_157">
<pin_list>
<pin id="158" dir="0" index="0" bw="14" slack="0"/>
<pin id="159" dir="0" index="1" bw="256" slack="2147483647"/>
<pin id="160" dir="0" index="2" bw="0" slack="2147483647"/>
<pin id="161" dir="1" index="3" bw="256" slack="0"/>
</pin_list>
<bind>
<opcode="load(27) " fcode="load"/>
<opset="buckets_x_1_load/1 "/>
</bind>
</comp>

<comp id="163" class="1004" name="grp_access_fu_163">
<pin_list>
<pin id="164" dir="0" index="0" bw="14" slack="0"/>
<pin id="165" dir="0" index="1" bw="256" slack="2147483647"/>
<pin id="166" dir="0" index="2" bw="0" slack="2147483647"/>
<pin id="167" dir="1" index="3" bw="256" slack="0"/>
</pin_list>
<bind>
<opcode="load(27) " fcode="load"/>
<opset="buckets_y_load/1 "/>
</bind>
</comp>

<comp id="169" class="1004" name="grp_access_fu_169">
<pin_list>
<pin id="170" dir="0" index="0" bw="14" slack="0"/>
<pin id="171" dir="0" index="1" bw="256" slack="2147483647"/>
<pin id="172" dir="0" index="2" bw="0" slack="2147483647"/>
<pin id="173" dir="1" index="3" bw="256" slack="0"/>
</pin_list>
<bind>
<opcode="load(27) " fcode="load"/>
<opset="buckets_y_1_load/1 "/>
</bind>
</comp>

<comp id="175" class="1004" name="grp_access_fu_175">
<pin_list>
<pin id="176" dir="0" index="0" bw="14" slack="0"/>
<pin id="177" dir="0" index="1" bw="256" slack="2147483647"/>
<pin id="178" dir="0" index="2" bw="0" slack="2147483647"/>
<pin id="179" dir="1" index="3" bw="256" slack="0"/>
</pin_list>
<bind>
<opcode="load(27) " fcode="load"/>
<opset="buckets_z_load/1 "/>
</bind>
</comp>

<comp id="181" class="1004" name="grp_access_fu_181">
<pin_list>
<pin id="182" dir="0" index="0" bw="14" slack="0"/>
<pin id="183" dir="0" index="1" bw="256" slack="2147483647"/>
<pin id="184" dir="0" index="2" bw="0" slack="2147483647"/>
<pin id="185" dir="1" index="3" bw="256" slack="0"/>
</pin_list>
<bind>
<opcode="load(27) " fcode="load"/>
<opset="buckets_z_1_load/1 "/>
</bind>
</comp>

<comp id="187" class="1004" name="grp_access_fu_187">
<pin_list>
<pin id="188" dir="0" index="0" bw="14" slack="0"/>
<pin id="189" dir="0" index="1" bw="256" slack="2147483647"/>
<pin id="190" dir="0" index="2" bw="0" slack="2147483647"/>
<pin id="191" dir="1" index="3" bw="256" slack="0"/>
</pin_list>
<bind>
<opcode="load(27) " fcode="load"/>
<opset="buckets_t_load/1 "/>
</bind>
</comp>

<comp id="193" class="1004" name="grp_access_fu_193">
<pin_list>
<pin id="194" dir="0" index="0" bw="14" slack="0"/>
<pin id="195" dir="0" index="1" bw="256" slack="2147483647"/>
<pin id="196" dir="0" index="2" bw="0" slack="2147483647"/>
<pin id="197" dir="1" index="3" bw="256" slack="0"/>
</pin_list>
<bind>
<opcode="load(27) " fcode="load"/>
<opset="buckets_t_1_load/1 "/>
</bind>
</comp>

<comp id="199" class="1004" name="store_ln0_store_fu_199">
<pin_list>
<pin id="200" dir="0" index="0" bw="1" slack="0"/>
<pin id="201" dir="0" index="1" bw="15" slack="0"/>
<pin id="202" dir="1" index="2" bw="0" slack="2147483647"/>
</pin_list>
<bind>
<opcode="store(28) " fcode="store"/>
<opset="store_ln0/1 "/>
</bind>
</comp>

<comp id="204" class="1004" name="store_ln562_store_fu_204">
<pin_list>
<pin id="205" dir="0" index="0" bw="1" slack="0"/>
<pin id="206" dir="0" index="1" bw="5" slack="0"/>
<pin id="207" dir="1" index="2" bw="0" slack="2147483647"/>
</pin_list>
<bind>
<opcode="store(28) " fcode="store"/>
<opset="store_ln562/1 "/>
</bind>
</comp>

<comp id="209" class="1004" name="store_ln564_store_fu_209">
<pin_list>
<pin id="210" dir="0" index="0" bw="1" slack="0"/>
<pin id="211" dir="0" index="1" bw="11" slack="0"/>
<pin id="212" dir="1" index="2" bw="0" slack="2147483647"/>
</pin_list>
<bind>
<opcode="store(28) " fcode="store"/>
<opset="store_ln564/1 "/>
</bind>
</comp>

<comp id="214" class="1004" name="indvar_flatten_load_load_fu_214">
<pin_list>
<pin id="215" dir="0" index="0" bw="15" slack="0"/>
<pin id="216" dir="1" index="1" bw="15" slack="0"/>
</pin_list>
<bind>
<opcode="load(27) " fcode="load"/>
<opset="indvar_flatten_load/1 "/>
</bind>
</comp>

<comp id="217" class="1004" name="icmp_ln562_fu_217">
<pin_list>
<pin id="218" dir="0" index="0" bw="15" slack="0"/>
<pin id="219" dir="0" index="1" bw="15" slack="0"/>
<pin id="220" dir="1" index="2" bw="1" slack="1"/>
</pin_list>
<bind>
<opcode="icmp(45) " fcode="icmp"/>
<opset="icmp_ln562/1 "/>
</bind>
</comp>

<comp id="223" class="1004" name="add_ln562_fu_223">
<pin_list>
<pin id="224" dir="0" index="0" bw="15" slack="0"/>
<pin id="225" dir="0" index="1" bw="1" slack="0"/>
<pin id="226" dir="1" index="2" bw="15" slack="0"/>
</pin_list>
<bind>
<opcode="add(8) " fcode="add"/>
<opset="add_ln562/1 "/>
</bind>
</comp>

<comp id="229" class="1004" name="j_1_load_load_fu_229">
<pin_list>
<pin id="230" dir="0" index="0" bw="11" slack="0"/>
<pin id="231" dir="1" index="1" bw="11" slack="0"/>
</pin_list>
<bind>
<opcode="load(27) " fcode="load"/>
<opset="j_1_load/1 "/>
</bind>
</comp>

<comp id="232" class="1004" name="i_load_load_fu_232">
<pin_list>
<pin id="233" dir="0" index="0" bw="5" slack="0"/>
<pin id="234" dir="1" index="1" bw="5" slack="0"/>
</pin_list>
<bind>
<opcode="load(27) " fcode="load"/>
<opset="i_load/1 "/>
</bind>
</comp>

<comp id="235" class="1004" name="i_4_fu_235">
<pin_list>
<pin id="236" dir="0" index="0" bw="5" slack="0"/>
<pin id="237" dir="0" index="1" bw="1" slack="0"/>
<pin id="238" dir="1" index="2" bw="5" slack="0"/>
</pin_list>
<bind>
<opcode="add(8) " fcode="add"/>
<opset="i_4/1 "/>
</bind>
</comp>

<comp id="241" class="1004" name="icmp_ln564_fu_241">
<pin_list>
<pin id="242" dir="0" index="0" bw="11" slack="0"/>
<pin id="243" dir="0" index="1" bw="11" slack="0"/>
<pin id="244" dir="1" index="2" bw="1" slack="0"/>
</pin_list>
<bind>
<opcode="icmp(45) " fcode="icmp"/>
<opset="icmp_ln564/1 "/>
</bind>
</comp>

<comp id="247" class="1004" name="select_ln562_fu_247">
<pin_list>
<pin id="248" dir="0" index="0" bw="1" slack="0"/>
<pin id="249" dir="0" index="1" bw="11" slack="0"/>
<pin id="250" dir="0" index="2" bw="11" slack="0"/>
<pin id="251" dir="1" index="3" bw="11" slack="0"/>
</pin_list>
<bind>
<opcode="select(49) " fcode="select"/>
<opset="select_ln562/1 "/>
</bind>
</comp>

<comp id="255" class="1004" name="select_ln562_1_fu_255">
<pin_list>
<pin id="256" dir="0" index="0" bw="1" slack="0"/>
<pin id="257" dir="0" index="1" bw="5" slack="0"/>
<pin id="258" dir="0" index="2" bw="5" slack="0"/>
<pin id="259" dir="1" index="3" bw="5" slack="0"/>
</pin_list>
<bind>
<opcode="select(49) " fcode="select"/>
<opset="select_ln562_1/1 "/>
</bind>
</comp>

<comp id="263" class="1004" name="trunc_ln564_fu_263">
<pin_list>
<pin id="264" dir="0" index="0" bw="11" slack="0"/>
<pin id="265" dir="1" index="1" bw="1" slack="1"/>
</pin_list>
<bind>
<opcode="trunc(33) " fcode="trunc"/>
<opset="trunc_ln564/1 "/>
</bind>
</comp>

<comp id="267" class="1004" name="lshr_ln_fu_267">
<pin_list>
<pin id="268" dir="0" index="0" bw="9" slack="0"/>
<pin id="269" dir="0" index="1" bw="11" slack="0"/>
<pin id="270" dir="0" index="2" bw="1" slack="0"/>
<pin id="271" dir="0" index="3" bw="5" slack="0"/>
<pin id="272" dir="1" index="4" bw="9" slack="0"/>
</pin_list>
<bind>
<opcode="partselect(1002) " fcode="partselect"/>
<opset="lshr_ln/1 "/>
</bind>
</comp>

<comp id="277" class="1004" name="tmp_4_fu_277">
<pin_list>
<pin id="278" dir="0" index="0" bw="14" slack="0"/>
<pin id="279" dir="0" index="1" bw="5" slack="0"/>
<pin id="280" dir="0" index="2" bw="9" slack="0"/>
<pin id="281" dir="1" index="3" bw="14" slack="0"/>
</pin_list>
<bind>
<opcode="bitconcatenate(1004) " fcode="bitconcatenate"/>
<opset="tmp_4/1 "/>
</bind>
</comp>

<comp id="285" class="1004" name="zext_ln566_fu_285">
<pin_list>
<pin id="286" dir="0" index="0" bw="14" slack="0"/>
<pin id="287" dir="1" index="1" bw="64" slack="0"/>
</pin_list>
<bind>
<opcode="zext(34) " fcode="zext"/>
<opset="zext_ln566/1 "/>
</bind>
</comp>

<comp id="297" class="1004" name="trunc_ln571_fu_297">
<pin_list>
<pin id="298" dir="0" index="0" bw="11" slack="0"/>
<pin id="299" dir="1" index="1" bw="10" slack="2"/>
</pin_list>
<bind>
<opcode="trunc(33) " fcode="trunc"/>
<opset="trunc_ln571/1 "/>
</bind>
</comp>

<comp id="301" class="1004" name="j_fu_301">
<pin_list>
<pin id="302" dir="0" index="0" bw="11" slack="0"/>
<pin id="303" dir="0" index="1" bw="1" slack="0"/>
<pin id="304" dir="1" index="2" bw="11" slack="0"/>
</pin_list>
<bind>
<opcode="add(8) " fcode="add"/>
<opset="j/1 "/>
</bind>
</comp>

<comp id="307" class="1004" name="store_ln562_store_fu_307">
<pin_list>
<pin id="308" dir="0" index="0" bw="15" slack="0"/>
<pin id="309" dir="0" index="1" bw="15" slack="0"/>
<pin id="310" dir="1" index="2" bw="0" slack="2147483647"/>
</pin_list>
<bind>
<opcode="store(28) " fcode="store"/>
<opset="store_ln562/1 "/>
</bind>
</comp>

<comp id="312" class="1004" name="store_ln562_store_fu_312">
<pin_list>
<pin id="313" dir="0" index="0" bw="5" slack="0"/>
<pin id="314" dir="0" index="1" bw="5" slack="0"/>
<pin id="315" dir="1" index="2" bw="0" slack="2147483647"/>
</pin_list>
<bind>
<opcode="store(28) " fcode="store"/>
<opset="store_ln562/1 "/>
</bind>
</comp>

<comp id="317" class="1004" name="store_ln564_store_fu_317">
<pin_list>
<pin id="318" dir="0" index="0" bw="11" slack="0"/>
<pin id="319" dir="0" index="1" bw="11" slack="0"/>
<pin id="320" dir="1" index="2" bw="0" slack="2147483647"/>
</pin_list>
<bind>
<opcode="store(28) " fcode="store"/>
<opset="store_ln564/1 "/>
</bind>
</comp>

<comp id="322" class="1004" name="bucket_result_point_x_fu_322">
<pin_list>
<pin id="323" dir="0" index="0" bw="1" slack="1"/>
<pin id="324" dir="0" index="1" bw="256" slack="0"/>
<pin id="325" dir="0" index="2" bw="256" slack="0"/>
<pin id="326" dir="1" index="3" bw="256" slack="1"/>
</pin_list>
<bind>
<opcode="select(49) " fcode="select"/>
<opset="bucket_result_point_x/2 "/>
</bind>
</comp>

<comp id="329" class="1004" name="bucket_result_point_y_fu_329">
<pin_list>
<pin id="330" dir="0" index="0" bw="1" slack="1"/>
<pin id="331" dir="0" index="1" bw="256" slack="0"/>
<pin id="332" dir="0" index="2" bw="256" slack="0"/>
<pin id="333" dir="1" index="3" bw="256" slack="1"/>
</pin_list>
<bind>
<opcode="select(49) " fcode="select"/>
<opset="bucket_result_point_y/2 "/>
</bind>
</comp>

<comp id="336" class="1004" name="bucket_result_point_z_fu_336">
<pin_list>
<pin id="337" dir="0" index="0" bw="1" slack="1"/>
<pin id="338" dir="0" index="1" bw="256" slack="0"/>
<pin id="339" dir="0" index="2" bw="256" slack="0"/>
<pin id="340" dir="1" index="3" bw="256" slack="1"/>
</pin_list>
<bind>
<opcode="select(49) " fcode="select"/>
<opset="bucket_result_point_z/2 "/>
</bind>
</comp>

<comp id="343" class="1004" name="bucket_result_point_t_fu_343">
<pin_list>
<pin id="344" dir="0" index="0" bw="1" slack="1"/>
<pin id="345" dir="0" index="1" bw="256" slack="0"/>
<pin id="346" dir="0" index="2" bw="256" slack="0"/>
<pin id="347" dir="1" index="3" bw="256" slack="1"/>
</pin_list>
<bind>
<opcode="select(49) " fcode="select"/>
<opset="bucket_result_point_t/2 "/>
</bind>
</comp>

<comp id="350" class="1004" name="p_0_fu_350">
<pin_list>
<pin id="351" dir="0" index="0" bw="1039" slack="0"/>
<pin id="352" dir="0" index="1" bw="5" slack="2"/>
<pin id="353" dir="0" index="2" bw="10" slack="2"/>
<pin id="354" dir="0" index="3" bw="256" slack="1"/>
<pin id="355" dir="0" index="4" bw="256" slack="1"/>
<pin id="356" dir="0" index="5" bw="256" slack="1"/>
<pin id="357" dir="0" index="6" bw="256" slack="1"/>
<pin id="358" dir="1" index="7" bw="1039" slack="0"/>
</pin_list>
<bind>
<opcode="bitconcatenate(1004) " fcode="bitconcatenate"/>
<opset="p_0/3 "/>
</bind>
</comp>

<comp id="361" class="1005" name="j_1_reg_361">
<pin_list>
<pin id="362" dir="0" index="0" bw="11" slack="0"/>
<pin id="363" dir="1" index="1" bw="11" slack="0"/>
</pin_list>
<bind>
<opset="j_1 "/>
</bind>
</comp>

<comp id="368" class="1005" name="i_reg_368">
<pin_list>
<pin id="369" dir="0" index="0" bw="5" slack="0"/>
<pin id="370" dir="1" index="1" bw="5" slack="0"/>
</pin_list>
<bind>
<opset="i "/>
</bind>
</comp>

<comp id="375" class="1005" name="indvar_flatten_reg_375">
<pin_list>
<pin id="376" dir="0" index="0" bw="15" slack="0"/>
<pin id="377" dir="1" index="1" bw="15" slack="0"/>
</pin_list>
<bind>
<opset="indvar_flatten "/>
</bind>
</comp>

<comp id="382" class="1005" name="icmp_ln562_reg_382">
<pin_list>
<pin id="383" dir="0" index="0" bw="1" slack="1"/>
<pin id="384" dir="1" index="1" bw="1" slack="2147483647"/>
</pin_list>
<bind>
<opset="icmp_ln562 "/>
</bind>
</comp>

<comp id="386" class="1005" name="select_ln562_1_reg_386">
<pin_list>
<pin id="387" dir="0" index="0" bw="5" slack="2"/>
<pin id="388" dir="1" index="1" bw="5" slack="2"/>
</pin_list>
<bind>
<opset="select_ln562_1 "/>
</bind>
</comp>

<comp id="391" class="1005" name="trunc_ln564_reg_391">
<pin_list>
<pin id="392" dir="0" index="0" bw="1" slack="1"/>
<pin id="393" dir="1" index="1" bw="1" slack="1"/>
</pin_list>
<bind>
<opset="trunc_ln564 "/>
</bind>
</comp>

<comp id="399" class="1005" name="buckets_x_addr_reg_399">
<pin_list>
<pin id="400" dir="0" index="0" bw="14" slack="1"/>
<pin id="401" dir="1" index="1" bw="14" slack="1"/>
</pin_list>
<bind>
<opset="buckets_x_addr "/>
</bind>
</comp>

<comp id="404" class="1005" name="buckets_x_1_addr_reg_404">
<pin_list>
<pin id="405" dir="0" index="0" bw="14" slack="1"/>
<pin id="406" dir="1" index="1" bw="14" slack="1"/>
</pin_list>
<bind>
<opset="buckets_x_1_addr "/>
</bind>
</comp>

<comp id="409" class="1005" name="buckets_y_addr_reg_409">
<pin_list>
<pin id="410" dir="0" index="0" bw="14" slack="1"/>
<pin id="411" dir="1" index="1" bw="14" slack="1"/>
</pin_list>
<bind>
<opset="buckets_y_addr "/>
</bind>
</comp>

<comp id="414" class="1005" name="buckets_y_1_addr_reg_414">
<pin_list>
<pin id="415" dir="0" index="0" bw="14" slack="1"/>
<pin id="416" dir="1" index="1" bw="14" slack="1"/>
</pin_list>
<bind>
<opset="buckets_y_1_addr "/>
</bind>
</comp>

<comp id="419" class="1005" name="buckets_z_addr_reg_419">
<pin_list>
<pin id="420" dir="0" index="0" bw="14" slack="1"/>
<pin id="421" dir="1" index="1" bw="14" slack="1"/>
</pin_list>
<bind>
<opset="buckets_z_addr "/>
</bind>
</comp>

<comp id="424" class="1005" name="buckets_z_1_addr_reg_424">
<pin_list>
<pin id="425" dir="0" index="0" bw="14" slack="1"/>
<pin id="426" dir="1" index="1" bw="14" slack="1"/>
</pin_list>
<bind>
<opset="buckets_z_1_addr "/>
</bind>
</comp>

<comp id="429" class="1005" name="buckets_t_addr_reg_429">
<pin_list>
<pin id="430" dir="0" index="0" bw="14" slack="1"/>
<pin id="431" dir="1" index="1" bw="14" slack="1"/>
</pin_list>
<bind>
<opset="buckets_t_addr "/>
</bind>
</comp>

<comp id="434" class="1005" name="buckets_t_1_addr_reg_434">
<pin_list>
<pin id="435" dir="0" index="0" bw="14" slack="1"/>
<pin id="436" dir="1" index="1" bw="14" slack="1"/>
</pin_list>
<bind>
<opset="buckets_t_1_addr "/>
</bind>
</comp>

<comp id="439" class="1005" name="trunc_ln571_reg_439">
<pin_list>
<pin id="440" dir="0" index="0" bw="10" slack="2"/>
<pin id="441" dir="1" index="1" bw="10" slack="2"/>
</pin_list>
<bind>
<opset="trunc_ln571 "/>
</bind>
</comp>

<comp id="444" class="1005" name="bucket_result_point_x_reg_444">
<pin_list>
<pin id="445" dir="0" index="0" bw="256" slack="1"/>
<pin id="446" dir="1" index="1" bw="256" slack="1"/>
</pin_list>
<bind>
<opset="bucket_result_point_x "/>
</bind>
</comp>

<comp id="449" class="1005" name="bucket_result_point_y_reg_449">
<pin_list>
<pin id="450" dir="0" index="0" bw="256" slack="1"/>
<pin id="451" dir="1" index="1" bw="256" slack="1"/>
</pin_list>
<bind>
<opset="bucket_result_point_y "/>
</bind>
</comp>

<comp id="454" class="1005" name="bucket_result_point_z_reg_454">
<pin_list>
<pin id="455" dir="0" index="0" bw="256" slack="1"/>
<pin id="456" dir="1" index="1" bw="256" slack="1"/>
</pin_list>
<bind>
<opset="bucket_result_point_z "/>
</bind>
</comp>

<comp id="459" class="1005" name="bucket_result_point_t_reg_459">
<pin_list>
<pin id="460" dir="0" index="0" bw="256" slack="1"/>
<pin id="461" dir="1" index="1" bw="256" slack="1"/>
</pin_list>
<bind>
<opset="bucket_result_point_t "/>
</bind>
</comp>

</comp_list>

<net_list>
<net id="79"><net_src comp="18" pin="0"/><net_sink comp="76" pin=0"/></net>

<net id="83"><net_src comp="18" pin="0"/><net_sink comp="80" pin=0"/></net>

<net id="87"><net_src comp="18" pin="0"/><net_sink comp="84" pin=0"/></net>

<net id="93"><net_src comp="74" pin="0"/><net_sink comp="88" pin=0"/></net>

<net id="94"><net_src comp="16" pin="0"/><net_sink comp="88" pin=1"/></net>

<net id="100"><net_src comp="0" pin="0"/><net_sink comp="95" pin=0"/></net>

<net id="101"><net_src comp="58" pin="0"/><net_sink comp="95" pin=1"/></net>

<net id="107"><net_src comp="2" pin="0"/><net_sink comp="102" pin=0"/></net>

<net id="108"><net_src comp="58" pin="0"/><net_sink comp="102" pin=1"/></net>

<net id="114"><net_src comp="4" pin="0"/><net_sink comp="109" pin=0"/></net>

<net id="115"><net_src comp="58" pin="0"/><net_sink comp="109" pin=1"/></net>

<net id="121"><net_src comp="6" pin="0"/><net_sink comp="116" pin=0"/></net>

<net id="122"><net_src comp="58" pin="0"/><net_sink comp="116" pin=1"/></net>

<net id="128"><net_src comp="8" pin="0"/><net_sink comp="123" pin=0"/></net>

<net id="129"><net_src comp="58" pin="0"/><net_sink comp="123" pin=1"/></net>

<net id="135"><net_src comp="10" pin="0"/><net_sink comp="130" pin=0"/></net>

<net id="136"><net_src comp="58" pin="0"/><net_sink comp="130" pin=1"/></net>

<net id="142"><net_src comp="12" pin="0"/><net_sink comp="137" pin=0"/></net>

<net id="143"><net_src comp="58" pin="0"/><net_sink comp="137" pin=1"/></net>

<net id="149"><net_src comp="14" pin="0"/><net_sink comp="144" pin=0"/></net>

<net id="150"><net_src comp="58" pin="0"/><net_sink comp="144" pin=1"/></net>

<net id="156"><net_src comp="95" pin="3"/><net_sink comp="151" pin=0"/></net>

<net id="162"><net_src comp="102" pin="3"/><net_sink comp="157" pin=0"/></net>

<net id="168"><net_src comp="109" pin="3"/><net_sink comp="163" pin=0"/></net>

<net id="174"><net_src comp="116" pin="3"/><net_sink comp="169" pin=0"/></net>

<net id="180"><net_src comp="123" pin="3"/><net_sink comp="175" pin=0"/></net>

<net id="186"><net_src comp="130" pin="3"/><net_sink comp="181" pin=0"/></net>

<net id="192"><net_src comp="137" pin="3"/><net_sink comp="187" pin=0"/></net>

<net id="198"><net_src comp="144" pin="3"/><net_sink comp="193" pin=0"/></net>

<net id="203"><net_src comp="38" pin="0"/><net_sink comp="199" pin=0"/></net>

<net id="208"><net_src comp="40" pin="0"/><net_sink comp="204" pin=0"/></net>

<net id="213"><net_src comp="42" pin="0"/><net_sink comp="209" pin=0"/></net>

<net id="221"><net_src comp="214" pin="1"/><net_sink comp="217" pin=0"/></net>

<net id="222"><net_src comp="44" pin="0"/><net_sink comp="217" pin=1"/></net>

<net id="227"><net_src comp="214" pin="1"/><net_sink comp="223" pin=0"/></net>

<net id="228"><net_src comp="46" pin="0"/><net_sink comp="223" pin=1"/></net>

<net id="239"><net_src comp="232" pin="1"/><net_sink comp="235" pin=0"/></net>

<net id="240"><net_src comp="48" pin="0"/><net_sink comp="235" pin=1"/></net>

<net id="245"><net_src comp="229" pin="1"/><net_sink comp="241" pin=0"/></net>

<net id="246"><net_src comp="50" pin="0"/><net_sink comp="241" pin=1"/></net>

<net id="252"><net_src comp="241" pin="2"/><net_sink comp="247" pin=0"/></net>

<net id="253"><net_src comp="42" pin="0"/><net_sink comp="247" pin=1"/></net>

<net id="254"><net_src comp="229" pin="1"/><net_sink comp="247" pin=2"/></net>

<net id="260"><net_src comp="241" pin="2"/><net_sink comp="255" pin=0"/></net>

<net id="261"><net_src comp="235" pin="2"/><net_sink comp="255" pin=1"/></net>

<net id="262"><net_src comp="232" pin="1"/><net_sink comp="255" pin=2"/></net>

<net id="266"><net_src comp="247" pin="3"/><net_sink comp="263" pin=0"/></net>

<net id="273"><net_src comp="52" pin="0"/><net_sink comp="267" pin=0"/></net>

<net id="274"><net_src comp="247" pin="3"/><net_sink comp="267" pin=1"/></net>

<net id="275"><net_src comp="18" pin="0"/><net_sink comp="267" pin=2"/></net>

<net id="276"><net_src comp="54" pin="0"/><net_sink comp="267" pin=3"/></net>

<net id="282"><net_src comp="56" pin="0"/><net_sink comp="277" pin=0"/></net>

<net id="283"><net_src comp="255" pin="3"/><net_sink comp="277" pin=1"/></net>

<net id="284"><net_src comp="267" pin="4"/><net_sink comp="277" pin=2"/></net>

<net id="288"><net_src comp="277" pin="3"/><net_sink comp="285" pin=0"/></net>

<net id="289"><net_src comp="285" pin="1"/><net_sink comp="95" pin=2"/></net>

<net id="290"><net_src comp="285" pin="1"/><net_sink comp="102" pin=2"/></net>

<net id="291"><net_src comp="285" pin="1"/><net_sink comp="109" pin=2"/></net>

<net id="292"><net_src comp="285" pin="1"/><net_sink comp="116" pin=2"/></net>

<net id="293"><net_src comp="285" pin="1"/><net_sink comp="123" pin=2"/></net>

<net id="294"><net_src comp="285" pin="1"/><net_sink comp="130" pin=2"/></net>

<net id="295"><net_src comp="285" pin="1"/><net_sink comp="137" pin=2"/></net>

<net id="296"><net_src comp="285" pin="1"/><net_sink comp="144" pin=2"/></net>

<net id="300"><net_src comp="247" pin="3"/><net_sink comp="297" pin=0"/></net>

<net id="305"><net_src comp="247" pin="3"/><net_sink comp="301" pin=0"/></net>

<net id="306"><net_src comp="60" pin="0"/><net_sink comp="301" pin=1"/></net>

<net id="311"><net_src comp="223" pin="2"/><net_sink comp="307" pin=0"/></net>

<net id="316"><net_src comp="255" pin="3"/><net_sink comp="312" pin=0"/></net>

<net id="321"><net_src comp="301" pin="2"/><net_sink comp="317" pin=0"/></net>

<net id="327"><net_src comp="157" pin="3"/><net_sink comp="322" pin=1"/></net>

<net id="328"><net_src comp="151" pin="3"/><net_sink comp="322" pin=2"/></net>

<net id="334"><net_src comp="169" pin="3"/><net_sink comp="329" pin=1"/></net>

<net id="335"><net_src comp="163" pin="3"/><net_sink comp="329" pin=2"/></net>

<net id="341"><net_src comp="181" pin="3"/><net_sink comp="336" pin=1"/></net>

<net id="342"><net_src comp="175" pin="3"/><net_sink comp="336" pin=2"/></net>

<net id="348"><net_src comp="193" pin="3"/><net_sink comp="343" pin=1"/></net>

<net id="349"><net_src comp="187" pin="3"/><net_sink comp="343" pin=2"/></net>

<net id="359"><net_src comp="72" pin="0"/><net_sink comp="350" pin=0"/></net>

<net id="360"><net_src comp="350" pin="7"/><net_sink comp="88" pin=2"/></net>

<net id="364"><net_src comp="76" pin="1"/><net_sink comp="361" pin=0"/></net>

<net id="365"><net_src comp="361" pin="1"/><net_sink comp="209" pin=1"/></net>

<net id="366"><net_src comp="361" pin="1"/><net_sink comp="229" pin=0"/></net>

<net id="367"><net_src comp="361" pin="1"/><net_sink comp="317" pin=1"/></net>

<net id="371"><net_src comp="80" pin="1"/><net_sink comp="368" pin=0"/></net>

<net id="372"><net_src comp="368" pin="1"/><net_sink comp="204" pin=1"/></net>

<net id="373"><net_src comp="368" pin="1"/><net_sink comp="232" pin=0"/></net>

<net id="374"><net_src comp="368" pin="1"/><net_sink comp="312" pin=1"/></net>

<net id="378"><net_src comp="84" pin="1"/><net_sink comp="375" pin=0"/></net>

<net id="379"><net_src comp="375" pin="1"/><net_sink comp="199" pin=1"/></net>

<net id="380"><net_src comp="375" pin="1"/><net_sink comp="214" pin=0"/></net>

<net id="381"><net_src comp="375" pin="1"/><net_sink comp="307" pin=1"/></net>

<net id="385"><net_src comp="217" pin="2"/><net_sink comp="382" pin=0"/></net>

<net id="389"><net_src comp="255" pin="3"/><net_sink comp="386" pin=0"/></net>

<net id="390"><net_src comp="386" pin="1"/><net_sink comp="350" pin=1"/></net>

<net id="394"><net_src comp="263" pin="1"/><net_sink comp="391" pin=0"/></net>

<net id="395"><net_src comp="391" pin="1"/><net_sink comp="322" pin=0"/></net>

<net id="396"><net_src comp="391" pin="1"/><net_sink comp="329" pin=0"/></net>

<net id="397"><net_src comp="391" pin="1"/><net_sink comp="336" pin=0"/></net>

<net id="398"><net_src comp="391" pin="1"/><net_sink comp="343" pin=0"/></net>

<net id="402"><net_src comp="95" pin="3"/><net_sink comp="399" pin=0"/></net>

<net id="403"><net_src comp="399" pin="1"/><net_sink comp="151" pin=0"/></net>

<net id="407"><net_src comp="102" pin="3"/><net_sink comp="404" pin=0"/></net>

<net id="408"><net_src comp="404" pin="1"/><net_sink comp="157" pin=0"/></net>

<net id="412"><net_src comp="109" pin="3"/><net_sink comp="409" pin=0"/></net>

<net id="413"><net_src comp="409" pin="1"/><net_sink comp="163" pin=0"/></net>

<net id="417"><net_src comp="116" pin="3"/><net_sink comp="414" pin=0"/></net>

<net id="418"><net_src comp="414" pin="1"/><net_sink comp="169" pin=0"/></net>

<net id="422"><net_src comp="123" pin="3"/><net_sink comp="419" pin=0"/></net>

<net id="423"><net_src comp="419" pin="1"/><net_sink comp="175" pin=0"/></net>

<net id="427"><net_src comp="130" pin="3"/><net_sink comp="424" pin=0"/></net>

<net id="428"><net_src comp="424" pin="1"/><net_sink comp="181" pin=0"/></net>

<net id="432"><net_src comp="137" pin="3"/><net_sink comp="429" pin=0"/></net>

<net id="433"><net_src comp="429" pin="1"/><net_sink comp="187" pin=0"/></net>

<net id="437"><net_src comp="144" pin="3"/><net_sink comp="434" pin=0"/></net>

<net id="438"><net_src comp="434" pin="1"/><net_sink comp="193" pin=0"/></net>

<net id="442"><net_src comp="297" pin="1"/><net_sink comp="439" pin=0"/></net>

<net id="443"><net_src comp="439" pin="1"/><net_sink comp="350" pin=2"/></net>

<net id="447"><net_src comp="322" pin="3"/><net_sink comp="444" pin=0"/></net>

<net id="448"><net_src comp="444" pin="1"/><net_sink comp="350" pin=6"/></net>

<net id="452"><net_src comp="329" pin="3"/><net_sink comp="449" pin=0"/></net>

<net id="453"><net_src comp="449" pin="1"/><net_sink comp="350" pin=5"/></net>

<net id="457"><net_src comp="336" pin="3"/><net_sink comp="454" pin=0"/></net>

<net id="458"><net_src comp="454" pin="1"/><net_sink comp="350" pin=4"/></net>

<net id="462"><net_src comp="343" pin="3"/><net_sink comp="459" pin=0"/></net>

<net id="463"><net_src comp="459" pin="1"/><net_sink comp="350" pin=3"/></net>

</net_list>

</model> 
---------------- Datapath Model END ------------------

* FSMD analyzer results:
  - Output states:
	Port: out_stream | {3 }
 - Input state : 
	Port: pippenger_control_Pipeline_AGGREGATE_AND_OUT_VITIS_LOOP_564_1 : buckets_x | {1 2 }
	Port: pippenger_control_Pipeline_AGGREGATE_AND_OUT_VITIS_LOOP_564_1 : buckets_x_1 | {1 2 }
	Port: pippenger_control_Pipeline_AGGREGATE_AND_OUT_VITIS_LOOP_564_1 : buckets_y | {1 2 }
	Port: pippenger_control_Pipeline_AGGREGATE_AND_OUT_VITIS_LOOP_564_1 : buckets_y_1 | {1 2 }
	Port: pippenger_control_Pipeline_AGGREGATE_AND_OUT_VITIS_LOOP_564_1 : buckets_z | {1 2 }
	Port: pippenger_control_Pipeline_AGGREGATE_AND_OUT_VITIS_LOOP_564_1 : buckets_z_1 | {1 2 }
	Port: pippenger_control_Pipeline_AGGREGATE_AND_OUT_VITIS_LOOP_564_1 : buckets_t | {1 2 }
	Port: pippenger_control_Pipeline_AGGREGATE_AND_OUT_VITIS_LOOP_564_1 : buckets_t_1 | {1 2 }
	Port: pippenger_control_Pipeline_AGGREGATE_AND_OUT_VITIS_LOOP_564_1 : out_stream | {}
  - Chain level:
	State 1
		store_ln0 : 1
		store_ln562 : 1
		store_ln564 : 1
		indvar_flatten_load : 1
		icmp_ln562 : 2
		add_ln562 : 2
		br_ln562 : 3
		j_1_load : 1
		i_load : 1
		i_4 : 2
		icmp_ln564 : 2
		select_ln562 : 3
		select_ln562_1 : 3
		trunc_ln564 : 4
		lshr_ln : 4
		tmp_4 : 5
		zext_ln566 : 6
		buckets_x_addr : 7
		buckets_x_1_addr : 7
		buckets_y_addr : 7
		buckets_y_1_addr : 7
		buckets_z_addr : 7
		buckets_z_1_addr : 7
		buckets_t_addr : 7
		buckets_t_1_addr : 7
		buckets_x_load : 8
		buckets_x_1_load : 8
		buckets_y_load : 8
		buckets_y_1_load : 8
		buckets_z_load : 8
		buckets_z_1_load : 8
		buckets_t_load : 8
		buckets_t_1_load : 8
		trunc_ln571 : 4
		j : 4
		store_ln562 : 3
		store_ln562 : 4
		store_ln564 : 5
	State 2
		bucket_result_point_x : 1
		bucket_result_point_y : 1
		bucket_result_point_z : 1
		bucket_result_point_t : 1
	State 3
		write_ln571 : 1


============================================================
+ Verbose Summary: Datapath Resource usage 
============================================================

* Functional unit list:
|----------|------------------------------|---------|---------|
| Operation|        Functional Unit       |    FF   |   LUT   |
|----------|------------------------------|---------|---------|
|          |      select_ln562_fu_247     |    0    |    10   |
|          |     select_ln562_1_fu_255    |    0    |    5    |
|  select  | bucket_result_point_x_fu_322 |    0    |   208   |
|          | bucket_result_point_y_fu_329 |    0    |   208   |
|          | bucket_result_point_z_fu_336 |    0    |   208   |
|          | bucket_result_point_t_fu_343 |    0    |   208   |
|----------|------------------------------|---------|---------|
|          |       add_ln562_fu_223       |    0    |    22   |
|    add   |          i_4_fu_235          |    0    |    12   |
|          |           j_fu_301           |    0    |    18   |
|----------|------------------------------|---------|---------|
|   icmp   |       icmp_ln562_fu_217      |    0    |    22   |
|          |       icmp_ln564_fu_241      |    0    |    18   |
|----------|------------------------------|---------|---------|
|   write  |    write_ln571_write_fu_88   |    0    |    0    |
|----------|------------------------------|---------|---------|
|   trunc  |      trunc_ln564_fu_263      |    0    |    0    |
|          |      trunc_ln571_fu_297      |    0    |    0    |
|----------|------------------------------|---------|---------|
|partselect|        lshr_ln_fu_267        |    0    |    0    |
|----------|------------------------------|---------|---------|
|bitconcatenate|         tmp_4_fu_277         |    0    |    0    |
|          |          p_0_fu_350          |    0    |    0    |
|----------|------------------------------|---------|---------|
|   zext   |       zext_ln566_fu_285      |    0    |    0    |
|----------|------------------------------|---------|---------|
|   Total  |                              |    0    |   939   |
|----------|------------------------------|---------|---------|

Memories:
N/A

* Register list:
+-----------------------------+--------+
|                             |   FF   |
+-----------------------------+--------+
|bucket_result_point_t_reg_459|   256  |
|bucket_result_point_x_reg_444|   256  |
|bucket_result_point_y_reg_449|   256  |
|bucket_result_point_z_reg_454|   256  |
|   buckets_t_1_addr_reg_434  |   14   |
|    buckets_t_addr_reg_429   |   14   |
|   buckets_x_1_addr_reg_404  |   14   |
|    buckets_x_addr_reg_399   |   14   |
|   buckets_y_1_addr_reg_414  |   14   |
|    buckets_y_addr_reg_409   |   14   |
|   buckets_z_1_addr_reg_424  |   14   |
|    buckets_z_addr_reg_419   |   14   |
|          i_reg_368          |    5   |
|      icmp_ln562_reg_382     |    1   |
|    indvar_flatten_reg_375   |   15   |
|         j_1_reg_361         |   11   |
|    select_ln562_1_reg_386   |    5   |
|     trunc_ln564_reg_391     |    1   |
|     trunc_ln571_reg_439     |   10   |
+-----------------------------+--------+
|            Total            |  1184  |
+-----------------------------+--------+

* Multiplexer (MUX) list: 
|-------------------|------|------|------|--------||---------||---------||---------|
|        Comp       |  Pin | Size |  BW  | S x BW ||  Delay  ||    FF   ||   LUT   |
|-------------------|------|------|------|--------||---------||---------||---------|
| grp_access_fu_151 |  p0  |   2  |  14  |   28   ||    0    ||    9    |
| grp_access_fu_157 |  p0  |   2  |  14  |   28   ||    0    ||    9    |
| grp_access_fu_163 |  p0  |   2  |  14  |   28   ||    0    ||    9    |
| grp_access_fu_169 |  p0  |   2  |  14  |   28   ||    0    ||    9    |
| grp_access_fu_175 |  p0  |   2  |  14  |   28   ||    0    ||    9    |
| grp_access_fu_181 |  p0  |   2  |  14  |   28   ||    0    ||    9    |
| grp_access_fu_187 |  p0  |   2  |  14  |   28   ||    0    ||    9    |
| grp_access_fu_193 |  p0  |   2  |  14  |   28   ||    0    ||    9    |
|-------------------|------|------|------|--------||---------||---------||---------|
|       Total       |      |      |      |   224  ||  3.416  ||    0    ||    72   |
|-------------------|------|------|------|--------||---------||---------||---------|



* Summary:
+-----------+--------+--------+--------+
|           |  Delay |   FF   |   LUT  |
+-----------+--------+--------+--------+
|  Function |    -   |    0   |   939  |
|   Memory  |    -   |    -   |    -   |
|Multiplexer|    3   |    0   |   72   |
|  Register |    -   |  1184  |    -   |
+-----------+--------+--------+--------+
|   Total   |    3   |  1184  |  1011  |
+-----------+--------+--------+--------+
