

================================================================
== Vitis HLS Report for 'pippenger_control_Pipeline_VITIS_LOOP_501_1_VITIS_LOOP_503_2'
================================================================
* Date:           Wed Apr 23 16:55:28 2025

* Version:        2024.2 (Build 5238294 on Nov  8 2024)
* Project:        msm_2
* Solution:       solution1 (Vivado IP Flow Target)
* Product family: zynquplus
* Target device:  xczu7ev-ffvc1156-2-e


================================================================
== Performance Estimates
================================================================
+ Timing: 
    * Summary: 
    +--------+---------+----------+------------+
    |  Clock |  Target | Estimated| Uncertainty|
    +--------+---------+----------+------------+
    |ap_clk  |  4.00 ns|  2.876 ns|     1.08 ns|
    +--------+---------+----------+------------+

+ Latency: 
    * Summary: 
    +---------+---------+----------+----------+-------+-------+------------------------------------------------+
    |  Latency (cycles) |  Latency (absolute) |    Interval   |                    Pipeline                    |
    |   min   |   max   |    min   |    max   |  min  |  max  |                      Type                      |
    +---------+---------+----------+----------+-------+-------+------------------------------------------------+
    |    26626|    26626|  0.107 ms|  0.107 ms|  26625|  26625|  loop auto-rewind stp (delay=0 clock cycles(s))|
    +---------+---------+----------+----------+-------+-------+------------------------------------------------+

    + Detail: 
        * Instance: 
        N/A

        * Loop: 
        +-------------------------------------+---------+---------+----------+-----------+-----------+-------+----------+
        |                                     |  Latency (cycles) | Iteration|  Initiation Interval  |  Trip |          |
        |              Loop Name              |   min   |   max   |  Latency |  achieved |   target  | Count | Pipelined|
        +-------------------------------------+---------+---------+----------+-----------+-----------+-------+----------+
        |- VITIS_LOOP_501_1_VITIS_LOOP_503_2  |    26624|    26624|         1|          1|          1|  26624|       yes|
        +-------------------------------------+---------+---------+----------+-----------+-----------+-------+----------+

============================================================
+ Verbose Summary: Synthesis Manager
============================================================
InlineROM: 1
ExposeGlobal: 0
============================================================
+ Verbose Summary: CDFG Model
============================================================
IsTopModel: 0
ResetActiveHigh: 1
IsCombinational: 0
IsDatapathOnly: 0
HasWiredReturn: 1
HasMFsm: 2
HasVarLatency: 1
IsPipeline: 0
IsRtlPipelined: 0
IsInstanceOverlapped: 0
IsDontTouch: 0
HasImplIP: 0
IsGatedGlobalClock: 0

+ Individual pipeline summary: 
  * Pipeline-0: initiation interval (II) = 1, depth = 1


============================================================
+ Verbose Summary: Schedule
============================================================
* Number of FSM states : 1
* Pipeline : 1
  Pipeline-0 : II = 1, D = 1, States = { 1 }
* Dataflow Pipeline: 0

* FSM state transitions: 
1 --> 

* FSM state operations: 

State 1 <SV = 0> <Delay = 2.87>
ST_1 : Operation 4 [1/1] (0.00ns)   --->   "%j = alloca i32 1" [../src/msm.cpp:503->../src/msm.cpp:604]   --->   Operation 4 'alloca' 'j' <Predicate = true> <Delay = 0.00>
ST_1 : Operation 5 [1/1] (0.00ns)   --->   "%i = alloca i32 1" [../src/msm.cpp:501->../src/msm.cpp:604]   --->   Operation 5 'alloca' 'i' <Predicate = true> <Delay = 0.00>
ST_1 : Operation 6 [1/1] (0.00ns)   --->   "%indvar_flatten = alloca i32 1"   --->   Operation 6 'alloca' 'indvar_flatten' <Predicate = true> <Delay = 0.00>
ST_1 : Operation 7 [1/1] (0.00ns)   --->   "%specmemcore_ln0 = specmemcore void @_ssdm_op_SpecMemCore, i256 %buckets_t, i64 666, i64 31, i64 18446744073709551615"   --->   Operation 7 'specmemcore' 'specmemcore_ln0' <Predicate = true> <Delay = 0.00>
ST_1 : Operation 8 [1/1] (0.00ns)   --->   "%specmemcore_ln0 = specmemcore void @_ssdm_op_SpecMemCore, i256 %buckets_t_1, i64 666, i64 31, i64 18446744073709551615"   --->   Operation 8 'specmemcore' 'specmemcore_ln0' <Predicate = true> <Delay = 0.00>
ST_1 : Operation 9 [1/1] (0.00ns)   --->   "%specmemcore_ln0 = specmemcore void @_ssdm_op_SpecMemCore, i256 %buckets_z, i64 666, i64 31, i64 18446744073709551615"   --->   Operation 9 'specmemcore' 'specmemcore_ln0' <Predicate = true> <Delay = 0.00>
ST_1 : Operation 10 [1/1] (0.00ns)   --->   "%specmemcore_ln0 = specmemcore void @_ssdm_op_SpecMemCore, i256 %buckets_z_1, i64 666, i64 31, i64 18446744073709551615"   --->   Operation 10 'specmemcore' 'specmemcore_ln0' <Predicate = true> <Delay = 0.00>
ST_1 : Operation 11 [1/1] (0.00ns)   --->   "%specmemcore_ln0 = specmemcore void @_ssdm_op_SpecMemCore, i256 %buckets_y, i64 666, i64 31, i64 18446744073709551615"   --->   Operation 11 'specmemcore' 'specmemcore_ln0' <Predicate = true> <Delay = 0.00>
ST_1 : Operation 12 [1/1] (0.00ns)   --->   "%specmemcore_ln0 = specmemcore void @_ssdm_op_SpecMemCore, i256 %buckets_y_1, i64 666, i64 31, i64 18446744073709551615"   --->   Operation 12 'specmemcore' 'specmemcore_ln0' <Predicate = true> <Delay = 0.00>
ST_1 : Operation 13 [1/1] (0.00ns)   --->   "%specmemcore_ln0 = specmemcore void @_ssdm_op_SpecMemCore, i256 %buckets_x, i64 666, i64 31, i64 18446744073709551615"   --->   Operation 13 'specmemcore' 'specmemcore_ln0' <Predicate = true> <Delay = 0.00>
ST_1 : Operation 14 [1/1] (0.00ns)   --->   "%specmemcore_ln0 = specmemcore void @_ssdm_op_SpecMemCore, i256 %buckets_x_1, i64 666, i64 31, i64 18446744073709551615"   --->   Operation 14 'specmemcore' 'specmemcore_ln0' <Predicate = true> <Delay = 0.00>
ST_1 : Operation 15 [1/1] (0.42ns)   --->   "%store_ln0 = store i15 0, i15 %indvar_flatten"   --->   Operation 15 'store' 'store_ln0' <Predicate = true> <Delay = 0.42>
ST_1 : Operation 16 [1/1] (0.42ns)   --->   "%store_ln501 = store i5 0, i5 %i" [../src/msm.cpp:501->../src/msm.cpp:604]   --->   Operation 16 'store' 'store_ln501' <Predicate = true> <Delay = 0.42>
ST_1 : Operation 17 [1/1] (0.42ns)   --->   "%store_ln503 = store i11 0, i11 %j" [../src/msm.cpp:503->../src/msm.cpp:604]   --->   Operation 17 'store' 'store_ln503' <Predicate = true> <Delay = 0.42>
ST_1 : Operation 18 [1/1] (0.00ns)   --->   "%br_ln0 = br void %for.inc.i"   --->   Operation 18 'br' 'br_ln0' <Predicate = true> <Delay = 0.00>
ST_1 : Operation 19 [1/1] (0.00ns)   --->   "%indvar_flatten_load = load i15 %indvar_flatten" [../src/msm.cpp:501->../src/msm.cpp:604]   --->   Operation 19 'load' 'indvar_flatten_load' <Predicate = true> <Delay = 0.00>
ST_1 : Operation 20 [1/1] (0.84ns)   --->   "%icmp_ln501 = icmp_eq  i15 %indvar_flatten_load, i15 26624" [../src/msm.cpp:501->../src/msm.cpp:604]   --->   Operation 20 'icmp' 'icmp_ln501' <Predicate = true> <Delay = 0.84> <CoreInst = "Cmp">   --->   Core 9 'Cmp' <Latency = 0> <II = 1> <Delay = 0.84> <FuncUnit> <Opcode : 'seteq' 'setne' 'setle' 'setge' 'setlt' 'setgt'> <InPorts = 2> <OutPorts = 1>
ST_1 : Operation 21 [1/1] (0.84ns)   --->   "%add_ln501_1 = add i15 %indvar_flatten_load, i15 1" [../src/msm.cpp:501->../src/msm.cpp:604]   --->   Operation 21 'add' 'add_ln501_1' <Predicate = true> <Delay = 0.84> <CoreInst = "Adder">   --->   Core 1 'Adder' <Latency = 0> <II = 1> <Delay = 0.84> <FuncUnit> <Opcode : 'add' 'sub'> <InPorts = 2> <OutPorts = 1>
ST_1 : Operation 22 [1/1] (0.00ns)   --->   "%br_ln501 = br i1 %icmp_ln501, void %for.inc7.i, void %while.cond.i.preheader.exitStub" [../src/msm.cpp:501->../src/msm.cpp:604]   --->   Operation 22 'br' 'br_ln501' <Predicate = true> <Delay = 0.00>
ST_1 : Operation 23 [1/1] (0.00ns)   --->   "%j_load = load i11 %j" [../src/msm.cpp:503->../src/msm.cpp:604]   --->   Operation 23 'load' 'j_load' <Predicate = (!icmp_ln501)> <Delay = 0.00>
ST_1 : Operation 24 [1/1] (0.00ns)   --->   "%i_load = load i5 %i" [../src/msm.cpp:501->../src/msm.cpp:604]   --->   Operation 24 'load' 'i_load' <Predicate = (!icmp_ln501)> <Delay = 0.00>
ST_1 : Operation 25 [1/1] (0.78ns)   --->   "%add_ln501 = add i5 %i_load, i5 1" [../src/msm.cpp:501->../src/msm.cpp:604]   --->   Operation 25 'add' 'add_ln501' <Predicate = (!icmp_ln501)> <Delay = 0.78> <CoreInst = "Adder">   --->   Core 1 'Adder' <Latency = 0> <II = 1> <Delay = 0.78> <FuncUnit> <Opcode : 'add' 'sub'> <InPorts = 2> <OutPorts = 1>
ST_1 : Operation 26 [1/1] (0.00ns)   --->   "%specloopname_ln0 = specloopname void @_ssdm_op_SpecLoopName, void @VITIS_LOOP_501_1_VITIS_LOOP_503_2_str"   --->   Operation 26 'specloopname' 'specloopname_ln0' <Predicate = (!icmp_ln501)> <Delay = 0.00>
ST_1 : Operation 27 [1/1] (0.00ns)   --->   "%speclooptripcount_ln0 = speclooptripcount void @_ssdm_op_SpecLoopTripCount, i64 26624, i64 26624, i64 26624"   --->   Operation 27 'speclooptripcount' 'speclooptripcount_ln0' <Predicate = (!icmp_ln501)> <Delay = 0.00>
ST_1 : Operation 28 [1/1] (0.79ns)   --->   "%icmp_ln503 = icmp_eq  i11 %j_load, i11 1024" [../src/msm.cpp:503->../src/msm.cpp:604]   --->   Operation 28 'icmp' 'icmp_ln503' <Predicate = (!icmp_ln501)> <Delay = 0.79> <CoreInst = "Cmp">   --->   Core 9 'Cmp' <Latency = 0> <II = 1> <Delay = 0.79> <FuncUnit> <Opcode : 'seteq' 'setne' 'setle' 'setge' 'setlt' 'setgt'> <InPorts = 2> <OutPorts = 1>
ST_1 : Operation 29 [1/1] (0.38ns)   --->   "%select_ln501 = select i1 %icmp_ln503, i11 0, i11 %j_load" [../src/msm.cpp:501->../src/msm.cpp:604]   --->   Operation 29 'select' 'select_ln501' <Predicate = (!icmp_ln501)> <Delay = 0.38> <CoreInst = "Sel">   --->   Core 73 'Sel' <Latency = 0> <II = 1> <Delay = 0.38> <FuncUnit> <Opcode : 'select'> <InPorts = 3> <OutPorts = 1>
ST_1 : Operation 30 [1/1] (0.41ns)   --->   "%select_ln501_1 = select i1 %icmp_ln503, i5 %add_ln501, i5 %i_load" [../src/msm.cpp:501->../src/msm.cpp:604]   --->   Operation 30 'select' 'select_ln501_1' <Predicate = (!icmp_ln501)> <Delay = 0.41> <CoreInst = "Sel">   --->   Core 73 'Sel' <Latency = 0> <II = 1> <Delay = 0.41> <FuncUnit> <Opcode : 'select'> <InPorts = 3> <OutPorts = 1>
ST_1 : Operation 31 [1/1] (0.00ns)   --->   "%trunc_ln503 = trunc i11 %select_ln501" [../src/msm.cpp:503->../src/msm.cpp:604]   --->   Operation 31 'trunc' 'trunc_ln503' <Predicate = (!icmp_ln501)> <Delay = 0.00>
ST_1 : Operation 32 [1/1] (0.00ns)   --->   "%specpipeline_ln503 = specpipeline void @_ssdm_op_SpecPipeline, i32 4294967295, i32 0, i32 0, i32 0, void @empty" [../src/msm.cpp:503->../src/msm.cpp:604]   --->   Operation 32 'specpipeline' 'specpipeline_ln503' <Predicate = (!icmp_ln501)> <Delay = 0.00>
ST_1 : Operation 33 [1/1] (0.00ns)   --->   "%lshr_ln = partselect i9 @_ssdm_op_PartSelect.i9.i11.i32.i32, i11 %select_ln501, i32 1, i32 9" [../src/msm.cpp:503->../src/msm.cpp:604]   --->   Operation 33 'partselect' 'lshr_ln' <Predicate = (!icmp_ln501)> <Delay = 0.00>
ST_1 : Operation 34 [1/1] (0.00ns)   --->   "%tmp_2 = bitconcatenate i14 @_ssdm_op_BitConcatenate.i14.i5.i9, i5 %select_ln501_1, i9 %lshr_ln" [../src/msm.cpp:505->../src/msm.cpp:604]   --->   Operation 34 'bitconcatenate' 'tmp_2' <Predicate = (!icmp_ln501)> <Delay = 0.00>
ST_1 : Operation 35 [1/1] (0.00ns)   --->   "%zext_ln505 = zext i14 %tmp_2" [../src/msm.cpp:505->../src/msm.cpp:604]   --->   Operation 35 'zext' 'zext_ln505' <Predicate = (!icmp_ln501)> <Delay = 0.00>
ST_1 : Operation 36 [1/1] (0.00ns)   --->   "%buckets_x_addr = getelementptr i256 %buckets_x, i64 0, i64 %zext_ln505" [../src/msm.cpp:505->../src/msm.cpp:604]   --->   Operation 36 'getelementptr' 'buckets_x_addr' <Predicate = (!icmp_ln501)> <Delay = 0.00>
ST_1 : Operation 37 [1/1] (0.00ns)   --->   "%buckets_x_1_addr = getelementptr i256 %buckets_x_1, i64 0, i64 %zext_ln505" [../src/msm.cpp:505->../src/msm.cpp:604]   --->   Operation 37 'getelementptr' 'buckets_x_1_addr' <Predicate = (!icmp_ln501)> <Delay = 0.00>
ST_1 : Operation 38 [1/1] (0.00ns)   --->   "%buckets_y_addr = getelementptr i256 %buckets_y, i64 0, i64 %zext_ln505" [../src/msm.cpp:505->../src/msm.cpp:604]   --->   Operation 38 'getelementptr' 'buckets_y_addr' <Predicate = (!icmp_ln501)> <Delay = 0.00>
ST_1 : Operation 39 [1/1] (0.00ns)   --->   "%buckets_y_1_addr = getelementptr i256 %buckets_y_1, i64 0, i64 %zext_ln505" [../src/msm.cpp:505->../src/msm.cpp:604]   --->   Operation 39 'getelementptr' 'buckets_y_1_addr' <Predicate = (!icmp_ln501)> <Delay = 0.00>
ST_1 : Operation 40 [1/1] (0.00ns)   --->   "%buckets_z_addr = getelementptr i256 %buckets_z, i64 0, i64 %zext_ln505" [../src/msm.cpp:505->../src/msm.cpp:604]   --->   Operation 40 'getelementptr' 'buckets_z_addr' <Predicate = (!icmp_ln501)> <Delay = 0.00>
ST_1 : Operation 41 [1/1] (0.00ns)   --->   "%buckets_z_1_addr = getelementptr i256 %buckets_z_1, i64 0, i64 %zext_ln505" [../src/msm.cpp:505->../src/msm.cpp:604]   --->   Operation 41 'getelementptr' 'buckets_z_1_addr' <Predicate = (!icmp_ln501)> <Delay = 0.00>
ST_1 : Operation 42 [1/1] (0.00ns)   --->   "%buckets_t_addr = getelementptr i256 %buckets_t, i64 0, i64 %zext_ln505" [../src/msm.cpp:505->../src/msm.cpp:604]   --->   Operation 42 'getelementptr' 'buckets_t_addr' <Predicate = (!icmp_ln501)> <Delay = 0.00>
ST_1 : Operation 43 [1/1] (0.00ns)   --->   "%buckets_t_1_addr = getelementptr i256 %buckets_t_1, i64 0, i64 %zext_ln505" [../src/msm.cpp:505->../src/msm.cpp:604]   --->   Operation 43 'getelementptr' 'buckets_t_1_addr' <Predicate = (!icmp_ln501)> <Delay = 0.00>
ST_1 : Operation 44 [1/1] (0.00ns)   --->   "%br_ln505 = br i1 %trunc_ln503, void %arrayidx61.3.i19.case.0, void %arrayidx61.3.i19.case.1" [../src/msm.cpp:505->../src/msm.cpp:604]   --->   Operation 44 'br' 'br_ln505' <Predicate = (!icmp_ln501)> <Delay = 0.00>
ST_1 : Operation 45 [1/1] ( I:1.23ns O:1.23ns )   --->   "%store_ln505 = store i256 0, i14 %buckets_x_addr" [../src/msm.cpp:505->../src/msm.cpp:604]   --->   Operation 45 'store' 'store_ln505' <Predicate = (!icmp_ln501 & !trunc_ln503)> <Delay = 1.23> <CoreInst = "RAM_T2P_URAM">   --->   Core 99 'RAM_T2P_URAM' <Latency = 1> <II = 1> <Delay = 1.23> <Storage> <Opcode : 'load' 'store'> <Ports = 2> <Width = 256> <Depth = 13312> <RAM>
ST_1 : Operation 46 [1/1] ( I:1.23ns O:1.23ns )   --->   "%store_ln505 = store i256 1, i14 %buckets_y_addr" [../src/msm.cpp:505->../src/msm.cpp:604]   --->   Operation 46 'store' 'store_ln505' <Predicate = (!icmp_ln501 & !trunc_ln503)> <Delay = 1.23> <CoreInst = "RAM_T2P_URAM">   --->   Core 99 'RAM_T2P_URAM' <Latency = 1> <II = 1> <Delay = 1.23> <Storage> <Opcode : 'load' 'store'> <Ports = 2> <Width = 256> <Depth = 13312> <RAM>
ST_1 : Operation 47 [1/1] ( I:1.23ns O:1.23ns )   --->   "%store_ln505 = store i256 1, i14 %buckets_z_addr" [../src/msm.cpp:505->../src/msm.cpp:604]   --->   Operation 47 'store' 'store_ln505' <Predicate = (!icmp_ln501 & !trunc_ln503)> <Delay = 1.23> <CoreInst = "RAM_T2P_URAM">   --->   Core 99 'RAM_T2P_URAM' <Latency = 1> <II = 1> <Delay = 1.23> <Storage> <Opcode : 'load' 'store'> <Ports = 2> <Width = 256> <Depth = 13312> <RAM>
ST_1 : Operation 48 [1/1] ( I:1.23ns O:1.23ns )   --->   "%store_ln505 = store i256 0, i14 %buckets_t_addr" [../src/msm.cpp:505->../src/msm.cpp:604]   --->   Operation 48 'store' 'store_ln505' <Predicate = (!icmp_ln501 & !trunc_ln503)> <Delay = 1.23> <CoreInst = "RAM_T2P_URAM">   --->   Core 99 'RAM_T2P_URAM' <Latency = 1> <II = 1> <Delay = 1.23> <Storage> <Opcode : 'load' 'store'> <Ports = 2> <Width = 256> <Depth = 13312> <RAM>
ST_1 : Operation 49 [1/1] (0.00ns)   --->   "%br_ln505 = br void %arrayidx61.3.i19.exit" [../src/msm.cpp:505->../src/msm.cpp:604]   --->   Operation 49 'br' 'br_ln505' <Predicate = (!icmp_ln501 & !trunc_ln503)> <Delay = 0.00>
ST_1 : Operation 50 [1/1] ( I:1.23ns O:1.23ns )   --->   "%store_ln505 = store i256 0, i14 %buckets_x_1_addr" [../src/msm.cpp:505->../src/msm.cpp:604]   --->   Operation 50 'store' 'store_ln505' <Predicate = (!icmp_ln501 & trunc_ln503)> <Delay = 1.23> <CoreInst = "RAM_T2P_URAM">   --->   Core 99 'RAM_T2P_URAM' <Latency = 1> <II = 1> <Delay = 1.23> <Storage> <Opcode : 'load' 'store'> <Ports = 2> <Width = 256> <Depth = 13312> <RAM>
ST_1 : Operation 51 [1/1] ( I:1.23ns O:1.23ns )   --->   "%store_ln505 = store i256 1, i14 %buckets_y_1_addr" [../src/msm.cpp:505->../src/msm.cpp:604]   --->   Operation 51 'store' 'store_ln505' <Predicate = (!icmp_ln501 & trunc_ln503)> <Delay = 1.23> <CoreInst = "RAM_T2P_URAM">   --->   Core 99 'RAM_T2P_URAM' <Latency = 1> <II = 1> <Delay = 1.23> <Storage> <Opcode : 'load' 'store'> <Ports = 2> <Width = 256> <Depth = 13312> <RAM>
ST_1 : Operation 52 [1/1] ( I:1.23ns O:1.23ns )   --->   "%store_ln505 = store i256 1, i14 %buckets_z_1_addr" [../src/msm.cpp:505->../src/msm.cpp:604]   --->   Operation 52 'store' 'store_ln505' <Predicate = (!icmp_ln501 & trunc_ln503)> <Delay = 1.23> <CoreInst = "RAM_T2P_URAM">   --->   Core 99 'RAM_T2P_URAM' <Latency = 1> <II = 1> <Delay = 1.23> <Storage> <Opcode : 'load' 'store'> <Ports = 2> <Width = 256> <Depth = 13312> <RAM>
ST_1 : Operation 53 [1/1] ( I:1.23ns O:1.23ns )   --->   "%store_ln505 = store i256 0, i14 %buckets_t_1_addr" [../src/msm.cpp:505->../src/msm.cpp:604]   --->   Operation 53 'store' 'store_ln505' <Predicate = (!icmp_ln501 & trunc_ln503)> <Delay = 1.23> <CoreInst = "RAM_T2P_URAM">   --->   Core 99 'RAM_T2P_URAM' <Latency = 1> <II = 1> <Delay = 1.23> <Storage> <Opcode : 'load' 'store'> <Ports = 2> <Width = 256> <Depth = 13312> <RAM>
ST_1 : Operation 54 [1/1] (0.00ns)   --->   "%br_ln505 = br void %arrayidx61.3.i19.exit" [../src/msm.cpp:505->../src/msm.cpp:604]   --->   Operation 54 'br' 'br_ln505' <Predicate = (!icmp_ln501 & trunc_ln503)> <Delay = 0.00>
ST_1 : Operation 55 [1/1] (0.79ns)   --->   "%add_ln503 = add i11 %select_ln501, i11 1" [../src/msm.cpp:503->../src/msm.cpp:604]   --->   Operation 55 'add' 'add_ln503' <Predicate = (!icmp_ln501)> <Delay = 0.79> <CoreInst = "Adder">   --->   Core 1 'Adder' <Latency = 0> <II = 1> <Delay = 0.79> <FuncUnit> <Opcode : 'add' 'sub'> <InPorts = 2> <OutPorts = 1>
ST_1 : Operation 56 [1/1] (0.42ns)   --->   "%store_ln501 = store i15 %add_ln501_1, i15 %indvar_flatten" [../src/msm.cpp:501->../src/msm.cpp:604]   --->   Operation 56 'store' 'store_ln501' <Predicate = (!icmp_ln501)> <Delay = 0.42>
ST_1 : Operation 57 [1/1] (0.42ns)   --->   "%store_ln501 = store i5 %select_ln501_1, i5 %i" [../src/msm.cpp:501->../src/msm.cpp:604]   --->   Operation 57 'store' 'store_ln501' <Predicate = (!icmp_ln501)> <Delay = 0.42>
ST_1 : Operation 58 [1/1] (0.42ns)   --->   "%store_ln503 = store i11 %add_ln503, i11 %j" [../src/msm.cpp:503->../src/msm.cpp:604]   --->   Operation 58 'store' 'store_ln503' <Predicate = (!icmp_ln501)> <Delay = 0.42>
ST_1 : Operation 59 [1/1] (0.00ns)   --->   "%br_ln503 = br void %for.inc.i" [../src/msm.cpp:503->../src/msm.cpp:604]   --->   Operation 59 'br' 'br_ln503' <Predicate = (!icmp_ln501)> <Delay = 0.00>
ST_1 : Operation 60 [1/1] (0.42ns)   --->   "%ret_ln0 = ret"   --->   Operation 60 'ret' 'ret_ln0' <Predicate = (icmp_ln501)> <Delay = 0.42>


============================================================
+ Verbose Summary: Binding
============================================================
STG Binding: 
---------------- STG Properties BEGIN ----------------
- Is combinational: 0
- Is one-state seq: 0
- Is datapath-only: 0
- Is pipelined: 0
- Is top level: 0
Port [ Return ] is wired: 1; IO mode=ap_ctrl_hs:ce=0
Port [ buckets_x]:  wired=1; compound=1; hidden=0; nouse=0; global=0; static=0; extern=0; dir=1; type=1; pingpong=0; private_global=0; MemPort=[03]; IO mode=ap_memory:ce=0
Port [ buckets_x_1]:  wired=1; compound=1; hidden=0; nouse=0; global=0; static=0; extern=0; dir=1; type=1; pingpong=0; private_global=0; MemPort=[03]; IO mode=ap_memory:ce=0
Port [ buckets_y]:  wired=1; compound=1; hidden=0; nouse=0; global=0; static=0; extern=0; dir=1; type=1; pingpong=0; private_global=0; MemPort=[03]; IO mode=ap_memory:ce=0
Port [ buckets_y_1]:  wired=1; compound=1; hidden=0; nouse=0; global=0; static=0; extern=0; dir=1; type=1; pingpong=0; private_global=0; MemPort=[03]; IO mode=ap_memory:ce=0
Port [ buckets_z]:  wired=1; compound=1; hidden=0; nouse=0; global=0; static=0; extern=0; dir=1; type=1; pingpong=0; private_global=0; MemPort=[03]; IO mode=ap_memory:ce=0
Port [ buckets_z_1]:  wired=1; compound=1; hidden=0; nouse=0; global=0; static=0; extern=0; dir=1; type=1; pingpong=0; private_global=0; MemPort=[03]; IO mode=ap_memory:ce=0
Port [ buckets_t]:  wired=1; compound=1; hidden=0; nouse=0; global=0; static=0; extern=0; dir=1; type=1; pingpong=0; private_global=0; MemPort=[03]; IO mode=ap_memory:ce=0
Port [ buckets_t_1]:  wired=1; compound=1; hidden=0; nouse=0; global=0; static=0; extern=0; dir=1; type=1; pingpong=0; private_global=0; MemPort=[03]; IO mode=ap_memory:ce=0
---------------- STG Properties END ------------------

---------------- Datapath Model BEGIN ----------------

<LifeTime>
<method=bitvector/>
j                     (alloca           ) [ 01]
i                     (alloca           ) [ 01]
indvar_flatten        (alloca           ) [ 01]
specmemcore_ln0       (specmemcore      ) [ 00]
specmemcore_ln0       (specmemcore      ) [ 00]
specmemcore_ln0       (specmemcore      ) [ 00]
specmemcore_ln0       (specmemcore      ) [ 00]
specmemcore_ln0       (specmemcore      ) [ 00]
specmemcore_ln0       (specmemcore      ) [ 00]
specmemcore_ln0       (specmemcore      ) [ 00]
specmemcore_ln0       (specmemcore      ) [ 00]
store_ln0             (store            ) [ 00]
store_ln501           (store            ) [ 00]
store_ln503           (store            ) [ 00]
br_ln0                (br               ) [ 00]
indvar_flatten_load   (load             ) [ 00]
icmp_ln501            (icmp             ) [ 01]
add_ln501_1           (add              ) [ 00]
br_ln501              (br               ) [ 00]
j_load                (load             ) [ 00]
i_load                (load             ) [ 00]
add_ln501             (add              ) [ 00]
specloopname_ln0      (specloopname     ) [ 00]
speclooptripcount_ln0 (speclooptripcount) [ 00]
icmp_ln503            (icmp             ) [ 00]
select_ln501          (select           ) [ 00]
select_ln501_1        (select           ) [ 00]
trunc_ln503           (trunc            ) [ 01]
specpipeline_ln503    (specpipeline     ) [ 00]
lshr_ln               (partselect       ) [ 00]
tmp_2                 (bitconcatenate   ) [ 00]
zext_ln505            (zext             ) [ 00]
buckets_x_addr        (getelementptr    ) [ 00]
buckets_x_1_addr      (getelementptr    ) [ 00]
buckets_y_addr        (getelementptr    ) [ 00]
buckets_y_1_addr      (getelementptr    ) [ 00]
buckets_z_addr        (getelementptr    ) [ 00]
buckets_z_1_addr      (getelementptr    ) [ 00]
buckets_t_addr        (getelementptr    ) [ 00]
buckets_t_1_addr      (getelementptr    ) [ 00]
br_ln505              (br               ) [ 00]
store_ln505           (store            ) [ 00]
store_ln505           (store            ) [ 00]
store_ln505           (store            ) [ 00]
store_ln505           (store            ) [ 00]
br_ln505              (br               ) [ 00]
store_ln505           (store            ) [ 00]
store_ln505           (store            ) [ 00]
store_ln505           (store            ) [ 00]
store_ln505           (store            ) [ 00]
br_ln505              (br               ) [ 00]
add_ln503             (add              ) [ 00]
store_ln501           (store            ) [ 00]
store_ln501           (store            ) [ 00]
store_ln503           (store            ) [ 00]
br_ln503              (br               ) [ 00]
ret_ln0               (ret              ) [ 00]
</LifeTime>

<model>

<comp_list>
<comp id="0" class="1000" name="buckets_x">
<pin_list>
<pin id="1" dir="1" index="0" bw="1" slack="0"/>
</pin_list>
<bind>
<StgValue><ssdm name="buckets_x"/><MemPortTyVec>0 3 </MemPortTyVec>
</StgValue>
</bind>
</comp>

<comp id="2" class="1000" name="buckets_x_1">
<pin_list>
<pin id="3" dir="1" index="0" bw="1" slack="0"/>
</pin_list>
<bind>
<StgValue><ssdm name="buckets_x_1"/><MemPortTyVec>0 3 </MemPortTyVec>
</StgValue>
</bind>
</comp>

<comp id="4" class="1000" name="buckets_y">
<pin_list>
<pin id="5" dir="1" index="0" bw="1" slack="0"/>
</pin_list>
<bind>
<StgValue><ssdm name="buckets_y"/><MemPortTyVec>0 3 </MemPortTyVec>
</StgValue>
</bind>
</comp>

<comp id="6" class="1000" name="buckets_y_1">
<pin_list>
<pin id="7" dir="1" index="0" bw="1" slack="0"/>
</pin_list>
<bind>
<StgValue><ssdm name="buckets_y_1"/><MemPortTyVec>0 3 </MemPortTyVec>
</StgValue>
</bind>
</comp>

<comp id="8" class="1000" name="buckets_z">
<pin_list>
<pin id="9" dir="1" index="0" bw="1" slack="0"/>
</pin_list>
<bind>
<StgValue><ssdm name="buckets_z"/><MemPortTyVec>0 3 </MemPortTyVec>
</StgValue>
</bind>
</comp>

<comp id="10" class="1000" name="buckets_z_1">
<pin_list>
<pin id="11" dir="1" index="0" bw="1" slack="0"/>
</pin_list>
<bind>
<StgValue><ssdm name="buckets_z_1"/><MemPortTyVec>0 3 </MemPortTyVec>
</StgValue>
</bind>
</comp>

<comp id="12" class="1000" name="buckets_t">
<pin_list>
<pin id="13" dir="1" index="0" bw="1" slack="0"/>
</pin_list>
<bind>
<StgValue><ssdm name="buckets_t"/><MemPortTyVec>0 3 </MemPortTyVec>
</StgValue>
</bind>
</comp>

<comp id="14" class="1000" name="buckets_t_1">
<pin_list>
<pin id="15" dir="1" index="0" bw="1" slack="0"/>
</pin_list>
<bind>
<StgValue><ssdm name="buckets_t_1"/><MemPortTyVec>0 3 </MemPortTyVec>
</StgValue>
</bind>
</comp>

<comp id="16" class="1001" name="const_16">
<pin_list>
<pin id="17" dir="1" index="0" bw="1" slack="0"/>
</pin_list>
<bind>
<StgValue><ssdm name=""/></StgValue>
</bind>
</comp>

<comp id="18" class="1001" name="const_18">
<pin_list>
<pin id="19" dir="1" index="0" bw="1" slack="2147483647"/>
</pin_list>
<bind>
<StgValue><ssdm name="_ssdm_op_SpecMemCore"/></StgValue>
</bind>
</comp>

<comp id="20" class="1001" name="const_20">
<pin_list>
<pin id="21" dir="1" index="0" bw="1" slack="2147483647"/>
</pin_list>
<bind>
<StgValue><ssdm name=""/></StgValue>
</bind>
</comp>

<comp id="22" class="1001" name="const_22">
<pin_list>
<pin id="23" dir="1" index="0" bw="1" slack="2147483647"/>
</pin_list>
<bind>
<StgValue><ssdm name=""/></StgValue>
</bind>
</comp>

<comp id="24" class="1001" name="const_24">
<pin_list>
<pin id="25" dir="1" index="0" bw="1" slack="2147483647"/>
</pin_list>
<bind>
<StgValue><ssdm name=""/></StgValue>
</bind>
</comp>

<comp id="26" class="1001" name="const_26">
<pin_list>
<pin id="27" dir="1" index="0" bw="1" slack="0"/>
</pin_list>
<bind>
<StgValue><ssdm name=""/></StgValue>
</bind>
</comp>

<comp id="28" class="1001" name="const_28">
<pin_list>
<pin id="29" dir="1" index="0" bw="1" slack="0"/>
</pin_list>
<bind>
<StgValue><ssdm name=""/></StgValue>
</bind>
</comp>

<comp id="30" class="1001" name="const_30">
<pin_list>
<pin id="31" dir="1" index="0" bw="1" slack="0"/>
</pin_list>
<bind>
<StgValue><ssdm name=""/></StgValue>
</bind>
</comp>

<comp id="32" class="1001" name="const_32">
<pin_list>
<pin id="33" dir="1" index="0" bw="1" slack="0"/>
</pin_list>
<bind>
<StgValue><ssdm name=""/></StgValue>
</bind>
</comp>

<comp id="34" class="1001" name="const_34">
<pin_list>
<pin id="35" dir="1" index="0" bw="1" slack="0"/>
</pin_list>
<bind>
<StgValue><ssdm name=""/></StgValue>
</bind>
</comp>

<comp id="36" class="1001" name="const_36">
<pin_list>
<pin id="37" dir="1" index="0" bw="1" slack="0"/>
</pin_list>
<bind>
<StgValue><ssdm name=""/></StgValue>
</bind>
</comp>

<comp id="38" class="1001" name="const_38">
<pin_list>
<pin id="39" dir="1" index="0" bw="1" slack="2147483647"/>
</pin_list>
<bind>
<StgValue><ssdm name="_ssdm_op_SpecLoopName"/></StgValue>
</bind>
</comp>

<comp id="40" class="1001" name="const_40">
<pin_list>
<pin id="41" dir="1" index="0" bw="1" slack="2147483647"/>
</pin_list>
<bind>
<StgValue><ssdm name="VITIS_LOOP_501_1_VITIS_LOOP_503_2_str"/></StgValue>
</bind>
</comp>

<comp id="42" class="1001" name="const_42">
<pin_list>
<pin id="43" dir="1" index="0" bw="1" slack="2147483647"/>
</pin_list>
<bind>
<StgValue><ssdm name="_ssdm_op_SpecLoopTripCount"/></StgValue>
</bind>
</comp>

<comp id="44" class="1001" name="const_44">
<pin_list>
<pin id="45" dir="1" index="0" bw="1" slack="2147483647"/>
</pin_list>
<bind>
<StgValue><ssdm name=""/></StgValue>
</bind>
</comp>

<comp id="46" class="1001" name="const_46">
<pin_list>
<pin id="47" dir="1" index="0" bw="1" slack="0"/>
</pin_list>
<bind>
<StgValue><ssdm name=""/></StgValue>
</bind>
</comp>

<comp id="48" class="1001" name="const_48">
<pin_list>
<pin id="49" dir="1" index="0" bw="1" slack="2147483647"/>
</pin_list>
<bind>
<StgValue><ssdm name="_ssdm_op_SpecPipeline"/></StgValue>
</bind>
</comp>

<comp id="50" class="1001" name="const_50">
<pin_list>
<pin id="51" dir="1" index="0" bw="1" slack="2147483647"/>
</pin_list>
<bind>
<StgValue><ssdm name=""/></StgValue>
</bind>
</comp>

<comp id="52" class="1001" name="const_52">
<pin_list>
<pin id="53" dir="1" index="0" bw="1" slack="2147483647"/>
</pin_list>
<bind>
<StgValue><ssdm name=""/></StgValue>
</bind>
</comp>

<comp id="54" class="1001" name="const_54">
<pin_list>
<pin id="55" dir="1" index="0" bw="1" slack="2147483647"/>
</pin_list>
<bind>
<StgValue><ssdm name="empty"/></StgValue>
</bind>
</comp>

<comp id="56" class="1001" name="const_56">
<pin_list>
<pin id="57" dir="1" index="0" bw="1" slack="0"/>
</pin_list>
<bind>
<StgValue><ssdm name="_ssdm_op_PartSelect.i9.i11.i32.i32"/></StgValue>
</bind>
</comp>

<comp id="58" class="1001" name="const_58">
<pin_list>
<pin id="59" dir="1" index="0" bw="1" slack="0"/>
</pin_list>
<bind>
<StgValue><ssdm name=""/></StgValue>
</bind>
</comp>

<comp id="60" class="1001" name="const_60">
<pin_list>
<pin id="61" dir="1" index="0" bw="1" slack="0"/>
</pin_list>
<bind>
<StgValue><ssdm name="_ssdm_op_BitConcatenate.i14.i5.i9"/></StgValue>
</bind>
</comp>

<comp id="62" class="1001" name="const_62">
<pin_list>
<pin id="63" dir="1" index="0" bw="1" slack="0"/>
</pin_list>
<bind>
<StgValue><ssdm name=""/></StgValue>
</bind>
</comp>

<comp id="64" class="1001" name="const_64">
<pin_list>
<pin id="65" dir="1" index="0" bw="1" slack="0"/>
</pin_list>
<bind>
<StgValue><ssdm name=""/></StgValue>
</bind>
</comp>

<comp id="66" class="1001" name="const_66">
<pin_list>
<pin id="67" dir="1" index="0" bw="1" slack="0"/>
</pin_list>
<bind>
<StgValue><ssdm name=""/></StgValue>
</bind>
</comp>

<comp id="68" class="1001" name="const_68">
<pin_list>
<pin id="69" dir="1" index="0" bw="1" slack="0"/>
</pin_list>
<bind>
<StgValue><ssdm name=""/></StgValue>
</bind>
</comp>

<comp id="70" class="1004" name="j_fu_70">
<pin_list>
<pin id="71" dir="0" index="0" bw="1" slack="0"/>
<pin id="72" dir="1" index="1" bw="11" slack="0"/>
</pin_list>
<bind>
<opcode="alloca(26) " fcode="alloca"/>
<opset="j/1 "/>
</bind>
</comp>

<comp id="74" class="1004" name="i_fu_74">
<pin_list>
<pin id="75" dir="0" index="0" bw="1" slack="0"/>
<pin id="76" dir="1" index="1" bw="5" slack="0"/>
</pin_list>
<bind>
<opcode="alloca(26) " fcode="alloca"/>
<opset="i/1 "/>
</bind>
</comp>

<comp id="78" class="1004" name="indvar_flatten_fu_78">
<pin_list>
<pin id="79" dir="0" index="0" bw="1" slack="0"/>
<pin id="80" dir="1" index="1" bw="15" slack="0"/>
</pin_list>
<bind>
<opcode="alloca(26) " fcode="alloca"/>
<opset="indvar_flatten/1 "/>
</bind>
</comp>

<comp id="82" class="1004" name="buckets_x_addr_gep_fu_82">
<pin_list>
<pin id="83" dir="0" index="0" bw="256" slack="0"/>
<pin id="84" dir="0" index="1" bw="1" slack="0"/>
<pin id="85" dir="0" index="2" bw="14" slack="0"/>
<pin id="86" dir="1" index="3" bw="14" slack="0"/>
</pin_list>
<bind>
<opcode="getelementptr(29) " fcode="getelementptr"/>
<opset="buckets_x_addr/1 "/>
</bind>
</comp>

<comp id="89" class="1004" name="buckets_x_1_addr_gep_fu_89">
<pin_list>
<pin id="90" dir="0" index="0" bw="256" slack="0"/>
<pin id="91" dir="0" index="1" bw="1" slack="0"/>
<pin id="92" dir="0" index="2" bw="14" slack="0"/>
<pin id="93" dir="1" index="3" bw="14" slack="0"/>
</pin_list>
<bind>
<opcode="getelementptr(29) " fcode="getelementptr"/>
<opset="buckets_x_1_addr/1 "/>
</bind>
</comp>

<comp id="96" class="1004" name="buckets_y_addr_gep_fu_96">
<pin_list>
<pin id="97" dir="0" index="0" bw="256" slack="0"/>
<pin id="98" dir="0" index="1" bw="1" slack="0"/>
<pin id="99" dir="0" index="2" bw="14" slack="0"/>
<pin id="100" dir="1" index="3" bw="14" slack="0"/>
</pin_list>
<bind>
<opcode="getelementptr(29) " fcode="getelementptr"/>
<opset="buckets_y_addr/1 "/>
</bind>
</comp>

<comp id="103" class="1004" name="buckets_y_1_addr_gep_fu_103">
<pin_list>
<pin id="104" dir="0" index="0" bw="256" slack="0"/>
<pin id="105" dir="0" index="1" bw="1" slack="0"/>
<pin id="106" dir="0" index="2" bw="14" slack="0"/>
<pin id="107" dir="1" index="3" bw="14" slack="0"/>
</pin_list>
<bind>
<opcode="getelementptr(29) " fcode="getelementptr"/>
<opset="buckets_y_1_addr/1 "/>
</bind>
</comp>

<comp id="110" class="1004" name="buckets_z_addr_gep_fu_110">
<pin_list>
<pin id="111" dir="0" index="0" bw="256" slack="0"/>
<pin id="112" dir="0" index="1" bw="1" slack="0"/>
<pin id="113" dir="0" index="2" bw="14" slack="0"/>
<pin id="114" dir="1" index="3" bw="14" slack="0"/>
</pin_list>
<bind>
<opcode="getelementptr(29) " fcode="getelementptr"/>
<opset="buckets_z_addr/1 "/>
</bind>
</comp>

<comp id="117" class="1004" name="buckets_z_1_addr_gep_fu_117">
<pin_list>
<pin id="118" dir="0" index="0" bw="256" slack="0"/>
<pin id="119" dir="0" index="1" bw="1" slack="0"/>
<pin id="120" dir="0" index="2" bw="14" slack="0"/>
<pin id="121" dir="1" index="3" bw="14" slack="0"/>
</pin_list>
<bind>
<opcode="getelementptr(29) " fcode="getelementptr"/>
<opset="buckets_z_1_addr/1 "/>
</bind>
</comp>

<comp id="124" class="1004" name="buckets_t_addr_gep_fu_124">
<pin_list>
<pin id="125" dir="0" index="0" bw="256" slack="0"/>
<pin id="126" dir="0" index="1" bw="1" slack="0"/>
<pin id="127" dir="0" index="2" bw="14" slack="0"/>
<pin id="128" dir="1" index="3" bw="14" slack="0"/>
</pin_list>
<bind>
<opcode="getelementptr(29) " fcode="getelementptr"/>
<opset="buckets_t_addr/1 "/>
</bind>
</comp>

<comp id="131" class="1004" name="buckets_t_1_addr_gep_fu_131">
<pin_list>
<pin id="132" dir="0" index="0" bw="256" slack="0"/>
<pin id="133" dir="0" index="1" bw="1" slack="0"/>
<pin id="134" dir="0" index="2" bw="14" slack="0"/>
<pin id="135" dir="1" index="3" bw="14" slack="0"/>
</pin_list>
<bind>
<opcode="getelementptr(29) " fcode="getelementptr"/>
<opset="buckets_t_1_addr/1 "/>
</bind>
</comp>

<comp id="138" class="1004" name="store_ln505_access_fu_138">
<pin_list>
<pin id="139" dir="0" index="0" bw="14" slack="0"/>
<pin id="140" dir="0" index="1" bw="256" slack="0"/>
<pin id="141" dir="0" index="2" bw="0" slack="2147483647"/>
<pin id="142" dir="1" index="3" bw="256" slack="2147483647"/>
</pin_list>
<bind>
<opcode="store(28) " fcode="store"/>
<opset="store_ln505/1 "/>
</bind>
</comp>

<comp id="145" class="1004" name="store_ln505_access_fu_145">
<pin_list>
<pin id="146" dir="0" index="0" bw="14" slack="0"/>
<pin id="147" dir="0" index="1" bw="256" slack="0"/>
<pin id="148" dir="0" index="2" bw="0" slack="2147483647"/>
<pin id="149" dir="1" index="3" bw="256" slack="2147483647"/>
</pin_list>
<bind>
<opcode="store(28) " fcode="store"/>
<opset="store_ln505/1 "/>
</bind>
</comp>

<comp id="152" class="1004" name="store_ln505_access_fu_152">
<pin_list>
<pin id="153" dir="0" index="0" bw="14" slack="0"/>
<pin id="154" dir="0" index="1" bw="256" slack="0"/>
<pin id="155" dir="0" index="2" bw="0" slack="2147483647"/>
<pin id="156" dir="1" index="3" bw="256" slack="2147483647"/>
</pin_list>
<bind>
<opcode="store(28) " fcode="store"/>
<opset="store_ln505/1 "/>
</bind>
</comp>

<comp id="159" class="1004" name="store_ln505_access_fu_159">
<pin_list>
<pin id="160" dir="0" index="0" bw="14" slack="0"/>
<pin id="161" dir="0" index="1" bw="256" slack="0"/>
<pin id="162" dir="0" index="2" bw="0" slack="2147483647"/>
<pin id="163" dir="1" index="3" bw="256" slack="2147483647"/>
</pin_list>
<bind>
<opcode="store(28) " fcode="store"/>
<opset="store_ln505/1 "/>
</bind>
</comp>

<comp id="166" class="1004" name="store_ln505_access_fu_166">
<pin_list>
<pin id="167" dir="0" index="0" bw="14" slack="0"/>
<pin id="168" dir="0" index="1" bw="256" slack="0"/>
<pin id="169" dir="0" index="2" bw="0" slack="2147483647"/>
<pin id="170" dir="1" index="3" bw="256" slack="2147483647"/>
</pin_list>
<bind>
<opcode="store(28) " fcode="store"/>
<opset="store_ln505/1 "/>
</bind>
</comp>

<comp id="173" class="1004" name="store_ln505_access_fu_173">
<pin_list>
<pin id="174" dir="0" index="0" bw="14" slack="0"/>
<pin id="175" dir="0" index="1" bw="256" slack="0"/>
<pin id="176" dir="0" index="2" bw="0" slack="2147483647"/>
<pin id="177" dir="1" index="3" bw="256" slack="2147483647"/>
</pin_list>
<bind>
<opcode="store(28) " fcode="store"/>
<opset="store_ln505/1 "/>
</bind>
</comp>

<comp id="180" class="1004" name="store_ln505_access_fu_180">
<pin_list>
<pin id="181" dir="0" index="0" bw="14" slack="0"/>
<pin id="182" dir="0" index="1" bw="256" slack="0"/>
<pin id="183" dir="0" index="2" bw="0" slack="2147483647"/>
<pin id="184" dir="1" index="3" bw="256" slack="2147483647"/>
</pin_list>
<bind>
<opcode="store(28) " fcode="store"/>
<opset="store_ln505/1 "/>
</bind>
</comp>

<comp id="187" class="1004" name="store_ln505_access_fu_187">
<pin_list>
<pin id="188" dir="0" index="0" bw="14" slack="0"/>
<pin id="189" dir="0" index="1" bw="256" slack="0"/>
<pin id="190" dir="0" index="2" bw="0" slack="2147483647"/>
<pin id="191" dir="1" index="3" bw="256" slack="2147483647"/>
</pin_list>
<bind>
<opcode="store(28) " fcode="store"/>
<opset="store_ln505/1 "/>
</bind>
</comp>

<comp id="194" class="1004" name="store_ln0_store_fu_194">
<pin_list>
<pin id="195" dir="0" index="0" bw="1" slack="0"/>
<pin id="196" dir="0" index="1" bw="15" slack="0"/>
<pin id="197" dir="1" index="2" bw="0" slack="2147483647"/>
</pin_list>
<bind>
<opcode="store(28) " fcode="store"/>
<opset="store_ln0/1 "/>
</bind>
</comp>

<comp id="199" class="1004" name="store_ln501_store_fu_199">
<pin_list>
<pin id="200" dir="0" index="0" bw="1" slack="0"/>
<pin id="201" dir="0" index="1" bw="5" slack="0"/>
<pin id="202" dir="1" index="2" bw="0" slack="2147483647"/>
</pin_list>
<bind>
<opcode="store(28) " fcode="store"/>
<opset="store_ln501/1 "/>
</bind>
</comp>

<comp id="204" class="1004" name="store_ln503_store_fu_204">
<pin_list>
<pin id="205" dir="0" index="0" bw="1" slack="0"/>
<pin id="206" dir="0" index="1" bw="11" slack="0"/>
<pin id="207" dir="1" index="2" bw="0" slack="2147483647"/>
</pin_list>
<bind>
<opcode="store(28) " fcode="store"/>
<opset="store_ln503/1 "/>
</bind>
</comp>

<comp id="209" class="1004" name="indvar_flatten_load_load_fu_209">
<pin_list>
<pin id="210" dir="0" index="0" bw="15" slack="0"/>
<pin id="211" dir="1" index="1" bw="15" slack="0"/>
</pin_list>
<bind>
<opcode="load(27) " fcode="load"/>
<opset="indvar_flatten_load/1 "/>
</bind>
</comp>

<comp id="212" class="1004" name="icmp_ln501_fu_212">
<pin_list>
<pin id="213" dir="0" index="0" bw="15" slack="0"/>
<pin id="214" dir="0" index="1" bw="14" slack="0"/>
<pin id="215" dir="1" index="2" bw="1" slack="2147483647"/>
</pin_list>
<bind>
<opcode="icmp(45) " fcode="icmp"/>
<opset="icmp_ln501/1 "/>
</bind>
</comp>

<comp id="218" class="1004" name="add_ln501_1_fu_218">
<pin_list>
<pin id="219" dir="0" index="0" bw="15" slack="0"/>
<pin id="220" dir="0" index="1" bw="1" slack="0"/>
<pin id="221" dir="1" index="2" bw="15" slack="0"/>
</pin_list>
<bind>
<opcode="add(8) " fcode="add"/>
<opset="add_ln501_1/1 "/>
</bind>
</comp>

<comp id="224" class="1004" name="j_load_load_fu_224">
<pin_list>
<pin id="225" dir="0" index="0" bw="11" slack="0"/>
<pin id="226" dir="1" index="1" bw="11" slack="0"/>
</pin_list>
<bind>
<opcode="load(27) " fcode="load"/>
<opset="j_load/1 "/>
</bind>
</comp>

<comp id="227" class="1004" name="i_load_load_fu_227">
<pin_list>
<pin id="228" dir="0" index="0" bw="5" slack="0"/>
<pin id="229" dir="1" index="1" bw="5" slack="0"/>
</pin_list>
<bind>
<opcode="load(27) " fcode="load"/>
<opset="i_load/1 "/>
</bind>
</comp>

<comp id="230" class="1004" name="add_ln501_fu_230">
<pin_list>
<pin id="231" dir="0" index="0" bw="5" slack="0"/>
<pin id="232" dir="0" index="1" bw="1" slack="0"/>
<pin id="233" dir="1" index="2" bw="5" slack="0"/>
</pin_list>
<bind>
<opcode="add(8) " fcode="add"/>
<opset="add_ln501/1 "/>
</bind>
</comp>

<comp id="236" class="1004" name="icmp_ln503_fu_236">
<pin_list>
<pin id="237" dir="0" index="0" bw="11" slack="0"/>
<pin id="238" dir="0" index="1" bw="11" slack="0"/>
<pin id="239" dir="1" index="2" bw="1" slack="0"/>
</pin_list>
<bind>
<opcode="icmp(45) " fcode="icmp"/>
<opset="icmp_ln503/1 "/>
</bind>
</comp>

<comp id="242" class="1004" name="select_ln501_fu_242">
<pin_list>
<pin id="243" dir="0" index="0" bw="1" slack="0"/>
<pin id="244" dir="0" index="1" bw="1" slack="0"/>
<pin id="245" dir="0" index="2" bw="11" slack="0"/>
<pin id="246" dir="1" index="3" bw="11" slack="0"/>
</pin_list>
<bind>
<opcode="select(49) " fcode="select"/>
<opset="select_ln501/1 "/>
</bind>
</comp>

<comp id="250" class="1004" name="select_ln501_1_fu_250">
<pin_list>
<pin id="251" dir="0" index="0" bw="1" slack="0"/>
<pin id="252" dir="0" index="1" bw="5" slack="0"/>
<pin id="253" dir="0" index="2" bw="5" slack="0"/>
<pin id="254" dir="1" index="3" bw="5" slack="0"/>
</pin_list>
<bind>
<opcode="select(49) " fcode="select"/>
<opset="select_ln501_1/1 "/>
</bind>
</comp>

<comp id="258" class="1004" name="trunc_ln503_fu_258">
<pin_list>
<pin id="259" dir="0" index="0" bw="11" slack="0"/>
<pin id="260" dir="1" index="1" bw="1" slack="2147483647"/>
</pin_list>
<bind>
<opcode="trunc(33) " fcode="trunc"/>
<opset="trunc_ln503/1 "/>
</bind>
</comp>

<comp id="262" class="1004" name="lshr_ln_fu_262">
<pin_list>
<pin id="263" dir="0" index="0" bw="9" slack="0"/>
<pin id="264" dir="0" index="1" bw="11" slack="0"/>
<pin id="265" dir="0" index="2" bw="1" slack="0"/>
<pin id="266" dir="0" index="3" bw="5" slack="0"/>
<pin id="267" dir="1" index="4" bw="9" slack="0"/>
</pin_list>
<bind>
<opcode="partselect(1002) " fcode="partselect"/>
<opset="lshr_ln/1 "/>
</bind>
</comp>

<comp id="272" class="1004" name="tmp_2_fu_272">
<pin_list>
<pin id="273" dir="0" index="0" bw="14" slack="0"/>
<pin id="274" dir="0" index="1" bw="5" slack="0"/>
<pin id="275" dir="0" index="2" bw="9" slack="0"/>
<pin id="276" dir="1" index="3" bw="14" slack="0"/>
</pin_list>
<bind>
<opcode="bitconcatenate(1004) " fcode="bitconcatenate"/>
<opset="tmp_2/1 "/>
</bind>
</comp>

<comp id="280" class="1004" name="zext_ln505_fu_280">
<pin_list>
<pin id="281" dir="0" index="0" bw="14" slack="0"/>
<pin id="282" dir="1" index="1" bw="64" slack="0"/>
</pin_list>
<bind>
<opcode="zext(34) " fcode="zext"/>
<opset="zext_ln505/1 "/>
</bind>
</comp>

<comp id="292" class="1004" name="add_ln503_fu_292">
<pin_list>
<pin id="293" dir="0" index="0" bw="11" slack="0"/>
<pin id="294" dir="0" index="1" bw="1" slack="0"/>
<pin id="295" dir="1" index="2" bw="11" slack="0"/>
</pin_list>
<bind>
<opcode="add(8) " fcode="add"/>
<opset="add_ln503/1 "/>
</bind>
</comp>

<comp id="298" class="1004" name="store_ln501_store_fu_298">
<pin_list>
<pin id="299" dir="0" index="0" bw="15" slack="0"/>
<pin id="300" dir="0" index="1" bw="15" slack="0"/>
<pin id="301" dir="1" index="2" bw="0" slack="2147483647"/>
</pin_list>
<bind>
<opcode="store(28) " fcode="store"/>
<opset="store_ln501/1 "/>
</bind>
</comp>

<comp id="303" class="1004" name="store_ln501_store_fu_303">
<pin_list>
<pin id="304" dir="0" index="0" bw="5" slack="0"/>
<pin id="305" dir="0" index="1" bw="5" slack="0"/>
<pin id="306" dir="1" index="2" bw="0" slack="2147483647"/>
</pin_list>
<bind>
<opcode="store(28) " fcode="store"/>
<opset="store_ln501/1 "/>
</bind>
</comp>

<comp id="308" class="1004" name="store_ln503_store_fu_308">
<pin_list>
<pin id="309" dir="0" index="0" bw="11" slack="0"/>
<pin id="310" dir="0" index="1" bw="11" slack="0"/>
<pin id="311" dir="1" index="2" bw="0" slack="2147483647"/>
</pin_list>
<bind>
<opcode="store(28) " fcode="store"/>
<opset="store_ln503/1 "/>
</bind>
</comp>

<comp id="313" class="1005" name="j_reg_313">
<pin_list>
<pin id="314" dir="0" index="0" bw="11" slack="0"/>
<pin id="315" dir="1" index="1" bw="11" slack="0"/>
</pin_list>
<bind>
<opset="j "/>
</bind>
</comp>

<comp id="320" class="1005" name="i_reg_320">
<pin_list>
<pin id="321" dir="0" index="0" bw="5" slack="0"/>
<pin id="322" dir="1" index="1" bw="5" slack="0"/>
</pin_list>
<bind>
<opset="i "/>
</bind>
</comp>

<comp id="327" class="1005" name="indvar_flatten_reg_327">
<pin_list>
<pin id="328" dir="0" index="0" bw="15" slack="0"/>
<pin id="329" dir="1" index="1" bw="15" slack="0"/>
</pin_list>
<bind>
<opset="indvar_flatten "/>
</bind>
</comp>

</comp_list>

<net_list>
<net id="73"><net_src comp="16" pin="0"/><net_sink comp="70" pin=0"/></net>

<net id="77"><net_src comp="16" pin="0"/><net_sink comp="74" pin=0"/></net>

<net id="81"><net_src comp="16" pin="0"/><net_sink comp="78" pin=0"/></net>

<net id="87"><net_src comp="0" pin="0"/><net_sink comp="82" pin=0"/></net>

<net id="88"><net_src comp="62" pin="0"/><net_sink comp="82" pin=1"/></net>

<net id="94"><net_src comp="2" pin="0"/><net_sink comp="89" pin=0"/></net>

<net id="95"><net_src comp="62" pin="0"/><net_sink comp="89" pin=1"/></net>

<net id="101"><net_src comp="4" pin="0"/><net_sink comp="96" pin=0"/></net>

<net id="102"><net_src comp="62" pin="0"/><net_sink comp="96" pin=1"/></net>

<net id="108"><net_src comp="6" pin="0"/><net_sink comp="103" pin=0"/></net>

<net id="109"><net_src comp="62" pin="0"/><net_sink comp="103" pin=1"/></net>

<net id="115"><net_src comp="8" pin="0"/><net_sink comp="110" pin=0"/></net>

<net id="116"><net_src comp="62" pin="0"/><net_sink comp="110" pin=1"/></net>

<net id="122"><net_src comp="10" pin="0"/><net_sink comp="117" pin=0"/></net>

<net id="123"><net_src comp="62" pin="0"/><net_sink comp="117" pin=1"/></net>

<net id="129"><net_src comp="12" pin="0"/><net_sink comp="124" pin=0"/></net>

<net id="130"><net_src comp="62" pin="0"/><net_sink comp="124" pin=1"/></net>

<net id="136"><net_src comp="14" pin="0"/><net_sink comp="131" pin=0"/></net>

<net id="137"><net_src comp="62" pin="0"/><net_sink comp="131" pin=1"/></net>

<net id="143"><net_src comp="64" pin="0"/><net_sink comp="138" pin=1"/></net>

<net id="144"><net_src comp="82" pin="3"/><net_sink comp="138" pin=0"/></net>

<net id="150"><net_src comp="66" pin="0"/><net_sink comp="145" pin=1"/></net>

<net id="151"><net_src comp="96" pin="3"/><net_sink comp="145" pin=0"/></net>

<net id="157"><net_src comp="66" pin="0"/><net_sink comp="152" pin=1"/></net>

<net id="158"><net_src comp="110" pin="3"/><net_sink comp="152" pin=0"/></net>

<net id="164"><net_src comp="64" pin="0"/><net_sink comp="159" pin=1"/></net>

<net id="165"><net_src comp="124" pin="3"/><net_sink comp="159" pin=0"/></net>

<net id="171"><net_src comp="64" pin="0"/><net_sink comp="166" pin=1"/></net>

<net id="172"><net_src comp="89" pin="3"/><net_sink comp="166" pin=0"/></net>

<net id="178"><net_src comp="66" pin="0"/><net_sink comp="173" pin=1"/></net>

<net id="179"><net_src comp="103" pin="3"/><net_sink comp="173" pin=0"/></net>

<net id="185"><net_src comp="66" pin="0"/><net_sink comp="180" pin=1"/></net>

<net id="186"><net_src comp="117" pin="3"/><net_sink comp="180" pin=0"/></net>

<net id="192"><net_src comp="64" pin="0"/><net_sink comp="187" pin=1"/></net>

<net id="193"><net_src comp="131" pin="3"/><net_sink comp="187" pin=0"/></net>

<net id="198"><net_src comp="26" pin="0"/><net_sink comp="194" pin=0"/></net>

<net id="203"><net_src comp="28" pin="0"/><net_sink comp="199" pin=0"/></net>

<net id="208"><net_src comp="30" pin="0"/><net_sink comp="204" pin=0"/></net>

<net id="216"><net_src comp="209" pin="1"/><net_sink comp="212" pin=0"/></net>

<net id="217"><net_src comp="32" pin="0"/><net_sink comp="212" pin=1"/></net>

<net id="222"><net_src comp="209" pin="1"/><net_sink comp="218" pin=0"/></net>

<net id="223"><net_src comp="34" pin="0"/><net_sink comp="218" pin=1"/></net>

<net id="234"><net_src comp="227" pin="1"/><net_sink comp="230" pin=0"/></net>

<net id="235"><net_src comp="36" pin="0"/><net_sink comp="230" pin=1"/></net>

<net id="240"><net_src comp="224" pin="1"/><net_sink comp="236" pin=0"/></net>

<net id="241"><net_src comp="46" pin="0"/><net_sink comp="236" pin=1"/></net>

<net id="247"><net_src comp="236" pin="2"/><net_sink comp="242" pin=0"/></net>

<net id="248"><net_src comp="30" pin="0"/><net_sink comp="242" pin=1"/></net>

<net id="249"><net_src comp="224" pin="1"/><net_sink comp="242" pin=2"/></net>

<net id="255"><net_src comp="236" pin="2"/><net_sink comp="250" pin=0"/></net>

<net id="256"><net_src comp="230" pin="2"/><net_sink comp="250" pin=1"/></net>

<net id="257"><net_src comp="227" pin="1"/><net_sink comp="250" pin=2"/></net>

<net id="261"><net_src comp="242" pin="3"/><net_sink comp="258" pin=0"/></net>

<net id="268"><net_src comp="56" pin="0"/><net_sink comp="262" pin=0"/></net>

<net id="269"><net_src comp="242" pin="3"/><net_sink comp="262" pin=1"/></net>

<net id="270"><net_src comp="16" pin="0"/><net_sink comp="262" pin=2"/></net>

<net id="271"><net_src comp="58" pin="0"/><net_sink comp="262" pin=3"/></net>

<net id="277"><net_src comp="60" pin="0"/><net_sink comp="272" pin=0"/></net>

<net id="278"><net_src comp="250" pin="3"/><net_sink comp="272" pin=1"/></net>

<net id="279"><net_src comp="262" pin="4"/><net_sink comp="272" pin=2"/></net>

<net id="283"><net_src comp="272" pin="3"/><net_sink comp="280" pin=0"/></net>

<net id="284"><net_src comp="280" pin="1"/><net_sink comp="82" pin=2"/></net>

<net id="285"><net_src comp="280" pin="1"/><net_sink comp="89" pin=2"/></net>

<net id="286"><net_src comp="280" pin="1"/><net_sink comp="96" pin=2"/></net>

<net id="287"><net_src comp="280" pin="1"/><net_sink comp="103" pin=2"/></net>

<net id="288"><net_src comp="280" pin="1"/><net_sink comp="110" pin=2"/></net>

<net id="289"><net_src comp="280" pin="1"/><net_sink comp="117" pin=2"/></net>

<net id="290"><net_src comp="280" pin="1"/><net_sink comp="124" pin=2"/></net>

<net id="291"><net_src comp="280" pin="1"/><net_sink comp="131" pin=2"/></net>

<net id="296"><net_src comp="242" pin="3"/><net_sink comp="292" pin=0"/></net>

<net id="297"><net_src comp="68" pin="0"/><net_sink comp="292" pin=1"/></net>

<net id="302"><net_src comp="218" pin="2"/><net_sink comp="298" pin=0"/></net>

<net id="307"><net_src comp="250" pin="3"/><net_sink comp="303" pin=0"/></net>

<net id="312"><net_src comp="292" pin="2"/><net_sink comp="308" pin=0"/></net>

<net id="316"><net_src comp="70" pin="1"/><net_sink comp="313" pin=0"/></net>

<net id="317"><net_src comp="313" pin="1"/><net_sink comp="204" pin=1"/></net>

<net id="318"><net_src comp="313" pin="1"/><net_sink comp="224" pin=0"/></net>

<net id="319"><net_src comp="313" pin="1"/><net_sink comp="308" pin=1"/></net>

<net id="323"><net_src comp="74" pin="1"/><net_sink comp="320" pin=0"/></net>

<net id="324"><net_src comp="320" pin="1"/><net_sink comp="199" pin=1"/></net>

<net id="325"><net_src comp="320" pin="1"/><net_sink comp="227" pin=0"/></net>

<net id="326"><net_src comp="320" pin="1"/><net_sink comp="303" pin=1"/></net>

<net id="330"><net_src comp="78" pin="1"/><net_sink comp="327" pin=0"/></net>

<net id="331"><net_src comp="327" pin="1"/><net_sink comp="194" pin=1"/></net>

<net id="332"><net_src comp="327" pin="1"/><net_sink comp="209" pin=0"/></net>

<net id="333"><net_src comp="327" pin="1"/><net_sink comp="298" pin=1"/></net>

</net_list>

</model> 
---------------- Datapath Model END ------------------

* FSMD analyzer results:
  - Output states:
	Port: buckets_x | {1 }
	Port: buckets_x_1 | {1 }
	Port: buckets_y | {1 }
	Port: buckets_y_1 | {1 }
	Port: buckets_z | {1 }
	Port: buckets_z_1 | {1 }
	Port: buckets_t | {1 }
	Port: buckets_t_1 | {1 }
 - Input state : 
  - Chain level:
	State 1
		store_ln0 : 1
		store_ln501 : 1
		store_ln503 : 1
		indvar_flatten_load : 1
		icmp_ln501 : 2
		add_ln501_1 : 2
		br_ln501 : 3
		j_load : 1
		i_load : 1
		add_ln501 : 2
		icmp_ln503 : 2
		select_ln501 : 3
		select_ln501_1 : 3
		trunc_ln503 : 4
		lshr_ln : 4
		tmp_2 : 5
		zext_ln505 : 6
		buckets_x_addr : 7
		buckets_x_1_addr : 7
		buckets_y_addr : 7
		buckets_y_1_addr : 7
		buckets_z_addr : 7
		buckets_z_1_addr : 7
		buckets_t_addr : 7
		buckets_t_1_addr : 7
		br_ln505 : 5
		store_ln505 : 8
		store_ln505 : 8
		store_ln505 : 8
		store_ln505 : 8
		store_ln505 : 8
		store_ln505 : 8
		store_ln505 : 8
		store_ln505 : 8
		add_ln503 : 4
		store_ln501 : 3
		store_ln501 : 4
		store_ln503 : 5


============================================================
+ Verbose Summary: Datapath Resource usage 
============================================================

* Functional unit list:
|----------|-----------------------|---------|---------|
| Operation|    Functional Unit    |    FF   |   LUT   |
|----------|-----------------------|---------|---------|
|          |   add_ln501_1_fu_218  |    0    |    22   |
|    add   |    add_ln501_fu_230   |    0    |    12   |
|          |    add_ln503_fu_292   |    0    |    18   |
|----------|-----------------------|---------|---------|
|   icmp   |   icmp_ln501_fu_212   |    0    |    22   |
|          |   icmp_ln503_fu_236   |    0    |    18   |
|----------|-----------------------|---------|---------|
|  select  |  select_ln501_fu_242  |    0    |    10   |
|          | select_ln501_1_fu_250 |    0    |    5    |
|----------|-----------------------|---------|---------|
|   trunc  |   trunc_ln503_fu_258  |    0    |    0    |
|----------|-----------------------|---------|---------|
|partselect|     lshr_ln_fu_262    |    0    |    0    |
|----------|-----------------------|---------|---------|
|bitconcatenate|      tmp_2_fu_272     |    0    |    0    |
|----------|-----------------------|---------|---------|
|   zext   |   zext_ln505_fu_280   |    0    |    0    |
|----------|-----------------------|---------|---------|
|   Total  |                       |    0    |   107   |
|----------|-----------------------|---------|---------|

Memories:
N/A

* Register list:
+----------------------+--------+
|                      |   FF   |
+----------------------+--------+
|       i_reg_320      |    5   |
|indvar_flatten_reg_327|   15   |
|       j_reg_313      |   11   |
+----------------------+--------+
|         Total        |   31   |
+----------------------+--------+

* Multiplexer (MUX) list: 
|--------|------|------|------|--------|
|  Comp  |  Pin | Size |  BW  | S x BW |
|--------|------|------|------|--------|
|  Total |      |      |      |    0   |
|--------|------|------|------|--------|



* Summary:
+-----------+--------+--------+
|           |   FF   |   LUT  |
+-----------+--------+--------+
|  Function |    0   |   107  |
|   Memory  |    -   |    -   |
|Multiplexer|    -   |    -   |
|  Register |   31   |    -   |
+-----------+--------+--------+
|   Total   |   31   |   107  |
+-----------+--------+--------+
