

================================================================
== Vitis HLS Report for 'pippenger_control_Pipeline_VITIS_LOOP_476_1'
================================================================
* Date:           Wed Apr 23 16:43:47 2025

* Version:        2024.2 (Build 5238294 on Nov  8 2024)
* Project:        msm_2
* Solution:       solution1 (Vivado IP Flow Target)
* Product family: zynquplus
* Target device:  xczu7ev-ffvc1156-2-e


================================================================
== Performance Estimates
================================================================
+ Timing: 
    * Summary: 
    +--------+---------+----------+------------+
    |  Clock |  Target | Estimated| Uncertainty|
    +--------+---------+----------+------------+
    |ap_clk  |  4.00 ns|  1.643 ns|     1.08 ns|
    +--------+---------+----------+------------+

+ Latency: 
    * Summary: 
    +---------+---------+----------+----------+-----+-----+------------------------------------------------+
    |  Latency (cycles) |  Latency (absolute) |  Interval |                    Pipeline                    |
    |   min   |   max   |    min   |    max   | min | max |                      Type                      |
    +---------+---------+----------+----------+-----+-----+------------------------------------------------+
    |       28|       28|  0.112 us|  0.112 us|   27|   27|  loop auto-rewind stp (delay=0 clock cycles(s))|
    +---------+---------+----------+----------+-----+-----+------------------------------------------------+

    + Detail: 
        * Instance: 
        N/A

        * Loop: 
        +--------------------+---------+---------+----------+-----------+-----------+------+----------+
        |                    |  Latency (cycles) | Iteration|  Initiation Interval  | Trip |          |
        |      Loop Name     |   min   |   max   |  Latency |  achieved |   target  | Count| Pipelined|
        +--------------------+---------+---------+----------+-----------+-----------+------+----------+
        |- VITIS_LOOP_476_1  |       26|       26|         2|          1|          1|    26|       yes|
        +--------------------+---------+---------+----------+-----------+-----------+------+----------+



================================================================
== Utilization Estimates
================================================================
* Summary: 
+-----------------+---------+------+--------+--------+-----+
|       Name      | BRAM_18K|  DSP |   FF   |   LUT  | URAM|
+-----------------+---------+------+--------+--------+-----+
|DSP              |        -|     -|       -|       -|    -|
|Expression       |        -|     -|       0|      28|    -|
|FIFO             |        -|     -|       -|       -|    -|
|Instance         |        -|     -|       -|       -|    -|
|Memory           |        -|     -|       -|       -|    -|
|Multiplexer      |        -|     -|       0|      54|    -|
|Register         |        -|     -|     264|       -|    -|
+-----------------+---------+------+--------+--------+-----+
|Total            |        0|     0|     264|      82|    0|
+-----------------+---------+------+--------+--------+-----+
|Available        |      624|  1728|  460800|  230400|   96|
+-----------------+---------+------+--------+--------+-----+
|Utilization (%)  |        0|     0|      ~0|      ~0|    0|
+-----------------+---------+------+--------+--------+-----+

+ Detail: 
    * Instance: 
    N/A

    * DSP: 
    N/A

    * Memory: 
    N/A

    * FIFO: 
    N/A

    * Expression: 
    +--------------------------------+----------+----+---+----+------------+------------+
    |          Variable Name         | Operation| DSP| FF| LUT| Bitwidth P0| Bitwidth P1|
    +--------------------------------+----------+----+---+----+------------+------------+
    |i_2_fu_82_p2                    |         +|   0|  0|  12|           5|           1|
    |ap_block_pp0_stage0_01001_grp1  |       and|   0|  0|   2|           1|           1|
    |icmp_ln476_fu_76_p2             |      icmp|   0|  0|  12|           5|           4|
    |ap_enable_pp0                   |       xor|   0|  0|   2|           1|           2|
    +--------------------------------+----------+----+---+----+------------+------------+
    |Total                           |          |   0|  0|  28|          12|           8|
    +--------------------------------+----------+----+---+----+------------+------------+

    * Multiplexer: 
    +-------------------------------+----+-----------+-----+-----------+
    |              Name             | LUT| Input Size| Bits| Total Bits|
    +-------------------------------+----+-----------+-----+-----------+
    |ap_done_int                    |   9|          2|    1|          2|
    |ap_enable_reg_pp0_iter1        |   9|          2|    1|          2|
    |ap_sig_allocacmp_i_1           |   9|          2|    5|         10|
    |i_fu_46                        |   9|          2|    5|         10|
    |scalar_1_fu_42                 |   9|          2|  256|        512|
    |scalar_partition_stream_blk_n  |   9|          2|    1|          2|
    +-------------------------------+----+-----------+-----+-----------+
    |Total                          |  54|         12|  269|        538|
    +-------------------------------+----+-----------+-----+-----------+

    * Register: 
    +-------------------------+-----+----+-----+-----------+
    |           Name          |  FF | LUT| Bits| Const Bits|
    +-------------------------+-----+----+-----+-----------+
    |ap_CS_fsm                |    1|   0|    1|          0|
    |ap_done_reg              |    1|   0|    1|          0|
    |ap_enable_reg_pp0_iter1  |    1|   0|    1|          0|
    |i_fu_46                  |    5|   0|    5|          0|
    |scalar_1_fu_42           |  256|   0|  256|          0|
    +-------------------------+-----+----+-----+-----------+
    |Total                    |  264|   0|  264|          0|
    +-------------------------+-----+----+-----+-----------+



================================================================
== Interface
================================================================
* Summary: 
+--------------------------------+-----+-----+------------+---------------------------------------------+--------------+
|            RTL Ports           | Dir | Bits|  Protocol  |                Source Object                |    C Type    |
+--------------------------------+-----+-----+------------+---------------------------------------------+--------------+
|ap_clk                          |   in|    1|  ap_ctrl_hs|  pippenger_control_Pipeline_VITIS_LOOP_476_1|  return value|
|ap_rst                          |   in|    1|  ap_ctrl_hs|  pippenger_control_Pipeline_VITIS_LOOP_476_1|  return value|
|ap_start                        |   in|    1|  ap_ctrl_hs|  pippenger_control_Pipeline_VITIS_LOOP_476_1|  return value|
|ap_done                         |  out|    1|  ap_ctrl_hs|  pippenger_control_Pipeline_VITIS_LOOP_476_1|  return value|
|ap_idle                         |  out|    1|  ap_ctrl_hs|  pippenger_control_Pipeline_VITIS_LOOP_476_1|  return value|
|ap_ready                        |  out|    1|  ap_ctrl_hs|  pippenger_control_Pipeline_VITIS_LOOP_476_1|  return value|
|scalar_partition_stream_din     |  out|   32|     ap_fifo|                      scalar_partition_stream|       pointer|
|scalar_partition_stream_full_n  |   in|    1|     ap_fifo|                      scalar_partition_stream|       pointer|
|scalar_partition_stream_write   |  out|    1|     ap_fifo|                      scalar_partition_stream|       pointer|
|scalar                          |   in|  256|     ap_none|                                       scalar|        scalar|
+--------------------------------+-----+-----+------------+---------------------------------------------+--------------+

============================================================
+ Verbose Summary: Synthesis Manager
============================================================
InlineROM: 1
ExposeGlobal: 0
============================================================
+ Verbose Summary: CDFG Model
============================================================
IsTopModel: 0
ResetActiveHigh: 1
IsCombinational: 2
IsDatapathOnly: 2
HasWiredReturn: 1
HasMFsm: 2
HasVarLatency: 1
IsPipeline: 0
IsRtlPipelined: 0
IsInstanceOverlapped: 0
IsDontTouch: 0
HasImplIP: 0
IsGatedGlobalClock: 0

+ Individual pipeline summary: 
  * Pipeline-0: initiation interval (II) = 1, depth = 2


============================================================
+ Verbose Summary: Schedule
============================================================
* Number of FSM states : 2
* Pipeline : 1
  Pipeline-0 : II = 1, D = 2, States = { 1 2 }
* Dataflow Pipeline: 0

* FSM state transitions: 
1 --> 2 
2 --> 

* FSM state operations: 

State 1 <SV = 0> <Delay = 1.64>
ST_1 : Operation 5 [1/1] (0.00ns)   --->   "%scalar_1 = alloca i32 1" [../src/msm.cpp:474->../src/msm.cpp:555->../src/msm.cpp:609]   --->   Operation 5 'alloca' 'scalar_1' <Predicate = true> <Delay = 0.00>
ST_1 : Operation 6 [1/1] (0.00ns)   --->   "%i = alloca i32 1" [../src/msm.cpp:476->../src/msm.cpp:555->../src/msm.cpp:609]   --->   Operation 6 'alloca' 'i' <Predicate = true> <Delay = 0.00>
ST_1 : Operation 7 [1/1] (0.00ns)   --->   "%specinterface_ln0 = specinterface void @_ssdm_op_SpecInterface, i32 %scalar_partition_stream, void @empty_0, i32 0, i32 0, void @empty, i32 0, i32 0, void @empty, void @empty, void @empty, i32 0, i32 0, i32 0, i32 0, void @empty, void @empty, i32 4294967295, i32 0, i32 0"   --->   Operation 7 'specinterface' 'specinterface_ln0' <Predicate = true> <Delay = 0.00>
ST_1 : Operation 8 [1/1] (0.00ns)   --->   "%scalar_read = read i256 @_ssdm_op_Read.ap_auto.i256, i256 %scalar"   --->   Operation 8 'read' 'scalar_read' <Predicate = true> <Delay = 0.00>
ST_1 : Operation 9 [1/1] (0.42ns)   --->   "%store_ln476 = store i5 0, i5 %i" [../src/msm.cpp:476->../src/msm.cpp:555->../src/msm.cpp:609]   --->   Operation 9 'store' 'store_ln476' <Predicate = true> <Delay = 0.42>
ST_1 : Operation 10 [1/1] (0.42ns)   --->   "%store_ln474 = store i256 %scalar_read, i256 %scalar_1" [../src/msm.cpp:474->../src/msm.cpp:555->../src/msm.cpp:609]   --->   Operation 10 'store' 'store_ln474' <Predicate = true> <Delay = 0.42>
ST_1 : Operation 11 [1/1] (0.00ns)   --->   "%br_ln0 = br void %for.inc.i.i"   --->   Operation 11 'br' 'br_ln0' <Predicate = true> <Delay = 0.00>
ST_1 : Operation 12 [1/1] (0.00ns)   --->   "%i_1 = load i5 %i" [../src/msm.cpp:476->../src/msm.cpp:555->../src/msm.cpp:609]   --->   Operation 12 'load' 'i_1' <Predicate = true> <Delay = 0.00>
ST_1 : Operation 13 [1/1] (0.78ns)   --->   "%icmp_ln476 = icmp_eq  i5 %i_1, i5 26" [../src/msm.cpp:476->../src/msm.cpp:555->../src/msm.cpp:609]   --->   Operation 13 'icmp' 'icmp_ln476' <Predicate = true> <Delay = 0.78> <CoreInst = "Cmp">   --->   Core 9 'Cmp' <Latency = 0> <II = 1> <Delay = 0.78> <FuncUnit> <Opcode : 'seteq' 'setne' 'setle' 'setge' 'setlt' 'setgt'> <InPorts = 2> <OutPorts = 1>
ST_1 : Operation 14 [1/1] (0.78ns)   --->   "%i_2 = add i5 %i_1, i5 1" [../src/msm.cpp:476->../src/msm.cpp:555->../src/msm.cpp:609]   --->   Operation 14 'add' 'i_2' <Predicate = true> <Delay = 0.78> <CoreInst = "Adder">   --->   Core 1 'Adder' <Latency = 0> <II = 1> <Delay = 0.78> <FuncUnit> <Opcode : 'add' 'sub'> <InPorts = 2> <OutPorts = 1>
ST_1 : Operation 15 [1/1] (0.00ns)   --->   "%br_ln476 = br i1 %icmp_ln476, void %for.inc.i.i.split, void %for.inc.i4.preheader.exitStub" [../src/msm.cpp:476->../src/msm.cpp:555->../src/msm.cpp:609]   --->   Operation 15 'br' 'br_ln476' <Predicate = true> <Delay = 0.00>
ST_1 : Operation 16 [1/1] (0.42ns)   --->   "%store_ln476 = store i5 %i_2, i5 %i" [../src/msm.cpp:476->../src/msm.cpp:555->../src/msm.cpp:609]   --->   Operation 16 'store' 'store_ln476' <Predicate = (!icmp_ln476)> <Delay = 0.42>
ST_1 : Operation 28 [1/1] (0.42ns)   --->   "%ret_ln0 = ret"   --->   Operation 28 'ret' 'ret_ln0' <Predicate = (icmp_ln476)> <Delay = 0.42>

State 2 <SV = 1> <Delay = 1.46>
ST_2 : Operation 17 [1/1] (0.00ns)   --->   "%scalar_1_load = load i256 %scalar_1" [../src/msm.cpp:480->../src/msm.cpp:555->../src/msm.cpp:609]   --->   Operation 17 'load' 'scalar_1_load' <Predicate = true> <Delay = 0.00>
ST_2 : Operation 18 [1/1] (0.00ns)   --->   "%specpipeline_ln479 = specpipeline void @_ssdm_op_SpecPipeline, i32 1, i32 0, i32 0, i32 0, void @empty" [../src/msm.cpp:479->../src/msm.cpp:555->../src/msm.cpp:609]   --->   Operation 18 'specpipeline' 'specpipeline_ln479' <Predicate = true> <Delay = 0.00>
ST_2 : Operation 19 [1/1] (0.00ns)   --->   "%speclooptripcount_ln474 = speclooptripcount void @_ssdm_op_SpecLoopTripCount, i64 26, i64 26, i64 26" [../src/msm.cpp:474->../src/msm.cpp:555->../src/msm.cpp:609]   --->   Operation 19 'speclooptripcount' 'speclooptripcount_ln474' <Predicate = true> <Delay = 0.00>
ST_2 : Operation 20 [1/1] (0.00ns)   --->   "%specloopname_ln476 = specloopname void @_ssdm_op_SpecLoopName, void @empty_2" [../src/msm.cpp:476->../src/msm.cpp:555->../src/msm.cpp:609]   --->   Operation 20 'specloopname' 'specloopname_ln476' <Predicate = true> <Delay = 0.00>
ST_2 : Operation 21 [1/1] (0.00ns)   --->   "%scalar_partition = trunc i256 %scalar_1_load" [../src/msm.cpp:480->../src/msm.cpp:555->../src/msm.cpp:609]   --->   Operation 21 'trunc' 'scalar_partition' <Predicate = true> <Delay = 0.00>
ST_2 : Operation 22 [1/1] (0.00ns)   --->   "%zext_ln475 = zext i10 %scalar_partition" [../src/msm.cpp:475->../src/msm.cpp:555->../src/msm.cpp:609]   --->   Operation 22 'zext' 'zext_ln475' <Predicate = true> <Delay = 0.00>
ST_2 : Operation 23 [1/1] ( I:1.46ns O:1.46ns )   --->   "%write_ln481 = write void @_ssdm_op_Write.ap_fifo.volatile.i32P0A, i32 %scalar_partition_stream, i32 %zext_ln475" [../src/msm.cpp:481->../src/msm.cpp:555->../src/msm.cpp:609]   --->   Operation 23 'write' 'write_ln481' <Predicate = true> <Delay = 1.46> <CoreInst = "FIFO_SRL">   --->   Core 80 'FIFO_SRL' <Latency = 0> <II = 1> <Delay = 1.94> <Storage> <Opcode : 'read' 'write' 'nbread' 'nbwrite'> <Ports = 0> <Width = 32> <Depth = 20> <FIFO>
ST_2 : Operation 24 [1/1] (0.00ns)   --->   "%scalar_2 = partselect i246 @_ssdm_op_PartSelect.i246.i256.i32.i32, i256 %scalar_1_load, i32 10, i32 255" [../src/msm.cpp:482->../src/msm.cpp:555->../src/msm.cpp:609]   --->   Operation 24 'partselect' 'scalar_2' <Predicate = true> <Delay = 0.00>
ST_2 : Operation 25 [1/1] (0.00ns)   --->   "%zext_ln482 = zext i246 %scalar_2" [../src/msm.cpp:482->../src/msm.cpp:555->../src/msm.cpp:609]   --->   Operation 25 'zext' 'zext_ln482' <Predicate = true> <Delay = 0.00>
ST_2 : Operation 26 [1/1] (0.42ns)   --->   "%store_ln474 = store i256 %zext_ln482, i256 %scalar_1" [../src/msm.cpp:474->../src/msm.cpp:555->../src/msm.cpp:609]   --->   Operation 26 'store' 'store_ln474' <Predicate = true> <Delay = 0.42>
ST_2 : Operation 27 [1/1] (0.00ns)   --->   "%br_ln476 = br void %for.inc.i.i" [../src/msm.cpp:476->../src/msm.cpp:555->../src/msm.cpp:609]   --->   Operation 27 'br' 'br_ln476' <Predicate = true> <Delay = 0.00>


============================================================
+ Verbose Summary: Binding
============================================================
STG Binding: 
---------------- STG Properties BEGIN ----------------
- Is combinational: 0
- Is one-state seq: 0
- Is datapath-only: 0
- Is pipelined: 0
- Is top level: 0
Port [ Return ] is wired: 1; IO mode=ap_ctrl_hs:ce=0
Port [ scalar]:  wired=1; compound=0; hidden=0; nouse=0; global=0; static=0; extern=0; dir=0; type=0; pingpong=0; private_global=0; IO mode=ap_none:ce=0
Port [ scalar_partition_stream]:  wired=1; compound=1; hidden=0; nouse=0; global=0; static=0; extern=0; dir=1; type=3; pingpong=0; private_global=0; IO mode=ap_fifo:ce=0
---------------- STG Properties END ------------------

---------------- Datapath Model BEGIN ----------------

<LifeTime>
<method=bitvector/>
scalar_1                (alloca           ) [ 011]
i                       (alloca           ) [ 010]
specinterface_ln0       (specinterface    ) [ 000]
scalar_read             (read             ) [ 000]
store_ln476             (store            ) [ 000]
store_ln474             (store            ) [ 000]
br_ln0                  (br               ) [ 000]
i_1                     (load             ) [ 000]
icmp_ln476              (icmp             ) [ 010]
i_2                     (add              ) [ 000]
br_ln476                (br               ) [ 000]
store_ln476             (store            ) [ 000]
scalar_1_load           (load             ) [ 000]
specpipeline_ln479      (specpipeline     ) [ 000]
speclooptripcount_ln474 (speclooptripcount) [ 000]
specloopname_ln476      (specloopname     ) [ 000]
scalar_partition        (trunc            ) [ 000]
zext_ln475              (zext             ) [ 000]
write_ln481             (write            ) [ 000]
scalar_2                (partselect       ) [ 000]
zext_ln482              (zext             ) [ 000]
store_ln474             (store            ) [ 000]
br_ln476                (br               ) [ 000]
ret_ln0                 (ret              ) [ 000]
</LifeTime>

<model>

<comp_list>
<comp id="0" class="1000" name="scalar">
<pin_list>
<pin id="1" dir="1" index="0" bw="1" slack="0"/>
</pin_list>
<bind>
<StgValue><ssdm name="scalar"/></StgValue>
</bind>
</comp>

<comp id="2" class="1000" name="scalar_partition_stream">
<pin_list>
<pin id="3" dir="1" index="0" bw="1" slack="0"/>
</pin_list>
<bind>
<StgValue><ssdm name="scalar_partition_stream"/></StgValue>
</bind>
</comp>

<comp id="4" class="1001" name="const_4">
<pin_list>
<pin id="5" dir="1" index="0" bw="1" slack="0"/>
</pin_list>
<bind>
<StgValue><ssdm name=""/></StgValue>
</bind>
</comp>

<comp id="6" class="1001" name="const_6">
<pin_list>
<pin id="7" dir="1" index="0" bw="1" slack="2147483647"/>
</pin_list>
<bind>
<StgValue><ssdm name="_ssdm_op_SpecInterface"/></StgValue>
</bind>
</comp>

<comp id="8" class="1001" name="const_8">
<pin_list>
<pin id="9" dir="1" index="0" bw="1" slack="2147483647"/>
</pin_list>
<bind>
<StgValue><ssdm name="empty_0"/></StgValue>
</bind>
</comp>

<comp id="10" class="1001" name="const_10">
<pin_list>
<pin id="11" dir="1" index="0" bw="1" slack="2147483647"/>
</pin_list>
<bind>
<StgValue><ssdm name=""/></StgValue>
</bind>
</comp>

<comp id="12" class="1001" name="const_12">
<pin_list>
<pin id="13" dir="1" index="0" bw="1" slack="2147483647"/>
</pin_list>
<bind>
<StgValue><ssdm name="empty"/></StgValue>
</bind>
</comp>

<comp id="14" class="1001" name="const_14">
<pin_list>
<pin id="15" dir="1" index="0" bw="1" slack="2147483647"/>
</pin_list>
<bind>
<StgValue><ssdm name=""/></StgValue>
</bind>
</comp>

<comp id="16" class="1001" name="const_16">
<pin_list>
<pin id="17" dir="1" index="0" bw="1" slack="0"/>
</pin_list>
<bind>
<StgValue><ssdm name="_ssdm_op_Read.ap_auto.i256"/></StgValue>
</bind>
</comp>

<comp id="18" class="1001" name="const_18">
<pin_list>
<pin id="19" dir="1" index="0" bw="1" slack="0"/>
</pin_list>
<bind>
<StgValue><ssdm name=""/></StgValue>
</bind>
</comp>

<comp id="20" class="1001" name="const_20">
<pin_list>
<pin id="21" dir="1" index="0" bw="1" slack="0"/>
</pin_list>
<bind>
<StgValue><ssdm name=""/></StgValue>
</bind>
</comp>

<comp id="22" class="1001" name="const_22">
<pin_list>
<pin id="23" dir="1" index="0" bw="1" slack="0"/>
</pin_list>
<bind>
<StgValue><ssdm name=""/></StgValue>
</bind>
</comp>

<comp id="24" class="1001" name="const_24">
<pin_list>
<pin id="25" dir="1" index="0" bw="1" slack="2147483647"/>
</pin_list>
<bind>
<StgValue><ssdm name="_ssdm_op_SpecPipeline"/></StgValue>
</bind>
</comp>

<comp id="26" class="1001" name="const_26">
<pin_list>
<pin id="27" dir="1" index="0" bw="1" slack="2147483647"/>
</pin_list>
<bind>
<StgValue><ssdm name="_ssdm_op_SpecLoopTripCount"/></StgValue>
</bind>
</comp>

<comp id="28" class="1001" name="const_28">
<pin_list>
<pin id="29" dir="1" index="0" bw="1" slack="2147483647"/>
</pin_list>
<bind>
<StgValue><ssdm name=""/></StgValue>
</bind>
</comp>

<comp id="30" class="1001" name="const_30">
<pin_list>
<pin id="31" dir="1" index="0" bw="1" slack="2147483647"/>
</pin_list>
<bind>
<StgValue><ssdm name="_ssdm_op_SpecLoopName"/></StgValue>
</bind>
</comp>

<comp id="32" class="1001" name="const_32">
<pin_list>
<pin id="33" dir="1" index="0" bw="1" slack="2147483647"/>
</pin_list>
<bind>
<StgValue><ssdm name="empty_2"/></StgValue>
</bind>
</comp>

<comp id="34" class="1001" name="const_34">
<pin_list>
<pin id="35" dir="1" index="0" bw="1" slack="0"/>
</pin_list>
<bind>
<StgValue><ssdm name="_ssdm_op_Write.ap_fifo.volatile.i32P0A"/></StgValue>
</bind>
</comp>

<comp id="36" class="1001" name="const_36">
<pin_list>
<pin id="37" dir="1" index="0" bw="1" slack="0"/>
</pin_list>
<bind>
<StgValue><ssdm name="_ssdm_op_PartSelect.i246.i256.i32.i32"/></StgValue>
</bind>
</comp>

<comp id="38" class="1001" name="const_38">
<pin_list>
<pin id="39" dir="1" index="0" bw="1" slack="0"/>
</pin_list>
<bind>
<StgValue><ssdm name=""/></StgValue>
</bind>
</comp>

<comp id="40" class="1001" name="const_40">
<pin_list>
<pin id="41" dir="1" index="0" bw="1" slack="0"/>
</pin_list>
<bind>
<StgValue><ssdm name=""/></StgValue>
</bind>
</comp>

<comp id="42" class="1004" name="scalar_1_fu_42">
<pin_list>
<pin id="43" dir="0" index="0" bw="1" slack="0"/>
<pin id="44" dir="1" index="1" bw="256" slack="0"/>
</pin_list>
<bind>
<opcode="alloca(26) " fcode="alloca"/>
<opset="scalar_1/1 "/>
</bind>
</comp>

<comp id="46" class="1004" name="i_fu_46">
<pin_list>
<pin id="47" dir="0" index="0" bw="1" slack="0"/>
<pin id="48" dir="1" index="1" bw="5" slack="0"/>
</pin_list>
<bind>
<opcode="alloca(26) " fcode="alloca"/>
<opset="i/1 "/>
</bind>
</comp>

<comp id="50" class="1004" name="scalar_read_read_fu_50">
<pin_list>
<pin id="51" dir="0" index="0" bw="256" slack="0"/>
<pin id="52" dir="0" index="1" bw="256" slack="0"/>
<pin id="53" dir="1" index="2" bw="256" slack="0"/>
</pin_list>
<bind>
<opcode="read(1150) " fcode="read"/>
<opset="scalar_read/1 "/>
</bind>
</comp>

<comp id="56" class="1004" name="write_ln481_write_fu_56">
<pin_list>
<pin id="57" dir="0" index="0" bw="0" slack="0"/>
<pin id="58" dir="0" index="1" bw="32" slack="0"/>
<pin id="59" dir="0" index="2" bw="10" slack="0"/>
<pin id="60" dir="1" index="3" bw="0" slack="2147483647"/>
</pin_list>
<bind>
<opcode="write(1151) " fcode="write"/>
<opset="write_ln481/2 "/>
</bind>
</comp>

<comp id="63" class="1004" name="store_ln476_store_fu_63">
<pin_list>
<pin id="64" dir="0" index="0" bw="1" slack="0"/>
<pin id="65" dir="0" index="1" bw="5" slack="0"/>
<pin id="66" dir="1" index="2" bw="0" slack="2147483647"/>
</pin_list>
<bind>
<opcode="store(28) " fcode="store"/>
<opset="store_ln476/1 "/>
</bind>
</comp>

<comp id="68" class="1004" name="store_ln474_store_fu_68">
<pin_list>
<pin id="69" dir="0" index="0" bw="256" slack="0"/>
<pin id="70" dir="0" index="1" bw="256" slack="0"/>
<pin id="71" dir="1" index="2" bw="0" slack="2147483647"/>
</pin_list>
<bind>
<opcode="store(28) " fcode="store"/>
<opset="store_ln474/1 "/>
</bind>
</comp>

<comp id="73" class="1004" name="i_1_load_fu_73">
<pin_list>
<pin id="74" dir="0" index="0" bw="5" slack="0"/>
<pin id="75" dir="1" index="1" bw="5" slack="0"/>
</pin_list>
<bind>
<opcode="load(27) " fcode="load"/>
<opset="i_1/1 "/>
</bind>
</comp>

<comp id="76" class="1004" name="icmp_ln476_fu_76">
<pin_list>
<pin id="77" dir="0" index="0" bw="5" slack="0"/>
<pin id="78" dir="0" index="1" bw="5" slack="0"/>
<pin id="79" dir="1" index="2" bw="1" slack="2147483647"/>
</pin_list>
<bind>
<opcode="icmp(45) " fcode="icmp"/>
<opset="icmp_ln476/1 "/>
</bind>
</comp>

<comp id="82" class="1004" name="i_2_fu_82">
<pin_list>
<pin id="83" dir="0" index="0" bw="5" slack="0"/>
<pin id="84" dir="0" index="1" bw="1" slack="0"/>
<pin id="85" dir="1" index="2" bw="5" slack="0"/>
</pin_list>
<bind>
<opcode="add(8) " fcode="add"/>
<opset="i_2/1 "/>
</bind>
</comp>

<comp id="88" class="1004" name="store_ln476_store_fu_88">
<pin_list>
<pin id="89" dir="0" index="0" bw="5" slack="0"/>
<pin id="90" dir="0" index="1" bw="5" slack="0"/>
<pin id="91" dir="1" index="2" bw="0" slack="2147483647"/>
</pin_list>
<bind>
<opcode="store(28) " fcode="store"/>
<opset="store_ln476/1 "/>
</bind>
</comp>

<comp id="93" class="1004" name="scalar_1_load_load_fu_93">
<pin_list>
<pin id="94" dir="0" index="0" bw="256" slack="1"/>
<pin id="95" dir="1" index="1" bw="256" slack="0"/>
</pin_list>
<bind>
<opcode="load(27) " fcode="load"/>
<opset="scalar_1_load/2 "/>
</bind>
</comp>

<comp id="96" class="1004" name="scalar_partition_fu_96">
<pin_list>
<pin id="97" dir="0" index="0" bw="256" slack="0"/>
<pin id="98" dir="1" index="1" bw="10" slack="0"/>
</pin_list>
<bind>
<opcode="trunc(33) " fcode="trunc"/>
<opset="scalar_partition/2 "/>
</bind>
</comp>

<comp id="100" class="1004" name="zext_ln475_fu_100">
<pin_list>
<pin id="101" dir="0" index="0" bw="10" slack="0"/>
<pin id="102" dir="1" index="1" bw="32" slack="0"/>
</pin_list>
<bind>
<opcode="zext(34) " fcode="zext"/>
<opset="zext_ln475/2 "/>
</bind>
</comp>

<comp id="105" class="1004" name="scalar_2_fu_105">
<pin_list>
<pin id="106" dir="0" index="0" bw="246" slack="0"/>
<pin id="107" dir="0" index="1" bw="256" slack="0"/>
<pin id="108" dir="0" index="2" bw="5" slack="0"/>
<pin id="109" dir="0" index="3" bw="9" slack="0"/>
<pin id="110" dir="1" index="4" bw="246" slack="0"/>
</pin_list>
<bind>
<opcode="partselect(1002) " fcode="partselect"/>
<opset="scalar_2/2 "/>
</bind>
</comp>

<comp id="115" class="1004" name="zext_ln482_fu_115">
<pin_list>
<pin id="116" dir="0" index="0" bw="246" slack="0"/>
<pin id="117" dir="1" index="1" bw="256" slack="0"/>
</pin_list>
<bind>
<opcode="zext(34) " fcode="zext"/>
<opset="zext_ln482/2 "/>
</bind>
</comp>

<comp id="119" class="1004" name="store_ln474_store_fu_119">
<pin_list>
<pin id="120" dir="0" index="0" bw="246" slack="0"/>
<pin id="121" dir="0" index="1" bw="256" slack="1"/>
<pin id="122" dir="1" index="2" bw="0" slack="2147483647"/>
</pin_list>
<bind>
<opcode="store(28) " fcode="store"/>
<opset="store_ln474/2 "/>
</bind>
</comp>

<comp id="124" class="1005" name="scalar_1_reg_124">
<pin_list>
<pin id="125" dir="0" index="0" bw="256" slack="0"/>
<pin id="126" dir="1" index="1" bw="256" slack="0"/>
</pin_list>
<bind>
<opset="scalar_1 "/>
</bind>
</comp>

<comp id="131" class="1005" name="i_reg_131">
<pin_list>
<pin id="132" dir="0" index="0" bw="5" slack="0"/>
<pin id="133" dir="1" index="1" bw="5" slack="0"/>
</pin_list>
<bind>
<opset="i "/>
</bind>
</comp>

</comp_list>

<net_list>
<net id="45"><net_src comp="4" pin="0"/><net_sink comp="42" pin=0"/></net>

<net id="49"><net_src comp="4" pin="0"/><net_sink comp="46" pin=0"/></net>

<net id="54"><net_src comp="16" pin="0"/><net_sink comp="50" pin=0"/></net>

<net id="55"><net_src comp="0" pin="0"/><net_sink comp="50" pin=1"/></net>

<net id="61"><net_src comp="34" pin="0"/><net_sink comp="56" pin=0"/></net>

<net id="62"><net_src comp="2" pin="0"/><net_sink comp="56" pin=1"/></net>

<net id="67"><net_src comp="18" pin="0"/><net_sink comp="63" pin=0"/></net>

<net id="72"><net_src comp="50" pin="2"/><net_sink comp="68" pin=0"/></net>

<net id="80"><net_src comp="73" pin="1"/><net_sink comp="76" pin=0"/></net>

<net id="81"><net_src comp="20" pin="0"/><net_sink comp="76" pin=1"/></net>

<net id="86"><net_src comp="73" pin="1"/><net_sink comp="82" pin=0"/></net>

<net id="87"><net_src comp="22" pin="0"/><net_sink comp="82" pin=1"/></net>

<net id="92"><net_src comp="82" pin="2"/><net_sink comp="88" pin=0"/></net>

<net id="99"><net_src comp="93" pin="1"/><net_sink comp="96" pin=0"/></net>

<net id="103"><net_src comp="96" pin="1"/><net_sink comp="100" pin=0"/></net>

<net id="104"><net_src comp="100" pin="1"/><net_sink comp="56" pin=2"/></net>

<net id="111"><net_src comp="36" pin="0"/><net_sink comp="105" pin=0"/></net>

<net id="112"><net_src comp="93" pin="1"/><net_sink comp="105" pin=1"/></net>

<net id="113"><net_src comp="38" pin="0"/><net_sink comp="105" pin=2"/></net>

<net id="114"><net_src comp="40" pin="0"/><net_sink comp="105" pin=3"/></net>

<net id="118"><net_src comp="105" pin="4"/><net_sink comp="115" pin=0"/></net>

<net id="123"><net_src comp="115" pin="1"/><net_sink comp="119" pin=0"/></net>

<net id="127"><net_src comp="42" pin="1"/><net_sink comp="124" pin=0"/></net>

<net id="128"><net_src comp="124" pin="1"/><net_sink comp="68" pin=1"/></net>

<net id="129"><net_src comp="124" pin="1"/><net_sink comp="93" pin=0"/></net>

<net id="130"><net_src comp="124" pin="1"/><net_sink comp="119" pin=1"/></net>

<net id="134"><net_src comp="46" pin="1"/><net_sink comp="131" pin=0"/></net>

<net id="135"><net_src comp="131" pin="1"/><net_sink comp="63" pin=1"/></net>

<net id="136"><net_src comp="131" pin="1"/><net_sink comp="73" pin=0"/></net>

<net id="137"><net_src comp="131" pin="1"/><net_sink comp="88" pin=1"/></net>

</net_list>

</model> 
---------------- Datapath Model END ------------------

* FSMD analyzer results:
  - Output states:
	Port: scalar_partition_stream | {2 }
 - Input state : 
	Port: pippenger_control_Pipeline_VITIS_LOOP_476_1 : scalar | {1 }
  - Chain level:
	State 1
		store_ln476 : 1
		i_1 : 1
		icmp_ln476 : 2
		i_2 : 2
		br_ln476 : 3
		store_ln476 : 3
	State 2
		scalar_partition : 1
		zext_ln475 : 2
		write_ln481 : 3
		scalar_2 : 1
		zext_ln482 : 2
		store_ln474 : 3


============================================================
+ Verbose Summary: Datapath Resource usage 
============================================================

* Functional unit list:
|----------|-------------------------|---------|---------|
| Operation|     Functional Unit     |    FF   |   LUT   |
|----------|-------------------------|---------|---------|
|   icmp   |     icmp_ln476_fu_76    |    0    |    12   |
|----------|-------------------------|---------|---------|
|    add   |        i_2_fu_82        |    0    |    12   |
|----------|-------------------------|---------|---------|
|   read   |  scalar_read_read_fu_50 |    0    |    0    |
|----------|-------------------------|---------|---------|
|   write  | write_ln481_write_fu_56 |    0    |    0    |
|----------|-------------------------|---------|---------|
|   trunc  |  scalar_partition_fu_96 |    0    |    0    |
|----------|-------------------------|---------|---------|
|   zext   |    zext_ln475_fu_100    |    0    |    0    |
|          |    zext_ln482_fu_115    |    0    |    0    |
|----------|-------------------------|---------|---------|
|partselect|     scalar_2_fu_105     |    0    |    0    |
|----------|-------------------------|---------|---------|
|   Total  |                         |    0    |    24   |
|----------|-------------------------|---------|---------|

Memories:
N/A

* Register list:
+----------------+--------+
|                |   FF   |
+----------------+--------+
|    i_reg_131   |    5   |
|scalar_1_reg_124|   256  |
+----------------+--------+
|      Total     |   261  |
+----------------+--------+

* Multiplexer (MUX) list: 
|--------|------|------|------|--------|
|  Comp  |  Pin | Size |  BW  | S x BW |
|--------|------|------|------|--------|
|  Total |      |      |      |    0   |
|--------|------|------|------|--------|



* Summary:
+-----------+--------+--------+
|           |   FF   |   LUT  |
+-----------+--------+--------+
|  Function |    0   |   24   |
|   Memory  |    -   |    -   |
|Multiplexer|    -   |    -   |
|  Register |   261  |    -   |
+-----------+--------+--------+
|   Total   |   261  |   24   |
+-----------+--------+--------+
