

================================================================
== Vitis HLS Report for 'pippenger_control_Pipeline_VITIS_LOOP_544_1'
================================================================
* Date:           Wed Apr 23 16:26:16 2025

* Version:        2024.2 (Build 5238294 on Nov  8 2024)
* Project:        msm_2
* Solution:       solution1 (Vivado IP Flow Target)
* Product family: zynquplus
* Target device:  xczu7ev-ffvc1156-2-e


================================================================
== Performance Estimates
================================================================
+ Timing: 
    * Summary: 
    +--------+---------+----------+------------+
    |  Clock |  Target | Estimated| Uncertainty|
    +--------+---------+----------+------------+
    |ap_clk  |  4.00 ns|  2.920 ns|     1.08 ns|
    +--------+---------+----------+------------+

+ Latency: 
    * Summary: 
    +---------+-----------+----------+-----------+-----+-----------+------------------------------------------------+
    |   Latency (cycles)  |  Latency (absolute)  |     Interval    |                    Pipeline                    |
    |   min   |    max    |    min   |    max    | min |    max    |                      Type                      |
    +---------+-----------+----------+-----------+-----+-----------+------------------------------------------------+
    |       28|  436207618|  0.112 us|  1.745 sec|   27|  436207617|  loop auto-rewind stp (delay=0 clock cycles(s))|
    +---------+-----------+----------+-----------+-----+-----------+------------------------------------------------+

    + Detail: 
        * Instance: 
        N/A

        * Loop: 
        +--------------------+---------+-----------+----------+-----------+-----------+--------------+----------+
        |                    |   Latency (cycles)  | Iteration|  Initiation Interval  |     Trip     |          |
        |      Loop Name     |   min   |    max    |  Latency |  achieved |   target  |     Count    | Pipelined|
        +--------------------+---------+-----------+----------+-----------+-----------+--------------+----------+
        |- VITIS_LOOP_544_1  |       26|  436207616|        27|         26|          1|  1 ~ 16777216|       yes|
        +--------------------+---------+-----------+----------+-----------+-----------+--------------+----------+

============================================================
+ Verbose Summary: Synthesis Manager
============================================================
InlineROM: 1
ExposeGlobal: 0
============================================================
+ Verbose Summary: CDFG Model
============================================================
IsTopModel: 0
ResetActiveHigh: 1
IsCombinational: 0
IsDatapathOnly: 0
HasWiredReturn: 1
HasMFsm: 2
HasVarLatency: 1
IsPipeline: 0
IsRtlPipelined: 0
IsInstanceOverlapped: 0
IsDontTouch: 0
HasImplIP: 0
IsGatedGlobalClock: 0

+ Individual pipeline summary: 
  * Pipeline-0: initiation interval (II) = 26, depth = 27


============================================================
+ Verbose Summary: Schedule
============================================================
* Number of FSM states : 27
* Pipeline : 1
  Pipeline-0 : II = 26, D = 27, States = { 1 2 3 4 5 6 7 8 9 10 11 12 13 14 15 16 17 18 19 20 21 22 23 24 25 26 27 }
* Dataflow Pipeline: 0

* FSM state transitions: 
1 --> 2 
2 --> 3 
3 --> 4 
4 --> 5 
5 --> 6 
6 --> 7 
7 --> 8 
8 --> 9 
9 --> 10 
10 --> 11 
11 --> 12 
12 --> 13 
13 --> 14 
14 --> 15 
15 --> 16 
16 --> 17 
17 --> 18 
18 --> 19 
19 --> 20 
20 --> 21 
21 --> 22 
22 --> 23 
23 --> 24 
24 --> 25 
25 --> 26 
26 --> 27 
27 --> 

* FSM state operations: 

State 1 <SV = 0> <Delay = 0.42>
ST_1 : Operation 30 [1/1] (0.00ns)   --->   "%specinterface_ln0 = specinterface void @_ssdm_op_SpecInterface, i256 %scalar_stream, void @empty_0, i32 0, i32 0, void @empty, i32 0, i32 0, void @empty, void @empty, void @empty, i32 0, i32 0, i32 0, i32 0, void @empty, void @empty, i32 4294967295, i32 0, i32 0"   --->   Operation 30 'specinterface' 'specinterface_ln0' <Predicate = true> <Delay = 0.00>
ST_1 : Operation 31 [1/1] (0.00ns)   --->   "%specinterface_ln0 = specinterface void @_ssdm_op_SpecInterface, i256 %t_stream, void @empty_0, i32 0, i32 0, void @empty, i32 0, i32 0, void @empty, void @empty, void @empty, i32 0, i32 0, i32 0, i32 0, void @empty, void @empty, i32 4294967295, i32 0, i32 0"   --->   Operation 31 'specinterface' 'specinterface_ln0' <Predicate = true> <Delay = 0.00>
ST_1 : Operation 32 [1/1] (0.00ns)   --->   "%specinterface_ln0 = specinterface void @_ssdm_op_SpecInterface, i256 %z_stream, void @empty_0, i32 0, i32 0, void @empty, i32 0, i32 0, void @empty, void @empty, void @empty, i32 0, i32 0, i32 0, i32 0, void @empty, void @empty, i32 4294967295, i32 0, i32 0"   --->   Operation 32 'specinterface' 'specinterface_ln0' <Predicate = true> <Delay = 0.00>
ST_1 : Operation 33 [1/1] (0.00ns)   --->   "%specinterface_ln0 = specinterface void @_ssdm_op_SpecInterface, i256 %y_stream, void @empty_0, i32 0, i32 0, void @empty, i32 0, i32 0, void @empty, void @empty, void @empty, i32 0, i32 0, i32 0, i32 0, void @empty, void @empty, i32 4294967295, i32 0, i32 0"   --->   Operation 33 'specinterface' 'specinterface_ln0' <Predicate = true> <Delay = 0.00>
ST_1 : Operation 34 [1/1] (0.00ns)   --->   "%specinterface_ln0 = specinterface void @_ssdm_op_SpecInterface, i256 %x_stream, void @empty_0, i32 0, i32 0, void @empty, i32 0, i32 0, void @empty, void @empty, void @empty, i32 0, i32 0, i32 0, i32 0, void @empty, void @empty, i32 4294967295, i32 0, i32 0"   --->   Operation 34 'specinterface' 'specinterface_ln0' <Predicate = true> <Delay = 0.00>
ST_1 : Operation 35 [1/1] (0.00ns)   --->   "%scalar_partition_stream = alloca i64 1" [../src/msm.cpp:541->../src/msm.cpp:608]   --->   Operation 35 'alloca' 'scalar_partition_stream' <Predicate = true> <Delay = 0.00>
ST_1 : Operation 36 [1/1] (0.00ns)   --->   "%specinterface_ln0 = specinterface void @_ssdm_op_SpecInterface, i32 %scalar_partition_stream, void @empty_0, i32 0, i32 0, void @empty, i32 0, i32 0, void @empty, void @empty, void @empty, i32 0, i32 0, i32 0, i32 0, void @empty, void @empty, i32 4294967295, i32 0, i32 0"   --->   Operation 36 'specinterface' 'specinterface_ln0' <Predicate = true> <Delay = 0.00>
ST_1 : Operation 37 [1/1] (0.00ns)   --->   "%br_ln544 = br void %while.cond.i" [../src/msm.cpp:544->../src/msm.cpp:608]   --->   Operation 37 'br' 'br_ln544' <Predicate = true> <Delay = 0.00>
ST_1 : Operation 38 [1/1] ( I:0.00ns O:0.00ns )   --->   "%tmp = nbreadreq i1 @_ssdm_op_NbReadReq.ap_fifo.i256P0A, i256 %x_stream, i32 1" [../src/msm.cpp:544->../src/msm.cpp:608]   --->   Operation 38 'nbreadreq' 'tmp' <Predicate = true> <Delay = 0.00> <CoreInst = "FIFO">   --->   Core 77 'FIFO' <Latency = 0> <II = 1> <Delay = 1.63> <Storage> <Opcode : 'read' 'write' 'nbread' 'nbwrite'> <Ports = 0> <Width = -1> <Depth = -1> <FIFO>
ST_1 : Operation 39 [1/1] (0.00ns)   --->   "%br_ln544 = br i1 %tmp, void %for.inc.i.preheader.exitStub, void %while.body.i" [../src/msm.cpp:544->../src/msm.cpp:608]   --->   Operation 39 'br' 'br_ln544' <Predicate = true> <Delay = 0.00>
ST_1 : Operation 127 [1/1] (0.42ns)   --->   "%ret_ln0 = ret"   --->   Operation 127 'ret' 'ret_ln0' <Predicate = (!tmp)> <Delay = 0.42>

State 2 <SV = 1> <Delay = 2.92>
ST_2 : Operation 40 [1/1] ( I:1.46ns O:1.46ns )   --->   "%p_0 = read i256 @_ssdm_op_Read.ap_fifo.volatile.i256P0A, i256 %x_stream" [../src/msm.cpp:547->../src/msm.cpp:608]   --->   Operation 40 'read' 'p_0' <Predicate = (tmp)> <Delay = 1.46> <CoreInst = "FIFO">   --->   Core 77 'FIFO' <Latency = 0> <II = 1> <Delay = 1.63> <Storage> <Opcode : 'read' 'write' 'nbread' 'nbwrite'> <Ports = 0> <Width = -1> <Depth = -1> <FIFO>
ST_2 : Operation 41 [1/1] ( I:1.46ns O:1.46ns )   --->   "%p_030 = read i256 @_ssdm_op_Read.ap_fifo.volatile.i256P0A, i256 %y_stream" [../src/msm.cpp:548->../src/msm.cpp:608]   --->   Operation 41 'read' 'p_030' <Predicate = (tmp)> <Delay = 1.46> <CoreInst = "FIFO">   --->   Core 77 'FIFO' <Latency = 0> <II = 1> <Delay = 1.63> <Storage> <Opcode : 'read' 'write' 'nbread' 'nbwrite'> <Ports = 0> <Width = -1> <Depth = -1> <FIFO>
ST_2 : Operation 42 [1/1] ( I:1.46ns O:1.46ns )   --->   "%p_029 = read i256 @_ssdm_op_Read.ap_fifo.volatile.i256P0A, i256 %z_stream" [../src/msm.cpp:549->../src/msm.cpp:608]   --->   Operation 42 'read' 'p_029' <Predicate = (tmp)> <Delay = 1.46> <CoreInst = "FIFO">   --->   Core 77 'FIFO' <Latency = 0> <II = 1> <Delay = 1.63> <Storage> <Opcode : 'read' 'write' 'nbread' 'nbwrite'> <Ports = 0> <Width = -1> <Depth = -1> <FIFO>
ST_2 : Operation 43 [1/1] ( I:1.46ns O:1.46ns )   --->   "%p_028 = read i256 @_ssdm_op_Read.ap_fifo.volatile.i256P0A, i256 %t_stream" [../src/msm.cpp:550->../src/msm.cpp:608]   --->   Operation 43 'read' 'p_028' <Predicate = (tmp)> <Delay = 1.46> <CoreInst = "FIFO">   --->   Core 77 'FIFO' <Latency = 0> <II = 1> <Delay = 1.63> <Storage> <Opcode : 'read' 'write' 'nbread' 'nbwrite'> <Ports = 0> <Width = -1> <Depth = -1> <FIFO>
ST_2 : Operation 44 [1/1] ( I:1.46ns O:1.46ns )   --->   "%scalar = read i256 @_ssdm_op_Read.ap_fifo.volatile.i256P0A, i256 %scalar_stream" [../src/msm.cpp:474->../src/msm.cpp:553->../src/msm.cpp:608]   --->   Operation 44 'read' 'scalar' <Predicate = (tmp)> <Delay = 1.46> <CoreInst = "FIFO">   --->   Core 77 'FIFO' <Latency = 0> <II = 1> <Delay = 1.63> <Storage> <Opcode : 'read' 'write' 'nbread' 'nbwrite'> <Ports = 0> <Width = -1> <Depth = -1> <FIFO>
ST_2 : Operation 45 [1/1] (0.00ns)   --->   "%scalar_partition = trunc i256 %scalar" [../src/msm.cpp:478->../src/msm.cpp:553->../src/msm.cpp:608]   --->   Operation 45 'trunc' 'scalar_partition' <Predicate = (tmp)> <Delay = 0.00>
ST_2 : Operation 46 [1/1] (0.00ns)   --->   "%zext_ln475 = zext i10 %scalar_partition" [../src/msm.cpp:475->../src/msm.cpp:553->../src/msm.cpp:608]   --->   Operation 46 'zext' 'zext_ln475' <Predicate = (tmp)> <Delay = 0.00>
ST_2 : Operation 47 [1/1] ( I:1.46ns O:1.46ns )   --->   "%write_ln479 = write void @_ssdm_op_Write.ap_fifo.volatile.i32P0A, i32 %scalar_partition_stream, i32 %zext_ln475" [../src/msm.cpp:479->../src/msm.cpp:553->../src/msm.cpp:608]   --->   Operation 47 'write' 'write_ln479' <Predicate = (tmp)> <Delay = 1.46> <CoreInst = "FIFO">   --->   Core 77 'FIFO' <Latency = 0> <II = 1> <Delay = 1.63> <Storage> <Opcode : 'read' 'write' 'nbread' 'nbwrite'> <Ports = 0> <Width = -1> <Depth = -1> <FIFO>
ST_2 : Operation 48 [1/1] (0.00ns)   --->   "%scalar_partition_1 = partselect i10 @_ssdm_op_PartSelect.i10.i256.i32.i32, i256 %scalar, i32 10, i32 19" [../src/msm.cpp:478->../src/msm.cpp:553->../src/msm.cpp:608]   --->   Operation 48 'partselect' 'scalar_partition_1' <Predicate = (tmp)> <Delay = 0.00>
ST_2 : Operation 49 [1/1] (0.00ns)   --->   "%scalar_partition_2 = partselect i10 @_ssdm_op_PartSelect.i10.i256.i32.i32, i256 %scalar, i32 20, i32 29" [../src/msm.cpp:478->../src/msm.cpp:553->../src/msm.cpp:608]   --->   Operation 49 'partselect' 'scalar_partition_2' <Predicate = (tmp)> <Delay = 0.00>
ST_2 : Operation 50 [1/1] (0.00ns)   --->   "%scalar_partition_3 = partselect i10 @_ssdm_op_PartSelect.i10.i256.i32.i32, i256 %scalar, i32 30, i32 39" [../src/msm.cpp:478->../src/msm.cpp:553->../src/msm.cpp:608]   --->   Operation 50 'partselect' 'scalar_partition_3' <Predicate = (tmp)> <Delay = 0.00>
ST_2 : Operation 51 [1/1] (0.00ns)   --->   "%scalar_partition_4 = partselect i10 @_ssdm_op_PartSelect.i10.i256.i32.i32, i256 %scalar, i32 40, i32 49" [../src/msm.cpp:478->../src/msm.cpp:553->../src/msm.cpp:608]   --->   Operation 51 'partselect' 'scalar_partition_4' <Predicate = (tmp)> <Delay = 0.00>
ST_2 : Operation 52 [1/1] (0.00ns)   --->   "%scalar_partition_5 = partselect i10 @_ssdm_op_PartSelect.i10.i256.i32.i32, i256 %scalar, i32 50, i32 59" [../src/msm.cpp:478->../src/msm.cpp:553->../src/msm.cpp:608]   --->   Operation 52 'partselect' 'scalar_partition_5' <Predicate = (tmp)> <Delay = 0.00>
ST_2 : Operation 53 [1/1] (0.00ns)   --->   "%scalar_partition_6 = partselect i10 @_ssdm_op_PartSelect.i10.i256.i32.i32, i256 %scalar, i32 60, i32 69" [../src/msm.cpp:478->../src/msm.cpp:553->../src/msm.cpp:608]   --->   Operation 53 'partselect' 'scalar_partition_6' <Predicate = (tmp)> <Delay = 0.00>
ST_2 : Operation 54 [1/1] (0.00ns)   --->   "%scalar_partition_7 = partselect i10 @_ssdm_op_PartSelect.i10.i256.i32.i32, i256 %scalar, i32 70, i32 79" [../src/msm.cpp:478->../src/msm.cpp:553->../src/msm.cpp:608]   --->   Operation 54 'partselect' 'scalar_partition_7' <Predicate = (tmp)> <Delay = 0.00>
ST_2 : Operation 55 [1/1] (0.00ns)   --->   "%scalar_partition_8 = partselect i10 @_ssdm_op_PartSelect.i10.i256.i32.i32, i256 %scalar, i32 80, i32 89" [../src/msm.cpp:478->../src/msm.cpp:553->../src/msm.cpp:608]   --->   Operation 55 'partselect' 'scalar_partition_8' <Predicate = (tmp)> <Delay = 0.00>
ST_2 : Operation 56 [1/1] (0.00ns)   --->   "%scalar_partition_9 = partselect i10 @_ssdm_op_PartSelect.i10.i256.i32.i32, i256 %scalar, i32 90, i32 99" [../src/msm.cpp:478->../src/msm.cpp:553->../src/msm.cpp:608]   --->   Operation 56 'partselect' 'scalar_partition_9' <Predicate = (tmp)> <Delay = 0.00>
ST_2 : Operation 57 [1/1] (0.00ns)   --->   "%scalar_partition_10 = partselect i10 @_ssdm_op_PartSelect.i10.i256.i32.i32, i256 %scalar, i32 100, i32 109" [../src/msm.cpp:478->../src/msm.cpp:553->../src/msm.cpp:608]   --->   Operation 57 'partselect' 'scalar_partition_10' <Predicate = (tmp)> <Delay = 0.00>
ST_2 : Operation 58 [1/1] (0.00ns)   --->   "%scalar_partition_11 = partselect i10 @_ssdm_op_PartSelect.i10.i256.i32.i32, i256 %scalar, i32 110, i32 119" [../src/msm.cpp:478->../src/msm.cpp:553->../src/msm.cpp:608]   --->   Operation 58 'partselect' 'scalar_partition_11' <Predicate = (tmp)> <Delay = 0.00>
ST_2 : Operation 59 [1/1] (0.00ns)   --->   "%scalar_partition_12 = partselect i10 @_ssdm_op_PartSelect.i10.i256.i32.i32, i256 %scalar, i32 120, i32 129" [../src/msm.cpp:478->../src/msm.cpp:553->../src/msm.cpp:608]   --->   Operation 59 'partselect' 'scalar_partition_12' <Predicate = (tmp)> <Delay = 0.00>
ST_2 : Operation 60 [1/1] (0.00ns)   --->   "%scalar_partition_13 = partselect i10 @_ssdm_op_PartSelect.i10.i256.i32.i32, i256 %scalar, i32 130, i32 139" [../src/msm.cpp:478->../src/msm.cpp:553->../src/msm.cpp:608]   --->   Operation 60 'partselect' 'scalar_partition_13' <Predicate = (tmp)> <Delay = 0.00>
ST_2 : Operation 61 [1/1] (0.00ns)   --->   "%scalar_partition_14 = partselect i10 @_ssdm_op_PartSelect.i10.i256.i32.i32, i256 %scalar, i32 140, i32 149" [../src/msm.cpp:478->../src/msm.cpp:553->../src/msm.cpp:608]   --->   Operation 61 'partselect' 'scalar_partition_14' <Predicate = (tmp)> <Delay = 0.00>
ST_2 : Operation 62 [1/1] (0.00ns)   --->   "%scalar_partition_15 = partselect i10 @_ssdm_op_PartSelect.i10.i256.i32.i32, i256 %scalar, i32 150, i32 159" [../src/msm.cpp:478->../src/msm.cpp:553->../src/msm.cpp:608]   --->   Operation 62 'partselect' 'scalar_partition_15' <Predicate = (tmp)> <Delay = 0.00>
ST_2 : Operation 63 [1/1] (0.00ns)   --->   "%scalar_partition_16 = partselect i10 @_ssdm_op_PartSelect.i10.i256.i32.i32, i256 %scalar, i32 160, i32 169" [../src/msm.cpp:478->../src/msm.cpp:553->../src/msm.cpp:608]   --->   Operation 63 'partselect' 'scalar_partition_16' <Predicate = (tmp)> <Delay = 0.00>
ST_2 : Operation 64 [1/1] (0.00ns)   --->   "%scalar_partition_17 = partselect i10 @_ssdm_op_PartSelect.i10.i256.i32.i32, i256 %scalar, i32 170, i32 179" [../src/msm.cpp:478->../src/msm.cpp:553->../src/msm.cpp:608]   --->   Operation 64 'partselect' 'scalar_partition_17' <Predicate = (tmp)> <Delay = 0.00>
ST_2 : Operation 65 [1/1] (0.00ns)   --->   "%scalar_partition_18 = partselect i10 @_ssdm_op_PartSelect.i10.i256.i32.i32, i256 %scalar, i32 180, i32 189" [../src/msm.cpp:478->../src/msm.cpp:553->../src/msm.cpp:608]   --->   Operation 65 'partselect' 'scalar_partition_18' <Predicate = (tmp)> <Delay = 0.00>
ST_2 : Operation 66 [1/1] (0.00ns)   --->   "%scalar_partition_19 = partselect i10 @_ssdm_op_PartSelect.i10.i256.i32.i32, i256 %scalar, i32 190, i32 199" [../src/msm.cpp:478->../src/msm.cpp:553->../src/msm.cpp:608]   --->   Operation 66 'partselect' 'scalar_partition_19' <Predicate = (tmp)> <Delay = 0.00>
ST_2 : Operation 67 [1/1] (0.00ns)   --->   "%scalar_partition_20 = partselect i10 @_ssdm_op_PartSelect.i10.i256.i32.i32, i256 %scalar, i32 200, i32 209" [../src/msm.cpp:478->../src/msm.cpp:553->../src/msm.cpp:608]   --->   Operation 67 'partselect' 'scalar_partition_20' <Predicate = (tmp)> <Delay = 0.00>
ST_2 : Operation 68 [1/1] (0.00ns)   --->   "%scalar_partition_21 = partselect i10 @_ssdm_op_PartSelect.i10.i256.i32.i32, i256 %scalar, i32 210, i32 219" [../src/msm.cpp:478->../src/msm.cpp:553->../src/msm.cpp:608]   --->   Operation 68 'partselect' 'scalar_partition_21' <Predicate = (tmp)> <Delay = 0.00>
ST_2 : Operation 69 [1/1] (0.00ns)   --->   "%scalar_partition_22 = partselect i10 @_ssdm_op_PartSelect.i10.i256.i32.i32, i256 %scalar, i32 220, i32 229" [../src/msm.cpp:478->../src/msm.cpp:553->../src/msm.cpp:608]   --->   Operation 69 'partselect' 'scalar_partition_22' <Predicate = (tmp)> <Delay = 0.00>
ST_2 : Operation 70 [1/1] (0.00ns)   --->   "%scalar_partition_23 = partselect i10 @_ssdm_op_PartSelect.i10.i256.i32.i32, i256 %scalar, i32 230, i32 239" [../src/msm.cpp:478->../src/msm.cpp:553->../src/msm.cpp:608]   --->   Operation 70 'partselect' 'scalar_partition_23' <Predicate = (tmp)> <Delay = 0.00>
ST_2 : Operation 71 [1/1] (0.00ns)   --->   "%scalar_partition_24 = partselect i10 @_ssdm_op_PartSelect.i10.i256.i32.i32, i256 %scalar, i32 240, i32 249" [../src/msm.cpp:478->../src/msm.cpp:553->../src/msm.cpp:608]   --->   Operation 71 'partselect' 'scalar_partition_24' <Predicate = (tmp)> <Delay = 0.00>
ST_2 : Operation 72 [1/1] (0.00ns)   --->   "%tmp_2 = partselect i6 @_ssdm_op_PartSelect.i6.i256.i32.i32, i256 %scalar, i32 250, i32 255" [../src/msm.cpp:478->../src/msm.cpp:553->../src/msm.cpp:608]   --->   Operation 72 'partselect' 'tmp_2' <Predicate = (tmp)> <Delay = 0.00>

State 3 <SV = 2> <Delay = 1.46>
ST_3 : Operation 73 [1/1] (0.00ns)   --->   "%zext_ln475_1 = zext i10 %scalar_partition_1" [../src/msm.cpp:475->../src/msm.cpp:553->../src/msm.cpp:608]   --->   Operation 73 'zext' 'zext_ln475_1' <Predicate = (tmp)> <Delay = 0.00>
ST_3 : Operation 74 [1/1] ( I:1.46ns O:1.46ns )   --->   "%write_ln479 = write void @_ssdm_op_Write.ap_fifo.volatile.i32P0A, i32 %scalar_partition_stream, i32 %zext_ln475_1" [../src/msm.cpp:479->../src/msm.cpp:553->../src/msm.cpp:608]   --->   Operation 74 'write' 'write_ln479' <Predicate = (tmp)> <Delay = 1.46> <CoreInst = "FIFO">   --->   Core 77 'FIFO' <Latency = 0> <II = 1> <Delay = 1.63> <Storage> <Opcode : 'read' 'write' 'nbread' 'nbwrite'> <Ports = 0> <Width = -1> <Depth = -1> <FIFO>

State 4 <SV = 3> <Delay = 1.46>
ST_4 : Operation 75 [1/1] (0.00ns)   --->   "%zext_ln475_2 = zext i10 %scalar_partition_2" [../src/msm.cpp:475->../src/msm.cpp:553->../src/msm.cpp:608]   --->   Operation 75 'zext' 'zext_ln475_2' <Predicate = (tmp)> <Delay = 0.00>
ST_4 : Operation 76 [1/1] ( I:1.46ns O:1.46ns )   --->   "%write_ln479 = write void @_ssdm_op_Write.ap_fifo.volatile.i32P0A, i32 %scalar_partition_stream, i32 %zext_ln475_2" [../src/msm.cpp:479->../src/msm.cpp:553->../src/msm.cpp:608]   --->   Operation 76 'write' 'write_ln479' <Predicate = (tmp)> <Delay = 1.46> <CoreInst = "FIFO">   --->   Core 77 'FIFO' <Latency = 0> <II = 1> <Delay = 1.63> <Storage> <Opcode : 'read' 'write' 'nbread' 'nbwrite'> <Ports = 0> <Width = -1> <Depth = -1> <FIFO>

State 5 <SV = 4> <Delay = 1.46>
ST_5 : Operation 77 [1/1] (0.00ns)   --->   "%zext_ln475_3 = zext i10 %scalar_partition_3" [../src/msm.cpp:475->../src/msm.cpp:553->../src/msm.cpp:608]   --->   Operation 77 'zext' 'zext_ln475_3' <Predicate = (tmp)> <Delay = 0.00>
ST_5 : Operation 78 [1/1] ( I:1.46ns O:1.46ns )   --->   "%write_ln479 = write void @_ssdm_op_Write.ap_fifo.volatile.i32P0A, i32 %scalar_partition_stream, i32 %zext_ln475_3" [../src/msm.cpp:479->../src/msm.cpp:553->../src/msm.cpp:608]   --->   Operation 78 'write' 'write_ln479' <Predicate = (tmp)> <Delay = 1.46> <CoreInst = "FIFO">   --->   Core 77 'FIFO' <Latency = 0> <II = 1> <Delay = 1.63> <Storage> <Opcode : 'read' 'write' 'nbread' 'nbwrite'> <Ports = 0> <Width = -1> <Depth = -1> <FIFO>

State 6 <SV = 5> <Delay = 1.46>
ST_6 : Operation 79 [1/1] (0.00ns)   --->   "%zext_ln475_4 = zext i10 %scalar_partition_4" [../src/msm.cpp:475->../src/msm.cpp:553->../src/msm.cpp:608]   --->   Operation 79 'zext' 'zext_ln475_4' <Predicate = (tmp)> <Delay = 0.00>
ST_6 : Operation 80 [1/1] ( I:1.46ns O:1.46ns )   --->   "%write_ln479 = write void @_ssdm_op_Write.ap_fifo.volatile.i32P0A, i32 %scalar_partition_stream, i32 %zext_ln475_4" [../src/msm.cpp:479->../src/msm.cpp:553->../src/msm.cpp:608]   --->   Operation 80 'write' 'write_ln479' <Predicate = (tmp)> <Delay = 1.46> <CoreInst = "FIFO">   --->   Core 77 'FIFO' <Latency = 0> <II = 1> <Delay = 1.63> <Storage> <Opcode : 'read' 'write' 'nbread' 'nbwrite'> <Ports = 0> <Width = -1> <Depth = -1> <FIFO>

State 7 <SV = 6> <Delay = 1.46>
ST_7 : Operation 81 [1/1] (0.00ns)   --->   "%zext_ln475_5 = zext i10 %scalar_partition_5" [../src/msm.cpp:475->../src/msm.cpp:553->../src/msm.cpp:608]   --->   Operation 81 'zext' 'zext_ln475_5' <Predicate = (tmp)> <Delay = 0.00>
ST_7 : Operation 82 [1/1] ( I:1.46ns O:1.46ns )   --->   "%write_ln479 = write void @_ssdm_op_Write.ap_fifo.volatile.i32P0A, i32 %scalar_partition_stream, i32 %zext_ln475_5" [../src/msm.cpp:479->../src/msm.cpp:553->../src/msm.cpp:608]   --->   Operation 82 'write' 'write_ln479' <Predicate = (tmp)> <Delay = 1.46> <CoreInst = "FIFO">   --->   Core 77 'FIFO' <Latency = 0> <II = 1> <Delay = 1.63> <Storage> <Opcode : 'read' 'write' 'nbread' 'nbwrite'> <Ports = 0> <Width = -1> <Depth = -1> <FIFO>

State 8 <SV = 7> <Delay = 1.46>
ST_8 : Operation 83 [1/1] (0.00ns)   --->   "%zext_ln475_6 = zext i10 %scalar_partition_6" [../src/msm.cpp:475->../src/msm.cpp:553->../src/msm.cpp:608]   --->   Operation 83 'zext' 'zext_ln475_6' <Predicate = (tmp)> <Delay = 0.00>
ST_8 : Operation 84 [1/1] ( I:1.46ns O:1.46ns )   --->   "%write_ln479 = write void @_ssdm_op_Write.ap_fifo.volatile.i32P0A, i32 %scalar_partition_stream, i32 %zext_ln475_6" [../src/msm.cpp:479->../src/msm.cpp:553->../src/msm.cpp:608]   --->   Operation 84 'write' 'write_ln479' <Predicate = (tmp)> <Delay = 1.46> <CoreInst = "FIFO">   --->   Core 77 'FIFO' <Latency = 0> <II = 1> <Delay = 1.63> <Storage> <Opcode : 'read' 'write' 'nbread' 'nbwrite'> <Ports = 0> <Width = -1> <Depth = -1> <FIFO>

State 9 <SV = 8> <Delay = 1.46>
ST_9 : Operation 85 [1/1] (0.00ns)   --->   "%zext_ln475_7 = zext i10 %scalar_partition_7" [../src/msm.cpp:475->../src/msm.cpp:553->../src/msm.cpp:608]   --->   Operation 85 'zext' 'zext_ln475_7' <Predicate = (tmp)> <Delay = 0.00>
ST_9 : Operation 86 [1/1] ( I:1.46ns O:1.46ns )   --->   "%write_ln479 = write void @_ssdm_op_Write.ap_fifo.volatile.i32P0A, i32 %scalar_partition_stream, i32 %zext_ln475_7" [../src/msm.cpp:479->../src/msm.cpp:553->../src/msm.cpp:608]   --->   Operation 86 'write' 'write_ln479' <Predicate = (tmp)> <Delay = 1.46> <CoreInst = "FIFO">   --->   Core 77 'FIFO' <Latency = 0> <II = 1> <Delay = 1.63> <Storage> <Opcode : 'read' 'write' 'nbread' 'nbwrite'> <Ports = 0> <Width = -1> <Depth = -1> <FIFO>

State 10 <SV = 9> <Delay = 1.46>
ST_10 : Operation 87 [1/1] (0.00ns)   --->   "%zext_ln475_8 = zext i10 %scalar_partition_8" [../src/msm.cpp:475->../src/msm.cpp:553->../src/msm.cpp:608]   --->   Operation 87 'zext' 'zext_ln475_8' <Predicate = (tmp)> <Delay = 0.00>
ST_10 : Operation 88 [1/1] ( I:1.46ns O:1.46ns )   --->   "%write_ln479 = write void @_ssdm_op_Write.ap_fifo.volatile.i32P0A, i32 %scalar_partition_stream, i32 %zext_ln475_8" [../src/msm.cpp:479->../src/msm.cpp:553->../src/msm.cpp:608]   --->   Operation 88 'write' 'write_ln479' <Predicate = (tmp)> <Delay = 1.46> <CoreInst = "FIFO">   --->   Core 77 'FIFO' <Latency = 0> <II = 1> <Delay = 1.63> <Storage> <Opcode : 'read' 'write' 'nbread' 'nbwrite'> <Ports = 0> <Width = -1> <Depth = -1> <FIFO>

State 11 <SV = 10> <Delay = 1.46>
ST_11 : Operation 89 [1/1] (0.00ns)   --->   "%zext_ln475_9 = zext i10 %scalar_partition_9" [../src/msm.cpp:475->../src/msm.cpp:553->../src/msm.cpp:608]   --->   Operation 89 'zext' 'zext_ln475_9' <Predicate = (tmp)> <Delay = 0.00>
ST_11 : Operation 90 [1/1] ( I:1.46ns O:1.46ns )   --->   "%write_ln479 = write void @_ssdm_op_Write.ap_fifo.volatile.i32P0A, i32 %scalar_partition_stream, i32 %zext_ln475_9" [../src/msm.cpp:479->../src/msm.cpp:553->../src/msm.cpp:608]   --->   Operation 90 'write' 'write_ln479' <Predicate = (tmp)> <Delay = 1.46> <CoreInst = "FIFO">   --->   Core 77 'FIFO' <Latency = 0> <II = 1> <Delay = 1.63> <Storage> <Opcode : 'read' 'write' 'nbread' 'nbwrite'> <Ports = 0> <Width = -1> <Depth = -1> <FIFO>

State 12 <SV = 11> <Delay = 1.46>
ST_12 : Operation 91 [1/1] (0.00ns)   --->   "%zext_ln475_10 = zext i10 %scalar_partition_10" [../src/msm.cpp:475->../src/msm.cpp:553->../src/msm.cpp:608]   --->   Operation 91 'zext' 'zext_ln475_10' <Predicate = (tmp)> <Delay = 0.00>
ST_12 : Operation 92 [1/1] ( I:1.46ns O:1.46ns )   --->   "%write_ln479 = write void @_ssdm_op_Write.ap_fifo.volatile.i32P0A, i32 %scalar_partition_stream, i32 %zext_ln475_10" [../src/msm.cpp:479->../src/msm.cpp:553->../src/msm.cpp:608]   --->   Operation 92 'write' 'write_ln479' <Predicate = (tmp)> <Delay = 1.46> <CoreInst = "FIFO">   --->   Core 77 'FIFO' <Latency = 0> <II = 1> <Delay = 1.63> <Storage> <Opcode : 'read' 'write' 'nbread' 'nbwrite'> <Ports = 0> <Width = -1> <Depth = -1> <FIFO>

State 13 <SV = 12> <Delay = 1.46>
ST_13 : Operation 93 [1/1] (0.00ns)   --->   "%zext_ln475_11 = zext i10 %scalar_partition_11" [../src/msm.cpp:475->../src/msm.cpp:553->../src/msm.cpp:608]   --->   Operation 93 'zext' 'zext_ln475_11' <Predicate = (tmp)> <Delay = 0.00>
ST_13 : Operation 94 [1/1] ( I:1.46ns O:1.46ns )   --->   "%write_ln479 = write void @_ssdm_op_Write.ap_fifo.volatile.i32P0A, i32 %scalar_partition_stream, i32 %zext_ln475_11" [../src/msm.cpp:479->../src/msm.cpp:553->../src/msm.cpp:608]   --->   Operation 94 'write' 'write_ln479' <Predicate = (tmp)> <Delay = 1.46> <CoreInst = "FIFO">   --->   Core 77 'FIFO' <Latency = 0> <II = 1> <Delay = 1.63> <Storage> <Opcode : 'read' 'write' 'nbread' 'nbwrite'> <Ports = 0> <Width = -1> <Depth = -1> <FIFO>

State 14 <SV = 13> <Delay = 1.46>
ST_14 : Operation 95 [1/1] (0.00ns)   --->   "%zext_ln475_12 = zext i10 %scalar_partition_12" [../src/msm.cpp:475->../src/msm.cpp:553->../src/msm.cpp:608]   --->   Operation 95 'zext' 'zext_ln475_12' <Predicate = (tmp)> <Delay = 0.00>
ST_14 : Operation 96 [1/1] ( I:1.46ns O:1.46ns )   --->   "%write_ln479 = write void @_ssdm_op_Write.ap_fifo.volatile.i32P0A, i32 %scalar_partition_stream, i32 %zext_ln475_12" [../src/msm.cpp:479->../src/msm.cpp:553->../src/msm.cpp:608]   --->   Operation 96 'write' 'write_ln479' <Predicate = (tmp)> <Delay = 1.46> <CoreInst = "FIFO">   --->   Core 77 'FIFO' <Latency = 0> <II = 1> <Delay = 1.63> <Storage> <Opcode : 'read' 'write' 'nbread' 'nbwrite'> <Ports = 0> <Width = -1> <Depth = -1> <FIFO>

State 15 <SV = 14> <Delay = 1.46>
ST_15 : Operation 97 [1/1] (0.00ns)   --->   "%zext_ln475_13 = zext i10 %scalar_partition_13" [../src/msm.cpp:475->../src/msm.cpp:553->../src/msm.cpp:608]   --->   Operation 97 'zext' 'zext_ln475_13' <Predicate = (tmp)> <Delay = 0.00>
ST_15 : Operation 98 [1/1] ( I:1.46ns O:1.46ns )   --->   "%write_ln479 = write void @_ssdm_op_Write.ap_fifo.volatile.i32P0A, i32 %scalar_partition_stream, i32 %zext_ln475_13" [../src/msm.cpp:479->../src/msm.cpp:553->../src/msm.cpp:608]   --->   Operation 98 'write' 'write_ln479' <Predicate = (tmp)> <Delay = 1.46> <CoreInst = "FIFO">   --->   Core 77 'FIFO' <Latency = 0> <II = 1> <Delay = 1.63> <Storage> <Opcode : 'read' 'write' 'nbread' 'nbwrite'> <Ports = 0> <Width = -1> <Depth = -1> <FIFO>

State 16 <SV = 15> <Delay = 1.46>
ST_16 : Operation 99 [1/1] (0.00ns)   --->   "%zext_ln475_14 = zext i10 %scalar_partition_14" [../src/msm.cpp:475->../src/msm.cpp:553->../src/msm.cpp:608]   --->   Operation 99 'zext' 'zext_ln475_14' <Predicate = (tmp)> <Delay = 0.00>
ST_16 : Operation 100 [1/1] ( I:1.46ns O:1.46ns )   --->   "%write_ln479 = write void @_ssdm_op_Write.ap_fifo.volatile.i32P0A, i32 %scalar_partition_stream, i32 %zext_ln475_14" [../src/msm.cpp:479->../src/msm.cpp:553->../src/msm.cpp:608]   --->   Operation 100 'write' 'write_ln479' <Predicate = (tmp)> <Delay = 1.46> <CoreInst = "FIFO">   --->   Core 77 'FIFO' <Latency = 0> <II = 1> <Delay = 1.63> <Storage> <Opcode : 'read' 'write' 'nbread' 'nbwrite'> <Ports = 0> <Width = -1> <Depth = -1> <FIFO>

State 17 <SV = 16> <Delay = 1.46>
ST_17 : Operation 101 [1/1] (0.00ns)   --->   "%zext_ln475_15 = zext i10 %scalar_partition_15" [../src/msm.cpp:475->../src/msm.cpp:553->../src/msm.cpp:608]   --->   Operation 101 'zext' 'zext_ln475_15' <Predicate = (tmp)> <Delay = 0.00>
ST_17 : Operation 102 [1/1] ( I:1.46ns O:1.46ns )   --->   "%write_ln479 = write void @_ssdm_op_Write.ap_fifo.volatile.i32P0A, i32 %scalar_partition_stream, i32 %zext_ln475_15" [../src/msm.cpp:479->../src/msm.cpp:553->../src/msm.cpp:608]   --->   Operation 102 'write' 'write_ln479' <Predicate = (tmp)> <Delay = 1.46> <CoreInst = "FIFO">   --->   Core 77 'FIFO' <Latency = 0> <II = 1> <Delay = 1.63> <Storage> <Opcode : 'read' 'write' 'nbread' 'nbwrite'> <Ports = 0> <Width = -1> <Depth = -1> <FIFO>

State 18 <SV = 17> <Delay = 1.46>
ST_18 : Operation 103 [1/1] (0.00ns)   --->   "%zext_ln475_16 = zext i10 %scalar_partition_16" [../src/msm.cpp:475->../src/msm.cpp:553->../src/msm.cpp:608]   --->   Operation 103 'zext' 'zext_ln475_16' <Predicate = (tmp)> <Delay = 0.00>
ST_18 : Operation 104 [1/1] ( I:1.46ns O:1.46ns )   --->   "%write_ln479 = write void @_ssdm_op_Write.ap_fifo.volatile.i32P0A, i32 %scalar_partition_stream, i32 %zext_ln475_16" [../src/msm.cpp:479->../src/msm.cpp:553->../src/msm.cpp:608]   --->   Operation 104 'write' 'write_ln479' <Predicate = (tmp)> <Delay = 1.46> <CoreInst = "FIFO">   --->   Core 77 'FIFO' <Latency = 0> <II = 1> <Delay = 1.63> <Storage> <Opcode : 'read' 'write' 'nbread' 'nbwrite'> <Ports = 0> <Width = -1> <Depth = -1> <FIFO>

State 19 <SV = 18> <Delay = 1.46>
ST_19 : Operation 105 [1/1] (0.00ns)   --->   "%zext_ln475_17 = zext i10 %scalar_partition_17" [../src/msm.cpp:475->../src/msm.cpp:553->../src/msm.cpp:608]   --->   Operation 105 'zext' 'zext_ln475_17' <Predicate = (tmp)> <Delay = 0.00>
ST_19 : Operation 106 [1/1] ( I:1.46ns O:1.46ns )   --->   "%write_ln479 = write void @_ssdm_op_Write.ap_fifo.volatile.i32P0A, i32 %scalar_partition_stream, i32 %zext_ln475_17" [../src/msm.cpp:479->../src/msm.cpp:553->../src/msm.cpp:608]   --->   Operation 106 'write' 'write_ln479' <Predicate = (tmp)> <Delay = 1.46> <CoreInst = "FIFO">   --->   Core 77 'FIFO' <Latency = 0> <II = 1> <Delay = 1.63> <Storage> <Opcode : 'read' 'write' 'nbread' 'nbwrite'> <Ports = 0> <Width = -1> <Depth = -1> <FIFO>

State 20 <SV = 19> <Delay = 1.46>
ST_20 : Operation 107 [1/1] (0.00ns)   --->   "%zext_ln475_18 = zext i10 %scalar_partition_18" [../src/msm.cpp:475->../src/msm.cpp:553->../src/msm.cpp:608]   --->   Operation 107 'zext' 'zext_ln475_18' <Predicate = (tmp)> <Delay = 0.00>
ST_20 : Operation 108 [1/1] ( I:1.46ns O:1.46ns )   --->   "%write_ln479 = write void @_ssdm_op_Write.ap_fifo.volatile.i32P0A, i32 %scalar_partition_stream, i32 %zext_ln475_18" [../src/msm.cpp:479->../src/msm.cpp:553->../src/msm.cpp:608]   --->   Operation 108 'write' 'write_ln479' <Predicate = (tmp)> <Delay = 1.46> <CoreInst = "FIFO">   --->   Core 77 'FIFO' <Latency = 0> <II = 1> <Delay = 1.63> <Storage> <Opcode : 'read' 'write' 'nbread' 'nbwrite'> <Ports = 0> <Width = -1> <Depth = -1> <FIFO>

State 21 <SV = 20> <Delay = 1.46>
ST_21 : Operation 109 [1/1] (0.00ns)   --->   "%zext_ln475_19 = zext i10 %scalar_partition_19" [../src/msm.cpp:475->../src/msm.cpp:553->../src/msm.cpp:608]   --->   Operation 109 'zext' 'zext_ln475_19' <Predicate = (tmp)> <Delay = 0.00>
ST_21 : Operation 110 [1/1] ( I:1.46ns O:1.46ns )   --->   "%write_ln479 = write void @_ssdm_op_Write.ap_fifo.volatile.i32P0A, i32 %scalar_partition_stream, i32 %zext_ln475_19" [../src/msm.cpp:479->../src/msm.cpp:553->../src/msm.cpp:608]   --->   Operation 110 'write' 'write_ln479' <Predicate = (tmp)> <Delay = 1.46> <CoreInst = "FIFO">   --->   Core 77 'FIFO' <Latency = 0> <II = 1> <Delay = 1.63> <Storage> <Opcode : 'read' 'write' 'nbread' 'nbwrite'> <Ports = 0> <Width = -1> <Depth = -1> <FIFO>

State 22 <SV = 21> <Delay = 1.46>
ST_22 : Operation 111 [1/1] (0.00ns)   --->   "%zext_ln475_20 = zext i10 %scalar_partition_20" [../src/msm.cpp:475->../src/msm.cpp:553->../src/msm.cpp:608]   --->   Operation 111 'zext' 'zext_ln475_20' <Predicate = (tmp)> <Delay = 0.00>
ST_22 : Operation 112 [1/1] ( I:1.46ns O:1.46ns )   --->   "%write_ln479 = write void @_ssdm_op_Write.ap_fifo.volatile.i32P0A, i32 %scalar_partition_stream, i32 %zext_ln475_20" [../src/msm.cpp:479->../src/msm.cpp:553->../src/msm.cpp:608]   --->   Operation 112 'write' 'write_ln479' <Predicate = (tmp)> <Delay = 1.46> <CoreInst = "FIFO">   --->   Core 77 'FIFO' <Latency = 0> <II = 1> <Delay = 1.63> <Storage> <Opcode : 'read' 'write' 'nbread' 'nbwrite'> <Ports = 0> <Width = -1> <Depth = -1> <FIFO>

State 23 <SV = 22> <Delay = 1.46>
ST_23 : Operation 113 [1/1] (0.00ns)   --->   "%zext_ln475_21 = zext i10 %scalar_partition_21" [../src/msm.cpp:475->../src/msm.cpp:553->../src/msm.cpp:608]   --->   Operation 113 'zext' 'zext_ln475_21' <Predicate = (tmp)> <Delay = 0.00>
ST_23 : Operation 114 [1/1] ( I:1.46ns O:1.46ns )   --->   "%write_ln479 = write void @_ssdm_op_Write.ap_fifo.volatile.i32P0A, i32 %scalar_partition_stream, i32 %zext_ln475_21" [../src/msm.cpp:479->../src/msm.cpp:553->../src/msm.cpp:608]   --->   Operation 114 'write' 'write_ln479' <Predicate = (tmp)> <Delay = 1.46> <CoreInst = "FIFO">   --->   Core 77 'FIFO' <Latency = 0> <II = 1> <Delay = 1.63> <Storage> <Opcode : 'read' 'write' 'nbread' 'nbwrite'> <Ports = 0> <Width = -1> <Depth = -1> <FIFO>

State 24 <SV = 23> <Delay = 1.46>
ST_24 : Operation 115 [1/1] (0.00ns)   --->   "%zext_ln475_22 = zext i10 %scalar_partition_22" [../src/msm.cpp:475->../src/msm.cpp:553->../src/msm.cpp:608]   --->   Operation 115 'zext' 'zext_ln475_22' <Predicate = (tmp)> <Delay = 0.00>
ST_24 : Operation 116 [1/1] ( I:1.46ns O:1.46ns )   --->   "%write_ln479 = write void @_ssdm_op_Write.ap_fifo.volatile.i32P0A, i32 %scalar_partition_stream, i32 %zext_ln475_22" [../src/msm.cpp:479->../src/msm.cpp:553->../src/msm.cpp:608]   --->   Operation 116 'write' 'write_ln479' <Predicate = (tmp)> <Delay = 1.46> <CoreInst = "FIFO">   --->   Core 77 'FIFO' <Latency = 0> <II = 1> <Delay = 1.63> <Storage> <Opcode : 'read' 'write' 'nbread' 'nbwrite'> <Ports = 0> <Width = -1> <Depth = -1> <FIFO>

State 25 <SV = 24> <Delay = 1.46>
ST_25 : Operation 117 [1/1] (0.00ns)   --->   "%zext_ln475_23 = zext i10 %scalar_partition_23" [../src/msm.cpp:475->../src/msm.cpp:553->../src/msm.cpp:608]   --->   Operation 117 'zext' 'zext_ln475_23' <Predicate = (tmp)> <Delay = 0.00>
ST_25 : Operation 118 [1/1] ( I:1.46ns O:1.46ns )   --->   "%write_ln479 = write void @_ssdm_op_Write.ap_fifo.volatile.i32P0A, i32 %scalar_partition_stream, i32 %zext_ln475_23" [../src/msm.cpp:479->../src/msm.cpp:553->../src/msm.cpp:608]   --->   Operation 118 'write' 'write_ln479' <Predicate = (tmp)> <Delay = 1.46> <CoreInst = "FIFO">   --->   Core 77 'FIFO' <Latency = 0> <II = 1> <Delay = 1.63> <Storage> <Opcode : 'read' 'write' 'nbread' 'nbwrite'> <Ports = 0> <Width = -1> <Depth = -1> <FIFO>

State 26 <SV = 25> <Delay = 1.46>
ST_26 : Operation 119 [1/1] (0.00ns)   --->   "%zext_ln475_24 = zext i10 %scalar_partition_24" [../src/msm.cpp:475->../src/msm.cpp:553->../src/msm.cpp:608]   --->   Operation 119 'zext' 'zext_ln475_24' <Predicate = (tmp)> <Delay = 0.00>
ST_26 : Operation 120 [1/1] ( I:1.46ns O:1.46ns )   --->   "%write_ln479 = write void @_ssdm_op_Write.ap_fifo.volatile.i32P0A, i32 %scalar_partition_stream, i32 %zext_ln475_24" [../src/msm.cpp:479->../src/msm.cpp:553->../src/msm.cpp:608]   --->   Operation 120 'write' 'write_ln479' <Predicate = (tmp)> <Delay = 1.46> <CoreInst = "FIFO">   --->   Core 77 'FIFO' <Latency = 0> <II = 1> <Delay = 1.63> <Storage> <Opcode : 'read' 'write' 'nbread' 'nbwrite'> <Ports = 0> <Width = -1> <Depth = -1> <FIFO>

State 27 <SV = 26> <Delay = 1.46>
ST_27 : Operation 121 [1/1] (0.00ns)   --->   "%specpipeline_ln547 = specpipeline void @_ssdm_op_SpecPipeline, i32 4294967295, i32 0, i32 0, i32 0, void @empty" [../src/msm.cpp:547->../src/msm.cpp:608]   --->   Operation 121 'specpipeline' 'specpipeline_ln547' <Predicate = true> <Delay = 0.00>
ST_27 : Operation 122 [1/1] (0.00ns)   --->   "%speclooptripcount_ln546 = speclooptripcount void @_ssdm_op_SpecLoopTripCount, i64 1, i64 16777216, i64 8388608" [../src/msm.cpp:546->../src/msm.cpp:608]   --->   Operation 122 'speclooptripcount' 'speclooptripcount_ln546' <Predicate = true> <Delay = 0.00>
ST_27 : Operation 123 [1/1] (0.00ns)   --->   "%specloopname_ln544 = specloopname void @_ssdm_op_SpecLoopName, void @empty_2" [../src/msm.cpp:544->../src/msm.cpp:608]   --->   Operation 123 'specloopname' 'specloopname_ln544' <Predicate = true> <Delay = 0.00>
ST_27 : Operation 124 [1/1] (0.00ns)   --->   "%zext_ln478 = zext i6 %tmp_2" [../src/msm.cpp:478->../src/msm.cpp:553->../src/msm.cpp:608]   --->   Operation 124 'zext' 'zext_ln478' <Predicate = true> <Delay = 0.00>
ST_27 : Operation 125 [1/1] ( I:1.46ns O:1.46ns )   --->   "%write_ln479 = write void @_ssdm_op_Write.ap_fifo.volatile.i32P0A, i32 %scalar_partition_stream, i32 %zext_ln478" [../src/msm.cpp:479->../src/msm.cpp:553->../src/msm.cpp:608]   --->   Operation 125 'write' 'write_ln479' <Predicate = true> <Delay = 1.46> <CoreInst = "FIFO">   --->   Core 77 'FIFO' <Latency = 0> <II = 1> <Delay = 1.63> <Storage> <Opcode : 'read' 'write' 'nbread' 'nbwrite'> <Ports = 0> <Width = -1> <Depth = -1> <FIFO>
ST_27 : Operation 126 [1/1] (0.00ns)   --->   "%br_ln544 = br void %while.cond.i" [../src/msm.cpp:544->../src/msm.cpp:608]   --->   Operation 126 'br' 'br_ln544' <Predicate = true> <Delay = 0.00>


============================================================
+ Verbose Summary: Timing violations
============================================================
Target clock period: 4.000ns, clock uncertainty: 1.080ns.

 <State 1>: 0.427ns
The critical path consists of the following:

 <State 2>: 2.920ns
The critical path consists of the following:
	fifo read operation ('scalar', ../src/msm.cpp:474->../src/msm.cpp:553->../src/msm.cpp:608) on port 'scalar_stream' (../src/msm.cpp:474->../src/msm.cpp:553->../src/msm.cpp:608) [25]  (1.460 ns)
	fifo write operation ('write_ln479', ../src/msm.cpp:479->../src/msm.cpp:553->../src/msm.cpp:608) on port 'scalar_partition_stream', ../src/msm.cpp:541->../src/msm.cpp:608 (../src/msm.cpp:479->../src/msm.cpp:553->../src/msm.cpp:608) [28]  (1.460 ns)

 <State 3>: 1.460ns
The critical path consists of the following:
	fifo write operation ('write_ln479', ../src/msm.cpp:479->../src/msm.cpp:553->../src/msm.cpp:608) on port 'scalar_partition_stream', ../src/msm.cpp:541->../src/msm.cpp:608 (../src/msm.cpp:479->../src/msm.cpp:553->../src/msm.cpp:608) [31]  (1.460 ns)

 <State 4>: 1.460ns
The critical path consists of the following:
	fifo write operation ('write_ln479', ../src/msm.cpp:479->../src/msm.cpp:553->../src/msm.cpp:608) on port 'scalar_partition_stream', ../src/msm.cpp:541->../src/msm.cpp:608 (../src/msm.cpp:479->../src/msm.cpp:553->../src/msm.cpp:608) [34]  (1.460 ns)

 <State 5>: 1.460ns
The critical path consists of the following:
	fifo write operation ('write_ln479', ../src/msm.cpp:479->../src/msm.cpp:553->../src/msm.cpp:608) on port 'scalar_partition_stream', ../src/msm.cpp:541->../src/msm.cpp:608 (../src/msm.cpp:479->../src/msm.cpp:553->../src/msm.cpp:608) [37]  (1.460 ns)

 <State 6>: 1.460ns
The critical path consists of the following:
	fifo write operation ('write_ln479', ../src/msm.cpp:479->../src/msm.cpp:553->../src/msm.cpp:608) on port 'scalar_partition_stream', ../src/msm.cpp:541->../src/msm.cpp:608 (../src/msm.cpp:479->../src/msm.cpp:553->../src/msm.cpp:608) [40]  (1.460 ns)

 <State 7>: 1.460ns
The critical path consists of the following:
	fifo write operation ('write_ln479', ../src/msm.cpp:479->../src/msm.cpp:553->../src/msm.cpp:608) on port 'scalar_partition_stream', ../src/msm.cpp:541->../src/msm.cpp:608 (../src/msm.cpp:479->../src/msm.cpp:553->../src/msm.cpp:608) [43]  (1.460 ns)

 <State 8>: 1.460ns
The critical path consists of the following:
	fifo write operation ('write_ln479', ../src/msm.cpp:479->../src/msm.cpp:553->../src/msm.cpp:608) on port 'scalar_partition_stream', ../src/msm.cpp:541->../src/msm.cpp:608 (../src/msm.cpp:479->../src/msm.cpp:553->../src/msm.cpp:608) [46]  (1.460 ns)

 <State 9>: 1.460ns
The critical path consists of the following:
	fifo write operation ('write_ln479', ../src/msm.cpp:479->../src/msm.cpp:553->../src/msm.cpp:608) on port 'scalar_partition_stream', ../src/msm.cpp:541->../src/msm.cpp:608 (../src/msm.cpp:479->../src/msm.cpp:553->../src/msm.cpp:608) [49]  (1.460 ns)

 <State 10>: 1.460ns
The critical path consists of the following:
	fifo write operation ('write_ln479', ../src/msm.cpp:479->../src/msm.cpp:553->../src/msm.cpp:608) on port 'scalar_partition_stream', ../src/msm.cpp:541->../src/msm.cpp:608 (../src/msm.cpp:479->../src/msm.cpp:553->../src/msm.cpp:608) [52]  (1.460 ns)

 <State 11>: 1.460ns
The critical path consists of the following:
	fifo write operation ('write_ln479', ../src/msm.cpp:479->../src/msm.cpp:553->../src/msm.cpp:608) on port 'scalar_partition_stream', ../src/msm.cpp:541->../src/msm.cpp:608 (../src/msm.cpp:479->../src/msm.cpp:553->../src/msm.cpp:608) [55]  (1.460 ns)

 <State 12>: 1.460ns
The critical path consists of the following:
	fifo write operation ('write_ln479', ../src/msm.cpp:479->../src/msm.cpp:553->../src/msm.cpp:608) on port 'scalar_partition_stream', ../src/msm.cpp:541->../src/msm.cpp:608 (../src/msm.cpp:479->../src/msm.cpp:553->../src/msm.cpp:608) [58]  (1.460 ns)

 <State 13>: 1.460ns
The critical path consists of the following:
	fifo write operation ('write_ln479', ../src/msm.cpp:479->../src/msm.cpp:553->../src/msm.cpp:608) on port 'scalar_partition_stream', ../src/msm.cpp:541->../src/msm.cpp:608 (../src/msm.cpp:479->../src/msm.cpp:553->../src/msm.cpp:608) [61]  (1.460 ns)

 <State 14>: 1.460ns
The critical path consists of the following:
	fifo write operation ('write_ln479', ../src/msm.cpp:479->../src/msm.cpp:553->../src/msm.cpp:608) on port 'scalar_partition_stream', ../src/msm.cpp:541->../src/msm.cpp:608 (../src/msm.cpp:479->../src/msm.cpp:553->../src/msm.cpp:608) [64]  (1.460 ns)

 <State 15>: 1.460ns
The critical path consists of the following:
	fifo write operation ('write_ln479', ../src/msm.cpp:479->../src/msm.cpp:553->../src/msm.cpp:608) on port 'scalar_partition_stream', ../src/msm.cpp:541->../src/msm.cpp:608 (../src/msm.cpp:479->../src/msm.cpp:553->../src/msm.cpp:608) [67]  (1.460 ns)

 <State 16>: 1.460ns
The critical path consists of the following:
	fifo write operation ('write_ln479', ../src/msm.cpp:479->../src/msm.cpp:553->../src/msm.cpp:608) on port 'scalar_partition_stream', ../src/msm.cpp:541->../src/msm.cpp:608 (../src/msm.cpp:479->../src/msm.cpp:553->../src/msm.cpp:608) [70]  (1.460 ns)

 <State 17>: 1.460ns
The critical path consists of the following:
	fifo write operation ('write_ln479', ../src/msm.cpp:479->../src/msm.cpp:553->../src/msm.cpp:608) on port 'scalar_partition_stream', ../src/msm.cpp:541->../src/msm.cpp:608 (../src/msm.cpp:479->../src/msm.cpp:553->../src/msm.cpp:608) [73]  (1.460 ns)

 <State 18>: 1.460ns
The critical path consists of the following:
	fifo write operation ('write_ln479', ../src/msm.cpp:479->../src/msm.cpp:553->../src/msm.cpp:608) on port 'scalar_partition_stream', ../src/msm.cpp:541->../src/msm.cpp:608 (../src/msm.cpp:479->../src/msm.cpp:553->../src/msm.cpp:608) [76]  (1.460 ns)

 <State 19>: 1.460ns
The critical path consists of the following:
	fifo write operation ('write_ln479', ../src/msm.cpp:479->../src/msm.cpp:553->../src/msm.cpp:608) on port 'scalar_partition_stream', ../src/msm.cpp:541->../src/msm.cpp:608 (../src/msm.cpp:479->../src/msm.cpp:553->../src/msm.cpp:608) [79]  (1.460 ns)

 <State 20>: 1.460ns
The critical path consists of the following:
	fifo write operation ('write_ln479', ../src/msm.cpp:479->../src/msm.cpp:553->../src/msm.cpp:608) on port 'scalar_partition_stream', ../src/msm.cpp:541->../src/msm.cpp:608 (../src/msm.cpp:479->../src/msm.cpp:553->../src/msm.cpp:608) [82]  (1.460 ns)

 <State 21>: 1.460ns
The critical path consists of the following:
	fifo write operation ('write_ln479', ../src/msm.cpp:479->../src/msm.cpp:553->../src/msm.cpp:608) on port 'scalar_partition_stream', ../src/msm.cpp:541->../src/msm.cpp:608 (../src/msm.cpp:479->../src/msm.cpp:553->../src/msm.cpp:608) [85]  (1.460 ns)

 <State 22>: 1.460ns
The critical path consists of the following:
	fifo write operation ('write_ln479', ../src/msm.cpp:479->../src/msm.cpp:553->../src/msm.cpp:608) on port 'scalar_partition_stream', ../src/msm.cpp:541->../src/msm.cpp:608 (../src/msm.cpp:479->../src/msm.cpp:553->../src/msm.cpp:608) [88]  (1.460 ns)

 <State 23>: 1.460ns
The critical path consists of the following:
	fifo write operation ('write_ln479', ../src/msm.cpp:479->../src/msm.cpp:553->../src/msm.cpp:608) on port 'scalar_partition_stream', ../src/msm.cpp:541->../src/msm.cpp:608 (../src/msm.cpp:479->../src/msm.cpp:553->../src/msm.cpp:608) [91]  (1.460 ns)

 <State 24>: 1.460ns
The critical path consists of the following:
	fifo write operation ('write_ln479', ../src/msm.cpp:479->../src/msm.cpp:553->../src/msm.cpp:608) on port 'scalar_partition_stream', ../src/msm.cpp:541->../src/msm.cpp:608 (../src/msm.cpp:479->../src/msm.cpp:553->../src/msm.cpp:608) [94]  (1.460 ns)

 <State 25>: 1.460ns
The critical path consists of the following:
	fifo write operation ('write_ln479', ../src/msm.cpp:479->../src/msm.cpp:553->../src/msm.cpp:608) on port 'scalar_partition_stream', ../src/msm.cpp:541->../src/msm.cpp:608 (../src/msm.cpp:479->../src/msm.cpp:553->../src/msm.cpp:608) [97]  (1.460 ns)

 <State 26>: 1.460ns
The critical path consists of the following:
	fifo write operation ('write_ln479', ../src/msm.cpp:479->../src/msm.cpp:553->../src/msm.cpp:608) on port 'scalar_partition_stream', ../src/msm.cpp:541->../src/msm.cpp:608 (../src/msm.cpp:479->../src/msm.cpp:553->../src/msm.cpp:608) [100]  (1.460 ns)

 <State 27>: 1.460ns
The critical path consists of the following:
	fifo write operation ('write_ln479', ../src/msm.cpp:479->../src/msm.cpp:553->../src/msm.cpp:608) on port 'scalar_partition_stream', ../src/msm.cpp:541->../src/msm.cpp:608 (../src/msm.cpp:479->../src/msm.cpp:553->../src/msm.cpp:608) [103]  (1.460 ns)


============================================================
+ Verbose Summary: Binding
============================================================
N/A
* FSMD analyzer results:
  - Output states:
 - Input state : 
  - Chain level:
	State 1
	State 2
	State 3
	State 4
	State 5
	State 6
	State 7
	State 8
	State 9
	State 10
	State 11
	State 12
	State 13
	State 14
	State 15
	State 16
	State 17
	State 18
	State 19
	State 20
	State 21
	State 22
	State 23
	State 24
	State 25
	State 26
	State 27


============================================================
+ Verbose Summary: Datapath Resource usage 
============================================================
N/A
