

================================================================
== Vitis HLS Report for 'pippenger_control_Pipeline_VITIS_LOOP_569_1_VITIS_LOOP_571_2'
================================================================
* Date:           Wed Apr 23 16:27:18 2025

* Version:        2024.2 (Build 5238294 on Nov  8 2024)
* Project:        msm_2
* Solution:       solution1 (Vivado IP Flow Target)
* Product family: zynquplus
* Target device:  xczu7ev-ffvc1156-2-e


================================================================
== Performance Estimates
================================================================
+ Timing: 
    * Summary: 
    +--------+---------+----------+------------+
    |  Clock |  Target | Estimated| Uncertainty|
    +--------+---------+----------+------------+
    |ap_clk  |  4.00 ns|  2.876 ns|     1.08 ns|
    +--------+---------+----------+------------+

+ Latency: 
    * Summary: 
    +---------+---------+----------+----------+-------+-------+------------------------------------------------+
    |  Latency (cycles) |  Latency (absolute) |    Interval   |                    Pipeline                    |
    |   min   |   max   |    min   |    max   |  min  |  max  |                      Type                      |
    +---------+---------+----------+----------+-------+-------+------------------------------------------------+
    |    26626|    26626|  0.107 ms|  0.107 ms|  26625|  26625|  loop auto-rewind stp (delay=0 clock cycles(s))|
    +---------+---------+----------+----------+-------+-------+------------------------------------------------+

    + Detail: 
        * Instance: 
        N/A

        * Loop: 
        +-------------------------------------+---------+---------+----------+-----------+-----------+-------+----------+
        |                                     |  Latency (cycles) | Iteration|  Initiation Interval  |  Trip |          |
        |              Loop Name              |   min   |   max   |  Latency |  achieved |   target  | Count | Pipelined|
        +-------------------------------------+---------+---------+----------+-----------+-----------+-------+----------+
        |- VITIS_LOOP_569_1_VITIS_LOOP_571_2  |    26624|    26624|         2|          1|          1|  26624|       yes|
        +-------------------------------------+---------+---------+----------+-----------+-----------+-------+----------+

============================================================
+ Verbose Summary: Synthesis Manager
============================================================
InlineROM: 1
ExposeGlobal: 0
============================================================
+ Verbose Summary: CDFG Model
============================================================
IsTopModel: 0
ResetActiveHigh: 1
IsCombinational: 0
IsDatapathOnly: 0
HasWiredReturn: 1
HasMFsm: 2
HasVarLatency: 1
IsPipeline: 0
IsRtlPipelined: 0
IsInstanceOverlapped: 0
IsDontTouch: 0
HasImplIP: 0
IsGatedGlobalClock: 0

+ Individual pipeline summary: 
  * Pipeline-0: initiation interval (II) = 1, depth = 2


============================================================
+ Verbose Summary: Schedule
============================================================
* Number of FSM states : 2
* Pipeline : 1
  Pipeline-0 : II = 1, D = 2, States = { 1 2 }
* Dataflow Pipeline: 0

* FSM state transitions: 
1 --> 2 
2 --> 

* FSM state operations: 

State 1 <SV = 0> <Delay = 2.87>
ST_1 : Operation 5 [1/1] (0.00ns)   --->   "%j = alloca i32 1" [../src/msm.cpp:571->../src/msm.cpp:612]   --->   Operation 5 'alloca' 'j' <Predicate = true> <Delay = 0.00>
ST_1 : Operation 6 [1/1] (0.00ns)   --->   "%i = alloca i32 1" [../src/msm.cpp:569->../src/msm.cpp:612]   --->   Operation 6 'alloca' 'i' <Predicate = true> <Delay = 0.00>
ST_1 : Operation 7 [1/1] (0.00ns)   --->   "%indvar_flatten = alloca i32 1"   --->   Operation 7 'alloca' 'indvar_flatten' <Predicate = true> <Delay = 0.00>
ST_1 : Operation 8 [1/1] (0.00ns)   --->   "%specmemcore_ln0 = specmemcore void @_ssdm_op_SpecMemCore, i1 %buckets_z_0, i64 666, i64 30, i64 18446744073709551615"   --->   Operation 8 'specmemcore' 'specmemcore_ln0' <Predicate = true> <Delay = 0.00>
ST_1 : Operation 9 [1/1] (0.00ns)   --->   "%specmemcore_ln0 = specmemcore void @_ssdm_op_SpecMemCore, i1 %buckets_z_1, i64 666, i64 30, i64 18446744073709551615"   --->   Operation 9 'specmemcore' 'specmemcore_ln0' <Predicate = true> <Delay = 0.00>
ST_1 : Operation 10 [1/1] (0.00ns)   --->   "%specmemcore_ln0 = specmemcore void @_ssdm_op_SpecMemCore, i1 %buckets_y_0, i64 666, i64 30, i64 18446744073709551615"   --->   Operation 10 'specmemcore' 'specmemcore_ln0' <Predicate = true> <Delay = 0.00>
ST_1 : Operation 11 [1/1] (0.00ns)   --->   "%specmemcore_ln0 = specmemcore void @_ssdm_op_SpecMemCore, i1 %buckets_y_1, i64 666, i64 30, i64 18446744073709551615"   --->   Operation 11 'specmemcore' 'specmemcore_ln0' <Predicate = true> <Delay = 0.00>
ST_1 : Operation 12 [1/1] (0.00ns)   --->   "%specinterface_ln0 = specinterface void @_ssdm_op_SpecInterface, i1039 %out_stream, void @empty_0, i32 0, i32 0, void @empty, i32 0, i32 0, void @empty, void @empty, void @empty, i32 0, i32 0, i32 0, i32 0, void @empty, void @empty, i32 4294967295, i32 0, i32 0"   --->   Operation 12 'specinterface' 'specinterface_ln0' <Predicate = true> <Delay = 0.00>
ST_1 : Operation 13 [1/1] (0.42ns)   --->   "%store_ln0 = store i15 0, i15 %indvar_flatten"   --->   Operation 13 'store' 'store_ln0' <Predicate = true> <Delay = 0.42>
ST_1 : Operation 14 [1/1] (0.42ns)   --->   "%store_ln569 = store i5 0, i5 %i" [../src/msm.cpp:569->../src/msm.cpp:612]   --->   Operation 14 'store' 'store_ln569' <Predicate = true> <Delay = 0.42>
ST_1 : Operation 15 [1/1] (0.42ns)   --->   "%store_ln571 = store i11 0, i11 %j" [../src/msm.cpp:571->../src/msm.cpp:612]   --->   Operation 15 'store' 'store_ln571' <Predicate = true> <Delay = 0.42>
ST_1 : Operation 16 [1/1] (0.00ns)   --->   "%br_ln0 = br void %for.inc.i"   --->   Operation 16 'br' 'br_ln0' <Predicate = true> <Delay = 0.00>
ST_1 : Operation 17 [1/1] (0.00ns)   --->   "%indvar_flatten_load = load i15 %indvar_flatten" [../src/msm.cpp:569->../src/msm.cpp:612]   --->   Operation 17 'load' 'indvar_flatten_load' <Predicate = true> <Delay = 0.00>
ST_1 : Operation 18 [1/1] (0.84ns)   --->   "%icmp_ln569 = icmp_eq  i15 %indvar_flatten_load, i15 26624" [../src/msm.cpp:569->../src/msm.cpp:612]   --->   Operation 18 'icmp' 'icmp_ln569' <Predicate = true> <Delay = 0.84> <CoreInst = "Cmp">   --->   Core 9 'Cmp' <Latency = 0> <II = 1> <Delay = 0.84> <FuncUnit> <Opcode : 'seteq' 'setne' 'setle' 'setge' 'setlt' 'setgt'> <InPorts = 2> <OutPorts = 1>
ST_1 : Operation 19 [1/1] (0.84ns)   --->   "%add_ln569 = add i15 %indvar_flatten_load, i15 1" [../src/msm.cpp:569->../src/msm.cpp:612]   --->   Operation 19 'add' 'add_ln569' <Predicate = true> <Delay = 0.84> <CoreInst = "Adder">   --->   Core 1 'Adder' <Latency = 0> <II = 1> <Delay = 0.84> <FuncUnit> <Opcode : 'add' 'sub'> <InPorts = 2> <OutPorts = 1>
ST_1 : Operation 20 [1/1] (0.00ns)   --->   "%br_ln569 = br i1 %icmp_ln569, void %for.inc8.i, void %_Z28aggregate_and_output_resultsPA1024_12EdwardsPointRN3hls6streamI12BucketResultLi0EEE.exit.exitStub" [../src/msm.cpp:569->../src/msm.cpp:612]   --->   Operation 20 'br' 'br_ln569' <Predicate = true> <Delay = 0.00>
ST_1 : Operation 21 [1/1] (0.00ns)   --->   "%j_load = load i11 %j" [../src/msm.cpp:571->../src/msm.cpp:612]   --->   Operation 21 'load' 'j_load' <Predicate = (!icmp_ln569)> <Delay = 0.00>
ST_1 : Operation 22 [1/1] (0.00ns)   --->   "%i_load = load i5 %i" [../src/msm.cpp:569->../src/msm.cpp:612]   --->   Operation 22 'load' 'i_load' <Predicate = (!icmp_ln569)> <Delay = 0.00>
ST_1 : Operation 23 [1/1] (0.78ns)   --->   "%i_2 = add i5 %i_load, i5 1" [../src/msm.cpp:569->../src/msm.cpp:612]   --->   Operation 23 'add' 'i_2' <Predicate = (!icmp_ln569)> <Delay = 0.78> <CoreInst = "Adder">   --->   Core 1 'Adder' <Latency = 0> <II = 1> <Delay = 0.78> <FuncUnit> <Opcode : 'add' 'sub'> <InPorts = 2> <OutPorts = 1>
ST_1 : Operation 24 [1/1] (0.79ns)   --->   "%icmp_ln571 = icmp_eq  i11 %j_load, i11 1024" [../src/msm.cpp:571->../src/msm.cpp:612]   --->   Operation 24 'icmp' 'icmp_ln571' <Predicate = (!icmp_ln569)> <Delay = 0.79> <CoreInst = "Cmp">   --->   Core 9 'Cmp' <Latency = 0> <II = 1> <Delay = 0.79> <FuncUnit> <Opcode : 'seteq' 'setne' 'setle' 'setge' 'setlt' 'setgt'> <InPorts = 2> <OutPorts = 1>
ST_1 : Operation 25 [1/1] (0.38ns)   --->   "%select_ln569 = select i1 %icmp_ln571, i11 0, i11 %j_load" [../src/msm.cpp:569->../src/msm.cpp:612]   --->   Operation 25 'select' 'select_ln569' <Predicate = (!icmp_ln569)> <Delay = 0.38> <CoreInst = "Sel">   --->   Core 73 'Sel' <Latency = 0> <II = 1> <Delay = 0.38> <FuncUnit> <Opcode : 'select'> <InPorts = 3> <OutPorts = 1>
ST_1 : Operation 26 [1/1] (0.41ns)   --->   "%select_ln569_1 = select i1 %icmp_ln571, i5 %i_2, i5 %i_load" [../src/msm.cpp:569->../src/msm.cpp:612]   --->   Operation 26 'select' 'select_ln569_1' <Predicate = (!icmp_ln569)> <Delay = 0.41> <CoreInst = "Sel">   --->   Core 73 'Sel' <Latency = 0> <II = 1> <Delay = 0.41> <FuncUnit> <Opcode : 'select'> <InPorts = 3> <OutPorts = 1>
ST_1 : Operation 27 [1/1] (0.00ns)   --->   "%trunc_ln571 = trunc i11 %select_ln569" [../src/msm.cpp:571->../src/msm.cpp:612]   --->   Operation 27 'trunc' 'trunc_ln571' <Predicate = (!icmp_ln569)> <Delay = 0.00>
ST_1 : Operation 28 [1/1] (0.00ns)   --->   "%lshr_ln = partselect i9 @_ssdm_op_PartSelect.i9.i11.i32.i32, i11 %select_ln569, i32 1, i32 9" [../src/msm.cpp:571->../src/msm.cpp:612]   --->   Operation 28 'partselect' 'lshr_ln' <Predicate = (!icmp_ln569)> <Delay = 0.00>
ST_1 : Operation 29 [1/1] (0.00ns)   --->   "%tmp_3 = bitconcatenate i14 @_ssdm_op_BitConcatenate.i14.i5.i9, i5 %select_ln569_1, i9 %lshr_ln" [../src/msm.cpp:573->../src/msm.cpp:612]   --->   Operation 29 'bitconcatenate' 'tmp_3' <Predicate = (!icmp_ln569)> <Delay = 0.00>
ST_1 : Operation 30 [1/1] (0.00ns)   --->   "%zext_ln573 = zext i14 %tmp_3" [../src/msm.cpp:573->../src/msm.cpp:612]   --->   Operation 30 'zext' 'zext_ln573' <Predicate = (!icmp_ln569)> <Delay = 0.00>
ST_1 : Operation 31 [1/1] (0.00ns)   --->   "%buckets_y_0_addr = getelementptr i1 %buckets_y_0, i64 0, i64 %zext_ln573" [../src/msm.cpp:573->../src/msm.cpp:612]   --->   Operation 31 'getelementptr' 'buckets_y_0_addr' <Predicate = (!icmp_ln569)> <Delay = 0.00>
ST_1 : Operation 32 [1/1] (0.00ns)   --->   "%buckets_y_1_addr = getelementptr i1 %buckets_y_1, i64 0, i64 %zext_ln573" [../src/msm.cpp:573->../src/msm.cpp:612]   --->   Operation 32 'getelementptr' 'buckets_y_1_addr' <Predicate = (!icmp_ln569)> <Delay = 0.00>
ST_1 : Operation 33 [1/1] (0.00ns)   --->   "%buckets_z_0_addr = getelementptr i1 %buckets_z_0, i64 0, i64 %zext_ln573" [../src/msm.cpp:573->../src/msm.cpp:612]   --->   Operation 33 'getelementptr' 'buckets_z_0_addr' <Predicate = (!icmp_ln569)> <Delay = 0.00>
ST_1 : Operation 34 [1/1] (0.00ns)   --->   "%buckets_z_1_addr = getelementptr i1 %buckets_z_1, i64 0, i64 %zext_ln573" [../src/msm.cpp:573->../src/msm.cpp:612]   --->   Operation 34 'getelementptr' 'buckets_z_1_addr' <Predicate = (!icmp_ln569)> <Delay = 0.00>
ST_1 : Operation 35 [2/2] (1.23ns)   --->   "%buckets_y_0_load = load i14 %buckets_y_0_addr" [../src/msm.cpp:575->../src/msm.cpp:612]   --->   Operation 35 'load' 'buckets_y_0_load' <Predicate = (!icmp_ln569)> <Delay = 1.23> <CoreInst = "RAM_T2P_BRAM">   --->   Core 98 'RAM_T2P_BRAM' <Latency = 1> <II = 1> <Delay = 1.23> <Storage> <Opcode : 'load' 'store'> <Ports = 2> <Width = 1> <Depth = 13312> <RAM>
ST_1 : Operation 36 [2/2] (1.23ns)   --->   "%buckets_y_1_load = load i14 %buckets_y_1_addr" [../src/msm.cpp:575->../src/msm.cpp:612]   --->   Operation 36 'load' 'buckets_y_1_load' <Predicate = (!icmp_ln569)> <Delay = 1.23> <CoreInst = "RAM_T2P_BRAM">   --->   Core 98 'RAM_T2P_BRAM' <Latency = 1> <II = 1> <Delay = 1.23> <Storage> <Opcode : 'load' 'store'> <Ports = 2> <Width = 1> <Depth = 13312> <RAM>
ST_1 : Operation 37 [2/2] (1.23ns)   --->   "%buckets_z_0_load = load i14 %buckets_z_0_addr" [../src/msm.cpp:575->../src/msm.cpp:612]   --->   Operation 37 'load' 'buckets_z_0_load' <Predicate = (!icmp_ln569)> <Delay = 1.23> <CoreInst = "RAM_T2P_BRAM">   --->   Core 98 'RAM_T2P_BRAM' <Latency = 1> <II = 1> <Delay = 1.23> <Storage> <Opcode : 'load' 'store'> <Ports = 2> <Width = 1> <Depth = 13312> <RAM>
ST_1 : Operation 38 [2/2] (1.23ns)   --->   "%buckets_z_1_load = load i14 %buckets_z_1_addr" [../src/msm.cpp:575->../src/msm.cpp:612]   --->   Operation 38 'load' 'buckets_z_1_load' <Predicate = (!icmp_ln569)> <Delay = 1.23> <CoreInst = "RAM_T2P_BRAM">   --->   Core 98 'RAM_T2P_BRAM' <Latency = 1> <II = 1> <Delay = 1.23> <Storage> <Opcode : 'load' 'store'> <Ports = 2> <Width = 1> <Depth = 13312> <RAM>
ST_1 : Operation 39 [1/1] (0.00ns)   --->   "%trunc_ln578 = trunc i11 %select_ln569" [../src/msm.cpp:578->../src/msm.cpp:612]   --->   Operation 39 'trunc' 'trunc_ln578' <Predicate = (!icmp_ln569)> <Delay = 0.00>
ST_1 : Operation 40 [1/1] (0.79ns)   --->   "%j_1 = add i11 %select_ln569, i11 1" [../src/msm.cpp:571->../src/msm.cpp:612]   --->   Operation 40 'add' 'j_1' <Predicate = (!icmp_ln569)> <Delay = 0.79> <CoreInst = "Adder">   --->   Core 1 'Adder' <Latency = 0> <II = 1> <Delay = 0.79> <FuncUnit> <Opcode : 'add' 'sub'> <InPorts = 2> <OutPorts = 1>
ST_1 : Operation 41 [1/1] (0.42ns)   --->   "%store_ln569 = store i15 %add_ln569, i15 %indvar_flatten" [../src/msm.cpp:569->../src/msm.cpp:612]   --->   Operation 41 'store' 'store_ln569' <Predicate = (!icmp_ln569)> <Delay = 0.42>
ST_1 : Operation 42 [1/1] (0.42ns)   --->   "%store_ln569 = store i5 %select_ln569_1, i5 %i" [../src/msm.cpp:569->../src/msm.cpp:612]   --->   Operation 42 'store' 'store_ln569' <Predicate = (!icmp_ln569)> <Delay = 0.42>
ST_1 : Operation 43 [1/1] (0.42ns)   --->   "%store_ln571 = store i11 %j_1, i11 %j" [../src/msm.cpp:571->../src/msm.cpp:612]   --->   Operation 43 'store' 'store_ln571' <Predicate = (!icmp_ln569)> <Delay = 0.42>
ST_1 : Operation 58 [1/1] (0.42ns)   --->   "%ret_ln0 = ret"   --->   Operation 58 'ret' 'ret_ln0' <Predicate = (icmp_ln569)> <Delay = 0.42>

State 2 <SV = 1> <Delay = 2.87>
ST_2 : Operation 44 [1/1] (0.00ns)   --->   "%specloopname_ln0 = specloopname void @_ssdm_op_SpecLoopName, void @VITIS_LOOP_569_1_VITIS_LOOP_571_2_str"   --->   Operation 44 'specloopname' 'specloopname_ln0' <Predicate = true> <Delay = 0.00>
ST_2 : Operation 45 [1/1] (0.00ns)   --->   "%speclooptripcount_ln0 = speclooptripcount void @_ssdm_op_SpecLoopTripCount, i64 26624, i64 26624, i64 26624"   --->   Operation 45 'speclooptripcount' 'speclooptripcount_ln0' <Predicate = true> <Delay = 0.00>
ST_2 : Operation 46 [1/1] (0.00ns)   --->   "%specpipeline_ln571 = specpipeline void @_ssdm_op_SpecPipeline, i32 4294967295, i32 0, i32 0, i32 0, void @empty" [../src/msm.cpp:571->../src/msm.cpp:612]   --->   Operation 46 'specpipeline' 'specpipeline_ln571' <Predicate = true> <Delay = 0.00>
ST_2 : Operation 47 [1/2] ( I:1.23ns O:1.23ns )   --->   "%buckets_y_0_load = load i14 %buckets_y_0_addr" [../src/msm.cpp:575->../src/msm.cpp:612]   --->   Operation 47 'load' 'buckets_y_0_load' <Predicate = true> <Delay = 1.23> <CoreInst = "RAM_T2P_BRAM">   --->   Core 98 'RAM_T2P_BRAM' <Latency = 1> <II = 1> <Delay = 1.23> <Storage> <Opcode : 'load' 'store'> <Ports = 2> <Width = 1> <Depth = 13312> <RAM>
ST_2 : Operation 48 [1/2] ( I:1.23ns O:1.23ns )   --->   "%buckets_y_1_load = load i14 %buckets_y_1_addr" [../src/msm.cpp:575->../src/msm.cpp:612]   --->   Operation 48 'load' 'buckets_y_1_load' <Predicate = true> <Delay = 1.23> <CoreInst = "RAM_T2P_BRAM">   --->   Core 98 'RAM_T2P_BRAM' <Latency = 1> <II = 1> <Delay = 1.23> <Storage> <Opcode : 'load' 'store'> <Ports = 2> <Width = 1> <Depth = 13312> <RAM>
ST_2 : Operation 49 [1/2] ( I:1.23ns O:1.23ns )   --->   "%buckets_z_0_load = load i14 %buckets_z_0_addr" [../src/msm.cpp:575->../src/msm.cpp:612]   --->   Operation 49 'load' 'buckets_z_0_load' <Predicate = true> <Delay = 1.23> <CoreInst = "RAM_T2P_BRAM">   --->   Core 98 'RAM_T2P_BRAM' <Latency = 1> <II = 1> <Delay = 1.23> <Storage> <Opcode : 'load' 'store'> <Ports = 2> <Width = 1> <Depth = 13312> <RAM>
ST_2 : Operation 50 [1/2] ( I:1.23ns O:1.23ns )   --->   "%buckets_z_1_load = load i14 %buckets_z_1_addr" [../src/msm.cpp:575->../src/msm.cpp:612]   --->   Operation 50 'load' 'buckets_z_1_load' <Predicate = true> <Delay = 1.23> <CoreInst = "RAM_T2P_BRAM">   --->   Core 98 'RAM_T2P_BRAM' <Latency = 1> <II = 1> <Delay = 1.23> <Storage> <Opcode : 'load' 'store'> <Ports = 2> <Width = 1> <Depth = 13312> <RAM>
ST_2 : Operation 51 [1/1] (0.17ns)   --->   "%bucket_result_point_z = select i1 %trunc_ln571, i1 %buckets_z_1_load, i1 %buckets_z_0_load" [../src/msm.cpp:575->../src/msm.cpp:612]   --->   Operation 51 'select' 'bucket_result_point_z' <Predicate = true> <Delay = 0.17> <CoreInst = "Sel">   --->   Core 73 'Sel' <Latency = 0> <II = 1> <Delay = 0.17> <FuncUnit> <Opcode : 'select'> <InPorts = 3> <OutPorts = 1>
ST_2 : Operation 52 [1/1] (0.17ns)   --->   "%select_ln575 = select i1 %trunc_ln571, i1 %buckets_y_1_load, i1 %buckets_y_0_load" [../src/msm.cpp:575->../src/msm.cpp:612]   --->   Operation 52 'select' 'select_ln575' <Predicate = true> <Delay = 0.17> <CoreInst = "Sel">   --->   Core 73 'Sel' <Latency = 0> <II = 1> <Delay = 0.17> <FuncUnit> <Opcode : 'select'> <InPorts = 3> <OutPorts = 1>
ST_2 : Operation 53 [1/1] (0.00ns)   --->   "%tmp_4 = bitconcatenate i257 @_ssdm_op_BitConcatenate.i257.i1.i255.i1, i1 %bucket_result_point_z, i255 0, i1 %select_ln575" [../src/msm.cpp:578->../src/msm.cpp:612]   --->   Operation 53 'bitconcatenate' 'tmp_4' <Predicate = true> <Delay = 0.00>
ST_2 : Operation 54 [1/1] (0.00ns)   --->   "%zext_ln578 = zext i257 %tmp_4" [../src/msm.cpp:578->../src/msm.cpp:612]   --->   Operation 54 'zext' 'zext_ln578' <Predicate = true> <Delay = 0.00>
ST_2 : Operation 55 [1/1] (0.00ns)   --->   "%p_0 = bitconcatenate i1039 @_ssdm_op_BitConcatenate.i1039.i5.i10.i768.i256, i5 %select_ln569_1, i10 %trunc_ln578, i768 %zext_ln578, i256 0" [../src/msm.cpp:578->../src/msm.cpp:612]   --->   Operation 55 'bitconcatenate' 'p_0' <Predicate = true> <Delay = 0.00>
ST_2 : Operation 56 [1/1] ( I:1.46ns O:1.46ns )   --->   "%write_ln578 = write void @_ssdm_op_Write.ap_fifo.volatile.i1039P0A, i1039 %out_stream, i1039 %p_0" [../src/msm.cpp:578->../src/msm.cpp:612]   --->   Operation 56 'write' 'write_ln578' <Predicate = true> <Delay = 1.46> <CoreInst = "FIFO">   --->   Core 77 'FIFO' <Latency = 0> <II = 1> <Delay = 1.63> <Storage> <Opcode : 'read' 'write' 'nbread' 'nbwrite'> <Ports = 0> <Width = -1> <Depth = -1> <FIFO>
ST_2 : Operation 57 [1/1] (0.00ns)   --->   "%br_ln571 = br void %for.inc.i" [../src/msm.cpp:571->../src/msm.cpp:612]   --->   Operation 57 'br' 'br_ln571' <Predicate = true> <Delay = 0.00>


============================================================
+ Verbose Summary: Binding
============================================================
STG Binding: 
---------------- STG Properties BEGIN ----------------
- Is combinational: 0
- Is one-state seq: 0
- Is datapath-only: 0
- Is pipelined: 0
- Is top level: 0
Port [ Return ] is wired: 1; IO mode=ap_ctrl_hs:ce=0
Port [ out_stream]:  wired=1; compound=1; hidden=0; nouse=0; global=0; static=0; extern=0; dir=1; type=3; pingpong=0; private_global=0; IO mode=ap_fifo:ce=0
Port [ buckets_y_0]:  wired=0; compound=1; hidden=1; nouse=0; global=1; static=1; extern=0; dir=0; type=1; pingpong=0; private_global=1; MemPort=[13]; IO mode=ap_memory:ce=0
Port [ buckets_y_1]:  wired=0; compound=1; hidden=1; nouse=0; global=1; static=1; extern=0; dir=0; type=1; pingpong=0; private_global=1; MemPort=[13]; IO mode=ap_memory:ce=0
Port [ buckets_z_0]:  wired=0; compound=1; hidden=1; nouse=0; global=1; static=1; extern=0; dir=0; type=1; pingpong=0; private_global=1; MemPort=[13]; IO mode=ap_memory:ce=0
Port [ buckets_z_1]:  wired=0; compound=1; hidden=1; nouse=0; global=1; static=1; extern=0; dir=0; type=1; pingpong=0; private_global=1; MemPort=[13]; IO mode=ap_memory:ce=0
---------------- STG Properties END ------------------

---------------- Datapath Model BEGIN ----------------

<LifeTime>
<method=bitvector/>
j                     (alloca           ) [ 010]
i                     (alloca           ) [ 010]
indvar_flatten        (alloca           ) [ 010]
specmemcore_ln0       (specmemcore      ) [ 000]
specmemcore_ln0       (specmemcore      ) [ 000]
specmemcore_ln0       (specmemcore      ) [ 000]
specmemcore_ln0       (specmemcore      ) [ 000]
specinterface_ln0     (specinterface    ) [ 000]
store_ln0             (store            ) [ 000]
store_ln569           (store            ) [ 000]
store_ln571           (store            ) [ 000]
br_ln0                (br               ) [ 000]
indvar_flatten_load   (load             ) [ 000]
icmp_ln569            (icmp             ) [ 010]
add_ln569             (add              ) [ 000]
br_ln569              (br               ) [ 000]
j_load                (load             ) [ 000]
i_load                (load             ) [ 000]
i_2                   (add              ) [ 000]
icmp_ln571            (icmp             ) [ 000]
select_ln569          (select           ) [ 000]
select_ln569_1        (select           ) [ 011]
trunc_ln571           (trunc            ) [ 011]
lshr_ln               (partselect       ) [ 000]
tmp_3                 (bitconcatenate   ) [ 000]
zext_ln573            (zext             ) [ 000]
buckets_y_0_addr      (getelementptr    ) [ 011]
buckets_y_1_addr      (getelementptr    ) [ 011]
buckets_z_0_addr      (getelementptr    ) [ 011]
buckets_z_1_addr      (getelementptr    ) [ 011]
trunc_ln578           (trunc            ) [ 011]
j_1                   (add              ) [ 000]
store_ln569           (store            ) [ 000]
store_ln569           (store            ) [ 000]
store_ln571           (store            ) [ 000]
specloopname_ln0      (specloopname     ) [ 000]
speclooptripcount_ln0 (speclooptripcount) [ 000]
specpipeline_ln571    (specpipeline     ) [ 000]
buckets_y_0_load      (load             ) [ 000]
buckets_y_1_load      (load             ) [ 000]
buckets_z_0_load      (load             ) [ 000]
buckets_z_1_load      (load             ) [ 000]
bucket_result_point_z (select           ) [ 000]
select_ln575          (select           ) [ 000]
tmp_4                 (bitconcatenate   ) [ 000]
zext_ln578            (zext             ) [ 000]
p_0                   (bitconcatenate   ) [ 000]
write_ln578           (write            ) [ 000]
br_ln571              (br               ) [ 000]
ret_ln0               (ret              ) [ 000]
</LifeTime>

<model>

<comp_list>
<comp id="0" class="1000" name="out_stream">
<pin_list>
<pin id="1" dir="1" index="0" bw="1" slack="0"/>
</pin_list>
<bind>
<StgValue><ssdm name="out_stream"/></StgValue>
</bind>
</comp>

<comp id="2" class="1000" name="buckets_y_0">
<pin_list>
<pin id="3" dir="1" index="0" bw="1" slack="0"/>
</pin_list>
<bind>
<StgValue><ssdm name="buckets_y_0"/><MemPortTyVec>1 3 </MemPortTyVec>
</StgValue>
</bind>
</comp>

<comp id="4" class="1000" name="buckets_y_1">
<pin_list>
<pin id="5" dir="1" index="0" bw="1" slack="0"/>
</pin_list>
<bind>
<StgValue><ssdm name="buckets_y_1"/><MemPortTyVec>1 3 </MemPortTyVec>
</StgValue>
</bind>
</comp>

<comp id="6" class="1000" name="buckets_z_0">
<pin_list>
<pin id="7" dir="1" index="0" bw="1" slack="0"/>
</pin_list>
<bind>
<StgValue><ssdm name="buckets_z_0"/><MemPortTyVec>1 3 </MemPortTyVec>
</StgValue>
</bind>
</comp>

<comp id="8" class="1000" name="buckets_z_1">
<pin_list>
<pin id="9" dir="1" index="0" bw="1" slack="0"/>
</pin_list>
<bind>
<StgValue><ssdm name="buckets_z_1"/><MemPortTyVec>1 3 </MemPortTyVec>
</StgValue>
</bind>
</comp>

<comp id="10" class="1001" name="const_10">
<pin_list>
<pin id="11" dir="1" index="0" bw="1" slack="0"/>
</pin_list>
<bind>
<StgValue><ssdm name=""/></StgValue>
</bind>
</comp>

<comp id="12" class="1001" name="const_12">
<pin_list>
<pin id="13" dir="1" index="0" bw="1" slack="2147483647"/>
</pin_list>
<bind>
<StgValue><ssdm name="_ssdm_op_SpecMemCore"/></StgValue>
</bind>
</comp>

<comp id="14" class="1001" name="const_14">
<pin_list>
<pin id="15" dir="1" index="0" bw="1" slack="2147483647"/>
</pin_list>
<bind>
<StgValue><ssdm name=""/></StgValue>
</bind>
</comp>

<comp id="16" class="1001" name="const_16">
<pin_list>
<pin id="17" dir="1" index="0" bw="1" slack="2147483647"/>
</pin_list>
<bind>
<StgValue><ssdm name=""/></StgValue>
</bind>
</comp>

<comp id="18" class="1001" name="const_18">
<pin_list>
<pin id="19" dir="1" index="0" bw="1" slack="2147483647"/>
</pin_list>
<bind>
<StgValue><ssdm name=""/></StgValue>
</bind>
</comp>

<comp id="20" class="1001" name="const_20">
<pin_list>
<pin id="21" dir="1" index="0" bw="1" slack="2147483647"/>
</pin_list>
<bind>
<StgValue><ssdm name="_ssdm_op_SpecInterface"/></StgValue>
</bind>
</comp>

<comp id="22" class="1001" name="const_22">
<pin_list>
<pin id="23" dir="1" index="0" bw="1" slack="2147483647"/>
</pin_list>
<bind>
<StgValue><ssdm name="empty_0"/></StgValue>
</bind>
</comp>

<comp id="24" class="1001" name="const_24">
<pin_list>
<pin id="25" dir="1" index="0" bw="1" slack="2147483647"/>
</pin_list>
<bind>
<StgValue><ssdm name=""/></StgValue>
</bind>
</comp>

<comp id="26" class="1001" name="const_26">
<pin_list>
<pin id="27" dir="1" index="0" bw="1" slack="2147483647"/>
</pin_list>
<bind>
<StgValue><ssdm name="empty"/></StgValue>
</bind>
</comp>

<comp id="28" class="1001" name="const_28">
<pin_list>
<pin id="29" dir="1" index="0" bw="1" slack="2147483647"/>
</pin_list>
<bind>
<StgValue><ssdm name=""/></StgValue>
</bind>
</comp>

<comp id="30" class="1001" name="const_30">
<pin_list>
<pin id="31" dir="1" index="0" bw="1" slack="0"/>
</pin_list>
<bind>
<StgValue><ssdm name=""/></StgValue>
</bind>
</comp>

<comp id="32" class="1001" name="const_32">
<pin_list>
<pin id="33" dir="1" index="0" bw="1" slack="0"/>
</pin_list>
<bind>
<StgValue><ssdm name=""/></StgValue>
</bind>
</comp>

<comp id="34" class="1001" name="const_34">
<pin_list>
<pin id="35" dir="1" index="0" bw="1" slack="0"/>
</pin_list>
<bind>
<StgValue><ssdm name=""/></StgValue>
</bind>
</comp>

<comp id="36" class="1001" name="const_36">
<pin_list>
<pin id="37" dir="1" index="0" bw="1" slack="0"/>
</pin_list>
<bind>
<StgValue><ssdm name=""/></StgValue>
</bind>
</comp>

<comp id="38" class="1001" name="const_38">
<pin_list>
<pin id="39" dir="1" index="0" bw="1" slack="0"/>
</pin_list>
<bind>
<StgValue><ssdm name=""/></StgValue>
</bind>
</comp>

<comp id="40" class="1001" name="const_40">
<pin_list>
<pin id="41" dir="1" index="0" bw="1" slack="0"/>
</pin_list>
<bind>
<StgValue><ssdm name=""/></StgValue>
</bind>
</comp>

<comp id="42" class="1001" name="const_42">
<pin_list>
<pin id="43" dir="1" index="0" bw="1" slack="0"/>
</pin_list>
<bind>
<StgValue><ssdm name=""/></StgValue>
</bind>
</comp>

<comp id="44" class="1001" name="const_44">
<pin_list>
<pin id="45" dir="1" index="0" bw="1" slack="0"/>
</pin_list>
<bind>
<StgValue><ssdm name="_ssdm_op_PartSelect.i9.i11.i32.i32"/></StgValue>
</bind>
</comp>

<comp id="46" class="1001" name="const_46">
<pin_list>
<pin id="47" dir="1" index="0" bw="1" slack="0"/>
</pin_list>
<bind>
<StgValue><ssdm name=""/></StgValue>
</bind>
</comp>

<comp id="48" class="1001" name="const_48">
<pin_list>
<pin id="49" dir="1" index="0" bw="1" slack="0"/>
</pin_list>
<bind>
<StgValue><ssdm name="_ssdm_op_BitConcatenate.i14.i5.i9"/></StgValue>
</bind>
</comp>

<comp id="50" class="1001" name="const_50">
<pin_list>
<pin id="51" dir="1" index="0" bw="1" slack="0"/>
</pin_list>
<bind>
<StgValue><ssdm name=""/></StgValue>
</bind>
</comp>

<comp id="52" class="1001" name="const_52">
<pin_list>
<pin id="53" dir="1" index="0" bw="1" slack="0"/>
</pin_list>
<bind>
<StgValue><ssdm name=""/></StgValue>
</bind>
</comp>

<comp id="54" class="1001" name="const_54">
<pin_list>
<pin id="55" dir="1" index="0" bw="1" slack="2147483647"/>
</pin_list>
<bind>
<StgValue><ssdm name="_ssdm_op_SpecLoopName"/></StgValue>
</bind>
</comp>

<comp id="56" class="1001" name="const_56">
<pin_list>
<pin id="57" dir="1" index="0" bw="1" slack="2147483647"/>
</pin_list>
<bind>
<StgValue><ssdm name="VITIS_LOOP_569_1_VITIS_LOOP_571_2_str"/></StgValue>
</bind>
</comp>

<comp id="58" class="1001" name="const_58">
<pin_list>
<pin id="59" dir="1" index="0" bw="1" slack="2147483647"/>
</pin_list>
<bind>
<StgValue><ssdm name="_ssdm_op_SpecLoopTripCount"/></StgValue>
</bind>
</comp>

<comp id="60" class="1001" name="const_60">
<pin_list>
<pin id="61" dir="1" index="0" bw="1" slack="2147483647"/>
</pin_list>
<bind>
<StgValue><ssdm name=""/></StgValue>
</bind>
</comp>

<comp id="62" class="1001" name="const_62">
<pin_list>
<pin id="63" dir="1" index="0" bw="1" slack="2147483647"/>
</pin_list>
<bind>
<StgValue><ssdm name="_ssdm_op_SpecPipeline"/></StgValue>
</bind>
</comp>

<comp id="64" class="1001" name="const_64">
<pin_list>
<pin id="65" dir="1" index="0" bw="1" slack="0"/>
</pin_list>
<bind>
<StgValue><ssdm name="_ssdm_op_BitConcatenate.i257.i1.i255.i1"/></StgValue>
</bind>
</comp>

<comp id="66" class="1001" name="const_66">
<pin_list>
<pin id="67" dir="1" index="0" bw="1" slack="0"/>
</pin_list>
<bind>
<StgValue><ssdm name=""/></StgValue>
</bind>
</comp>

<comp id="68" class="1001" name="const_68">
<pin_list>
<pin id="69" dir="1" index="0" bw="1" slack="0"/>
</pin_list>
<bind>
<StgValue><ssdm name="_ssdm_op_BitConcatenate.i1039.i5.i10.i768.i256"/></StgValue>
</bind>
</comp>

<comp id="70" class="1001" name="const_70">
<pin_list>
<pin id="71" dir="1" index="0" bw="1" slack="0"/>
</pin_list>
<bind>
<StgValue><ssdm name=""/></StgValue>
</bind>
</comp>

<comp id="72" class="1001" name="const_72">
<pin_list>
<pin id="73" dir="1" index="0" bw="1" slack="0"/>
</pin_list>
<bind>
<StgValue><ssdm name="_ssdm_op_Write.ap_fifo.volatile.i1039P0A"/></StgValue>
</bind>
</comp>

<comp id="74" class="1004" name="j_fu_74">
<pin_list>
<pin id="75" dir="0" index="0" bw="1" slack="0"/>
<pin id="76" dir="1" index="1" bw="11" slack="0"/>
</pin_list>
<bind>
<opcode="alloca(26) " fcode="alloca"/>
<opset="j/1 "/>
</bind>
</comp>

<comp id="78" class="1004" name="i_fu_78">
<pin_list>
<pin id="79" dir="0" index="0" bw="1" slack="0"/>
<pin id="80" dir="1" index="1" bw="5" slack="0"/>
</pin_list>
<bind>
<opcode="alloca(26) " fcode="alloca"/>
<opset="i/1 "/>
</bind>
</comp>

<comp id="82" class="1004" name="indvar_flatten_fu_82">
<pin_list>
<pin id="83" dir="0" index="0" bw="1" slack="0"/>
<pin id="84" dir="1" index="1" bw="15" slack="0"/>
</pin_list>
<bind>
<opcode="alloca(26) " fcode="alloca"/>
<opset="indvar_flatten/1 "/>
</bind>
</comp>

<comp id="86" class="1004" name="write_ln578_write_fu_86">
<pin_list>
<pin id="87" dir="0" index="0" bw="0" slack="0"/>
<pin id="88" dir="0" index="1" bw="1039" slack="0"/>
<pin id="89" dir="0" index="2" bw="1039" slack="0"/>
<pin id="90" dir="1" index="3" bw="0" slack="2147483647"/>
</pin_list>
<bind>
<opcode="write(1151) " fcode="write"/>
<opset="write_ln578/2 "/>
</bind>
</comp>

<comp id="93" class="1004" name="buckets_y_0_addr_gep_fu_93">
<pin_list>
<pin id="94" dir="0" index="0" bw="1" slack="0"/>
<pin id="95" dir="0" index="1" bw="1" slack="0"/>
<pin id="96" dir="0" index="2" bw="14" slack="0"/>
<pin id="97" dir="1" index="3" bw="14" slack="0"/>
</pin_list>
<bind>
<opcode="getelementptr(29) " fcode="getelementptr"/>
<opset="buckets_y_0_addr/1 "/>
</bind>
</comp>

<comp id="100" class="1004" name="buckets_y_1_addr_gep_fu_100">
<pin_list>
<pin id="101" dir="0" index="0" bw="1" slack="0"/>
<pin id="102" dir="0" index="1" bw="1" slack="0"/>
<pin id="103" dir="0" index="2" bw="14" slack="0"/>
<pin id="104" dir="1" index="3" bw="14" slack="0"/>
</pin_list>
<bind>
<opcode="getelementptr(29) " fcode="getelementptr"/>
<opset="buckets_y_1_addr/1 "/>
</bind>
</comp>

<comp id="107" class="1004" name="buckets_z_0_addr_gep_fu_107">
<pin_list>
<pin id="108" dir="0" index="0" bw="1" slack="0"/>
<pin id="109" dir="0" index="1" bw="1" slack="0"/>
<pin id="110" dir="0" index="2" bw="14" slack="0"/>
<pin id="111" dir="1" index="3" bw="14" slack="0"/>
</pin_list>
<bind>
<opcode="getelementptr(29) " fcode="getelementptr"/>
<opset="buckets_z_0_addr/1 "/>
</bind>
</comp>

<comp id="114" class="1004" name="buckets_z_1_addr_gep_fu_114">
<pin_list>
<pin id="115" dir="0" index="0" bw="1" slack="0"/>
<pin id="116" dir="0" index="1" bw="1" slack="0"/>
<pin id="117" dir="0" index="2" bw="14" slack="0"/>
<pin id="118" dir="1" index="3" bw="14" slack="0"/>
</pin_list>
<bind>
<opcode="getelementptr(29) " fcode="getelementptr"/>
<opset="buckets_z_1_addr/1 "/>
</bind>
</comp>

<comp id="121" class="1004" name="grp_access_fu_121">
<pin_list>
<pin id="122" dir="0" index="0" bw="14" slack="0"/>
<pin id="123" dir="0" index="1" bw="1" slack="2147483647"/>
<pin id="124" dir="0" index="2" bw="0" slack="2147483647"/>
<pin id="125" dir="1" index="3" bw="1" slack="0"/>
</pin_list>
<bind>
<opcode="load(27) " fcode="load"/>
<opset="buckets_y_0_load/1 "/>
</bind>
</comp>

<comp id="127" class="1004" name="grp_access_fu_127">
<pin_list>
<pin id="128" dir="0" index="0" bw="14" slack="0"/>
<pin id="129" dir="0" index="1" bw="1" slack="2147483647"/>
<pin id="130" dir="0" index="2" bw="0" slack="2147483647"/>
<pin id="131" dir="1" index="3" bw="1" slack="0"/>
</pin_list>
<bind>
<opcode="load(27) " fcode="load"/>
<opset="buckets_y_1_load/1 "/>
</bind>
</comp>

<comp id="133" class="1004" name="grp_access_fu_133">
<pin_list>
<pin id="134" dir="0" index="0" bw="14" slack="0"/>
<pin id="135" dir="0" index="1" bw="1" slack="2147483647"/>
<pin id="136" dir="0" index="2" bw="0" slack="2147483647"/>
<pin id="137" dir="1" index="3" bw="1" slack="0"/>
</pin_list>
<bind>
<opcode="load(27) " fcode="load"/>
<opset="buckets_z_0_load/1 "/>
</bind>
</comp>

<comp id="139" class="1004" name="grp_access_fu_139">
<pin_list>
<pin id="140" dir="0" index="0" bw="14" slack="0"/>
<pin id="141" dir="0" index="1" bw="1" slack="2147483647"/>
<pin id="142" dir="0" index="2" bw="0" slack="2147483647"/>
<pin id="143" dir="1" index="3" bw="1" slack="0"/>
</pin_list>
<bind>
<opcode="load(27) " fcode="load"/>
<opset="buckets_z_1_load/1 "/>
</bind>
</comp>

<comp id="145" class="1004" name="store_ln0_store_fu_145">
<pin_list>
<pin id="146" dir="0" index="0" bw="1" slack="0"/>
<pin id="147" dir="0" index="1" bw="15" slack="0"/>
<pin id="148" dir="1" index="2" bw="0" slack="2147483647"/>
</pin_list>
<bind>
<opcode="store(28) " fcode="store"/>
<opset="store_ln0/1 "/>
</bind>
</comp>

<comp id="150" class="1004" name="store_ln569_store_fu_150">
<pin_list>
<pin id="151" dir="0" index="0" bw="1" slack="0"/>
<pin id="152" dir="0" index="1" bw="5" slack="0"/>
<pin id="153" dir="1" index="2" bw="0" slack="2147483647"/>
</pin_list>
<bind>
<opcode="store(28) " fcode="store"/>
<opset="store_ln569/1 "/>
</bind>
</comp>

<comp id="155" class="1004" name="store_ln571_store_fu_155">
<pin_list>
<pin id="156" dir="0" index="0" bw="1" slack="0"/>
<pin id="157" dir="0" index="1" bw="11" slack="0"/>
<pin id="158" dir="1" index="2" bw="0" slack="2147483647"/>
</pin_list>
<bind>
<opcode="store(28) " fcode="store"/>
<opset="store_ln571/1 "/>
</bind>
</comp>

<comp id="160" class="1004" name="indvar_flatten_load_load_fu_160">
<pin_list>
<pin id="161" dir="0" index="0" bw="15" slack="0"/>
<pin id="162" dir="1" index="1" bw="15" slack="0"/>
</pin_list>
<bind>
<opcode="load(27) " fcode="load"/>
<opset="indvar_flatten_load/1 "/>
</bind>
</comp>

<comp id="163" class="1004" name="icmp_ln569_fu_163">
<pin_list>
<pin id="164" dir="0" index="0" bw="15" slack="0"/>
<pin id="165" dir="0" index="1" bw="14" slack="0"/>
<pin id="166" dir="1" index="2" bw="1" slack="2147483647"/>
</pin_list>
<bind>
<opcode="icmp(45) " fcode="icmp"/>
<opset="icmp_ln569/1 "/>
</bind>
</comp>

<comp id="169" class="1004" name="add_ln569_fu_169">
<pin_list>
<pin id="170" dir="0" index="0" bw="15" slack="0"/>
<pin id="171" dir="0" index="1" bw="1" slack="0"/>
<pin id="172" dir="1" index="2" bw="15" slack="0"/>
</pin_list>
<bind>
<opcode="add(8) " fcode="add"/>
<opset="add_ln569/1 "/>
</bind>
</comp>

<comp id="175" class="1004" name="j_load_load_fu_175">
<pin_list>
<pin id="176" dir="0" index="0" bw="11" slack="0"/>
<pin id="177" dir="1" index="1" bw="11" slack="0"/>
</pin_list>
<bind>
<opcode="load(27) " fcode="load"/>
<opset="j_load/1 "/>
</bind>
</comp>

<comp id="178" class="1004" name="i_load_load_fu_178">
<pin_list>
<pin id="179" dir="0" index="0" bw="5" slack="0"/>
<pin id="180" dir="1" index="1" bw="5" slack="0"/>
</pin_list>
<bind>
<opcode="load(27) " fcode="load"/>
<opset="i_load/1 "/>
</bind>
</comp>

<comp id="181" class="1004" name="i_2_fu_181">
<pin_list>
<pin id="182" dir="0" index="0" bw="5" slack="0"/>
<pin id="183" dir="0" index="1" bw="1" slack="0"/>
<pin id="184" dir="1" index="2" bw="5" slack="0"/>
</pin_list>
<bind>
<opcode="add(8) " fcode="add"/>
<opset="i_2/1 "/>
</bind>
</comp>

<comp id="187" class="1004" name="icmp_ln571_fu_187">
<pin_list>
<pin id="188" dir="0" index="0" bw="11" slack="0"/>
<pin id="189" dir="0" index="1" bw="11" slack="0"/>
<pin id="190" dir="1" index="2" bw="1" slack="0"/>
</pin_list>
<bind>
<opcode="icmp(45) " fcode="icmp"/>
<opset="icmp_ln571/1 "/>
</bind>
</comp>

<comp id="193" class="1004" name="select_ln569_fu_193">
<pin_list>
<pin id="194" dir="0" index="0" bw="1" slack="0"/>
<pin id="195" dir="0" index="1" bw="1" slack="0"/>
<pin id="196" dir="0" index="2" bw="11" slack="0"/>
<pin id="197" dir="1" index="3" bw="11" slack="0"/>
</pin_list>
<bind>
<opcode="select(49) " fcode="select"/>
<opset="select_ln569/1 "/>
</bind>
</comp>

<comp id="201" class="1004" name="select_ln569_1_fu_201">
<pin_list>
<pin id="202" dir="0" index="0" bw="1" slack="0"/>
<pin id="203" dir="0" index="1" bw="5" slack="0"/>
<pin id="204" dir="0" index="2" bw="5" slack="0"/>
<pin id="205" dir="1" index="3" bw="5" slack="0"/>
</pin_list>
<bind>
<opcode="select(49) " fcode="select"/>
<opset="select_ln569_1/1 "/>
</bind>
</comp>

<comp id="209" class="1004" name="trunc_ln571_fu_209">
<pin_list>
<pin id="210" dir="0" index="0" bw="11" slack="0"/>
<pin id="211" dir="1" index="1" bw="1" slack="1"/>
</pin_list>
<bind>
<opcode="trunc(33) " fcode="trunc"/>
<opset="trunc_ln571/1 "/>
</bind>
</comp>

<comp id="213" class="1004" name="lshr_ln_fu_213">
<pin_list>
<pin id="214" dir="0" index="0" bw="9" slack="0"/>
<pin id="215" dir="0" index="1" bw="11" slack="0"/>
<pin id="216" dir="0" index="2" bw="1" slack="0"/>
<pin id="217" dir="0" index="3" bw="5" slack="0"/>
<pin id="218" dir="1" index="4" bw="9" slack="0"/>
</pin_list>
<bind>
<opcode="partselect(1002) " fcode="partselect"/>
<opset="lshr_ln/1 "/>
</bind>
</comp>

<comp id="223" class="1004" name="tmp_3_fu_223">
<pin_list>
<pin id="224" dir="0" index="0" bw="14" slack="0"/>
<pin id="225" dir="0" index="1" bw="5" slack="0"/>
<pin id="226" dir="0" index="2" bw="9" slack="0"/>
<pin id="227" dir="1" index="3" bw="14" slack="0"/>
</pin_list>
<bind>
<opcode="bitconcatenate(1004) " fcode="bitconcatenate"/>
<opset="tmp_3/1 "/>
</bind>
</comp>

<comp id="231" class="1004" name="zext_ln573_fu_231">
<pin_list>
<pin id="232" dir="0" index="0" bw="14" slack="0"/>
<pin id="233" dir="1" index="1" bw="64" slack="0"/>
</pin_list>
<bind>
<opcode="zext(34) " fcode="zext"/>
<opset="zext_ln573/1 "/>
</bind>
</comp>

<comp id="239" class="1004" name="trunc_ln578_fu_239">
<pin_list>
<pin id="240" dir="0" index="0" bw="11" slack="0"/>
<pin id="241" dir="1" index="1" bw="10" slack="1"/>
</pin_list>
<bind>
<opcode="trunc(33) " fcode="trunc"/>
<opset="trunc_ln578/1 "/>
</bind>
</comp>

<comp id="243" class="1004" name="j_1_fu_243">
<pin_list>
<pin id="244" dir="0" index="0" bw="11" slack="0"/>
<pin id="245" dir="0" index="1" bw="1" slack="0"/>
<pin id="246" dir="1" index="2" bw="11" slack="0"/>
</pin_list>
<bind>
<opcode="add(8) " fcode="add"/>
<opset="j_1/1 "/>
</bind>
</comp>

<comp id="249" class="1004" name="store_ln569_store_fu_249">
<pin_list>
<pin id="250" dir="0" index="0" bw="15" slack="0"/>
<pin id="251" dir="0" index="1" bw="15" slack="0"/>
<pin id="252" dir="1" index="2" bw="0" slack="2147483647"/>
</pin_list>
<bind>
<opcode="store(28) " fcode="store"/>
<opset="store_ln569/1 "/>
</bind>
</comp>

<comp id="254" class="1004" name="store_ln569_store_fu_254">
<pin_list>
<pin id="255" dir="0" index="0" bw="5" slack="0"/>
<pin id="256" dir="0" index="1" bw="5" slack="0"/>
<pin id="257" dir="1" index="2" bw="0" slack="2147483647"/>
</pin_list>
<bind>
<opcode="store(28) " fcode="store"/>
<opset="store_ln569/1 "/>
</bind>
</comp>

<comp id="259" class="1004" name="store_ln571_store_fu_259">
<pin_list>
<pin id="260" dir="0" index="0" bw="11" slack="0"/>
<pin id="261" dir="0" index="1" bw="11" slack="0"/>
<pin id="262" dir="1" index="2" bw="0" slack="2147483647"/>
</pin_list>
<bind>
<opcode="store(28) " fcode="store"/>
<opset="store_ln571/1 "/>
</bind>
</comp>

<comp id="264" class="1004" name="bucket_result_point_z_fu_264">
<pin_list>
<pin id="265" dir="0" index="0" bw="1" slack="1"/>
<pin id="266" dir="0" index="1" bw="1" slack="0"/>
<pin id="267" dir="0" index="2" bw="1" slack="0"/>
<pin id="268" dir="1" index="3" bw="1" slack="0"/>
</pin_list>
<bind>
<opcode="select(49) " fcode="select"/>
<opset="bucket_result_point_z/2 "/>
</bind>
</comp>

<comp id="271" class="1004" name="select_ln575_fu_271">
<pin_list>
<pin id="272" dir="0" index="0" bw="1" slack="1"/>
<pin id="273" dir="0" index="1" bw="1" slack="0"/>
<pin id="274" dir="0" index="2" bw="1" slack="0"/>
<pin id="275" dir="1" index="3" bw="1" slack="0"/>
</pin_list>
<bind>
<opcode="select(49) " fcode="select"/>
<opset="select_ln575/2 "/>
</bind>
</comp>

<comp id="278" class="1004" name="tmp_4_fu_278">
<pin_list>
<pin id="279" dir="0" index="0" bw="257" slack="0"/>
<pin id="280" dir="0" index="1" bw="1" slack="0"/>
<pin id="281" dir="0" index="2" bw="1" slack="0"/>
<pin id="282" dir="0" index="3" bw="1" slack="0"/>
<pin id="283" dir="1" index="4" bw="257" slack="0"/>
</pin_list>
<bind>
<opcode="bitconcatenate(1004) " fcode="bitconcatenate"/>
<opset="tmp_4/2 "/>
</bind>
</comp>

<comp id="288" class="1004" name="zext_ln578_fu_288">
<pin_list>
<pin id="289" dir="0" index="0" bw="257" slack="0"/>
<pin id="290" dir="1" index="1" bw="768" slack="0"/>
</pin_list>
<bind>
<opcode="zext(34) " fcode="zext"/>
<opset="zext_ln578/2 "/>
</bind>
</comp>

<comp id="292" class="1004" name="p_0_fu_292">
<pin_list>
<pin id="293" dir="0" index="0" bw="1039" slack="0"/>
<pin id="294" dir="0" index="1" bw="5" slack="1"/>
<pin id="295" dir="0" index="2" bw="10" slack="1"/>
<pin id="296" dir="0" index="3" bw="257" slack="0"/>
<pin id="297" dir="0" index="4" bw="1" slack="0"/>
<pin id="298" dir="1" index="5" bw="1039" slack="0"/>
</pin_list>
<bind>
<opcode="bitconcatenate(1004) " fcode="bitconcatenate"/>
<opset="p_0/2 "/>
</bind>
</comp>

<comp id="303" class="1005" name="j_reg_303">
<pin_list>
<pin id="304" dir="0" index="0" bw="11" slack="0"/>
<pin id="305" dir="1" index="1" bw="11" slack="0"/>
</pin_list>
<bind>
<opset="j "/>
</bind>
</comp>

<comp id="310" class="1005" name="i_reg_310">
<pin_list>
<pin id="311" dir="0" index="0" bw="5" slack="0"/>
<pin id="312" dir="1" index="1" bw="5" slack="0"/>
</pin_list>
<bind>
<opset="i "/>
</bind>
</comp>

<comp id="317" class="1005" name="indvar_flatten_reg_317">
<pin_list>
<pin id="318" dir="0" index="0" bw="15" slack="0"/>
<pin id="319" dir="1" index="1" bw="15" slack="0"/>
</pin_list>
<bind>
<opset="indvar_flatten "/>
</bind>
</comp>

<comp id="327" class="1005" name="select_ln569_1_reg_327">
<pin_list>
<pin id="328" dir="0" index="0" bw="5" slack="1"/>
<pin id="329" dir="1" index="1" bw="5" slack="1"/>
</pin_list>
<bind>
<opset="select_ln569_1 "/>
</bind>
</comp>

<comp id="332" class="1005" name="trunc_ln571_reg_332">
<pin_list>
<pin id="333" dir="0" index="0" bw="1" slack="1"/>
<pin id="334" dir="1" index="1" bw="1" slack="1"/>
</pin_list>
<bind>
<opset="trunc_ln571 "/>
</bind>
</comp>

<comp id="338" class="1005" name="buckets_y_0_addr_reg_338">
<pin_list>
<pin id="339" dir="0" index="0" bw="14" slack="1"/>
<pin id="340" dir="1" index="1" bw="14" slack="1"/>
</pin_list>
<bind>
<opset="buckets_y_0_addr "/>
</bind>
</comp>

<comp id="343" class="1005" name="buckets_y_1_addr_reg_343">
<pin_list>
<pin id="344" dir="0" index="0" bw="14" slack="1"/>
<pin id="345" dir="1" index="1" bw="14" slack="1"/>
</pin_list>
<bind>
<opset="buckets_y_1_addr "/>
</bind>
</comp>

<comp id="348" class="1005" name="buckets_z_0_addr_reg_348">
<pin_list>
<pin id="349" dir="0" index="0" bw="14" slack="1"/>
<pin id="350" dir="1" index="1" bw="14" slack="1"/>
</pin_list>
<bind>
<opset="buckets_z_0_addr "/>
</bind>
</comp>

<comp id="353" class="1005" name="buckets_z_1_addr_reg_353">
<pin_list>
<pin id="354" dir="0" index="0" bw="14" slack="1"/>
<pin id="355" dir="1" index="1" bw="14" slack="1"/>
</pin_list>
<bind>
<opset="buckets_z_1_addr "/>
</bind>
</comp>

<comp id="358" class="1005" name="trunc_ln578_reg_358">
<pin_list>
<pin id="359" dir="0" index="0" bw="10" slack="1"/>
<pin id="360" dir="1" index="1" bw="10" slack="1"/>
</pin_list>
<bind>
<opset="trunc_ln578 "/>
</bind>
</comp>

</comp_list>

<net_list>
<net id="77"><net_src comp="10" pin="0"/><net_sink comp="74" pin=0"/></net>

<net id="81"><net_src comp="10" pin="0"/><net_sink comp="78" pin=0"/></net>

<net id="85"><net_src comp="10" pin="0"/><net_sink comp="82" pin=0"/></net>

<net id="91"><net_src comp="72" pin="0"/><net_sink comp="86" pin=0"/></net>

<net id="92"><net_src comp="0" pin="0"/><net_sink comp="86" pin=1"/></net>

<net id="98"><net_src comp="2" pin="0"/><net_sink comp="93" pin=0"/></net>

<net id="99"><net_src comp="50" pin="0"/><net_sink comp="93" pin=1"/></net>

<net id="105"><net_src comp="4" pin="0"/><net_sink comp="100" pin=0"/></net>

<net id="106"><net_src comp="50" pin="0"/><net_sink comp="100" pin=1"/></net>

<net id="112"><net_src comp="6" pin="0"/><net_sink comp="107" pin=0"/></net>

<net id="113"><net_src comp="50" pin="0"/><net_sink comp="107" pin=1"/></net>

<net id="119"><net_src comp="8" pin="0"/><net_sink comp="114" pin=0"/></net>

<net id="120"><net_src comp="50" pin="0"/><net_sink comp="114" pin=1"/></net>

<net id="126"><net_src comp="93" pin="3"/><net_sink comp="121" pin=0"/></net>

<net id="132"><net_src comp="100" pin="3"/><net_sink comp="127" pin=0"/></net>

<net id="138"><net_src comp="107" pin="3"/><net_sink comp="133" pin=0"/></net>

<net id="144"><net_src comp="114" pin="3"/><net_sink comp="139" pin=0"/></net>

<net id="149"><net_src comp="30" pin="0"/><net_sink comp="145" pin=0"/></net>

<net id="154"><net_src comp="32" pin="0"/><net_sink comp="150" pin=0"/></net>

<net id="159"><net_src comp="34" pin="0"/><net_sink comp="155" pin=0"/></net>

<net id="167"><net_src comp="160" pin="1"/><net_sink comp="163" pin=0"/></net>

<net id="168"><net_src comp="36" pin="0"/><net_sink comp="163" pin=1"/></net>

<net id="173"><net_src comp="160" pin="1"/><net_sink comp="169" pin=0"/></net>

<net id="174"><net_src comp="38" pin="0"/><net_sink comp="169" pin=1"/></net>

<net id="185"><net_src comp="178" pin="1"/><net_sink comp="181" pin=0"/></net>

<net id="186"><net_src comp="40" pin="0"/><net_sink comp="181" pin=1"/></net>

<net id="191"><net_src comp="175" pin="1"/><net_sink comp="187" pin=0"/></net>

<net id="192"><net_src comp="42" pin="0"/><net_sink comp="187" pin=1"/></net>

<net id="198"><net_src comp="187" pin="2"/><net_sink comp="193" pin=0"/></net>

<net id="199"><net_src comp="34" pin="0"/><net_sink comp="193" pin=1"/></net>

<net id="200"><net_src comp="175" pin="1"/><net_sink comp="193" pin=2"/></net>

<net id="206"><net_src comp="187" pin="2"/><net_sink comp="201" pin=0"/></net>

<net id="207"><net_src comp="181" pin="2"/><net_sink comp="201" pin=1"/></net>

<net id="208"><net_src comp="178" pin="1"/><net_sink comp="201" pin=2"/></net>

<net id="212"><net_src comp="193" pin="3"/><net_sink comp="209" pin=0"/></net>

<net id="219"><net_src comp="44" pin="0"/><net_sink comp="213" pin=0"/></net>

<net id="220"><net_src comp="193" pin="3"/><net_sink comp="213" pin=1"/></net>

<net id="221"><net_src comp="10" pin="0"/><net_sink comp="213" pin=2"/></net>

<net id="222"><net_src comp="46" pin="0"/><net_sink comp="213" pin=3"/></net>

<net id="228"><net_src comp="48" pin="0"/><net_sink comp="223" pin=0"/></net>

<net id="229"><net_src comp="201" pin="3"/><net_sink comp="223" pin=1"/></net>

<net id="230"><net_src comp="213" pin="4"/><net_sink comp="223" pin=2"/></net>

<net id="234"><net_src comp="223" pin="3"/><net_sink comp="231" pin=0"/></net>

<net id="235"><net_src comp="231" pin="1"/><net_sink comp="93" pin=2"/></net>

<net id="236"><net_src comp="231" pin="1"/><net_sink comp="100" pin=2"/></net>

<net id="237"><net_src comp="231" pin="1"/><net_sink comp="107" pin=2"/></net>

<net id="238"><net_src comp="231" pin="1"/><net_sink comp="114" pin=2"/></net>

<net id="242"><net_src comp="193" pin="3"/><net_sink comp="239" pin=0"/></net>

<net id="247"><net_src comp="193" pin="3"/><net_sink comp="243" pin=0"/></net>

<net id="248"><net_src comp="52" pin="0"/><net_sink comp="243" pin=1"/></net>

<net id="253"><net_src comp="169" pin="2"/><net_sink comp="249" pin=0"/></net>

<net id="258"><net_src comp="201" pin="3"/><net_sink comp="254" pin=0"/></net>

<net id="263"><net_src comp="243" pin="2"/><net_sink comp="259" pin=0"/></net>

<net id="269"><net_src comp="139" pin="3"/><net_sink comp="264" pin=1"/></net>

<net id="270"><net_src comp="133" pin="3"/><net_sink comp="264" pin=2"/></net>

<net id="276"><net_src comp="127" pin="3"/><net_sink comp="271" pin=1"/></net>

<net id="277"><net_src comp="121" pin="3"/><net_sink comp="271" pin=2"/></net>

<net id="284"><net_src comp="64" pin="0"/><net_sink comp="278" pin=0"/></net>

<net id="285"><net_src comp="264" pin="3"/><net_sink comp="278" pin=1"/></net>

<net id="286"><net_src comp="66" pin="0"/><net_sink comp="278" pin=2"/></net>

<net id="287"><net_src comp="271" pin="3"/><net_sink comp="278" pin=3"/></net>

<net id="291"><net_src comp="278" pin="4"/><net_sink comp="288" pin=0"/></net>

<net id="299"><net_src comp="68" pin="0"/><net_sink comp="292" pin=0"/></net>

<net id="300"><net_src comp="288" pin="1"/><net_sink comp="292" pin=3"/></net>

<net id="301"><net_src comp="70" pin="0"/><net_sink comp="292" pin=4"/></net>

<net id="302"><net_src comp="292" pin="5"/><net_sink comp="86" pin=2"/></net>

<net id="306"><net_src comp="74" pin="1"/><net_sink comp="303" pin=0"/></net>

<net id="307"><net_src comp="303" pin="1"/><net_sink comp="155" pin=1"/></net>

<net id="308"><net_src comp="303" pin="1"/><net_sink comp="175" pin=0"/></net>

<net id="309"><net_src comp="303" pin="1"/><net_sink comp="259" pin=1"/></net>

<net id="313"><net_src comp="78" pin="1"/><net_sink comp="310" pin=0"/></net>

<net id="314"><net_src comp="310" pin="1"/><net_sink comp="150" pin=1"/></net>

<net id="315"><net_src comp="310" pin="1"/><net_sink comp="178" pin=0"/></net>

<net id="316"><net_src comp="310" pin="1"/><net_sink comp="254" pin=1"/></net>

<net id="320"><net_src comp="82" pin="1"/><net_sink comp="317" pin=0"/></net>

<net id="321"><net_src comp="317" pin="1"/><net_sink comp="145" pin=1"/></net>

<net id="322"><net_src comp="317" pin="1"/><net_sink comp="160" pin=0"/></net>

<net id="323"><net_src comp="317" pin="1"/><net_sink comp="249" pin=1"/></net>

<net id="330"><net_src comp="201" pin="3"/><net_sink comp="327" pin=0"/></net>

<net id="331"><net_src comp="327" pin="1"/><net_sink comp="292" pin=1"/></net>

<net id="335"><net_src comp="209" pin="1"/><net_sink comp="332" pin=0"/></net>

<net id="336"><net_src comp="332" pin="1"/><net_sink comp="264" pin=0"/></net>

<net id="337"><net_src comp="332" pin="1"/><net_sink comp="271" pin=0"/></net>

<net id="341"><net_src comp="93" pin="3"/><net_sink comp="338" pin=0"/></net>

<net id="342"><net_src comp="338" pin="1"/><net_sink comp="121" pin=0"/></net>

<net id="346"><net_src comp="100" pin="3"/><net_sink comp="343" pin=0"/></net>

<net id="347"><net_src comp="343" pin="1"/><net_sink comp="127" pin=0"/></net>

<net id="351"><net_src comp="107" pin="3"/><net_sink comp="348" pin=0"/></net>

<net id="352"><net_src comp="348" pin="1"/><net_sink comp="133" pin=0"/></net>

<net id="356"><net_src comp="114" pin="3"/><net_sink comp="353" pin=0"/></net>

<net id="357"><net_src comp="353" pin="1"/><net_sink comp="139" pin=0"/></net>

<net id="361"><net_src comp="239" pin="1"/><net_sink comp="358" pin=0"/></net>

<net id="362"><net_src comp="358" pin="1"/><net_sink comp="292" pin=2"/></net>

</net_list>

</model> 
---------------- Datapath Model END ------------------

* FSMD analyzer results:
  - Output states:
	Port: out_stream | {2 }
 - Input state : 
	Port: pippenger_control_Pipeline_VITIS_LOOP_569_1_VITIS_LOOP_571_2 : buckets_y_0 | {1 2 }
	Port: pippenger_control_Pipeline_VITIS_LOOP_569_1_VITIS_LOOP_571_2 : buckets_y_1 | {1 2 }
	Port: pippenger_control_Pipeline_VITIS_LOOP_569_1_VITIS_LOOP_571_2 : buckets_z_0 | {1 2 }
	Port: pippenger_control_Pipeline_VITIS_LOOP_569_1_VITIS_LOOP_571_2 : buckets_z_1 | {1 2 }
  - Chain level:
	State 1
		store_ln0 : 1
		store_ln569 : 1
		store_ln571 : 1
		indvar_flatten_load : 1
		icmp_ln569 : 2
		add_ln569 : 2
		br_ln569 : 3
		j_load : 1
		i_load : 1
		i_2 : 2
		icmp_ln571 : 2
		select_ln569 : 3
		select_ln569_1 : 3
		trunc_ln571 : 4
		lshr_ln : 4
		tmp_3 : 5
		zext_ln573 : 6
		buckets_y_0_addr : 7
		buckets_y_1_addr : 7
		buckets_z_0_addr : 7
		buckets_z_1_addr : 7
		buckets_y_0_load : 8
		buckets_y_1_load : 8
		buckets_z_0_load : 8
		buckets_z_1_load : 8
		trunc_ln578 : 4
		j_1 : 4
		store_ln569 : 3
		store_ln569 : 4
		store_ln571 : 5
	State 2
		bucket_result_point_z : 1
		select_ln575 : 1
		tmp_4 : 2
		zext_ln578 : 3
		p_0 : 4
		write_ln578 : 5


============================================================
+ Verbose Summary: Datapath Resource usage 
============================================================

* Functional unit list:
|----------|------------------------------|---------|---------|
| Operation|        Functional Unit       |    FF   |   LUT   |
|----------|------------------------------|---------|---------|
|          |       add_ln569_fu_169       |    0    |    22   |
|    add   |          i_2_fu_181          |    0    |    12   |
|          |          j_1_fu_243          |    0    |    18   |
|----------|------------------------------|---------|---------|
|   icmp   |       icmp_ln569_fu_163      |    0    |    22   |
|          |       icmp_ln571_fu_187      |    0    |    18   |
|----------|------------------------------|---------|---------|
|          |      select_ln569_fu_193     |    0    |    10   |
|  select  |     select_ln569_1_fu_201    |    0    |    5    |
|          | bucket_result_point_z_fu_264 |    0    |    2    |
|          |      select_ln575_fu_271     |    0    |    2    |
|----------|------------------------------|---------|---------|
|   write  |    write_ln578_write_fu_86   |    0    |    0    |
|----------|------------------------------|---------|---------|
|   trunc  |      trunc_ln571_fu_209      |    0    |    0    |
|          |      trunc_ln578_fu_239      |    0    |    0    |
|----------|------------------------------|---------|---------|
|partselect|        lshr_ln_fu_213        |    0    |    0    |
|----------|------------------------------|---------|---------|
|          |         tmp_3_fu_223         |    0    |    0    |
|bitconcatenate|         tmp_4_fu_278         |    0    |    0    |
|          |          p_0_fu_292          |    0    |    0    |
|----------|------------------------------|---------|---------|
|   zext   |       zext_ln573_fu_231      |    0    |    0    |
|          |       zext_ln578_fu_288      |    0    |    0    |
|----------|------------------------------|---------|---------|
|   Total  |                              |    0    |   111   |
|----------|------------------------------|---------|---------|

Memories:
N/A

* Register list:
+------------------------+--------+
|                        |   FF   |
+------------------------+--------+
|buckets_y_0_addr_reg_338|   14   |
|buckets_y_1_addr_reg_343|   14   |
|buckets_z_0_addr_reg_348|   14   |
|buckets_z_1_addr_reg_353|   14   |
|        i_reg_310       |    5   |
| indvar_flatten_reg_317 |   15   |
|        j_reg_303       |   11   |
| select_ln569_1_reg_327 |    5   |
|   trunc_ln571_reg_332  |    1   |
|   trunc_ln578_reg_358  |   10   |
+------------------------+--------+
|          Total         |   103  |
+------------------------+--------+

* Multiplexer (MUX) list: 
|-------------------|------|------|------|--------||---------||---------||---------|
|        Comp       |  Pin | Size |  BW  | S x BW ||  Delay  ||    FF   ||   LUT   |
|-------------------|------|------|------|--------||---------||---------||---------|
| grp_access_fu_121 |  p0  |   2  |  14  |   28   ||    0    ||    9    |
| grp_access_fu_127 |  p0  |   2  |  14  |   28   ||    0    ||    9    |
| grp_access_fu_133 |  p0  |   2  |  14  |   28   ||    0    ||    9    |
| grp_access_fu_139 |  p0  |   2  |  14  |   28   ||    0    ||    9    |
|-------------------|------|------|------|--------||---------||---------||---------|
|       Total       |      |      |      |   112  ||  1.708  ||    0    ||    36   |
|-------------------|------|------|------|--------||---------||---------||---------|



* Summary:
+-----------+--------+--------+--------+
|           |  Delay |   FF   |   LUT  |
+-----------+--------+--------+--------+
|  Function |    -   |    0   |   111  |
|   Memory  |    -   |    -   |    -   |
|Multiplexer|    1   |    0   |   36   |
|  Register |    -   |   103  |    -   |
+-----------+--------+--------+--------+
|   Total   |    1   |   103  |   147  |
+-----------+--------+--------+--------+
