

================================================================
== Vitis HLS Report for 'pippenger_control_Pipeline_VITIS_LOOP_568_1_VITIS_LOOP_570_2'
================================================================
* Date:           Wed Apr 23 16:26:16 2025

* Version:        2024.2 (Build 5238294 on Nov  8 2024)
* Project:        msm_2
* Solution:       solution1 (Vivado IP Flow Target)
* Product family: zynquplus
* Target device:  xczu7ev-ffvc1156-2-e


================================================================
== Performance Estimates
================================================================
+ Timing: 
    * Summary: 
    +--------+---------+----------+------------+
    |  Clock |  Target | Estimated| Uncertainty|
    +--------+---------+----------+------------+
    |ap_clk  |  4.00 ns|  2.876 ns|     1.08 ns|
    +--------+---------+----------+------------+

+ Latency: 
    * Summary: 
    +---------+---------+----------+----------+-------+-------+------------------------------------------------+
    |  Latency (cycles) |  Latency (absolute) |    Interval   |                    Pipeline                    |
    |   min   |   max   |    min   |    max   |  min  |  max  |                      Type                      |
    +---------+---------+----------+----------+-------+-------+------------------------------------------------+
    |    26626|    26626|  0.107 ms|  0.107 ms|  26625|  26625|  loop auto-rewind stp (delay=0 clock cycles(s))|
    +---------+---------+----------+----------+-------+-------+------------------------------------------------+

    + Detail: 
        * Instance: 
        N/A

        * Loop: 
        +-------------------------------------+---------+---------+----------+-----------+-----------+-------+----------+
        |                                     |  Latency (cycles) | Iteration|  Initiation Interval  |  Trip |          |
        |              Loop Name              |   min   |   max   |  Latency |  achieved |   target  | Count | Pipelined|
        +-------------------------------------+---------+---------+----------+-----------+-----------+-------+----------+
        |- VITIS_LOOP_568_1_VITIS_LOOP_570_2  |    26624|    26624|         2|          1|          1|  26624|       yes|
        +-------------------------------------+---------+---------+----------+-----------+-----------+-------+----------+

============================================================
+ Verbose Summary: Synthesis Manager
============================================================
InlineROM: 1
ExposeGlobal: 0
============================================================
+ Verbose Summary: CDFG Model
============================================================
IsTopModel: 0
ResetActiveHigh: 1
IsCombinational: 0
IsDatapathOnly: 0
HasWiredReturn: 1
HasMFsm: 2
HasVarLatency: 1
IsPipeline: 0
IsRtlPipelined: 0
IsInstanceOverlapped: 0
IsDontTouch: 0
HasImplIP: 0
IsGatedGlobalClock: 0

+ Individual pipeline summary: 
  * Pipeline-0: initiation interval (II) = 1, depth = 2


============================================================
+ Verbose Summary: Schedule
============================================================
* Number of FSM states : 2
* Pipeline : 1
  Pipeline-0 : II = 1, D = 2, States = { 1 2 }
* Dataflow Pipeline: 0

* FSM state transitions: 
1 --> 2 
2 --> 

* FSM state operations: 

State 1 <SV = 0> <Delay = 2.87>
ST_1 : Operation 5 [1/1] (0.00ns)   --->   "%j = alloca i32 1" [../src/msm.cpp:570->../src/msm.cpp:611]   --->   Operation 5 'alloca' 'j' <Predicate = true> <Delay = 0.00>
ST_1 : Operation 6 [1/1] (0.00ns)   --->   "%i = alloca i32 1" [../src/msm.cpp:568->../src/msm.cpp:611]   --->   Operation 6 'alloca' 'i' <Predicate = true> <Delay = 0.00>
ST_1 : Operation 7 [1/1] (0.00ns)   --->   "%indvar_flatten = alloca i32 1"   --->   Operation 7 'alloca' 'indvar_flatten' <Predicate = true> <Delay = 0.00>
ST_1 : Operation 8 [1/1] (0.00ns)   --->   "%specmemcore_ln0 = specmemcore void @_ssdm_op_SpecMemCore, i1 %buckets_z_0, i64 666, i64 30, i64 18446744073709551615"   --->   Operation 8 'specmemcore' 'specmemcore_ln0' <Predicate = true> <Delay = 0.00>
ST_1 : Operation 9 [1/1] (0.00ns)   --->   "%specmemcore_ln0 = specmemcore void @_ssdm_op_SpecMemCore, i1 %buckets_z_1, i64 666, i64 30, i64 18446744073709551615"   --->   Operation 9 'specmemcore' 'specmemcore_ln0' <Predicate = true> <Delay = 0.00>
ST_1 : Operation 10 [1/1] (0.00ns)   --->   "%specmemcore_ln0 = specmemcore void @_ssdm_op_SpecMemCore, i1 %buckets_y_0, i64 666, i64 30, i64 18446744073709551615"   --->   Operation 10 'specmemcore' 'specmemcore_ln0' <Predicate = true> <Delay = 0.00>
ST_1 : Operation 11 [1/1] (0.00ns)   --->   "%specmemcore_ln0 = specmemcore void @_ssdm_op_SpecMemCore, i1 %buckets_y_1, i64 666, i64 30, i64 18446744073709551615"   --->   Operation 11 'specmemcore' 'specmemcore_ln0' <Predicate = true> <Delay = 0.00>
ST_1 : Operation 12 [1/1] (0.00ns)   --->   "%specinterface_ln0 = specinterface void @_ssdm_op_SpecInterface, i1039 %out_stream, void @empty_0, i32 0, i32 0, void @empty, i32 0, i32 0, void @empty, void @empty, void @empty, i32 0, i32 0, i32 0, i32 0, void @empty, void @empty, i32 4294967295, i32 0, i32 0"   --->   Operation 12 'specinterface' 'specinterface_ln0' <Predicate = true> <Delay = 0.00>
ST_1 : Operation 13 [1/1] (0.42ns)   --->   "%store_ln0 = store i15 0, i15 %indvar_flatten"   --->   Operation 13 'store' 'store_ln0' <Predicate = true> <Delay = 0.42>
ST_1 : Operation 14 [1/1] (0.42ns)   --->   "%store_ln568 = store i5 0, i5 %i" [../src/msm.cpp:568->../src/msm.cpp:611]   --->   Operation 14 'store' 'store_ln568' <Predicate = true> <Delay = 0.42>
ST_1 : Operation 15 [1/1] (0.42ns)   --->   "%store_ln570 = store i11 0, i11 %j" [../src/msm.cpp:570->../src/msm.cpp:611]   --->   Operation 15 'store' 'store_ln570' <Predicate = true> <Delay = 0.42>
ST_1 : Operation 16 [1/1] (0.00ns)   --->   "%br_ln0 = br void %for.inc.i"   --->   Operation 16 'br' 'br_ln0' <Predicate = true> <Delay = 0.00>
ST_1 : Operation 17 [1/1] (0.00ns)   --->   "%indvar_flatten_load = load i15 %indvar_flatten" [../src/msm.cpp:568->../src/msm.cpp:611]   --->   Operation 17 'load' 'indvar_flatten_load' <Predicate = true> <Delay = 0.00>
ST_1 : Operation 18 [1/1] (0.84ns)   --->   "%icmp_ln568 = icmp_eq  i15 %indvar_flatten_load, i15 26624" [../src/msm.cpp:568->../src/msm.cpp:611]   --->   Operation 18 'icmp' 'icmp_ln568' <Predicate = true> <Delay = 0.84> <CoreInst = "Cmp">   --->   Core 9 'Cmp' <Latency = 0> <II = 1> <Delay = 0.84> <FuncUnit> <Opcode : 'seteq' 'setne' 'setle' 'setge' 'setlt' 'setgt'> <InPorts = 2> <OutPorts = 1>
ST_1 : Operation 19 [1/1] (0.84ns)   --->   "%add_ln568 = add i15 %indvar_flatten_load, i15 1" [../src/msm.cpp:568->../src/msm.cpp:611]   --->   Operation 19 'add' 'add_ln568' <Predicate = true> <Delay = 0.84> <CoreInst = "Adder">   --->   Core 1 'Adder' <Latency = 0> <II = 1> <Delay = 0.84> <FuncUnit> <Opcode : 'add' 'sub'> <InPorts = 2> <OutPorts = 1>
ST_1 : Operation 20 [1/1] (0.00ns)   --->   "%br_ln568 = br i1 %icmp_ln568, void %for.inc8.i, void %_Z28aggregate_and_output_resultsPA1024_12EdwardsPointRN3hls6streamI12BucketResultLi0EEE.exit.exitStub" [../src/msm.cpp:568->../src/msm.cpp:611]   --->   Operation 20 'br' 'br_ln568' <Predicate = true> <Delay = 0.00>
ST_1 : Operation 21 [1/1] (0.00ns)   --->   "%j_load = load i11 %j" [../src/msm.cpp:570->../src/msm.cpp:611]   --->   Operation 21 'load' 'j_load' <Predicate = (!icmp_ln568)> <Delay = 0.00>
ST_1 : Operation 22 [1/1] (0.00ns)   --->   "%i_load = load i5 %i" [../src/msm.cpp:568->../src/msm.cpp:611]   --->   Operation 22 'load' 'i_load' <Predicate = (!icmp_ln568)> <Delay = 0.00>
ST_1 : Operation 23 [1/1] (0.78ns)   --->   "%i_2 = add i5 %i_load, i5 1" [../src/msm.cpp:568->../src/msm.cpp:611]   --->   Operation 23 'add' 'i_2' <Predicate = (!icmp_ln568)> <Delay = 0.78> <CoreInst = "Adder">   --->   Core 1 'Adder' <Latency = 0> <II = 1> <Delay = 0.78> <FuncUnit> <Opcode : 'add' 'sub'> <InPorts = 2> <OutPorts = 1>
ST_1 : Operation 24 [1/1] (0.79ns)   --->   "%icmp_ln570 = icmp_eq  i11 %j_load, i11 1024" [../src/msm.cpp:570->../src/msm.cpp:611]   --->   Operation 24 'icmp' 'icmp_ln570' <Predicate = (!icmp_ln568)> <Delay = 0.79> <CoreInst = "Cmp">   --->   Core 9 'Cmp' <Latency = 0> <II = 1> <Delay = 0.79> <FuncUnit> <Opcode : 'seteq' 'setne' 'setle' 'setge' 'setlt' 'setgt'> <InPorts = 2> <OutPorts = 1>
ST_1 : Operation 25 [1/1] (0.38ns)   --->   "%select_ln568 = select i1 %icmp_ln570, i11 0, i11 %j_load" [../src/msm.cpp:568->../src/msm.cpp:611]   --->   Operation 25 'select' 'select_ln568' <Predicate = (!icmp_ln568)> <Delay = 0.38> <CoreInst = "Sel">   --->   Core 73 'Sel' <Latency = 0> <II = 1> <Delay = 0.38> <FuncUnit> <Opcode : 'select'> <InPorts = 3> <OutPorts = 1>
ST_1 : Operation 26 [1/1] (0.41ns)   --->   "%select_ln568_1 = select i1 %icmp_ln570, i5 %i_2, i5 %i_load" [../src/msm.cpp:568->../src/msm.cpp:611]   --->   Operation 26 'select' 'select_ln568_1' <Predicate = (!icmp_ln568)> <Delay = 0.41> <CoreInst = "Sel">   --->   Core 73 'Sel' <Latency = 0> <II = 1> <Delay = 0.41> <FuncUnit> <Opcode : 'select'> <InPorts = 3> <OutPorts = 1>
ST_1 : Operation 27 [1/1] (0.00ns)   --->   "%trunc_ln570 = trunc i11 %select_ln568" [../src/msm.cpp:570->../src/msm.cpp:611]   --->   Operation 27 'trunc' 'trunc_ln570' <Predicate = (!icmp_ln568)> <Delay = 0.00>
ST_1 : Operation 28 [1/1] (0.00ns)   --->   "%lshr_ln = partselect i9 @_ssdm_op_PartSelect.i9.i11.i32.i32, i11 %select_ln568, i32 1, i32 9" [../src/msm.cpp:570->../src/msm.cpp:611]   --->   Operation 28 'partselect' 'lshr_ln' <Predicate = (!icmp_ln568)> <Delay = 0.00>
ST_1 : Operation 29 [1/1] (0.00ns)   --->   "%tmp_3 = bitconcatenate i14 @_ssdm_op_BitConcatenate.i14.i5.i9, i5 %select_ln568_1, i9 %lshr_ln" [../src/msm.cpp:572->../src/msm.cpp:611]   --->   Operation 29 'bitconcatenate' 'tmp_3' <Predicate = (!icmp_ln568)> <Delay = 0.00>
ST_1 : Operation 30 [1/1] (0.00ns)   --->   "%zext_ln572 = zext i14 %tmp_3" [../src/msm.cpp:572->../src/msm.cpp:611]   --->   Operation 30 'zext' 'zext_ln572' <Predicate = (!icmp_ln568)> <Delay = 0.00>
ST_1 : Operation 31 [1/1] (0.00ns)   --->   "%buckets_y_0_addr = getelementptr i1 %buckets_y_0, i64 0, i64 %zext_ln572" [../src/msm.cpp:572->../src/msm.cpp:611]   --->   Operation 31 'getelementptr' 'buckets_y_0_addr' <Predicate = (!icmp_ln568)> <Delay = 0.00>
ST_1 : Operation 32 [1/1] (0.00ns)   --->   "%buckets_y_1_addr = getelementptr i1 %buckets_y_1, i64 0, i64 %zext_ln572" [../src/msm.cpp:572->../src/msm.cpp:611]   --->   Operation 32 'getelementptr' 'buckets_y_1_addr' <Predicate = (!icmp_ln568)> <Delay = 0.00>
ST_1 : Operation 33 [1/1] (0.00ns)   --->   "%buckets_z_0_addr = getelementptr i1 %buckets_z_0, i64 0, i64 %zext_ln572" [../src/msm.cpp:572->../src/msm.cpp:611]   --->   Operation 33 'getelementptr' 'buckets_z_0_addr' <Predicate = (!icmp_ln568)> <Delay = 0.00>
ST_1 : Operation 34 [1/1] (0.00ns)   --->   "%buckets_z_1_addr = getelementptr i1 %buckets_z_1, i64 0, i64 %zext_ln572" [../src/msm.cpp:572->../src/msm.cpp:611]   --->   Operation 34 'getelementptr' 'buckets_z_1_addr' <Predicate = (!icmp_ln568)> <Delay = 0.00>
ST_1 : Operation 35 [2/2] (1.23ns)   --->   "%buckets_y_0_load = load i14 %buckets_y_0_addr" [../src/msm.cpp:574->../src/msm.cpp:611]   --->   Operation 35 'load' 'buckets_y_0_load' <Predicate = (!icmp_ln568)> <Delay = 1.23> <CoreInst = "RAM_T2P_BRAM">   --->   Core 98 'RAM_T2P_BRAM' <Latency = 1> <II = 1> <Delay = 1.23> <Storage> <Opcode : 'load' 'store'> <Ports = 2> <Width = 1> <Depth = 13312> <RAM>
ST_1 : Operation 36 [2/2] (1.23ns)   --->   "%buckets_y_1_load = load i14 %buckets_y_1_addr" [../src/msm.cpp:574->../src/msm.cpp:611]   --->   Operation 36 'load' 'buckets_y_1_load' <Predicate = (!icmp_ln568)> <Delay = 1.23> <CoreInst = "RAM_T2P_BRAM">   --->   Core 98 'RAM_T2P_BRAM' <Latency = 1> <II = 1> <Delay = 1.23> <Storage> <Opcode : 'load' 'store'> <Ports = 2> <Width = 1> <Depth = 13312> <RAM>
ST_1 : Operation 37 [2/2] (1.23ns)   --->   "%buckets_z_0_load = load i14 %buckets_z_0_addr" [../src/msm.cpp:574->../src/msm.cpp:611]   --->   Operation 37 'load' 'buckets_z_0_load' <Predicate = (!icmp_ln568)> <Delay = 1.23> <CoreInst = "RAM_T2P_BRAM">   --->   Core 98 'RAM_T2P_BRAM' <Latency = 1> <II = 1> <Delay = 1.23> <Storage> <Opcode : 'load' 'store'> <Ports = 2> <Width = 1> <Depth = 13312> <RAM>
ST_1 : Operation 38 [2/2] (1.23ns)   --->   "%buckets_z_1_load = load i14 %buckets_z_1_addr" [../src/msm.cpp:574->../src/msm.cpp:611]   --->   Operation 38 'load' 'buckets_z_1_load' <Predicate = (!icmp_ln568)> <Delay = 1.23> <CoreInst = "RAM_T2P_BRAM">   --->   Core 98 'RAM_T2P_BRAM' <Latency = 1> <II = 1> <Delay = 1.23> <Storage> <Opcode : 'load' 'store'> <Ports = 2> <Width = 1> <Depth = 13312> <RAM>
ST_1 : Operation 39 [1/1] (0.00ns)   --->   "%trunc_ln577 = trunc i11 %select_ln568" [../src/msm.cpp:577->../src/msm.cpp:611]   --->   Operation 39 'trunc' 'trunc_ln577' <Predicate = (!icmp_ln568)> <Delay = 0.00>
ST_1 : Operation 40 [1/1] (0.79ns)   --->   "%j_1 = add i11 %select_ln568, i11 1" [../src/msm.cpp:570->../src/msm.cpp:611]   --->   Operation 40 'add' 'j_1' <Predicate = (!icmp_ln568)> <Delay = 0.79> <CoreInst = "Adder">   --->   Core 1 'Adder' <Latency = 0> <II = 1> <Delay = 0.79> <FuncUnit> <Opcode : 'add' 'sub'> <InPorts = 2> <OutPorts = 1>
ST_1 : Operation 41 [1/1] (0.42ns)   --->   "%store_ln568 = store i15 %add_ln568, i15 %indvar_flatten" [../src/msm.cpp:568->../src/msm.cpp:611]   --->   Operation 41 'store' 'store_ln568' <Predicate = (!icmp_ln568)> <Delay = 0.42>
ST_1 : Operation 42 [1/1] (0.42ns)   --->   "%store_ln568 = store i5 %select_ln568_1, i5 %i" [../src/msm.cpp:568->../src/msm.cpp:611]   --->   Operation 42 'store' 'store_ln568' <Predicate = (!icmp_ln568)> <Delay = 0.42>
ST_1 : Operation 43 [1/1] (0.42ns)   --->   "%store_ln570 = store i11 %j_1, i11 %j" [../src/msm.cpp:570->../src/msm.cpp:611]   --->   Operation 43 'store' 'store_ln570' <Predicate = (!icmp_ln568)> <Delay = 0.42>
ST_1 : Operation 58 [1/1] (0.42ns)   --->   "%ret_ln0 = ret"   --->   Operation 58 'ret' 'ret_ln0' <Predicate = (icmp_ln568)> <Delay = 0.42>

State 2 <SV = 1> <Delay = 2.87>
ST_2 : Operation 44 [1/1] (0.00ns)   --->   "%specloopname_ln0 = specloopname void @_ssdm_op_SpecLoopName, void @VITIS_LOOP_568_1_VITIS_LOOP_570_2_str"   --->   Operation 44 'specloopname' 'specloopname_ln0' <Predicate = true> <Delay = 0.00>
ST_2 : Operation 45 [1/1] (0.00ns)   --->   "%speclooptripcount_ln0 = speclooptripcount void @_ssdm_op_SpecLoopTripCount, i64 26624, i64 26624, i64 26624"   --->   Operation 45 'speclooptripcount' 'speclooptripcount_ln0' <Predicate = true> <Delay = 0.00>
ST_2 : Operation 46 [1/1] (0.00ns)   --->   "%specpipeline_ln570 = specpipeline void @_ssdm_op_SpecPipeline, i32 4294967295, i32 0, i32 0, i32 0, void @empty" [../src/msm.cpp:570->../src/msm.cpp:611]   --->   Operation 46 'specpipeline' 'specpipeline_ln570' <Predicate = true> <Delay = 0.00>
ST_2 : Operation 47 [1/2] ( I:1.23ns O:1.23ns )   --->   "%buckets_y_0_load = load i14 %buckets_y_0_addr" [../src/msm.cpp:574->../src/msm.cpp:611]   --->   Operation 47 'load' 'buckets_y_0_load' <Predicate = true> <Delay = 1.23> <CoreInst = "RAM_T2P_BRAM">   --->   Core 98 'RAM_T2P_BRAM' <Latency = 1> <II = 1> <Delay = 1.23> <Storage> <Opcode : 'load' 'store'> <Ports = 2> <Width = 1> <Depth = 13312> <RAM>
ST_2 : Operation 48 [1/2] ( I:1.23ns O:1.23ns )   --->   "%buckets_y_1_load = load i14 %buckets_y_1_addr" [../src/msm.cpp:574->../src/msm.cpp:611]   --->   Operation 48 'load' 'buckets_y_1_load' <Predicate = true> <Delay = 1.23> <CoreInst = "RAM_T2P_BRAM">   --->   Core 98 'RAM_T2P_BRAM' <Latency = 1> <II = 1> <Delay = 1.23> <Storage> <Opcode : 'load' 'store'> <Ports = 2> <Width = 1> <Depth = 13312> <RAM>
ST_2 : Operation 49 [1/2] ( I:1.23ns O:1.23ns )   --->   "%buckets_z_0_load = load i14 %buckets_z_0_addr" [../src/msm.cpp:574->../src/msm.cpp:611]   --->   Operation 49 'load' 'buckets_z_0_load' <Predicate = true> <Delay = 1.23> <CoreInst = "RAM_T2P_BRAM">   --->   Core 98 'RAM_T2P_BRAM' <Latency = 1> <II = 1> <Delay = 1.23> <Storage> <Opcode : 'load' 'store'> <Ports = 2> <Width = 1> <Depth = 13312> <RAM>
ST_2 : Operation 50 [1/2] ( I:1.23ns O:1.23ns )   --->   "%buckets_z_1_load = load i14 %buckets_z_1_addr" [../src/msm.cpp:574->../src/msm.cpp:611]   --->   Operation 50 'load' 'buckets_z_1_load' <Predicate = true> <Delay = 1.23> <CoreInst = "RAM_T2P_BRAM">   --->   Core 98 'RAM_T2P_BRAM' <Latency = 1> <II = 1> <Delay = 1.23> <Storage> <Opcode : 'load' 'store'> <Ports = 2> <Width = 1> <Depth = 13312> <RAM>
ST_2 : Operation 51 [1/1] (0.17ns)   --->   "%bucket_result_point_z = select i1 %trunc_ln570, i1 %buckets_z_1_load, i1 %buckets_z_0_load" [../src/msm.cpp:574->../src/msm.cpp:611]   --->   Operation 51 'select' 'bucket_result_point_z' <Predicate = true> <Delay = 0.17> <CoreInst = "Sel">   --->   Core 73 'Sel' <Latency = 0> <II = 1> <Delay = 0.17> <FuncUnit> <Opcode : 'select'> <InPorts = 3> <OutPorts = 1>
ST_2 : Operation 52 [1/1] (0.17ns)   --->   "%select_ln574 = select i1 %trunc_ln570, i1 %buckets_y_1_load, i1 %buckets_y_0_load" [../src/msm.cpp:574->../src/msm.cpp:611]   --->   Operation 52 'select' 'select_ln574' <Predicate = true> <Delay = 0.17> <CoreInst = "Sel">   --->   Core 73 'Sel' <Latency = 0> <II = 1> <Delay = 0.17> <FuncUnit> <Opcode : 'select'> <InPorts = 3> <OutPorts = 1>
ST_2 : Operation 53 [1/1] (0.00ns)   --->   "%tmp_4 = bitconcatenate i257 @_ssdm_op_BitConcatenate.i257.i1.i255.i1, i1 %bucket_result_point_z, i255 0, i1 %select_ln574" [../src/msm.cpp:577->../src/msm.cpp:611]   --->   Operation 53 'bitconcatenate' 'tmp_4' <Predicate = true> <Delay = 0.00>
ST_2 : Operation 54 [1/1] (0.00ns)   --->   "%zext_ln577 = zext i257 %tmp_4" [../src/msm.cpp:577->../src/msm.cpp:611]   --->   Operation 54 'zext' 'zext_ln577' <Predicate = true> <Delay = 0.00>
ST_2 : Operation 55 [1/1] (0.00ns)   --->   "%p_0 = bitconcatenate i1039 @_ssdm_op_BitConcatenate.i1039.i5.i10.i768.i256, i5 %select_ln568_1, i10 %trunc_ln577, i768 %zext_ln577, i256 0" [../src/msm.cpp:577->../src/msm.cpp:611]   --->   Operation 55 'bitconcatenate' 'p_0' <Predicate = true> <Delay = 0.00>
ST_2 : Operation 56 [1/1] ( I:1.46ns O:1.46ns )   --->   "%write_ln577 = write void @_ssdm_op_Write.ap_fifo.volatile.i1039P0A, i1039 %out_stream, i1039 %p_0" [../src/msm.cpp:577->../src/msm.cpp:611]   --->   Operation 56 'write' 'write_ln577' <Predicate = true> <Delay = 1.46> <CoreInst = "FIFO">   --->   Core 77 'FIFO' <Latency = 0> <II = 1> <Delay = 1.63> <Storage> <Opcode : 'read' 'write' 'nbread' 'nbwrite'> <Ports = 0> <Width = -1> <Depth = -1> <FIFO>
ST_2 : Operation 57 [1/1] (0.00ns)   --->   "%br_ln570 = br void %for.inc.i" [../src/msm.cpp:570->../src/msm.cpp:611]   --->   Operation 57 'br' 'br_ln570' <Predicate = true> <Delay = 0.00>


============================================================
+ Verbose Summary: Timing violations
============================================================
Target clock period: 4.000ns, clock uncertainty: 1.080ns.

 <State 1>: 2.876ns
The critical path consists of the following:
	'store' operation 0 bit ('store_ln570', ../src/msm.cpp:570->../src/msm.cpp:611) of constant 0 on local variable 'j', ../src/msm.cpp:570->../src/msm.cpp:611 [16]  (0.427 ns)
	'load' operation 11 bit ('j_load', ../src/msm.cpp:570->../src/msm.cpp:611) on local variable 'j', ../src/msm.cpp:570->../src/msm.cpp:611 [24]  (0.000 ns)
	'icmp' operation 1 bit ('icmp_ln570', ../src/msm.cpp:570->../src/msm.cpp:611) [29]  (0.798 ns)
	'select' operation 5 bit ('select_ln568_1', ../src/msm.cpp:568->../src/msm.cpp:611) [31]  (0.414 ns)
	'getelementptr' operation 14 bit ('buckets_y_0_addr', ../src/msm.cpp:572->../src/msm.cpp:611) [37]  (0.000 ns)
	'load' operation 1 bit ('buckets_y_0_load', ../src/msm.cpp:574->../src/msm.cpp:611) on array 'buckets_y_0' [41]  (1.237 ns)

 <State 2>: 2.876ns
The critical path consists of the following:
	'load' operation 1 bit ('buckets_y_0_load', ../src/msm.cpp:574->../src/msm.cpp:611) on array 'buckets_y_0' [41]  (1.237 ns)
	'select' operation 1 bit ('select_ln574', ../src/msm.cpp:574->../src/msm.cpp:611) [47]  (0.179 ns)
	fifo write operation ('write_ln577', ../src/msm.cpp:577->../src/msm.cpp:611) on port 'out_stream' (../src/msm.cpp:577->../src/msm.cpp:611) [51]  (1.460 ns)


============================================================
+ Verbose Summary: Binding
============================================================
N/A
* FSMD analyzer results:
  - Output states:
 - Input state : 
  - Chain level:
	State 1
	State 2


============================================================
+ Verbose Summary: Datapath Resource usage 
============================================================
N/A
