

================================================================
== Vitis HLS Report for 'pippenger_control_Outline_MAIN_LOOP'
================================================================
* Date:           Wed Apr 23 16:31:26 2025

* Version:        2024.2 (Build 5238294 on Nov  8 2024)
* Project:        msm_2
* Solution:       solution1 (Vivado IP Flow Target)
* Product family: zynquplus
* Target device:  xczu7ev-ffvc1156-2-e


================================================================
== Performance Estimates
================================================================
+ Timing: 
    * Summary: 
    +--------+---------+----------+------------+
    |  Clock |  Target | Estimated| Uncertainty|
    +--------+---------+----------+------------+
    |ap_clk  |  4.00 ns|  1.887 ns|     1.08 ns|
    +--------+---------+----------+------------+

+ Latency: 
    * Summary: 
    +---------+-----------+----------+-----------+-----+-----------+---------+
    |   Latency (cycles)  |  Latency (absolute)  |     Interval    | Pipeline|
    |   min   |    max    |    min   |    max    | min |    max    |   Type  |
    +---------+-----------+----------+-----------+-----+-----------+---------+
    |       31|  503316481|  0.124 us|  2.013 sec|   31|  503316481|       no|
    +---------+-----------+----------+-----------+-----+-----------+---------+

    + Detail: 
        * Instance: 
        +-------------------------------------------------------+---------------------------------------------+---------+---------+----------+----------+-----+-----+------------------------------------------------+
        |                                                       |                                             |  Latency (cycles) |  Latency (absolute) |  Interval |                    Pipeline                    |
        |                        Instance                       |                    Module                   |   min   |   max   |    min   |    max   | min | max |                      Type                      |
        +-------------------------------------------------------+---------------------------------------------+---------+---------+----------+----------+-----+-----+------------------------------------------------+
        |grp_pippenger_control_Pipeline_VITIS_LOOP_476_1_fu_78  |pippenger_control_Pipeline_VITIS_LOOP_476_1  |       28|       28|  0.112 us|  0.112 us|   27|   27|  loop auto-rewind stp (delay=0 clock cycles(s))|
        +-------------------------------------------------------+---------------------------------------------+---------+---------+----------+----------+-----+-----+------------------------------------------------+

        * Loop: 
        +-------------+---------+-----------+----------+-----------+-----------+--------------+----------+
        |             |   Latency (cycles)  | Iteration|  Initiation Interval  |     Trip     |          |
        |  Loop Name  |   min   |    max    |  Latency |  achieved |   target  |     Count    | Pipelined|
        +-------------+---------+-----------+----------+-----------+-----------+--------------+----------+
        |- MAIN_LOOP  |       30|  503316480|        30|          -|          -|  1 ~ 16777216|        no|
        +-------------+---------+-----------+----------+-----------+-----------+--------------+----------+

============================================================
+ Verbose Summary: Synthesis Manager
============================================================
InlineROM: 1
ExposeGlobal: 0
============================================================
+ Verbose Summary: CDFG Model
============================================================
IsTopModel: 0
ResetActiveHigh: 1
IsCombinational: 0
IsDatapathOnly: 0
HasWiredReturn: 1
HasMFsm: 0
HasVarLatency: 1
IsPipeline: 0
IsRtlPipelined: 0
IsInstanceOverlapped: 0
IsDontTouch: 0
HasImplIP: 0
IsGatedGlobalClock: 0


============================================================
+ Verbose Summary: Schedule
============================================================
* Number of FSM states : 3
* Pipeline : 0
* Dataflow Pipeline: 0

* FSM state transitions: 
1 --> 2 
2 --> 3 
3 --> 2 

* FSM state operations: 

State 1 <SV = 0> <Delay = 0.00>
ST_1 : Operation 4 [1/1] (0.00ns)   --->   "%specinterface_ln0 = specinterface void @_ssdm_op_SpecInterface, i256 %scalar_stream, void @empty_3, i32 0, i32 0, void @empty_2, i32 0, i32 0, void @empty_2, void @empty_2, void @empty_2, i32 0, i32 0, i32 0, i32 0, void @empty_2, void @empty_2, i32 4294967295, i32 0, i32 0"   --->   Operation 4 'specinterface' 'specinterface_ln0' <Predicate = true> <Delay = 0.00>
ST_1 : Operation 5 [1/1] (0.00ns)   --->   "%specinterface_ln0 = specinterface void @_ssdm_op_SpecInterface, i256 %t_stream, void @empty_3, i32 0, i32 0, void @empty_2, i32 0, i32 0, void @empty_2, void @empty_2, void @empty_2, i32 0, i32 0, i32 0, i32 0, void @empty_2, void @empty_2, i32 4294967295, i32 0, i32 0"   --->   Operation 5 'specinterface' 'specinterface_ln0' <Predicate = true> <Delay = 0.00>
ST_1 : Operation 6 [1/1] (0.00ns)   --->   "%specinterface_ln0 = specinterface void @_ssdm_op_SpecInterface, i256 %z_stream, void @empty_3, i32 0, i32 0, void @empty_2, i32 0, i32 0, void @empty_2, void @empty_2, void @empty_2, i32 0, i32 0, i32 0, i32 0, void @empty_2, void @empty_2, i32 4294967295, i32 0, i32 0"   --->   Operation 6 'specinterface' 'specinterface_ln0' <Predicate = true> <Delay = 0.00>
ST_1 : Operation 7 [1/1] (0.00ns)   --->   "%specinterface_ln0 = specinterface void @_ssdm_op_SpecInterface, i256 %y_stream, void @empty_3, i32 0, i32 0, void @empty_2, i32 0, i32 0, void @empty_2, void @empty_2, void @empty_2, i32 0, i32 0, i32 0, i32 0, void @empty_2, void @empty_2, i32 4294967295, i32 0, i32 0"   --->   Operation 7 'specinterface' 'specinterface_ln0' <Predicate = true> <Delay = 0.00>
ST_1 : Operation 8 [1/1] (0.00ns)   --->   "%specinterface_ln0 = specinterface void @_ssdm_op_SpecInterface, i256 %x_stream, void @empty_3, i32 0, i32 0, void @empty_2, i32 0, i32 0, void @empty_2, void @empty_2, void @empty_2, i32 0, i32 0, i32 0, i32 0, void @empty_2, void @empty_2, i32 4294967295, i32 0, i32 0"   --->   Operation 8 'specinterface' 'specinterface_ln0' <Predicate = true> <Delay = 0.00>
ST_1 : Operation 9 [1/1] (0.00ns)   --->   "%br_ln547 = br void %while.cond.i" [../src/msm.cpp:547->../src/msm.cpp:611]   --->   Operation 9 'br' 'br_ln547' <Predicate = true> <Delay = 0.00>

State 2 <SV = 1> <Delay = 1.88>
ST_2 : Operation 10 [1/1] ( I:0.00ns O:0.00ns )   --->   "%tmp = nbreadreq i1 @_ssdm_op_NbReadReq.ap_fifo.i256P0A, i256 %x_stream, i32 1" [../src/msm.cpp:547->../src/msm.cpp:611]   --->   Operation 10 'nbreadreq' 'tmp' <Predicate = true> <Delay = 0.00> <CoreInst = "FIFO">   --->   Core 77 'FIFO' <Latency = 0> <II = 1> <Delay = 1.63> <Storage> <Opcode : 'read' 'write' 'nbread' 'nbwrite'> <Ports = 0> <Width = -1> <Depth = -1> <FIFO>
ST_2 : Operation 11 [1/1] (0.00ns)   --->   "%br_ln547 = br i1 %tmp, void %for.inc.i.preheader.exitStub, void %while.body.i" [../src/msm.cpp:547->../src/msm.cpp:611]   --->   Operation 11 'br' 'br_ln547' <Predicate = true> <Delay = 0.00>
ST_2 : Operation 12 [1/1] ( I:1.46ns O:1.46ns )   --->   "%p_0 = read i256 @_ssdm_op_Read.ap_fifo.volatile.i256P0A, i256 %x_stream" [../src/msm.cpp:550->../src/msm.cpp:611]   --->   Operation 12 'read' 'p_0' <Predicate = (tmp)> <Delay = 1.46> <CoreInst = "FIFO">   --->   Core 77 'FIFO' <Latency = 0> <II = 1> <Delay = 1.63> <Storage> <Opcode : 'read' 'write' 'nbread' 'nbwrite'> <Ports = 0> <Width = -1> <Depth = -1> <FIFO>
ST_2 : Operation 13 [1/1] ( I:1.46ns O:1.46ns )   --->   "%p_04 = read i256 @_ssdm_op_Read.ap_fifo.volatile.i256P0A, i256 %y_stream" [../src/msm.cpp:551->../src/msm.cpp:611]   --->   Operation 13 'read' 'p_04' <Predicate = (tmp)> <Delay = 1.46> <CoreInst = "FIFO">   --->   Core 77 'FIFO' <Latency = 0> <II = 1> <Delay = 1.63> <Storage> <Opcode : 'read' 'write' 'nbread' 'nbwrite'> <Ports = 0> <Width = -1> <Depth = -1> <FIFO>
ST_2 : Operation 14 [1/1] ( I:1.46ns O:1.46ns )   --->   "%p_03 = read i256 @_ssdm_op_Read.ap_fifo.volatile.i256P0A, i256 %z_stream" [../src/msm.cpp:552->../src/msm.cpp:611]   --->   Operation 14 'read' 'p_03' <Predicate = (tmp)> <Delay = 1.46> <CoreInst = "FIFO">   --->   Core 77 'FIFO' <Latency = 0> <II = 1> <Delay = 1.63> <Storage> <Opcode : 'read' 'write' 'nbread' 'nbwrite'> <Ports = 0> <Width = -1> <Depth = -1> <FIFO>
ST_2 : Operation 15 [1/1] ( I:1.46ns O:1.46ns )   --->   "%p_02 = read i256 @_ssdm_op_Read.ap_fifo.volatile.i256P0A, i256 %t_stream" [../src/msm.cpp:553->../src/msm.cpp:611]   --->   Operation 15 'read' 'p_02' <Predicate = (tmp)> <Delay = 1.46> <CoreInst = "FIFO">   --->   Core 77 'FIFO' <Latency = 0> <II = 1> <Delay = 1.63> <Storage> <Opcode : 'read' 'write' 'nbread' 'nbwrite'> <Ports = 0> <Width = -1> <Depth = -1> <FIFO>
ST_2 : Operation 16 [1/1] ( I:1.46ns O:1.46ns )   --->   "%scalar = read i256 @_ssdm_op_Read.ap_fifo.volatile.i256P0A, i256 %scalar_stream" [../src/msm.cpp:474->../src/msm.cpp:556->../src/msm.cpp:611]   --->   Operation 16 'read' 'scalar' <Predicate = (tmp)> <Delay = 1.46> <CoreInst = "FIFO">   --->   Core 77 'FIFO' <Latency = 0> <II = 1> <Delay = 1.63> <Storage> <Opcode : 'read' 'write' 'nbread' 'nbwrite'> <Ports = 0> <Width = -1> <Depth = -1> <FIFO>
ST_2 : Operation 17 [2/2] (0.42ns)   --->   "%call_ln474 = call void @pippenger_control_Pipeline_VITIS_LOOP_476_1, i256 %scalar" [../src/msm.cpp:474->../src/msm.cpp:556->../src/msm.cpp:611]   --->   Operation 17 'call' 'call_ln474' <Predicate = (tmp)> <Delay = 0.42> <CoreType = "Generic">   --->   Generic Core
ST_2 : Operation 18 [1/1] (0.00ns)   --->   "%ret_ln0 = ret"   --->   Operation 18 'ret' 'ret_ln0' <Predicate = (!tmp)> <Delay = 0.00>

State 3 <SV = 2> <Delay = 1.64>
ST_3 : Operation 19 [1/1] (0.00ns)   --->   "%speclooptripcount_ln549 = speclooptripcount void @_ssdm_op_SpecLoopTripCount, i64 1, i64 16777216, i64 8388608" [../src/msm.cpp:549->../src/msm.cpp:611]   --->   Operation 19 'speclooptripcount' 'speclooptripcount_ln549' <Predicate = true> <Delay = 0.00>
ST_3 : Operation 20 [1/1] (0.00ns)   --->   "%specloopname_ln547 = specloopname void @_ssdm_op_SpecLoopName, void @empty_1" [../src/msm.cpp:547->../src/msm.cpp:611]   --->   Operation 20 'specloopname' 'specloopname_ln547' <Predicate = true> <Delay = 0.00>
ST_3 : Operation 21 [1/2] (1.64ns)   --->   "%call_ln474 = call void @pippenger_control_Pipeline_VITIS_LOOP_476_1, i256 %scalar" [../src/msm.cpp:474->../src/msm.cpp:556->../src/msm.cpp:611]   --->   Operation 21 'call' 'call_ln474' <Predicate = true> <Delay = 1.64> <CoreType = "Generic">   --->   Generic Core
ST_3 : Operation 22 [1/1] (0.00ns)   --->   "%br_ln547 = br void %while.cond.i" [../src/msm.cpp:547->../src/msm.cpp:611]   --->   Operation 22 'br' 'br_ln547' <Predicate = true> <Delay = 0.00>


============================================================
+ Verbose Summary: Binding
============================================================
STG Binding: 
---------------- STG Properties BEGIN ----------------
- Is combinational: 0
- Is one-state seq: 0
- Is datapath-only: 0
- Is pipelined: 0
- Is top level: 0
Port [ Return ] is wired: 1; IO mode=ap_ctrl_hs:ce=0
Port [ x_stream]:  wired=1; compound=1; hidden=0; nouse=0; global=0; static=0; extern=0; dir=0; type=3; pingpong=0; private_global=0; IO mode=ap_fifo:ce=0
Port [ y_stream]:  wired=1; compound=1; hidden=0; nouse=0; global=0; static=0; extern=0; dir=0; type=3; pingpong=0; private_global=0; IO mode=ap_fifo:ce=0
Port [ z_stream]:  wired=1; compound=1; hidden=0; nouse=0; global=0; static=0; extern=0; dir=0; type=3; pingpong=0; private_global=0; IO mode=ap_fifo:ce=0
Port [ t_stream]:  wired=1; compound=1; hidden=0; nouse=0; global=0; static=0; extern=0; dir=0; type=3; pingpong=0; private_global=0; IO mode=ap_fifo:ce=0
Port [ scalar_stream]:  wired=1; compound=1; hidden=0; nouse=0; global=0; static=0; extern=0; dir=0; type=3; pingpong=0; private_global=0; IO mode=ap_fifo:ce=0
---------------- STG Properties END ------------------

---------------- Datapath Model BEGIN ----------------

<LifeTime>
<method=bitvector/>
specinterface_ln0       (specinterface    ) [ 0000]
specinterface_ln0       (specinterface    ) [ 0000]
specinterface_ln0       (specinterface    ) [ 0000]
specinterface_ln0       (specinterface    ) [ 0000]
specinterface_ln0       (specinterface    ) [ 0000]
br_ln547                (br               ) [ 0000]
tmp                     (nbreadreq        ) [ 0011]
br_ln547                (br               ) [ 0000]
p_0                     (read             ) [ 0000]
p_04                    (read             ) [ 0000]
p_03                    (read             ) [ 0000]
p_02                    (read             ) [ 0000]
scalar                  (read             ) [ 0001]
ret_ln0                 (ret              ) [ 0000]
speclooptripcount_ln549 (speclooptripcount) [ 0000]
specloopname_ln547      (specloopname     ) [ 0000]
call_ln474              (call             ) [ 0000]
br_ln547                (br               ) [ 0000]
</LifeTime>

<model>

<comp_list>
<comp id="0" class="1000" name="x_stream">
<pin_list>
<pin id="1" dir="1" index="0" bw="1" slack="0"/>
</pin_list>
<bind>
<StgValue><ssdm name="x_stream"/></StgValue>
</bind>
</comp>

<comp id="2" class="1000" name="y_stream">
<pin_list>
<pin id="3" dir="1" index="0" bw="1" slack="0"/>
</pin_list>
<bind>
<StgValue><ssdm name="y_stream"/></StgValue>
</bind>
</comp>

<comp id="4" class="1000" name="z_stream">
<pin_list>
<pin id="5" dir="1" index="0" bw="1" slack="0"/>
</pin_list>
<bind>
<StgValue><ssdm name="z_stream"/></StgValue>
</bind>
</comp>

<comp id="6" class="1000" name="t_stream">
<pin_list>
<pin id="7" dir="1" index="0" bw="1" slack="0"/>
</pin_list>
<bind>
<StgValue><ssdm name="t_stream"/></StgValue>
</bind>
</comp>

<comp id="8" class="1000" name="scalar_stream">
<pin_list>
<pin id="9" dir="1" index="0" bw="1" slack="0"/>
</pin_list>
<bind>
<StgValue><ssdm name="scalar_stream"/></StgValue>
</bind>
</comp>

<comp id="10" class="1001" name="const_10">
<pin_list>
<pin id="11" dir="1" index="0" bw="1" slack="2147483647"/>
</pin_list>
<bind>
<StgValue><ssdm name="_ssdm_op_SpecInterface"/></StgValue>
</bind>
</comp>

<comp id="12" class="1001" name="const_12">
<pin_list>
<pin id="13" dir="1" index="0" bw="1" slack="2147483647"/>
</pin_list>
<bind>
<StgValue><ssdm name="empty_3"/></StgValue>
</bind>
</comp>

<comp id="14" class="1001" name="const_14">
<pin_list>
<pin id="15" dir="1" index="0" bw="1" slack="2147483647"/>
</pin_list>
<bind>
<StgValue><ssdm name=""/></StgValue>
</bind>
</comp>

<comp id="16" class="1001" name="const_16">
<pin_list>
<pin id="17" dir="1" index="0" bw="1" slack="2147483647"/>
</pin_list>
<bind>
<StgValue><ssdm name="empty_2"/></StgValue>
</bind>
</comp>

<comp id="18" class="1001" name="const_18">
<pin_list>
<pin id="19" dir="1" index="0" bw="1" slack="2147483647"/>
</pin_list>
<bind>
<StgValue><ssdm name=""/></StgValue>
</bind>
</comp>

<comp id="20" class="1001" name="const_20">
<pin_list>
<pin id="21" dir="1" index="0" bw="1" slack="0"/>
</pin_list>
<bind>
<StgValue><ssdm name="_ssdm_op_NbReadReq.ap_fifo.i256P0A"/></StgValue>
</bind>
</comp>

<comp id="22" class="1001" name="const_22">
<pin_list>
<pin id="23" dir="1" index="0" bw="1" slack="0"/>
</pin_list>
<bind>
<StgValue><ssdm name=""/></StgValue>
</bind>
</comp>

<comp id="24" class="1001" name="const_24">
<pin_list>
<pin id="25" dir="1" index="0" bw="1" slack="0"/>
</pin_list>
<bind>
<StgValue><ssdm name="_ssdm_op_Read.ap_fifo.volatile.i256P0A"/></StgValue>
</bind>
</comp>

<comp id="26" class="1001" name="const_26">
<pin_list>
<pin id="27" dir="1" index="0" bw="1" slack="0"/>
</pin_list>
<bind>
<StgValue><ssdm name="pippenger_control_Pipeline_VITIS_LOOP_476_1"/></StgValue>
</bind>
</comp>

<comp id="28" class="1001" name="const_28">
<pin_list>
<pin id="29" dir="1" index="0" bw="1" slack="2147483647"/>
</pin_list>
<bind>
<StgValue><ssdm name="_ssdm_op_SpecLoopTripCount"/></StgValue>
</bind>
</comp>

<comp id="30" class="1001" name="const_30">
<pin_list>
<pin id="31" dir="1" index="0" bw="1" slack="2147483647"/>
</pin_list>
<bind>
<StgValue><ssdm name=""/></StgValue>
</bind>
</comp>

<comp id="32" class="1001" name="const_32">
<pin_list>
<pin id="33" dir="1" index="0" bw="1" slack="2147483647"/>
</pin_list>
<bind>
<StgValue><ssdm name=""/></StgValue>
</bind>
</comp>

<comp id="34" class="1001" name="const_34">
<pin_list>
<pin id="35" dir="1" index="0" bw="1" slack="2147483647"/>
</pin_list>
<bind>
<StgValue><ssdm name=""/></StgValue>
</bind>
</comp>

<comp id="36" class="1001" name="const_36">
<pin_list>
<pin id="37" dir="1" index="0" bw="1" slack="2147483647"/>
</pin_list>
<bind>
<StgValue><ssdm name="_ssdm_op_SpecLoopName"/></StgValue>
</bind>
</comp>

<comp id="38" class="1001" name="const_38">
<pin_list>
<pin id="39" dir="1" index="0" bw="1" slack="2147483647"/>
</pin_list>
<bind>
<StgValue><ssdm name="empty_1"/></StgValue>
</bind>
</comp>

<comp id="40" class="1004" name="tmp_nbreadreq_fu_40">
<pin_list>
<pin id="41" dir="0" index="0" bw="1" slack="0"/>
<pin id="42" dir="0" index="1" bw="256" slack="0"/>
<pin id="43" dir="0" index="2" bw="1" slack="0"/>
<pin id="44" dir="1" index="3" bw="1" slack="2147483647"/>
</pin_list>
<bind>
<opcode="nbreadreq(1156) " fcode="nbreadreq"/>
<opset="tmp/2 "/>
</bind>
</comp>

<comp id="48" class="1004" name="p_0_read_fu_48">
<pin_list>
<pin id="49" dir="0" index="0" bw="256" slack="0"/>
<pin id="50" dir="0" index="1" bw="256" slack="0"/>
<pin id="51" dir="1" index="2" bw="256" slack="2147483647"/>
</pin_list>
<bind>
<opcode="read(1150) " fcode="read"/>
<opset="p_0/2 "/>
</bind>
</comp>

<comp id="54" class="1004" name="p_04_read_fu_54">
<pin_list>
<pin id="55" dir="0" index="0" bw="256" slack="0"/>
<pin id="56" dir="0" index="1" bw="256" slack="0"/>
<pin id="57" dir="1" index="2" bw="256" slack="2147483647"/>
</pin_list>
<bind>
<opcode="read(1150) " fcode="read"/>
<opset="p_04/2 "/>
</bind>
</comp>

<comp id="60" class="1004" name="p_03_read_fu_60">
<pin_list>
<pin id="61" dir="0" index="0" bw="256" slack="0"/>
<pin id="62" dir="0" index="1" bw="256" slack="0"/>
<pin id="63" dir="1" index="2" bw="256" slack="2147483647"/>
</pin_list>
<bind>
<opcode="read(1150) " fcode="read"/>
<opset="p_03/2 "/>
</bind>
</comp>

<comp id="66" class="1004" name="p_02_read_fu_66">
<pin_list>
<pin id="67" dir="0" index="0" bw="256" slack="0"/>
<pin id="68" dir="0" index="1" bw="256" slack="0"/>
<pin id="69" dir="1" index="2" bw="256" slack="2147483647"/>
</pin_list>
<bind>
<opcode="read(1150) " fcode="read"/>
<opset="p_02/2 "/>
</bind>
</comp>

<comp id="72" class="1004" name="scalar_read_fu_72">
<pin_list>
<pin id="73" dir="0" index="0" bw="256" slack="0"/>
<pin id="74" dir="0" index="1" bw="256" slack="0"/>
<pin id="75" dir="1" index="2" bw="256" slack="0"/>
</pin_list>
<bind>
<opcode="read(1150) " fcode="read"/>
<opset="scalar/2 "/>
</bind>
</comp>

<comp id="78" class="1004" name="grp_pippenger_control_Pipeline_VITIS_LOOP_476_1_fu_78">
<pin_list>
<pin id="79" dir="0" index="0" bw="0" slack="0"/>
<pin id="80" dir="0" index="1" bw="256" slack="0"/>
<pin id="81" dir="1" index="2" bw="0" slack="2147483647"/>
</pin_list>
<bind>
<opcode="call(48) " fcode="call"/>
<opset="call_ln474/2 "/>
</bind>
</comp>

<comp id="87" class="1005" name="scalar_reg_87">
<pin_list>
<pin id="88" dir="0" index="0" bw="256" slack="1"/>
<pin id="89" dir="1" index="1" bw="256" slack="1"/>
</pin_list>
<bind>
<opset="scalar "/>
</bind>
</comp>

</comp_list>

<net_list>
<net id="45"><net_src comp="20" pin="0"/><net_sink comp="40" pin=0"/></net>

<net id="46"><net_src comp="0" pin="0"/><net_sink comp="40" pin=1"/></net>

<net id="47"><net_src comp="22" pin="0"/><net_sink comp="40" pin=2"/></net>

<net id="52"><net_src comp="24" pin="0"/><net_sink comp="48" pin=0"/></net>

<net id="53"><net_src comp="0" pin="0"/><net_sink comp="48" pin=1"/></net>

<net id="58"><net_src comp="24" pin="0"/><net_sink comp="54" pin=0"/></net>

<net id="59"><net_src comp="2" pin="0"/><net_sink comp="54" pin=1"/></net>

<net id="64"><net_src comp="24" pin="0"/><net_sink comp="60" pin=0"/></net>

<net id="65"><net_src comp="4" pin="0"/><net_sink comp="60" pin=1"/></net>

<net id="70"><net_src comp="24" pin="0"/><net_sink comp="66" pin=0"/></net>

<net id="71"><net_src comp="6" pin="0"/><net_sink comp="66" pin=1"/></net>

<net id="76"><net_src comp="24" pin="0"/><net_sink comp="72" pin=0"/></net>

<net id="77"><net_src comp="8" pin="0"/><net_sink comp="72" pin=1"/></net>

<net id="82"><net_src comp="26" pin="0"/><net_sink comp="78" pin=0"/></net>

<net id="83"><net_src comp="72" pin="2"/><net_sink comp="78" pin=1"/></net>

<net id="90"><net_src comp="72" pin="2"/><net_sink comp="87" pin=0"/></net>

<net id="91"><net_src comp="87" pin="1"/><net_sink comp="78" pin=1"/></net>

</net_list>

</model> 
---------------- Datapath Model END ------------------

* FSMD analyzer results:
  - Output states:
 - Input state : 
	Port: pippenger_control_Outline_MAIN_LOOP : x_stream | {2 }
	Port: pippenger_control_Outline_MAIN_LOOP : y_stream | {2 }
	Port: pippenger_control_Outline_MAIN_LOOP : z_stream | {2 }
	Port: pippenger_control_Outline_MAIN_LOOP : t_stream | {2 }
	Port: pippenger_control_Outline_MAIN_LOOP : scalar_stream | {2 }
  - Chain level:
	State 1
	State 2
	State 3


============================================================
+ Verbose Summary: Datapath Resource usage 
============================================================

* Functional unit list:
|----------|-------------------------------------------------------|---------|---------|
| Operation|                    Functional Unit                    |    FF   |   LUT   |
|----------|-------------------------------------------------------|---------|---------|
|   call   | grp_pippenger_control_Pipeline_VITIS_LOOP_476_1_fu_78 |   293   |    24   |
|----------|-------------------------------------------------------|---------|---------|
| nbreadreq|                  tmp_nbreadreq_fu_40                  |    0    |    0    |
|----------|-------------------------------------------------------|---------|---------|
|          |                     p_0_read_fu_48                    |    0    |    0    |
|          |                    p_04_read_fu_54                    |    0    |    0    |
|   read   |                    p_03_read_fu_60                    |    0    |    0    |
|          |                    p_02_read_fu_66                    |    0    |    0    |
|          |                   scalar_read_fu_72                   |    0    |    0    |
|----------|-------------------------------------------------------|---------|---------|
|   Total  |                                                       |   293   |    24   |
|----------|-------------------------------------------------------|---------|---------|

Memories:
N/A

* Register list:
+-------------+--------+
|             |   FF   |
+-------------+--------+
|scalar_reg_87|   256  |
+-------------+--------+
|    Total    |   256  |
+-------------+--------+

* Multiplexer (MUX) list: 
|-------------------------------------------------------|------|------|------|--------||---------||---------||---------|
|                          Comp                         |  Pin | Size |  BW  | S x BW ||  Delay  ||    FF   ||   LUT   |
|-------------------------------------------------------|------|------|------|--------||---------||---------||---------|
| grp_pippenger_control_Pipeline_VITIS_LOOP_476_1_fu_78 |  p1  |   2  |  256 |   512  ||    0    ||    9    |
|-------------------------------------------------------|------|------|------|--------||---------||---------||---------|
|                         Total                         |      |      |      |   512  ||  0.427  ||    0    ||    9    |
|-------------------------------------------------------|------|------|------|--------||---------||---------||---------|



* Summary:
+-----------+--------+--------+--------+
|           |  Delay |   FF   |   LUT  |
+-----------+--------+--------+--------+
|  Function |    -   |   293  |   24   |
|   Memory  |    -   |    -   |    -   |
|Multiplexer|    0   |    0   |    9   |
|  Register |    -   |   256  |    -   |
+-----------+--------+--------+--------+
|   Total   |    0   |   549  |   33   |
+-----------+--------+--------+--------+
