

================================================================
== Vitis HLS Report for 'pippenger_control_Pipeline_PUT_INTO_BUCKETS_LOOP'
================================================================
* Date:           Tue Apr 29 06:12:15 2025

* Version:        2024.2 (Build 5238294 on Nov  8 2024)
* Project:        msm_2
* Solution:       solution1 (Vivado IP Flow Target)
* Product family: zynquplus
* Target device:  xczu7ev-ffvc1156-2-e


================================================================
== Performance Estimates
================================================================
+ Timing: 
    * Summary: 
    +--------+---------+----------+------------+
    |  Clock |  Target | Estimated| Uncertainty|
    +--------+---------+----------+------------+
    |ap_clk  |  4.00 ns|  2.850 ns|     1.08 ns|
    +--------+---------+----------+------------+

+ Latency: 
    * Summary: 
    +---------+---------+----------+----------+-----+-----+------------------------------------------------+
    |  Latency (cycles) |  Latency (absolute) |  Interval |                    Pipeline                    |
    |   min   |   max   |    min   |    max   | min | max |                      Type                      |
    +---------+---------+----------+----------+-----+-----+------------------------------------------------+
    |       83|       83|  0.332 us|  0.332 us|   54|   54|  loop auto-rewind stp (delay=0 clock cycles(s))|
    +---------+---------+----------+----------+-----+-----+------------------------------------------------+

    + Detail: 
        * Instance: 
        N/A

        * Loop: 
        +-------------------------+---------+---------+----------+-----------+-----------+------+----------+
        |                         |  Latency (cycles) | Iteration|  Initiation Interval  | Trip |          |
        |        Loop Name        |   min   |   max   |  Latency |  achieved |   target  | Count| Pipelined|
        +-------------------------+---------+---------+----------+-----------+-----------+------+----------+
        |- PUT_INTO_BUCKETS_LOOP  |       81|       81|        32|          2|          1|    26|       yes|
        +-------------------------+---------+---------+----------+-----------+-----------+------+----------+

============================================================
+ Verbose Summary: Synthesis Manager
============================================================
InlineROM: 1
ExposeGlobal: 0
============================================================
+ Verbose Summary: CDFG Model
============================================================
IsTopModel: 0
ResetActiveHigh: 1
IsCombinational: 0
IsDatapathOnly: 0
HasWiredReturn: 1
HasMFsm: 2
HasVarLatency: 1
IsPipeline: 0
IsRtlPipelined: 0
IsInstanceOverlapped: 0
IsDontTouch: 0
HasImplIP: 0
IsGatedGlobalClock: 0

+ Individual pipeline summary: 
  * Pipeline-0: initiation interval (II) = 2, depth = 32


============================================================
+ Verbose Summary: Schedule
============================================================
* Number of FSM states : 32
* Pipeline : 1
  Pipeline-0 : II = 2, D = 32, States = { 1 2 3 4 5 6 7 8 9 10 11 12 13 14 15 16 17 18 19 20 21 22 23 24 25 26 27 28 29 30 31 32 }
* Dataflow Pipeline: 0

* FSM state transitions: 
1 --> 2 
2 --> 3 
3 --> 4 
4 --> 5 
5 --> 6 
6 --> 7 
7 --> 8 
8 --> 9 
9 --> 10 
10 --> 11 
11 --> 12 
12 --> 13 
13 --> 14 
14 --> 15 
15 --> 16 
16 --> 17 
17 --> 18 
18 --> 19 
19 --> 20 
20 --> 21 
21 --> 22 
22 --> 23 
23 --> 24 
24 --> 25 
25 --> 26 
26 --> 27 
27 --> 28 
28 --> 29 
29 --> 30 
30 --> 31 
31 --> 32 
32 --> 

* FSM state operations: 

State 1 <SV = 0> <Delay = 1.66>
ST_1 : Operation 35 [1/1] (0.00ns)   --->   "%j = alloca i32 1" [../src/msm.cpp:528->../src/msm.cpp:573]   --->   Operation 35 'alloca' 'j' <Predicate = true> <Delay = 0.00>
ST_1 : Operation 36 [1/1] (0.00ns)   --->   "%specmemcore_ln0 = specmemcore void @_ssdm_op_SpecMemCore, i15 %scalar_partition_buffer, i64 666, i64 30, i64 18446744073709551615"   --->   Operation 36 'specmemcore' 'specmemcore_ln0' <Predicate = true> <Delay = 0.00>
ST_1 : Operation 37 [1/1] (0.00ns)   --->   "%specmemcore_ln0 = specmemcore void @_ssdm_op_SpecMemCore, i15 %scalar_partition_buffer_2, i64 666, i64 30, i64 18446744073709551615"   --->   Operation 37 'specmemcore' 'specmemcore_ln0' <Predicate = true> <Delay = 0.00>
ST_1 : Operation 38 [1/1] (0.00ns)   --->   "%specmemcore_ln0 = specmemcore void @_ssdm_op_SpecMemCore, i256 %buckets_t, i64 666, i64 31, i64 18446744073709551615"   --->   Operation 38 'specmemcore' 'specmemcore_ln0' <Predicate = true> <Delay = 0.00>
ST_1 : Operation 39 [1/1] (0.00ns)   --->   "%specmemcore_ln0 = specmemcore void @_ssdm_op_SpecMemCore, i256 %buckets_t_1, i64 666, i64 31, i64 18446744073709551615"   --->   Operation 39 'specmemcore' 'specmemcore_ln0' <Predicate = true> <Delay = 0.00>
ST_1 : Operation 40 [1/1] (0.00ns)   --->   "%specmemcore_ln0 = specmemcore void @_ssdm_op_SpecMemCore, i256 %buckets_z, i64 666, i64 31, i64 18446744073709551615"   --->   Operation 40 'specmemcore' 'specmemcore_ln0' <Predicate = true> <Delay = 0.00>
ST_1 : Operation 41 [1/1] (0.00ns)   --->   "%specmemcore_ln0 = specmemcore void @_ssdm_op_SpecMemCore, i256 %buckets_z_1, i64 666, i64 31, i64 18446744073709551615"   --->   Operation 41 'specmemcore' 'specmemcore_ln0' <Predicate = true> <Delay = 0.00>
ST_1 : Operation 42 [1/1] (0.00ns)   --->   "%specmemcore_ln0 = specmemcore void @_ssdm_op_SpecMemCore, i256 %buckets_y, i64 666, i64 31, i64 18446744073709551615"   --->   Operation 42 'specmemcore' 'specmemcore_ln0' <Predicate = true> <Delay = 0.00>
ST_1 : Operation 43 [1/1] (0.00ns)   --->   "%specmemcore_ln0 = specmemcore void @_ssdm_op_SpecMemCore, i256 %buckets_y_1, i64 666, i64 31, i64 18446744073709551615"   --->   Operation 43 'specmemcore' 'specmemcore_ln0' <Predicate = true> <Delay = 0.00>
ST_1 : Operation 44 [1/1] (0.00ns)   --->   "%specmemcore_ln0 = specmemcore void @_ssdm_op_SpecMemCore, i256 %buckets_x, i64 666, i64 31, i64 18446744073709551615"   --->   Operation 44 'specmemcore' 'specmemcore_ln0' <Predicate = true> <Delay = 0.00>
ST_1 : Operation 45 [1/1] (0.00ns)   --->   "%specmemcore_ln0 = specmemcore void @_ssdm_op_SpecMemCore, i256 %buckets_x_1, i64 666, i64 31, i64 18446744073709551615"   --->   Operation 45 'specmemcore' 'specmemcore_ln0' <Predicate = true> <Delay = 0.00>
ST_1 : Operation 46 [1/1] (0.00ns)   --->   "%t_read = read i256 @_ssdm_op_Read.ap_auto.i256, i256 %t"   --->   Operation 46 'read' 't_read' <Predicate = true> <Delay = 0.00>
ST_1 : Operation 47 [1/1] (0.00ns)   --->   "%z_read = read i256 @_ssdm_op_Read.ap_auto.i256, i256 %z"   --->   Operation 47 'read' 'z_read' <Predicate = true> <Delay = 0.00>
ST_1 : Operation 48 [1/1] (0.00ns)   --->   "%y_read = read i256 @_ssdm_op_Read.ap_auto.i256, i256 %y"   --->   Operation 48 'read' 'y_read' <Predicate = true> <Delay = 0.00>
ST_1 : Operation 49 [1/1] (0.00ns)   --->   "%x_read = read i256 @_ssdm_op_Read.ap_auto.i256, i256 %x"   --->   Operation 49 'read' 'x_read' <Predicate = true> <Delay = 0.00>
ST_1 : Operation 50 [1/1] (0.42ns)   --->   "%store_ln528 = store i5 0, i5 %j" [../src/msm.cpp:528->../src/msm.cpp:573]   --->   Operation 50 'store' 'store_ln528' <Predicate = true> <Delay = 0.42>
ST_1 : Operation 51 [1/1] (0.00ns)   --->   "%br_ln0 = br void %for.inc.i.i"   --->   Operation 51 'br' 'br_ln0' <Predicate = true> <Delay = 0.00>
ST_1 : Operation 52 [1/1] (0.00ns)   --->   "%j_1 = load i5 %j" [../src/msm.cpp:528->../src/msm.cpp:573]   --->   Operation 52 'load' 'j_1' <Predicate = true> <Delay = 0.00>
ST_1 : Operation 53 [1/1] (0.78ns)   --->   "%icmp_ln528 = icmp_eq  i5 %j_1, i5 26" [../src/msm.cpp:528->../src/msm.cpp:573]   --->   Operation 53 'icmp' 'icmp_ln528' <Predicate = true> <Delay = 0.78> <CoreInst = "Cmp">   --->   Core 9 'Cmp' <Latency = 0> <II = 1> <Delay = 0.78> <FuncUnit> <Opcode : 'seteq' 'setne' 'setle' 'setge' 'setlt' 'setgt'> <InPorts = 2> <OutPorts = 1>
ST_1 : Operation 54 [1/1] (0.78ns)   --->   "%add_ln528 = add i5 %j_1, i5 1" [../src/msm.cpp:528->../src/msm.cpp:573]   --->   Operation 54 'add' 'add_ln528' <Predicate = true> <Delay = 0.78> <CoreInst = "Adder">   --->   Core 1 'Adder' <Latency = 0> <II = 1> <Delay = 0.78> <FuncUnit> <Opcode : 'add' 'sub'> <InPorts = 2> <OutPorts = 1>
ST_1 : Operation 55 [1/1] (0.00ns)   --->   "%br_ln528 = br i1 %icmp_ln528, void %for.inc.i.split.i, void %for.end.i.i.exitStub" [../src/msm.cpp:528->../src/msm.cpp:573]   --->   Operation 55 'br' 'br_ln528' <Predicate = true> <Delay = 0.00>
ST_1 : Operation 56 [1/1] (0.00ns)   --->   "%lshr_ln1 = partselect i4 @_ssdm_op_PartSelect.i4.i5.i32.i32, i5 %j_1, i32 1, i32 4" [../src/msm.cpp:528->../src/msm.cpp:573]   --->   Operation 56 'partselect' 'lshr_ln1' <Predicate = (!icmp_ln528)> <Delay = 0.00>
ST_1 : Operation 57 [1/1] (0.00ns)   --->   "%zext_ln528 = zext i4 %lshr_ln1" [../src/msm.cpp:528->../src/msm.cpp:573]   --->   Operation 57 'zext' 'zext_ln528' <Predicate = (!icmp_ln528)> <Delay = 0.00>
ST_1 : Operation 58 [1/1] (0.00ns)   --->   "%scalar_partition_buffer_addr = getelementptr i15 %scalar_partition_buffer, i64 0, i64 %zext_ln528" [../src/msm.cpp:531->../src/msm.cpp:573]   --->   Operation 58 'getelementptr' 'scalar_partition_buffer_addr' <Predicate = (!icmp_ln528)> <Delay = 0.00>
ST_1 : Operation 59 [1/1] (0.00ns)   --->   "%scalar_partition_buffer_2_addr = getelementptr i15 %scalar_partition_buffer_2, i64 0, i64 %zext_ln528" [../src/msm.cpp:531->../src/msm.cpp:573]   --->   Operation 59 'getelementptr' 'scalar_partition_buffer_2_addr' <Predicate = (!icmp_ln528)> <Delay = 0.00>
ST_1 : Operation 60 [2/2] (1.23ns)   --->   "%scalar_partition_buffer_load = load i4 %scalar_partition_buffer_addr" [../src/msm.cpp:531->../src/msm.cpp:573]   --->   Operation 60 'load' 'scalar_partition_buffer_load' <Predicate = (!icmp_ln528)> <Delay = 1.23> <CoreInst = "RAM_T2P_BRAM">   --->   Core 98 'RAM_T2P_BRAM' <Latency = 1> <II = 1> <Delay = 1.23> <Storage> <Opcode : 'load' 'store'> <Ports = 2> <Width = 15> <Depth = 13> <RAM>
ST_1 : Operation 61 [2/2] (1.23ns)   --->   "%scalar_partition_buffer_2_load = load i4 %scalar_partition_buffer_2_addr" [../src/msm.cpp:531->../src/msm.cpp:573]   --->   Operation 61 'load' 'scalar_partition_buffer_2_load' <Predicate = (!icmp_ln528)> <Delay = 1.23> <CoreInst = "RAM_T2P_BRAM">   --->   Core 98 'RAM_T2P_BRAM' <Latency = 1> <II = 1> <Delay = 1.23> <Storage> <Opcode : 'load' 'store'> <Ports = 2> <Width = 15> <Depth = 13> <RAM>
ST_1 : Operation 62 [1/1] (0.42ns)   --->   "%store_ln528 = store i5 %add_ln528, i5 %j" [../src/msm.cpp:528->../src/msm.cpp:573]   --->   Operation 62 'store' 'store_ln528' <Predicate = (!icmp_ln528)> <Delay = 0.42>
ST_1 : Operation 63 [1/1] (0.00ns)   --->   "%br_ln528 = br void %for.inc.i.i" [../src/msm.cpp:528->../src/msm.cpp:573]   --->   Operation 63 'br' 'br_ln528' <Predicate = (!icmp_ln528)> <Delay = 0.00>

State 2 <SV = 1> <Delay = 2.36>
ST_2 : Operation 64 [1/1] (0.00ns)   --->   "%tmp = bitconcatenate i14 @_ssdm_op_BitConcatenate.i14.i5.i9, i5 %j_1, i9 0" [../src/msm.cpp:532->../src/msm.cpp:573]   --->   Operation 64 'bitconcatenate' 'tmp' <Predicate = (!icmp_ln528)> <Delay = 0.00>
ST_2 : Operation 65 [1/1] (0.00ns)   --->   "%trunc_ln528 = trunc i5 %j_1" [../src/msm.cpp:528->../src/msm.cpp:573]   --->   Operation 65 'trunc' 'trunc_ln528' <Predicate = (!icmp_ln528)> <Delay = 0.00>
ST_2 : Operation 66 [1/2] ( I:1.23ns O:1.23ns )   --->   "%scalar_partition_buffer_load = load i4 %scalar_partition_buffer_addr" [../src/msm.cpp:531->../src/msm.cpp:573]   --->   Operation 66 'load' 'scalar_partition_buffer_load' <Predicate = (!icmp_ln528)> <Delay = 1.23> <CoreInst = "RAM_T2P_BRAM">   --->   Core 98 'RAM_T2P_BRAM' <Latency = 1> <II = 1> <Delay = 1.23> <Storage> <Opcode : 'load' 'store'> <Ports = 2> <Width = 15> <Depth = 13> <RAM>
ST_2 : Operation 67 [1/2] ( I:1.23ns O:1.23ns )   --->   "%scalar_partition_buffer_2_load = load i4 %scalar_partition_buffer_2_addr" [../src/msm.cpp:531->../src/msm.cpp:573]   --->   Operation 67 'load' 'scalar_partition_buffer_2_load' <Predicate = (!icmp_ln528)> <Delay = 1.23> <CoreInst = "RAM_T2P_BRAM">   --->   Core 98 'RAM_T2P_BRAM' <Latency = 1> <II = 1> <Delay = 1.23> <Storage> <Opcode : 'load' 'store'> <Ports = 2> <Width = 15> <Depth = 13> <RAM>
ST_2 : Operation 68 [1/1] (0.29ns)   --->   "%scalar_partition = select i1 %trunc_ln528, i15 %scalar_partition_buffer_2_load, i15 %scalar_partition_buffer_load" [../src/msm.cpp:531->../src/msm.cpp:573]   --->   Operation 68 'select' 'scalar_partition' <Predicate = (!icmp_ln528)> <Delay = 0.29> <CoreInst = "Sel">   --->   Core 73 'Sel' <Latency = 0> <II = 1> <Delay = 0.29> <FuncUnit> <Opcode : 'select'> <InPorts = 3> <OutPorts = 1>
ST_2 : Operation 69 [1/1] (0.00ns)   --->   "%trunc_ln531 = trunc i15 %scalar_partition" [../src/msm.cpp:531->../src/msm.cpp:573]   --->   Operation 69 'trunc' 'trunc_ln531' <Predicate = (!icmp_ln528)> <Delay = 0.00>
ST_2 : Operation 70 [1/1] (0.00ns)   --->   "%lshr_ln2 = partselect i14 @_ssdm_op_PartSelect.i14.i15.i32.i32, i15 %scalar_partition, i32 1, i32 14" [../src/msm.cpp:531->../src/msm.cpp:573]   --->   Operation 70 'partselect' 'lshr_ln2' <Predicate = (!icmp_ln528)> <Delay = 0.00>
ST_2 : Operation 71 [1/1] (0.83ns)   --->   "%add_ln532 = add i14 %tmp, i14 %lshr_ln2" [../src/msm.cpp:532->../src/msm.cpp:573]   --->   Operation 71 'add' 'add_ln532' <Predicate = (!icmp_ln528)> <Delay = 0.83> <CoreInst = "Adder">   --->   Core 1 'Adder' <Latency = 0> <II = 1> <Delay = 0.83> <FuncUnit> <Opcode : 'add' 'sub'> <InPorts = 2> <OutPorts = 1>

State 3 <SV = 2> <Delay = 1.23>
ST_3 : Operation 72 [1/1] (0.00ns)   --->   "%zext_ln532 = zext i14 %add_ln532" [../src/msm.cpp:532->../src/msm.cpp:573]   --->   Operation 72 'zext' 'zext_ln532' <Predicate = (!icmp_ln528)> <Delay = 0.00>
ST_3 : Operation 73 [1/1] (0.00ns)   --->   "%buckets_x_addr = getelementptr i256 %buckets_x, i64 0, i64 %zext_ln532" [../src/msm.cpp:532->../src/msm.cpp:573]   --->   Operation 73 'getelementptr' 'buckets_x_addr' <Predicate = (!icmp_ln528)> <Delay = 0.00>
ST_3 : Operation 74 [1/1] (0.00ns)   --->   "%buckets_x_1_addr = getelementptr i256 %buckets_x_1, i64 0, i64 %zext_ln532" [../src/msm.cpp:532->../src/msm.cpp:573]   --->   Operation 74 'getelementptr' 'buckets_x_1_addr' <Predicate = (!icmp_ln528)> <Delay = 0.00>
ST_3 : Operation 75 [1/1] (0.00ns)   --->   "%buckets_y_addr = getelementptr i256 %buckets_y, i64 0, i64 %zext_ln532" [../src/msm.cpp:532->../src/msm.cpp:573]   --->   Operation 75 'getelementptr' 'buckets_y_addr' <Predicate = (!icmp_ln528)> <Delay = 0.00>
ST_3 : Operation 76 [1/1] (0.00ns)   --->   "%buckets_y_1_addr = getelementptr i256 %buckets_y_1, i64 0, i64 %zext_ln532" [../src/msm.cpp:532->../src/msm.cpp:573]   --->   Operation 76 'getelementptr' 'buckets_y_1_addr' <Predicate = (!icmp_ln528)> <Delay = 0.00>
ST_3 : Operation 77 [1/1] (0.00ns)   --->   "%buckets_z_addr = getelementptr i256 %buckets_z, i64 0, i64 %zext_ln532" [../src/msm.cpp:532->../src/msm.cpp:573]   --->   Operation 77 'getelementptr' 'buckets_z_addr' <Predicate = (!icmp_ln528)> <Delay = 0.00>
ST_3 : Operation 78 [1/1] (0.00ns)   --->   "%buckets_z_1_addr = getelementptr i256 %buckets_z_1, i64 0, i64 %zext_ln532" [../src/msm.cpp:532->../src/msm.cpp:573]   --->   Operation 78 'getelementptr' 'buckets_z_1_addr' <Predicate = (!icmp_ln528)> <Delay = 0.00>
ST_3 : Operation 79 [1/1] (0.00ns)   --->   "%buckets_t_addr = getelementptr i256 %buckets_t, i64 0, i64 %zext_ln532" [../src/msm.cpp:532->../src/msm.cpp:573]   --->   Operation 79 'getelementptr' 'buckets_t_addr' <Predicate = (!icmp_ln528)> <Delay = 0.00>
ST_3 : Operation 80 [1/1] (0.00ns)   --->   "%buckets_t_1_addr = getelementptr i256 %buckets_t_1, i64 0, i64 %zext_ln532" [../src/msm.cpp:532->../src/msm.cpp:573]   --->   Operation 80 'getelementptr' 'buckets_t_1_addr' <Predicate = (!icmp_ln528)> <Delay = 0.00>
ST_3 : Operation 81 [2/2] (1.23ns)   --->   "%buckets_x_load = load i14 %buckets_x_addr" [../src/msm.cpp:482->../src/msm.cpp:532->../src/msm.cpp:573]   --->   Operation 81 'load' 'buckets_x_load' <Predicate = (!icmp_ln528 & !trunc_ln531)> <Delay = 1.23> <CoreInst = "RAM_T2P_URAM">   --->   Core 99 'RAM_T2P_URAM' <Latency = 1> <II = 1> <Delay = 1.23> <Storage> <Opcode : 'load' 'store'> <Ports = 2> <Width = 256> <Depth = 13312> <RAM>
ST_3 : Operation 82 [2/2] (1.23ns)   --->   "%buckets_x_1_load = load i14 %buckets_x_1_addr" [../src/msm.cpp:482->../src/msm.cpp:532->../src/msm.cpp:573]   --->   Operation 82 'load' 'buckets_x_1_load' <Predicate = (!icmp_ln528 & trunc_ln531)> <Delay = 1.23> <CoreInst = "RAM_T2P_URAM">   --->   Core 99 'RAM_T2P_URAM' <Latency = 1> <II = 1> <Delay = 1.23> <Storage> <Opcode : 'load' 'store'> <Ports = 2> <Width = 256> <Depth = 13312> <RAM>
ST_3 : Operation 83 [2/2] (1.23ns)   --->   "%buckets_y_load = load i14 %buckets_y_addr" [../src/msm.cpp:482->../src/msm.cpp:532->../src/msm.cpp:573]   --->   Operation 83 'load' 'buckets_y_load' <Predicate = (!icmp_ln528 & !trunc_ln531)> <Delay = 1.23> <CoreInst = "RAM_T2P_URAM">   --->   Core 99 'RAM_T2P_URAM' <Latency = 1> <II = 1> <Delay = 1.23> <Storage> <Opcode : 'load' 'store'> <Ports = 2> <Width = 256> <Depth = 13312> <RAM>
ST_3 : Operation 84 [2/2] (1.23ns)   --->   "%buckets_y_1_load = load i14 %buckets_y_1_addr" [../src/msm.cpp:482->../src/msm.cpp:532->../src/msm.cpp:573]   --->   Operation 84 'load' 'buckets_y_1_load' <Predicate = (!icmp_ln528 & trunc_ln531)> <Delay = 1.23> <CoreInst = "RAM_T2P_URAM">   --->   Core 99 'RAM_T2P_URAM' <Latency = 1> <II = 1> <Delay = 1.23> <Storage> <Opcode : 'load' 'store'> <Ports = 2> <Width = 256> <Depth = 13312> <RAM>

State 4 <SV = 3> <Delay = 1.74>
ST_4 : Operation 85 [1/2] ( I:1.23ns O:1.23ns )   --->   "%buckets_x_load = load i14 %buckets_x_addr" [../src/msm.cpp:482->../src/msm.cpp:532->../src/msm.cpp:573]   --->   Operation 85 'load' 'buckets_x_load' <Predicate = (!icmp_ln528 & !trunc_ln531)> <Delay = 1.23> <CoreInst = "RAM_T2P_URAM">   --->   Core 99 'RAM_T2P_URAM' <Latency = 1> <II = 1> <Delay = 1.23> <Storage> <Opcode : 'load' 'store'> <Ports = 2> <Width = 256> <Depth = 13312> <RAM>
ST_4 : Operation 86 [1/2] ( I:1.23ns O:1.23ns )   --->   "%buckets_x_1_load = load i14 %buckets_x_1_addr" [../src/msm.cpp:482->../src/msm.cpp:532->../src/msm.cpp:573]   --->   Operation 86 'load' 'buckets_x_1_load' <Predicate = (!icmp_ln528 & trunc_ln531)> <Delay = 1.23> <CoreInst = "RAM_T2P_URAM">   --->   Core 99 'RAM_T2P_URAM' <Latency = 1> <II = 1> <Delay = 1.23> <Storage> <Opcode : 'load' 'store'> <Ports = 2> <Width = 256> <Depth = 13312> <RAM>
ST_4 : Operation 87 [1/1] (0.51ns)   --->   "%select_ln482 = select i1 %trunc_ln531, i256 %buckets_x_1_load, i256 %buckets_x_load" [../src/msm.cpp:482->../src/msm.cpp:532->../src/msm.cpp:573]   --->   Operation 87 'select' 'select_ln482' <Predicate = (!icmp_ln528)> <Delay = 0.51> <CoreInst = "Sel">   --->   Core 73 'Sel' <Latency = 0> <II = 1> <Delay = 0.51> <FuncUnit> <Opcode : 'select'> <InPorts = 3> <OutPorts = 1>
ST_4 : Operation 88 [1/2] ( I:1.23ns O:1.23ns )   --->   "%buckets_y_load = load i14 %buckets_y_addr" [../src/msm.cpp:482->../src/msm.cpp:532->../src/msm.cpp:573]   --->   Operation 88 'load' 'buckets_y_load' <Predicate = (!icmp_ln528 & !trunc_ln531)> <Delay = 1.23> <CoreInst = "RAM_T2P_URAM">   --->   Core 99 'RAM_T2P_URAM' <Latency = 1> <II = 1> <Delay = 1.23> <Storage> <Opcode : 'load' 'store'> <Ports = 2> <Width = 256> <Depth = 13312> <RAM>
ST_4 : Operation 89 [1/2] ( I:1.23ns O:1.23ns )   --->   "%buckets_y_1_load = load i14 %buckets_y_1_addr" [../src/msm.cpp:482->../src/msm.cpp:532->../src/msm.cpp:573]   --->   Operation 89 'load' 'buckets_y_1_load' <Predicate = (!icmp_ln528 & trunc_ln531)> <Delay = 1.23> <CoreInst = "RAM_T2P_URAM">   --->   Core 99 'RAM_T2P_URAM' <Latency = 1> <II = 1> <Delay = 1.23> <Storage> <Opcode : 'load' 'store'> <Ports = 2> <Width = 256> <Depth = 13312> <RAM>
ST_4 : Operation 90 [1/1] (0.51ns)   --->   "%select_ln482_1 = select i1 %trunc_ln531, i256 %buckets_y_1_load, i256 %buckets_y_load" [../src/msm.cpp:482->../src/msm.cpp:532->../src/msm.cpp:573]   --->   Operation 90 'select' 'select_ln482_1' <Predicate = (!icmp_ln528)> <Delay = 0.51> <CoreInst = "Sel">   --->   Core 73 'Sel' <Latency = 0> <II = 1> <Delay = 0.51> <FuncUnit> <Opcode : 'select'> <InPorts = 3> <OutPorts = 1>

State 5 <SV = 4> <Delay = 2.38>
ST_5 : Operation 91 [1/1] (0.00ns)   --->   "%specpipeline_ln530 = specpipeline void @_ssdm_op_SpecPipeline, i32 1, i32 0, i32 0, i32 0, void @empty_15" [../src/msm.cpp:530->../src/msm.cpp:573]   --->   Operation 91 'specpipeline' 'specpipeline_ln530' <Predicate = (!icmp_ln528)> <Delay = 0.00>
ST_5 : Operation 92 [1/1] (0.00ns)   --->   "%speclooptripcount_ln528 = speclooptripcount void @_ssdm_op_SpecLoopTripCount, i64 26, i64 26, i64 26" [../src/msm.cpp:528->../src/msm.cpp:573]   --->   Operation 92 'speclooptripcount' 'speclooptripcount_ln528' <Predicate = (!icmp_ln528)> <Delay = 0.00>
ST_5 : Operation 93 [1/1] (0.00ns)   --->   "%specloopname_ln528 = specloopname void @_ssdm_op_SpecLoopName, void @empty_7" [../src/msm.cpp:528->../src/msm.cpp:573]   --->   Operation 93 'specloopname' 'specloopname_ln528' <Predicate = (!icmp_ln528)> <Delay = 0.00>
ST_5 : Operation 94 [1/1] (0.00ns) (grouped into LUT with out node icmp_ln482)   --->   "%or_ln482 = or i256 %select_ln482_1, i256 %select_ln482" [../src/msm.cpp:482->../src/msm.cpp:532->../src/msm.cpp:573]   --->   Operation 94 'or' 'or_ln482' <Predicate = (!icmp_ln528)> <Delay = 0.00> <CoreInst = "LogicGate">   --->   Core 74 'LogicGate' <Latency = 0> <II = 1> <Delay = 0.37> <FuncUnit> <Opcode : 'and' 'or' 'xor'> <InPorts = 2> <OutPorts = 1>
ST_5 : Operation 95 [1/1] (1.95ns) (out node of the LUT)   --->   "%icmp_ln482 = icmp_eq  i256 %or_ln482, i256 0" [../src/msm.cpp:482->../src/msm.cpp:532->../src/msm.cpp:573]   --->   Operation 95 'icmp' 'icmp_ln482' <Predicate = (!icmp_ln528)> <Delay = 1.95> <CoreInst = "Cmp">   --->   Core 9 'Cmp' <Latency = 0> <II = 1> <Delay = 1.95> <FuncUnit> <Opcode : 'seteq' 'setne' 'setle' 'setge' 'setlt' 'setgt'> <InPorts = 2> <OutPorts = 1>
ST_5 : Operation 96 [1/1] (0.42ns)   --->   "%br_ln482 = br i1 %icmp_ln482, void %_Z19add_point_to_bucketR12EdwardsPoint7ap_uintILi256EES2_S2_S2_.exit.i.i, void %if.then.i.i.i" [../src/msm.cpp:482->../src/msm.cpp:532->../src/msm.cpp:573]   --->   Operation 96 'br' 'br_ln482' <Predicate = (!icmp_ln528)> <Delay = 0.42>
ST_5 : Operation 97 [1/1] (0.00ns)   --->   "%br_ln485 = br i1 %trunc_ln531, void %arrayidx41.3.i.case.0.i, void %arrayidx41.3.i.case.1.i" [../src/msm.cpp:485->../src/msm.cpp:532->../src/msm.cpp:573]   --->   Operation 97 'br' 'br_ln485' <Predicate = (icmp_ln482)> <Delay = 0.00>
ST_5 : Operation 98 [1/1] (0.42ns)   --->   "%br_ln489 = br void %_Z19add_point_to_bucketR12EdwardsPoint7ap_uintILi256EES2_S2_S2_.exit.i.i" [../src/msm.cpp:489->../src/msm.cpp:532->../src/msm.cpp:573]   --->   Operation 98 'br' 'br_ln489' <Predicate = (!icmp_ln528 & icmp_ln482)> <Delay = 0.42>

State 6 <SV = 5> <Delay = 1.23>
ST_6 : Operation 99 [1/1] ( I:1.23ns O:1.23ns )   --->   "%store_ln485 = store i256 0, i14 %buckets_x_addr" [../src/msm.cpp:485->../src/msm.cpp:532->../src/msm.cpp:573]   --->   Operation 99 'store' 'store_ln485' <Predicate = (icmp_ln482 & !trunc_ln531)> <Delay = 1.23> <CoreInst = "RAM_T2P_URAM">   --->   Core 99 'RAM_T2P_URAM' <Latency = 1> <II = 1> <Delay = 1.23> <Storage> <Opcode : 'load' 'store'> <Ports = 2> <Width = 256> <Depth = 13312> <RAM>
ST_6 : Operation 100 [1/1] ( I:1.23ns O:1.23ns )   --->   "%store_ln486 = store i256 1, i14 %buckets_y_addr" [../src/msm.cpp:486->../src/msm.cpp:532->../src/msm.cpp:573]   --->   Operation 100 'store' 'store_ln486' <Predicate = (icmp_ln482 & !trunc_ln531)> <Delay = 1.23> <CoreInst = "RAM_T2P_URAM">   --->   Core 99 'RAM_T2P_URAM' <Latency = 1> <II = 1> <Delay = 1.23> <Storage> <Opcode : 'load' 'store'> <Ports = 2> <Width = 256> <Depth = 13312> <RAM>
ST_6 : Operation 101 [1/1] ( I:1.23ns O:1.23ns )   --->   "%store_ln487 = store i256 1, i14 %buckets_z_addr" [../src/msm.cpp:487->../src/msm.cpp:532->../src/msm.cpp:573]   --->   Operation 101 'store' 'store_ln487' <Predicate = (icmp_ln482 & !trunc_ln531)> <Delay = 1.23> <CoreInst = "RAM_T2P_URAM">   --->   Core 99 'RAM_T2P_URAM' <Latency = 1> <II = 1> <Delay = 1.23> <Storage> <Opcode : 'load' 'store'> <Ports = 2> <Width = 256> <Depth = 13312> <RAM>
ST_6 : Operation 102 [1/1] ( I:1.23ns O:1.23ns )   --->   "%store_ln488 = store i256 0, i14 %buckets_t_addr" [../src/msm.cpp:488->../src/msm.cpp:532->../src/msm.cpp:573]   --->   Operation 102 'store' 'store_ln488' <Predicate = (icmp_ln482 & !trunc_ln531)> <Delay = 1.23> <CoreInst = "RAM_T2P_URAM">   --->   Core 99 'RAM_T2P_URAM' <Latency = 1> <II = 1> <Delay = 1.23> <Storage> <Opcode : 'load' 'store'> <Ports = 2> <Width = 256> <Depth = 13312> <RAM>
ST_6 : Operation 103 [1/1] (0.00ns)   --->   "%br_ln488 = br void %arrayidx41.3.i.exit.i" [../src/msm.cpp:488->../src/msm.cpp:532->../src/msm.cpp:573]   --->   Operation 103 'br' 'br_ln488' <Predicate = (icmp_ln482 & !trunc_ln531)> <Delay = 0.00>
ST_6 : Operation 104 [1/1] ( I:1.23ns O:1.23ns )   --->   "%store_ln485 = store i256 0, i14 %buckets_x_1_addr" [../src/msm.cpp:485->../src/msm.cpp:532->../src/msm.cpp:573]   --->   Operation 104 'store' 'store_ln485' <Predicate = (icmp_ln482 & trunc_ln531)> <Delay = 1.23> <CoreInst = "RAM_T2P_URAM">   --->   Core 99 'RAM_T2P_URAM' <Latency = 1> <II = 1> <Delay = 1.23> <Storage> <Opcode : 'load' 'store'> <Ports = 2> <Width = 256> <Depth = 13312> <RAM>
ST_6 : Operation 105 [1/1] ( I:1.23ns O:1.23ns )   --->   "%store_ln486 = store i256 1, i14 %buckets_y_1_addr" [../src/msm.cpp:486->../src/msm.cpp:532->../src/msm.cpp:573]   --->   Operation 105 'store' 'store_ln486' <Predicate = (icmp_ln482 & trunc_ln531)> <Delay = 1.23> <CoreInst = "RAM_T2P_URAM">   --->   Core 99 'RAM_T2P_URAM' <Latency = 1> <II = 1> <Delay = 1.23> <Storage> <Opcode : 'load' 'store'> <Ports = 2> <Width = 256> <Depth = 13312> <RAM>
ST_6 : Operation 106 [1/1] ( I:1.23ns O:1.23ns )   --->   "%store_ln487 = store i256 1, i14 %buckets_z_1_addr" [../src/msm.cpp:487->../src/msm.cpp:532->../src/msm.cpp:573]   --->   Operation 106 'store' 'store_ln487' <Predicate = (icmp_ln482 & trunc_ln531)> <Delay = 1.23> <CoreInst = "RAM_T2P_URAM">   --->   Core 99 'RAM_T2P_URAM' <Latency = 1> <II = 1> <Delay = 1.23> <Storage> <Opcode : 'load' 'store'> <Ports = 2> <Width = 256> <Depth = 13312> <RAM>
ST_6 : Operation 107 [1/1] ( I:1.23ns O:1.23ns )   --->   "%store_ln488 = store i256 0, i14 %buckets_t_1_addr" [../src/msm.cpp:488->../src/msm.cpp:532->../src/msm.cpp:573]   --->   Operation 107 'store' 'store_ln488' <Predicate = (icmp_ln482 & trunc_ln531)> <Delay = 1.23> <CoreInst = "RAM_T2P_URAM">   --->   Core 99 'RAM_T2P_URAM' <Latency = 1> <II = 1> <Delay = 1.23> <Storage> <Opcode : 'load' 'store'> <Ports = 2> <Width = 256> <Depth = 13312> <RAM>
ST_6 : Operation 108 [1/1] (0.00ns)   --->   "%br_ln488 = br void %arrayidx41.3.i.exit.i" [../src/msm.cpp:488->../src/msm.cpp:532->../src/msm.cpp:573]   --->   Operation 108 'br' 'br_ln488' <Predicate = (icmp_ln482 & trunc_ln531)> <Delay = 0.00>

State 7 <SV = 6> <Delay = 0.00>
ST_7 : Operation 109 [2/2] (1.23ns)   --->   "%buckets_z_load = load i14 %buckets_z_addr" [../src/msm.cpp:492->../src/msm.cpp:532->../src/msm.cpp:573]   --->   Operation 109 'load' 'buckets_z_load' <Predicate = (!trunc_ln531)> <Delay = 1.23> <CoreInst = "RAM_T2P_URAM">   --->   Core 99 'RAM_T2P_URAM' <Latency = 1> <II = 1> <Delay = 1.23> <Storage> <Opcode : 'load' 'store'> <Ports = 2> <Width = 256> <Depth = 13312> <RAM>
ST_7 : Operation 110 [2/2] (1.23ns)   --->   "%buckets_z_1_load = load i14 %buckets_z_1_addr" [../src/msm.cpp:492->../src/msm.cpp:532->../src/msm.cpp:573]   --->   Operation 110 'load' 'buckets_z_1_load' <Predicate = (trunc_ln531)> <Delay = 1.23> <CoreInst = "RAM_T2P_URAM">   --->   Core 99 'RAM_T2P_URAM' <Latency = 1> <II = 1> <Delay = 1.23> <Storage> <Opcode : 'load' 'store'> <Ports = 2> <Width = 256> <Depth = 13312> <RAM>
ST_7 : Operation 111 [2/2] (1.23ns)   --->   "%buckets_t_load = load i14 %buckets_t_addr" [../src/msm.cpp:492->../src/msm.cpp:532->../src/msm.cpp:573]   --->   Operation 111 'load' 'buckets_t_load' <Predicate = (!trunc_ln531)> <Delay = 1.23> <CoreInst = "RAM_T2P_URAM">   --->   Core 99 'RAM_T2P_URAM' <Latency = 1> <II = 1> <Delay = 1.23> <Storage> <Opcode : 'load' 'store'> <Ports = 2> <Width = 256> <Depth = 13312> <RAM>
ST_7 : Operation 112 [2/2] (1.23ns)   --->   "%buckets_t_1_load = load i14 %buckets_t_1_addr" [../src/msm.cpp:492->../src/msm.cpp:532->../src/msm.cpp:573]   --->   Operation 112 'load' 'buckets_t_1_load' <Predicate = (trunc_ln531)> <Delay = 1.23> <CoreInst = "RAM_T2P_URAM">   --->   Core 99 'RAM_T2P_URAM' <Latency = 1> <II = 1> <Delay = 1.23> <Storage> <Opcode : 'load' 'store'> <Ports = 2> <Width = 256> <Depth = 13312> <RAM>
ST_7 : Operation 113 [1/1] (0.00ns)   --->   "%br_ln496 = br i1 %trunc_ln531, void %arrayidx41.3.i.case.025.i, void %arrayidx41.3.i.case.126.i" [../src/msm.cpp:496->../src/msm.cpp:532->../src/msm.cpp:573]   --->   Operation 113 'br' 'br_ln496' <Predicate = true> <Delay = 0.00>

State 8 <SV = 7> <Delay = 1.74>
ST_8 : Operation 114 [1/2] ( I:1.23ns O:1.23ns )   --->   "%buckets_z_load = load i14 %buckets_z_addr" [../src/msm.cpp:492->../src/msm.cpp:532->../src/msm.cpp:573]   --->   Operation 114 'load' 'buckets_z_load' <Predicate = (!trunc_ln531)> <Delay = 1.23> <CoreInst = "RAM_T2P_URAM">   --->   Core 99 'RAM_T2P_URAM' <Latency = 1> <II = 1> <Delay = 1.23> <Storage> <Opcode : 'load' 'store'> <Ports = 2> <Width = 256> <Depth = 13312> <RAM>
ST_8 : Operation 115 [1/2] ( I:1.23ns O:1.23ns )   --->   "%buckets_z_1_load = load i14 %buckets_z_1_addr" [../src/msm.cpp:492->../src/msm.cpp:532->../src/msm.cpp:573]   --->   Operation 115 'load' 'buckets_z_1_load' <Predicate = (trunc_ln531)> <Delay = 1.23> <CoreInst = "RAM_T2P_URAM">   --->   Core 99 'RAM_T2P_URAM' <Latency = 1> <II = 1> <Delay = 1.23> <Storage> <Opcode : 'load' 'store'> <Ports = 2> <Width = 256> <Depth = 13312> <RAM>
ST_8 : Operation 116 [1/1] (0.51ns)   --->   "%select_ln492 = select i1 %trunc_ln531, i256 %buckets_z_1_load, i256 %buckets_z_load" [../src/msm.cpp:492->../src/msm.cpp:532->../src/msm.cpp:573]   --->   Operation 116 'select' 'select_ln492' <Predicate = true> <Delay = 0.51> <CoreInst = "Sel">   --->   Core 73 'Sel' <Latency = 0> <II = 1> <Delay = 0.51> <FuncUnit> <Opcode : 'select'> <InPorts = 3> <OutPorts = 1>
ST_8 : Operation 117 [1/2] ( I:1.23ns O:1.23ns )   --->   "%buckets_t_load = load i14 %buckets_t_addr" [../src/msm.cpp:492->../src/msm.cpp:532->../src/msm.cpp:573]   --->   Operation 117 'load' 'buckets_t_load' <Predicate = (!trunc_ln531)> <Delay = 1.23> <CoreInst = "RAM_T2P_URAM">   --->   Core 99 'RAM_T2P_URAM' <Latency = 1> <II = 1> <Delay = 1.23> <Storage> <Opcode : 'load' 'store'> <Ports = 2> <Width = 256> <Depth = 13312> <RAM>
ST_8 : Operation 118 [1/2] ( I:1.23ns O:1.23ns )   --->   "%buckets_t_1_load = load i14 %buckets_t_1_addr" [../src/msm.cpp:492->../src/msm.cpp:532->../src/msm.cpp:573]   --->   Operation 118 'load' 'buckets_t_1_load' <Predicate = (trunc_ln531)> <Delay = 1.23> <CoreInst = "RAM_T2P_URAM">   --->   Core 99 'RAM_T2P_URAM' <Latency = 1> <II = 1> <Delay = 1.23> <Storage> <Opcode : 'load' 'store'> <Ports = 2> <Width = 256> <Depth = 13312> <RAM>
ST_8 : Operation 119 [1/1] (0.51ns)   --->   "%select_ln492_1 = select i1 %trunc_ln531, i256 %buckets_t_1_load, i256 %buckets_t_load" [../src/msm.cpp:492->../src/msm.cpp:532->../src/msm.cpp:573]   --->   Operation 119 'select' 'select_ln492_1' <Predicate = true> <Delay = 0.51> <CoreInst = "Sel">   --->   Core 73 'Sel' <Latency = 0> <II = 1> <Delay = 0.51> <FuncUnit> <Opcode : 'select'> <InPorts = 3> <OutPorts = 1>

State 9 <SV = 8> <Delay = 2.61>
ST_9 : Operation 120 [1/1] (0.00ns)   --->   "%p_0_0_043_i_i_i = phi i256 1, void %arrayidx41.3.i.exit.i, i256 %select_ln482_1, void %for.inc.i.split.i" [../src/msm.cpp:482->../src/msm.cpp:532->../src/msm.cpp:573]   --->   Operation 120 'phi' 'p_0_0_043_i_i_i' <Predicate = true> <Delay = 0.00>
ST_9 : Operation 121 [1/1] (0.00ns)   --->   "%p_0_0_044_i_i_i = phi i256 0, void %arrayidx41.3.i.exit.i, i256 %select_ln482, void %for.inc.i.split.i" [../src/msm.cpp:482->../src/msm.cpp:532->../src/msm.cpp:573]   --->   Operation 121 'phi' 'p_0_0_044_i_i_i' <Predicate = true> <Delay = 0.00>
ST_9 : Operation 122 [23/23] (2.61ns)   --->   "%call_ret_i = call i1024 @edwards_point_add, i256 %p_0_0_044_i_i_i, i256 %p_0_0_043_i_i_i, i256 %select_ln492, i256 %select_ln492_1, i256 %x_read, i256 %y_read, i256 %z_read, i256 %t_read" [../src/msm.cpp:491->../src/msm.cpp:532->../src/msm.cpp:573]   --->   Operation 122 'call' 'call_ret_i' <Predicate = (!icmp_ln528)> <Delay = 2.61> <CoreType = "Generic">   --->   Generic Core

State 10 <SV = 9> <Delay = 2.85>
ST_10 : Operation 123 [22/23] (2.85ns)   --->   "%call_ret_i = call i1024 @edwards_point_add, i256 %p_0_0_044_i_i_i, i256 %p_0_0_043_i_i_i, i256 %select_ln492, i256 %select_ln492_1, i256 %x_read, i256 %y_read, i256 %z_read, i256 %t_read" [../src/msm.cpp:491->../src/msm.cpp:532->../src/msm.cpp:573]   --->   Operation 123 'call' 'call_ret_i' <Predicate = true> <Delay = 2.85> <CoreType = "Generic">   --->   Generic Core

State 11 <SV = 10> <Delay = 2.85>
ST_11 : Operation 124 [21/23] (2.85ns)   --->   "%call_ret_i = call i1024 @edwards_point_add, i256 %p_0_0_044_i_i_i, i256 %p_0_0_043_i_i_i, i256 %select_ln492, i256 %select_ln492_1, i256 %x_read, i256 %y_read, i256 %z_read, i256 %t_read" [../src/msm.cpp:491->../src/msm.cpp:532->../src/msm.cpp:573]   --->   Operation 124 'call' 'call_ret_i' <Predicate = (!icmp_ln528)> <Delay = 2.85> <CoreType = "Generic">   --->   Generic Core

State 12 <SV = 11> <Delay = 2.85>
ST_12 : Operation 125 [20/23] (2.85ns)   --->   "%call_ret_i = call i1024 @edwards_point_add, i256 %p_0_0_044_i_i_i, i256 %p_0_0_043_i_i_i, i256 %select_ln492, i256 %select_ln492_1, i256 %x_read, i256 %y_read, i256 %z_read, i256 %t_read" [../src/msm.cpp:491->../src/msm.cpp:532->../src/msm.cpp:573]   --->   Operation 125 'call' 'call_ret_i' <Predicate = true> <Delay = 2.85> <CoreType = "Generic">   --->   Generic Core

State 13 <SV = 12> <Delay = 2.85>
ST_13 : Operation 126 [19/23] (2.85ns)   --->   "%call_ret_i = call i1024 @edwards_point_add, i256 %p_0_0_044_i_i_i, i256 %p_0_0_043_i_i_i, i256 %select_ln492, i256 %select_ln492_1, i256 %x_read, i256 %y_read, i256 %z_read, i256 %t_read" [../src/msm.cpp:491->../src/msm.cpp:532->../src/msm.cpp:573]   --->   Operation 126 'call' 'call_ret_i' <Predicate = (!icmp_ln528)> <Delay = 2.85> <CoreType = "Generic">   --->   Generic Core

State 14 <SV = 13> <Delay = 2.85>
ST_14 : Operation 127 [18/23] (2.85ns)   --->   "%call_ret_i = call i1024 @edwards_point_add, i256 %p_0_0_044_i_i_i, i256 %p_0_0_043_i_i_i, i256 %select_ln492, i256 %select_ln492_1, i256 %x_read, i256 %y_read, i256 %z_read, i256 %t_read" [../src/msm.cpp:491->../src/msm.cpp:532->../src/msm.cpp:573]   --->   Operation 127 'call' 'call_ret_i' <Predicate = true> <Delay = 2.85> <CoreType = "Generic">   --->   Generic Core

State 15 <SV = 14> <Delay = 2.85>
ST_15 : Operation 128 [17/23] (2.85ns)   --->   "%call_ret_i = call i1024 @edwards_point_add, i256 %p_0_0_044_i_i_i, i256 %p_0_0_043_i_i_i, i256 %select_ln492, i256 %select_ln492_1, i256 %x_read, i256 %y_read, i256 %z_read, i256 %t_read" [../src/msm.cpp:491->../src/msm.cpp:532->../src/msm.cpp:573]   --->   Operation 128 'call' 'call_ret_i' <Predicate = (!icmp_ln528)> <Delay = 2.85> <CoreType = "Generic">   --->   Generic Core

State 16 <SV = 15> <Delay = 2.85>
ST_16 : Operation 129 [16/23] (2.85ns)   --->   "%call_ret_i = call i1024 @edwards_point_add, i256 %p_0_0_044_i_i_i, i256 %p_0_0_043_i_i_i, i256 %select_ln492, i256 %select_ln492_1, i256 %x_read, i256 %y_read, i256 %z_read, i256 %t_read" [../src/msm.cpp:491->../src/msm.cpp:532->../src/msm.cpp:573]   --->   Operation 129 'call' 'call_ret_i' <Predicate = true> <Delay = 2.85> <CoreType = "Generic">   --->   Generic Core

State 17 <SV = 16> <Delay = 2.85>
ST_17 : Operation 130 [15/23] (2.85ns)   --->   "%call_ret_i = call i1024 @edwards_point_add, i256 %p_0_0_044_i_i_i, i256 %p_0_0_043_i_i_i, i256 %select_ln492, i256 %select_ln492_1, i256 %x_read, i256 %y_read, i256 %z_read, i256 %t_read" [../src/msm.cpp:491->../src/msm.cpp:532->../src/msm.cpp:573]   --->   Operation 130 'call' 'call_ret_i' <Predicate = (!icmp_ln528)> <Delay = 2.85> <CoreType = "Generic">   --->   Generic Core

State 18 <SV = 17> <Delay = 2.85>
ST_18 : Operation 131 [14/23] (2.85ns)   --->   "%call_ret_i = call i1024 @edwards_point_add, i256 %p_0_0_044_i_i_i, i256 %p_0_0_043_i_i_i, i256 %select_ln492, i256 %select_ln492_1, i256 %x_read, i256 %y_read, i256 %z_read, i256 %t_read" [../src/msm.cpp:491->../src/msm.cpp:532->../src/msm.cpp:573]   --->   Operation 131 'call' 'call_ret_i' <Predicate = true> <Delay = 2.85> <CoreType = "Generic">   --->   Generic Core

State 19 <SV = 18> <Delay = 2.85>
ST_19 : Operation 132 [13/23] (2.85ns)   --->   "%call_ret_i = call i1024 @edwards_point_add, i256 %p_0_0_044_i_i_i, i256 %p_0_0_043_i_i_i, i256 %select_ln492, i256 %select_ln492_1, i256 %x_read, i256 %y_read, i256 %z_read, i256 %t_read" [../src/msm.cpp:491->../src/msm.cpp:532->../src/msm.cpp:573]   --->   Operation 132 'call' 'call_ret_i' <Predicate = (!icmp_ln528)> <Delay = 2.85> <CoreType = "Generic">   --->   Generic Core

State 20 <SV = 19> <Delay = 2.85>
ST_20 : Operation 133 [12/23] (2.85ns)   --->   "%call_ret_i = call i1024 @edwards_point_add, i256 %p_0_0_044_i_i_i, i256 %p_0_0_043_i_i_i, i256 %select_ln492, i256 %select_ln492_1, i256 %x_read, i256 %y_read, i256 %z_read, i256 %t_read" [../src/msm.cpp:491->../src/msm.cpp:532->../src/msm.cpp:573]   --->   Operation 133 'call' 'call_ret_i' <Predicate = true> <Delay = 2.85> <CoreType = "Generic">   --->   Generic Core

State 21 <SV = 20> <Delay = 2.85>
ST_21 : Operation 134 [11/23] (2.85ns)   --->   "%call_ret_i = call i1024 @edwards_point_add, i256 %p_0_0_044_i_i_i, i256 %p_0_0_043_i_i_i, i256 %select_ln492, i256 %select_ln492_1, i256 %x_read, i256 %y_read, i256 %z_read, i256 %t_read" [../src/msm.cpp:491->../src/msm.cpp:532->../src/msm.cpp:573]   --->   Operation 134 'call' 'call_ret_i' <Predicate = (!icmp_ln528)> <Delay = 2.85> <CoreType = "Generic">   --->   Generic Core

State 22 <SV = 21> <Delay = 2.85>
ST_22 : Operation 135 [10/23] (2.85ns)   --->   "%call_ret_i = call i1024 @edwards_point_add, i256 %p_0_0_044_i_i_i, i256 %p_0_0_043_i_i_i, i256 %select_ln492, i256 %select_ln492_1, i256 %x_read, i256 %y_read, i256 %z_read, i256 %t_read" [../src/msm.cpp:491->../src/msm.cpp:532->../src/msm.cpp:573]   --->   Operation 135 'call' 'call_ret_i' <Predicate = true> <Delay = 2.85> <CoreType = "Generic">   --->   Generic Core

State 23 <SV = 22> <Delay = 2.85>
ST_23 : Operation 136 [9/23] (2.85ns)   --->   "%call_ret_i = call i1024 @edwards_point_add, i256 %p_0_0_044_i_i_i, i256 %p_0_0_043_i_i_i, i256 %select_ln492, i256 %select_ln492_1, i256 %x_read, i256 %y_read, i256 %z_read, i256 %t_read" [../src/msm.cpp:491->../src/msm.cpp:532->../src/msm.cpp:573]   --->   Operation 136 'call' 'call_ret_i' <Predicate = (!icmp_ln528)> <Delay = 2.85> <CoreType = "Generic">   --->   Generic Core

State 24 <SV = 23> <Delay = 2.85>
ST_24 : Operation 137 [8/23] (2.85ns)   --->   "%call_ret_i = call i1024 @edwards_point_add, i256 %p_0_0_044_i_i_i, i256 %p_0_0_043_i_i_i, i256 %select_ln492, i256 %select_ln492_1, i256 %x_read, i256 %y_read, i256 %z_read, i256 %t_read" [../src/msm.cpp:491->../src/msm.cpp:532->../src/msm.cpp:573]   --->   Operation 137 'call' 'call_ret_i' <Predicate = true> <Delay = 2.85> <CoreType = "Generic">   --->   Generic Core

State 25 <SV = 24> <Delay = 2.85>
ST_25 : Operation 138 [7/23] (2.85ns)   --->   "%call_ret_i = call i1024 @edwards_point_add, i256 %p_0_0_044_i_i_i, i256 %p_0_0_043_i_i_i, i256 %select_ln492, i256 %select_ln492_1, i256 %x_read, i256 %y_read, i256 %z_read, i256 %t_read" [../src/msm.cpp:491->../src/msm.cpp:532->../src/msm.cpp:573]   --->   Operation 138 'call' 'call_ret_i' <Predicate = (!icmp_ln528)> <Delay = 2.85> <CoreType = "Generic">   --->   Generic Core

State 26 <SV = 25> <Delay = 2.85>
ST_26 : Operation 139 [6/23] (2.85ns)   --->   "%call_ret_i = call i1024 @edwards_point_add, i256 %p_0_0_044_i_i_i, i256 %p_0_0_043_i_i_i, i256 %select_ln492, i256 %select_ln492_1, i256 %x_read, i256 %y_read, i256 %z_read, i256 %t_read" [../src/msm.cpp:491->../src/msm.cpp:532->../src/msm.cpp:573]   --->   Operation 139 'call' 'call_ret_i' <Predicate = true> <Delay = 2.85> <CoreType = "Generic">   --->   Generic Core

State 27 <SV = 26> <Delay = 2.85>
ST_27 : Operation 140 [5/23] (2.85ns)   --->   "%call_ret_i = call i1024 @edwards_point_add, i256 %p_0_0_044_i_i_i, i256 %p_0_0_043_i_i_i, i256 %select_ln492, i256 %select_ln492_1, i256 %x_read, i256 %y_read, i256 %z_read, i256 %t_read" [../src/msm.cpp:491->../src/msm.cpp:532->../src/msm.cpp:573]   --->   Operation 140 'call' 'call_ret_i' <Predicate = (!icmp_ln528)> <Delay = 2.85> <CoreType = "Generic">   --->   Generic Core

State 28 <SV = 27> <Delay = 2.85>
ST_28 : Operation 141 [4/23] (2.85ns)   --->   "%call_ret_i = call i1024 @edwards_point_add, i256 %p_0_0_044_i_i_i, i256 %p_0_0_043_i_i_i, i256 %select_ln492, i256 %select_ln492_1, i256 %x_read, i256 %y_read, i256 %z_read, i256 %t_read" [../src/msm.cpp:491->../src/msm.cpp:532->../src/msm.cpp:573]   --->   Operation 141 'call' 'call_ret_i' <Predicate = true> <Delay = 2.85> <CoreType = "Generic">   --->   Generic Core

State 29 <SV = 28> <Delay = 2.85>
ST_29 : Operation 142 [3/23] (2.85ns)   --->   "%call_ret_i = call i1024 @edwards_point_add, i256 %p_0_0_044_i_i_i, i256 %p_0_0_043_i_i_i, i256 %select_ln492, i256 %select_ln492_1, i256 %x_read, i256 %y_read, i256 %z_read, i256 %t_read" [../src/msm.cpp:491->../src/msm.cpp:532->../src/msm.cpp:573]   --->   Operation 142 'call' 'call_ret_i' <Predicate = (!icmp_ln528)> <Delay = 2.85> <CoreType = "Generic">   --->   Generic Core

State 30 <SV = 29> <Delay = 2.85>
ST_30 : Operation 143 [2/23] (2.85ns)   --->   "%call_ret_i = call i1024 @edwards_point_add, i256 %p_0_0_044_i_i_i, i256 %p_0_0_043_i_i_i, i256 %select_ln492, i256 %select_ln492_1, i256 %x_read, i256 %y_read, i256 %z_read, i256 %t_read" [../src/msm.cpp:491->../src/msm.cpp:532->../src/msm.cpp:573]   --->   Operation 143 'call' 'call_ret_i' <Predicate = true> <Delay = 2.85> <CoreType = "Generic">   --->   Generic Core
ST_30 : Operation 159 [1/1] (0.42ns)   --->   "%ret_ln0 = ret"   --->   Operation 159 'ret' 'ret_ln0' <Predicate = (icmp_ln528)> <Delay = 0.42>

State 31 <SV = 30> <Delay = 2.46>
ST_31 : Operation 144 [1/23] (2.46ns)   --->   "%call_ret_i = call i1024 @edwards_point_add, i256 %p_0_0_044_i_i_i, i256 %p_0_0_043_i_i_i, i256 %select_ln492, i256 %select_ln492_1, i256 %x_read, i256 %y_read, i256 %z_read, i256 %t_read" [../src/msm.cpp:491->../src/msm.cpp:532->../src/msm.cpp:573]   --->   Operation 144 'call' 'call_ret_i' <Predicate = (!icmp_ln528)> <Delay = 2.46> <CoreType = "Generic">   --->   Generic Core
ST_31 : Operation 145 [1/1] (0.00ns)   --->   "%new_bucket_point_x = extractvalue i1024 %call_ret_i" [../src/msm.cpp:491->../src/msm.cpp:532->../src/msm.cpp:573]   --->   Operation 145 'extractvalue' 'new_bucket_point_x' <Predicate = true> <Delay = 0.00>
ST_31 : Operation 146 [1/1] (0.00ns)   --->   "%new_bucket_point_y = extractvalue i1024 %call_ret_i" [../src/msm.cpp:491->../src/msm.cpp:532->../src/msm.cpp:573]   --->   Operation 146 'extractvalue' 'new_bucket_point_y' <Predicate = true> <Delay = 0.00>
ST_31 : Operation 147 [1/1] (0.00ns)   --->   "%new_bucket_point_z = extractvalue i1024 %call_ret_i" [../src/msm.cpp:491->../src/msm.cpp:532->../src/msm.cpp:573]   --->   Operation 147 'extractvalue' 'new_bucket_point_z' <Predicate = true> <Delay = 0.00>
ST_31 : Operation 148 [1/1] (0.00ns)   --->   "%new_bucket_point_t = extractvalue i1024 %call_ret_i" [../src/msm.cpp:491->../src/msm.cpp:532->../src/msm.cpp:573]   --->   Operation 148 'extractvalue' 'new_bucket_point_t' <Predicate = true> <Delay = 0.00>

State 32 <SV = 31> <Delay = 1.23>
ST_32 : Operation 149 [1/1] ( I:1.23ns O:1.23ns )   --->   "%store_ln496 = store i256 %new_bucket_point_x, i14 %buckets_x_addr" [../src/msm.cpp:496->../src/msm.cpp:532->../src/msm.cpp:573]   --->   Operation 149 'store' 'store_ln496' <Predicate = (!trunc_ln531)> <Delay = 1.23> <CoreInst = "RAM_T2P_URAM">   --->   Core 99 'RAM_T2P_URAM' <Latency = 1> <II = 1> <Delay = 1.23> <Storage> <Opcode : 'load' 'store'> <Ports = 2> <Width = 256> <Depth = 13312> <RAM>
ST_32 : Operation 150 [1/1] ( I:1.23ns O:1.23ns )   --->   "%store_ln497 = store i256 %new_bucket_point_y, i14 %buckets_y_addr" [../src/msm.cpp:497->../src/msm.cpp:532->../src/msm.cpp:573]   --->   Operation 150 'store' 'store_ln497' <Predicate = (!trunc_ln531)> <Delay = 1.23> <CoreInst = "RAM_T2P_URAM">   --->   Core 99 'RAM_T2P_URAM' <Latency = 1> <II = 1> <Delay = 1.23> <Storage> <Opcode : 'load' 'store'> <Ports = 2> <Width = 256> <Depth = 13312> <RAM>
ST_32 : Operation 151 [1/1] ( I:1.23ns O:1.23ns )   --->   "%store_ln498 = store i256 %new_bucket_point_z, i14 %buckets_z_addr" [../src/msm.cpp:498->../src/msm.cpp:532->../src/msm.cpp:573]   --->   Operation 151 'store' 'store_ln498' <Predicate = (!trunc_ln531)> <Delay = 1.23> <CoreInst = "RAM_T2P_URAM">   --->   Core 99 'RAM_T2P_URAM' <Latency = 1> <II = 1> <Delay = 1.23> <Storage> <Opcode : 'load' 'store'> <Ports = 2> <Width = 256> <Depth = 13312> <RAM>
ST_32 : Operation 152 [1/1] ( I:1.23ns O:1.23ns )   --->   "%store_ln499 = store i256 %new_bucket_point_t, i14 %buckets_t_addr" [../src/msm.cpp:499->../src/msm.cpp:532->../src/msm.cpp:573]   --->   Operation 152 'store' 'store_ln499' <Predicate = (!trunc_ln531)> <Delay = 1.23> <CoreInst = "RAM_T2P_URAM">   --->   Core 99 'RAM_T2P_URAM' <Latency = 1> <II = 1> <Delay = 1.23> <Storage> <Opcode : 'load' 'store'> <Ports = 2> <Width = 256> <Depth = 13312> <RAM>
ST_32 : Operation 153 [1/1] (0.00ns)   --->   "%br_ln499 = br void %arrayidx41.3.i.exit24.i" [../src/msm.cpp:499->../src/msm.cpp:532->../src/msm.cpp:573]   --->   Operation 153 'br' 'br_ln499' <Predicate = (!trunc_ln531)> <Delay = 0.00>
ST_32 : Operation 154 [1/1] ( I:1.23ns O:1.23ns )   --->   "%store_ln496 = store i256 %new_bucket_point_x, i14 %buckets_x_1_addr" [../src/msm.cpp:496->../src/msm.cpp:532->../src/msm.cpp:573]   --->   Operation 154 'store' 'store_ln496' <Predicate = (trunc_ln531)> <Delay = 1.23> <CoreInst = "RAM_T2P_URAM">   --->   Core 99 'RAM_T2P_URAM' <Latency = 1> <II = 1> <Delay = 1.23> <Storage> <Opcode : 'load' 'store'> <Ports = 2> <Width = 256> <Depth = 13312> <RAM>
ST_32 : Operation 155 [1/1] ( I:1.23ns O:1.23ns )   --->   "%store_ln497 = store i256 %new_bucket_point_y, i14 %buckets_y_1_addr" [../src/msm.cpp:497->../src/msm.cpp:532->../src/msm.cpp:573]   --->   Operation 155 'store' 'store_ln497' <Predicate = (trunc_ln531)> <Delay = 1.23> <CoreInst = "RAM_T2P_URAM">   --->   Core 99 'RAM_T2P_URAM' <Latency = 1> <II = 1> <Delay = 1.23> <Storage> <Opcode : 'load' 'store'> <Ports = 2> <Width = 256> <Depth = 13312> <RAM>
ST_32 : Operation 156 [1/1] ( I:1.23ns O:1.23ns )   --->   "%store_ln498 = store i256 %new_bucket_point_z, i14 %buckets_z_1_addr" [../src/msm.cpp:498->../src/msm.cpp:532->../src/msm.cpp:573]   --->   Operation 156 'store' 'store_ln498' <Predicate = (trunc_ln531)> <Delay = 1.23> <CoreInst = "RAM_T2P_URAM">   --->   Core 99 'RAM_T2P_URAM' <Latency = 1> <II = 1> <Delay = 1.23> <Storage> <Opcode : 'load' 'store'> <Ports = 2> <Width = 256> <Depth = 13312> <RAM>
ST_32 : Operation 157 [1/1] ( I:1.23ns O:1.23ns )   --->   "%store_ln499 = store i256 %new_bucket_point_t, i14 %buckets_t_1_addr" [../src/msm.cpp:499->../src/msm.cpp:532->../src/msm.cpp:573]   --->   Operation 157 'store' 'store_ln499' <Predicate = (trunc_ln531)> <Delay = 1.23> <CoreInst = "RAM_T2P_URAM">   --->   Core 99 'RAM_T2P_URAM' <Latency = 1> <II = 1> <Delay = 1.23> <Storage> <Opcode : 'load' 'store'> <Ports = 2> <Width = 256> <Depth = 13312> <RAM>
ST_32 : Operation 158 [1/1] (0.00ns)   --->   "%br_ln499 = br void %arrayidx41.3.i.exit24.i" [../src/msm.cpp:499->../src/msm.cpp:532->../src/msm.cpp:573]   --->   Operation 158 'br' 'br_ln499' <Predicate = (trunc_ln531)> <Delay = 0.00>


============================================================
+ Verbose Summary: Timing violations
============================================================
Target clock period: 4.000ns, clock uncertainty: 1.080ns.

 <State 1>: 1.664ns
The critical path consists of the following:
	'store' operation 0 bit ('store_ln528', ../src/msm.cpp:528->../src/msm.cpp:573) of constant 0 on local variable 'j', ../src/msm.cpp:528->../src/msm.cpp:573 [30]  (0.427 ns)
	'load' operation 5 bit ('j', ../src/msm.cpp:528->../src/msm.cpp:573) on local variable 'j', ../src/msm.cpp:528->../src/msm.cpp:573 [33]  (0.000 ns)
	'getelementptr' operation 4 bit ('scalar_partition_buffer_addr', ../src/msm.cpp:531->../src/msm.cpp:573) [45]  (0.000 ns)
	'load' operation 15 bit ('scalar_partition_buffer_load', ../src/msm.cpp:531->../src/msm.cpp:573) on array 'scalar_partition_buffer' [47]  (1.237 ns)

 <State 2>: 2.362ns
The critical path consists of the following:
	'load' operation 15 bit ('scalar_partition_buffer_load', ../src/msm.cpp:531->../src/msm.cpp:573) on array 'scalar_partition_buffer' [47]  (1.237 ns)
	'select' operation 15 bit ('scalar_partition', ../src/msm.cpp:531->../src/msm.cpp:573) [49]  (0.294 ns)
	'add' operation 14 bit ('add_ln532', ../src/msm.cpp:532->../src/msm.cpp:573) [52]  (0.831 ns)

 <State 3>: 1.237ns
The critical path consists of the following:
	'getelementptr' operation 14 bit ('buckets_x_addr', ../src/msm.cpp:532->../src/msm.cpp:573) [54]  (0.000 ns)
	'load' operation 256 bit ('buckets_x_load', ../src/msm.cpp:482->../src/msm.cpp:532->../src/msm.cpp:573) on array 'buckets_x' [62]  (1.237 ns)

 <State 4>: 1.749ns
The critical path consists of the following:
	'load' operation 256 bit ('buckets_x_load', ../src/msm.cpp:482->../src/msm.cpp:532->../src/msm.cpp:573) on array 'buckets_x' [62]  (1.237 ns)
	'select' operation 256 bit ('select_ln482', ../src/msm.cpp:482->../src/msm.cpp:532->../src/msm.cpp:573) [64]  (0.512 ns)

 <State 5>: 2.382ns
The critical path consists of the following:
	'or' operation 256 bit ('or_ln482', ../src/msm.cpp:482->../src/msm.cpp:532->../src/msm.cpp:573) [68]  (0.000 ns)
	'icmp' operation 1 bit ('icmp_ln482', ../src/msm.cpp:482->../src/msm.cpp:532->../src/msm.cpp:573) [69]  (1.955 ns)
	multiplexor before 'phi' operation 256 bit ('p_0_0_043_i_i_i', ../src/msm.cpp:482->../src/msm.cpp:532->../src/msm.cpp:573) with incoming values : ('select_ln482_1', ../src/msm.cpp:482->../src/msm.cpp:532->../src/msm.cpp:573) [88]  (0.427 ns)

 <State 6>: 1.237ns
The critical path consists of the following:
	'store' operation 0 bit ('store_ln485', ../src/msm.cpp:485->../src/msm.cpp:532->../src/msm.cpp:573) of constant 0 on array 'buckets_x_1' [80]  (1.237 ns)

 <State 7>: 0.000ns
The critical path consists of the following:

 <State 8>: 1.749ns
The critical path consists of the following:
	'load' operation 256 bit ('buckets_z_load', ../src/msm.cpp:492->../src/msm.cpp:532->../src/msm.cpp:573) on array 'buckets_z' [90]  (1.237 ns)
	'select' operation 256 bit ('select_ln492', ../src/msm.cpp:492->../src/msm.cpp:532->../src/msm.cpp:573) [92]  (0.512 ns)

 <State 9>: 2.611ns
The critical path consists of the following:
	'phi' operation 256 bit ('p_0_0_043_i_i_i', ../src/msm.cpp:482->../src/msm.cpp:532->../src/msm.cpp:573) with incoming values : ('select_ln482_1', ../src/msm.cpp:482->../src/msm.cpp:532->../src/msm.cpp:573) [88]  (0.000 ns)
	'call' operation 1024 bit ('call_ret_i', ../src/msm.cpp:491->../src/msm.cpp:532->../src/msm.cpp:573) to 'edwards_point_add' [96]  (2.611 ns)

 <State 10>: 2.850ns
The critical path consists of the following:
	'call' operation 1024 bit ('call_ret_i', ../src/msm.cpp:491->../src/msm.cpp:532->../src/msm.cpp:573) to 'edwards_point_add' [96]  (2.850 ns)

 <State 11>: 2.850ns
The critical path consists of the following:
	'call' operation 1024 bit ('call_ret_i', ../src/msm.cpp:491->../src/msm.cpp:532->../src/msm.cpp:573) to 'edwards_point_add' [96]  (2.850 ns)

 <State 12>: 2.850ns
The critical path consists of the following:
	'call' operation 1024 bit ('call_ret_i', ../src/msm.cpp:491->../src/msm.cpp:532->../src/msm.cpp:573) to 'edwards_point_add' [96]  (2.850 ns)

 <State 13>: 2.850ns
The critical path consists of the following:
	'call' operation 1024 bit ('call_ret_i', ../src/msm.cpp:491->../src/msm.cpp:532->../src/msm.cpp:573) to 'edwards_point_add' [96]  (2.850 ns)

 <State 14>: 2.850ns
The critical path consists of the following:
	'call' operation 1024 bit ('call_ret_i', ../src/msm.cpp:491->../src/msm.cpp:532->../src/msm.cpp:573) to 'edwards_point_add' [96]  (2.850 ns)

 <State 15>: 2.850ns
The critical path consists of the following:
	'call' operation 1024 bit ('call_ret_i', ../src/msm.cpp:491->../src/msm.cpp:532->../src/msm.cpp:573) to 'edwards_point_add' [96]  (2.850 ns)

 <State 16>: 2.850ns
The critical path consists of the following:
	'call' operation 1024 bit ('call_ret_i', ../src/msm.cpp:491->../src/msm.cpp:532->../src/msm.cpp:573) to 'edwards_point_add' [96]  (2.850 ns)

 <State 17>: 2.850ns
The critical path consists of the following:
	'call' operation 1024 bit ('call_ret_i', ../src/msm.cpp:491->../src/msm.cpp:532->../src/msm.cpp:573) to 'edwards_point_add' [96]  (2.850 ns)

 <State 18>: 2.850ns
The critical path consists of the following:
	'call' operation 1024 bit ('call_ret_i', ../src/msm.cpp:491->../src/msm.cpp:532->../src/msm.cpp:573) to 'edwards_point_add' [96]  (2.850 ns)

 <State 19>: 2.850ns
The critical path consists of the following:
	'call' operation 1024 bit ('call_ret_i', ../src/msm.cpp:491->../src/msm.cpp:532->../src/msm.cpp:573) to 'edwards_point_add' [96]  (2.850 ns)

 <State 20>: 2.850ns
The critical path consists of the following:
	'call' operation 1024 bit ('call_ret_i', ../src/msm.cpp:491->../src/msm.cpp:532->../src/msm.cpp:573) to 'edwards_point_add' [96]  (2.850 ns)

 <State 21>: 2.850ns
The critical path consists of the following:
	'call' operation 1024 bit ('call_ret_i', ../src/msm.cpp:491->../src/msm.cpp:532->../src/msm.cpp:573) to 'edwards_point_add' [96]  (2.850 ns)

 <State 22>: 2.850ns
The critical path consists of the following:
	'call' operation 1024 bit ('call_ret_i', ../src/msm.cpp:491->../src/msm.cpp:532->../src/msm.cpp:573) to 'edwards_point_add' [96]  (2.850 ns)

 <State 23>: 2.850ns
The critical path consists of the following:
	'call' operation 1024 bit ('call_ret_i', ../src/msm.cpp:491->../src/msm.cpp:532->../src/msm.cpp:573) to 'edwards_point_add' [96]  (2.850 ns)

 <State 24>: 2.850ns
The critical path consists of the following:
	'call' operation 1024 bit ('call_ret_i', ../src/msm.cpp:491->../src/msm.cpp:532->../src/msm.cpp:573) to 'edwards_point_add' [96]  (2.850 ns)

 <State 25>: 2.850ns
The critical path consists of the following:
	'call' operation 1024 bit ('call_ret_i', ../src/msm.cpp:491->../src/msm.cpp:532->../src/msm.cpp:573) to 'edwards_point_add' [96]  (2.850 ns)

 <State 26>: 2.850ns
The critical path consists of the following:
	'call' operation 1024 bit ('call_ret_i', ../src/msm.cpp:491->../src/msm.cpp:532->../src/msm.cpp:573) to 'edwards_point_add' [96]  (2.850 ns)

 <State 27>: 2.850ns
The critical path consists of the following:
	'call' operation 1024 bit ('call_ret_i', ../src/msm.cpp:491->../src/msm.cpp:532->../src/msm.cpp:573) to 'edwards_point_add' [96]  (2.850 ns)

 <State 28>: 2.850ns
The critical path consists of the following:
	'call' operation 1024 bit ('call_ret_i', ../src/msm.cpp:491->../src/msm.cpp:532->../src/msm.cpp:573) to 'edwards_point_add' [96]  (2.850 ns)

 <State 29>: 2.850ns
The critical path consists of the following:
	'call' operation 1024 bit ('call_ret_i', ../src/msm.cpp:491->../src/msm.cpp:532->../src/msm.cpp:573) to 'edwards_point_add' [96]  (2.850 ns)

 <State 30>: 2.850ns
The critical path consists of the following:
	'call' operation 1024 bit ('call_ret_i', ../src/msm.cpp:491->../src/msm.cpp:532->../src/msm.cpp:573) to 'edwards_point_add' [96]  (2.850 ns)

 <State 31>: 2.467ns
The critical path consists of the following:
	'call' operation 1024 bit ('call_ret_i', ../src/msm.cpp:491->../src/msm.cpp:532->../src/msm.cpp:573) to 'edwards_point_add' [96]  (2.467 ns)

 <State 32>: 1.237ns
The critical path consists of the following:
	'store' operation 0 bit ('store_ln496', ../src/msm.cpp:496->../src/msm.cpp:532->../src/msm.cpp:573) of variable 'new_bucket_point_x', ../src/msm.cpp:491->../src/msm.cpp:532->../src/msm.cpp:573 on array 'buckets_x' [103]  (1.237 ns)


============================================================
+ Verbose Summary: Binding
============================================================
N/A
* FSMD analyzer results:
  - Output states:
 - Input state : 
  - Chain level:
	State 1
	State 2
	State 3
	State 4
	State 5
	State 6
	State 7
	State 8
	State 9
	State 10
	State 11
	State 12
	State 13
	State 14
	State 15
	State 16
	State 17
	State 18
	State 19
	State 20
	State 21
	State 22
	State 23
	State 24
	State 25
	State 26
	State 27
	State 28
	State 29
	State 30
	State 31
	State 32


============================================================
+ Verbose Summary: Datapath Resource usage 
============================================================
N/A
