

================================================================
== Vitis HLS Report for 'pippenger_control'
================================================================
* Date:           Tue Apr 29 06:14:30 2025

* Version:        2024.2 (Build 5238294 on Nov  8 2024)
* Project:        msm_2
* Solution:       solution1 (Vivado IP Flow Target)
* Product family: zynquplus
* Target device:  xczu7ev-ffvc1156-2-e


================================================================
== Performance Estimates
================================================================
+ Timing: 
    * Summary: 
    +--------+---------+----------+------------+
    |  Clock |  Target | Estimated| Uncertainty|
    +--------+---------+----------+------------+
    |ap_clk  |  4.00 ns|  2.850 ns|     1.08 ns|
    +--------+---------+----------+------------+

+ Latency: 
    * Summary: 
    +---------+------------+----------+-----------+-------+------------+---------+
    |   Latency (cycles)   |  Latency (absolute)  |      Interval      | Pipeline|
    |   min   |     max    |    min   |    max    |  min  |     max    |   Type  |
    +---------+------------+----------+-----------+-------+------------+---------+
    |    26769|  1946183709|  0.107 ms|  7.785 sec|  26769|  1946183709|       no|
    +---------+------------+----------+-----------+-------+------------+---------+

    + Detail: 
        * Instance: 
        +-------------------------------------------------------------+--------------------------------------------------+---------+---------+----------+----------+-------+-------+------------------------------------------------+
        |                                                             |                                                  |  Latency (cycles) |  Latency (absolute) |    Interval   |                    Pipeline                    |
        |                           Instance                          |                      Module                      |   min   |   max   |    min   |    max   |  min  |  max  |                      Type                      |
        +-------------------------------------------------------------+--------------------------------------------------+---------+---------+----------+----------+-------+-------+------------------------------------------------+
        |grp_pippenger_control_Pipeline_PARTITION_SCALAR_fu_155       |pippenger_control_Pipeline_PARTITION_SCALAR       |       28|       28|  0.112 us|  0.112 us|     26|     26|  loop auto-rewind stp (delay=0 clock cycles(s))|
        |grp_aggregate_and_output_results_fu_163                      |aggregate_and_output_results                      |    26651|    26651|  0.107 ms|  0.107 ms|  26651|  26651|                                              no|
        |grp_pippenger_control_Pipeline_PUT_INTO_BUCKETS_LOOP_fu_177  |pippenger_control_Pipeline_PUT_INTO_BUCKETS_LOOP  |       83|       83|  0.332 us|  0.332 us|     54|     54|  loop auto-rewind stp (delay=0 clock cycles(s))|
        +-------------------------------------------------------------+--------------------------------------------------+---------+---------+----------+----------+-------+-------+------------------------------------------------+

        * Loop: 
        +-------------+---------+------------+----------+-----------+-----------+--------------+----------+
        |             |   Latency (cycles)   | Iteration|  Initiation Interval  |     Trip     |          |
        |  Loop Name  |   min   |     max    |  Latency |  achieved |   target  |     Count    | Pipelined|
        +-------------+---------+------------+----------+-----------+-----------+--------------+----------+
        |- MAIN_LOOP  |      116|  1946157056|       116|          -|          -|  1 ~ 16777216|        no|
        +-------------+---------+------------+----------+-----------+-----------+--------------+----------+

============================================================
+ Verbose Summary: Synthesis Manager
============================================================
InlineROM: 1
ExposeGlobal: 0
============================================================
+ Verbose Summary: CDFG Model
============================================================
IsTopModel: 0
ResetActiveHigh: 1
IsCombinational: 2
IsDatapathOnly: 0
HasWiredReturn: 1
HasMFsm: 0
HasVarLatency: 1
IsPipeline: 0
IsRtlPipelined: 0
IsInstanceOverlapped: 0
IsDontTouch: 0
HasImplIP: 0
IsGatedGlobalClock: 0


============================================================
+ Verbose Summary: Schedule
============================================================
* Number of FSM states : 7
* Pipeline : 0
* Dataflow Pipeline: 0

* FSM state transitions: 
1 --> 2 
2 --> 3 7 
3 --> 4 
4 --> 5 
5 --> 6 
6 --> 2 
7 --> 

* FSM state operations: 

State 1 <SV = 0> <Delay = 1.23>
ST_1 : Operation 8 [1/1] (1.23ns)   --->   "%scalar_partition_buffer = alloca i64 1" [../src/msm.cpp:512->../src/msm.cpp:573]   --->   Operation 8 'alloca' 'scalar_partition_buffer' <Predicate = true> <Delay = 1.23> <CoreInst = "RAM_T2P_BRAM">   --->   Core 98 'RAM_T2P_BRAM' <Latency = 1> <II = 1> <Delay = 1.23> <Storage> <Opcode : 'load' 'store'> <Ports = 2> <Width = 15> <Depth = 13> <RAM>
ST_1 : Operation 9 [1/1] (1.23ns)   --->   "%scalar_partition_buffer_2 = alloca i64 1" [../src/msm.cpp:512->../src/msm.cpp:573]   --->   Operation 9 'alloca' 'scalar_partition_buffer_2' <Predicate = true> <Delay = 1.23> <CoreInst = "RAM_T2P_BRAM">   --->   Core 98 'RAM_T2P_BRAM' <Latency = 1> <II = 1> <Delay = 1.23> <Storage> <Opcode : 'load' 'store'> <Ports = 2> <Width = 15> <Depth = 13> <RAM>
ST_1 : Operation 10 [1/1] (1.23ns)   --->   "%buckets_x = alloca i64 1" [../src/msm.cpp:568]   --->   Operation 10 'alloca' 'buckets_x' <Predicate = true> <Delay = 1.23> <CoreInst = "RAM_T2P_URAM">   --->   Core 99 'RAM_T2P_URAM' <Latency = 1> <II = 1> <Delay = 1.23> <Storage> <Opcode : 'load' 'store'> <Ports = 2> <Width = 256> <Depth = 13312> <RAM>
ST_1 : Operation 11 [1/1] (1.23ns)   --->   "%buckets_x_1 = alloca i64 1" [../src/msm.cpp:568]   --->   Operation 11 'alloca' 'buckets_x_1' <Predicate = true> <Delay = 1.23> <CoreInst = "RAM_T2P_URAM">   --->   Core 99 'RAM_T2P_URAM' <Latency = 1> <II = 1> <Delay = 1.23> <Storage> <Opcode : 'load' 'store'> <Ports = 2> <Width = 256> <Depth = 13312> <RAM>
ST_1 : Operation 12 [1/1] (1.23ns)   --->   "%buckets_y = alloca i64 1" [../src/msm.cpp:568]   --->   Operation 12 'alloca' 'buckets_y' <Predicate = true> <Delay = 1.23> <CoreInst = "RAM_T2P_URAM">   --->   Core 99 'RAM_T2P_URAM' <Latency = 1> <II = 1> <Delay = 1.23> <Storage> <Opcode : 'load' 'store'> <Ports = 2> <Width = 256> <Depth = 13312> <RAM>
ST_1 : Operation 13 [1/1] (1.23ns)   --->   "%buckets_y_1 = alloca i64 1" [../src/msm.cpp:568]   --->   Operation 13 'alloca' 'buckets_y_1' <Predicate = true> <Delay = 1.23> <CoreInst = "RAM_T2P_URAM">   --->   Core 99 'RAM_T2P_URAM' <Latency = 1> <II = 1> <Delay = 1.23> <Storage> <Opcode : 'load' 'store'> <Ports = 2> <Width = 256> <Depth = 13312> <RAM>
ST_1 : Operation 14 [1/1] (1.23ns)   --->   "%buckets_z = alloca i64 1" [../src/msm.cpp:568]   --->   Operation 14 'alloca' 'buckets_z' <Predicate = true> <Delay = 1.23> <CoreInst = "RAM_T2P_URAM">   --->   Core 99 'RAM_T2P_URAM' <Latency = 1> <II = 1> <Delay = 1.23> <Storage> <Opcode : 'load' 'store'> <Ports = 2> <Width = 256> <Depth = 13312> <RAM>
ST_1 : Operation 15 [1/1] (1.23ns)   --->   "%buckets_z_1 = alloca i64 1" [../src/msm.cpp:568]   --->   Operation 15 'alloca' 'buckets_z_1' <Predicate = true> <Delay = 1.23> <CoreInst = "RAM_T2P_URAM">   --->   Core 99 'RAM_T2P_URAM' <Latency = 1> <II = 1> <Delay = 1.23> <Storage> <Opcode : 'load' 'store'> <Ports = 2> <Width = 256> <Depth = 13312> <RAM>
ST_1 : Operation 16 [1/1] (1.23ns)   --->   "%buckets_t = alloca i64 1" [../src/msm.cpp:568]   --->   Operation 16 'alloca' 'buckets_t' <Predicate = true> <Delay = 1.23> <CoreInst = "RAM_T2P_URAM">   --->   Core 99 'RAM_T2P_URAM' <Latency = 1> <II = 1> <Delay = 1.23> <Storage> <Opcode : 'load' 'store'> <Ports = 2> <Width = 256> <Depth = 13312> <RAM>
ST_1 : Operation 17 [1/1] (1.23ns)   --->   "%buckets_t_1 = alloca i64 1" [../src/msm.cpp:568]   --->   Operation 17 'alloca' 'buckets_t_1' <Predicate = true> <Delay = 1.23> <CoreInst = "RAM_T2P_URAM">   --->   Core 99 'RAM_T2P_URAM' <Latency = 1> <II = 1> <Delay = 1.23> <Storage> <Opcode : 'load' 'store'> <Ports = 2> <Width = 256> <Depth = 13312> <RAM>
ST_1 : Operation 18 [1/1] (0.00ns)   --->   "%specinterface_ln0 = specinterface void @_ssdm_op_SpecInterface, i1024 %point_result_stream, void @empty_3, i32 0, i32 0, void @empty_15, i32 0, i32 0, void @empty_15, void @empty_15, void @empty_15, i32 0, i32 0, i32 0, i32 0, void @empty_15, void @empty_15, i32 4294967295, i32 0, i32 0"   --->   Operation 18 'specinterface' 'specinterface_ln0' <Predicate = true> <Delay = 0.00>
ST_1 : Operation 19 [1/1] (0.00ns)   --->   "%specinterface_ln0 = specinterface void @_ssdm_op_SpecInterface, i1024 %point_result_stream, void @empty_3, i32 0, i32 0, void @empty_15, i32 0, i32 0, void @empty_15, void @empty_15, void @empty_15, i32 0, i32 0, i32 0, i32 0, void @empty_15, void @empty_15, i32 4294967295, i32 0, i32 0"   --->   Operation 19 'specinterface' 'specinterface_ln0' <Predicate = true> <Delay = 0.00>
ST_1 : Operation 20 [1/1] (0.00ns)   --->   "%specinterface_ln0 = specinterface void @_ssdm_op_SpecInterface, i1024 %point_result_stream, void @empty_3, i32 0, i32 0, void @empty_15, i32 0, i32 0, void @empty_15, void @empty_15, void @empty_15, i32 0, i32 0, i32 0, i32 0, void @empty_15, void @empty_15, i32 4294967295, i32 0, i32 0"   --->   Operation 20 'specinterface' 'specinterface_ln0' <Predicate = true> <Delay = 0.00>
ST_1 : Operation 21 [1/1] (0.00ns)   --->   "%specinterface_ln0 = specinterface void @_ssdm_op_SpecInterface, i256 %scalar_point_stream, void @empty_3, i32 0, i32 0, void @empty_15, i32 0, i32 0, void @empty_15, void @empty_15, void @empty_15, i32 0, i32 0, i32 0, i32 0, void @empty_15, void @empty_15, i32 4294967295, i32 0, i32 0"   --->   Operation 21 'specinterface' 'specinterface_ln0' <Predicate = true> <Delay = 0.00>
ST_1 : Operation 22 [1/1] (0.00ns)   --->   "%specinterface_ln0 = specinterface void @_ssdm_op_SpecInterface, i256 %scalar_point_stream, void @empty_3, i32 0, i32 0, void @empty_15, i32 0, i32 0, void @empty_15, void @empty_15, void @empty_15, i32 0, i32 0, i32 0, i32 0, void @empty_15, void @empty_15, i32 4294967295, i32 0, i32 0"   --->   Operation 22 'specinterface' 'specinterface_ln0' <Predicate = true> <Delay = 0.00>
ST_1 : Operation 23 [1/1] (0.00ns)   --->   "%specinterface_ln0 = specinterface void @_ssdm_op_SpecInterface, i256 %scalar_point_stream, void @empty_3, i32 0, i32 0, void @empty_15, i32 0, i32 0, void @empty_15, void @empty_15, void @empty_15, i32 0, i32 0, i32 0, i32 0, void @empty_15, void @empty_15, i32 4294967295, i32 0, i32 0"   --->   Operation 23 'specinterface' 'specinterface_ln0' <Predicate = true> <Delay = 0.00>
ST_1 : Operation 24 [1/1] (0.00ns)   --->   "%specinterface_ln0 = specinterface void @_ssdm_op_SpecInterface, i256 %t_point_stream, void @empty_3, i32 0, i32 0, void @empty_15, i32 0, i32 0, void @empty_15, void @empty_15, void @empty_15, i32 0, i32 0, i32 0, i32 0, void @empty_15, void @empty_15, i32 4294967295, i32 0, i32 0"   --->   Operation 24 'specinterface' 'specinterface_ln0' <Predicate = true> <Delay = 0.00>
ST_1 : Operation 25 [1/1] (0.00ns)   --->   "%specinterface_ln0 = specinterface void @_ssdm_op_SpecInterface, i256 %t_point_stream, void @empty_3, i32 0, i32 0, void @empty_15, i32 0, i32 0, void @empty_15, void @empty_15, void @empty_15, i32 0, i32 0, i32 0, i32 0, void @empty_15, void @empty_15, i32 4294967295, i32 0, i32 0"   --->   Operation 25 'specinterface' 'specinterface_ln0' <Predicate = true> <Delay = 0.00>
ST_1 : Operation 26 [1/1] (0.00ns)   --->   "%specinterface_ln0 = specinterface void @_ssdm_op_SpecInterface, i256 %t_point_stream, void @empty_3, i32 0, i32 0, void @empty_15, i32 0, i32 0, void @empty_15, void @empty_15, void @empty_15, i32 0, i32 0, i32 0, i32 0, void @empty_15, void @empty_15, i32 4294967295, i32 0, i32 0"   --->   Operation 26 'specinterface' 'specinterface_ln0' <Predicate = true> <Delay = 0.00>
ST_1 : Operation 27 [1/1] (0.00ns)   --->   "%specinterface_ln0 = specinterface void @_ssdm_op_SpecInterface, i256 %x_point_stream, void @empty_3, i32 0, i32 0, void @empty_15, i32 0, i32 0, void @empty_15, void @empty_15, void @empty_15, i32 0, i32 0, i32 0, i32 0, void @empty_15, void @empty_15, i32 4294967295, i32 0, i32 0"   --->   Operation 27 'specinterface' 'specinterface_ln0' <Predicate = true> <Delay = 0.00>
ST_1 : Operation 28 [1/1] (0.00ns)   --->   "%specinterface_ln0 = specinterface void @_ssdm_op_SpecInterface, i256 %x_point_stream, void @empty_3, i32 0, i32 0, void @empty_15, i32 0, i32 0, void @empty_15, void @empty_15, void @empty_15, i32 0, i32 0, i32 0, i32 0, void @empty_15, void @empty_15, i32 4294967295, i32 0, i32 0"   --->   Operation 28 'specinterface' 'specinterface_ln0' <Predicate = true> <Delay = 0.00>
ST_1 : Operation 29 [1/1] (0.00ns)   --->   "%specinterface_ln0 = specinterface void @_ssdm_op_SpecInterface, i256 %x_point_stream, void @empty_3, i32 0, i32 0, void @empty_15, i32 0, i32 0, void @empty_15, void @empty_15, void @empty_15, i32 0, i32 0, i32 0, i32 0, void @empty_15, void @empty_15, i32 4294967295, i32 0, i32 0"   --->   Operation 29 'specinterface' 'specinterface_ln0' <Predicate = true> <Delay = 0.00>
ST_1 : Operation 30 [1/1] (0.00ns)   --->   "%specinterface_ln0 = specinterface void @_ssdm_op_SpecInterface, i256 %y_point_stream, void @empty_3, i32 0, i32 0, void @empty_15, i32 0, i32 0, void @empty_15, void @empty_15, void @empty_15, i32 0, i32 0, i32 0, i32 0, void @empty_15, void @empty_15, i32 4294967295, i32 0, i32 0"   --->   Operation 30 'specinterface' 'specinterface_ln0' <Predicate = true> <Delay = 0.00>
ST_1 : Operation 31 [1/1] (0.00ns)   --->   "%specinterface_ln0 = specinterface void @_ssdm_op_SpecInterface, i256 %y_point_stream, void @empty_3, i32 0, i32 0, void @empty_15, i32 0, i32 0, void @empty_15, void @empty_15, void @empty_15, i32 0, i32 0, i32 0, i32 0, void @empty_15, void @empty_15, i32 4294967295, i32 0, i32 0"   --->   Operation 31 'specinterface' 'specinterface_ln0' <Predicate = true> <Delay = 0.00>
ST_1 : Operation 32 [1/1] (0.00ns)   --->   "%specinterface_ln0 = specinterface void @_ssdm_op_SpecInterface, i256 %y_point_stream, void @empty_3, i32 0, i32 0, void @empty_15, i32 0, i32 0, void @empty_15, void @empty_15, void @empty_15, i32 0, i32 0, i32 0, i32 0, void @empty_15, void @empty_15, i32 4294967295, i32 0, i32 0"   --->   Operation 32 'specinterface' 'specinterface_ln0' <Predicate = true> <Delay = 0.00>
ST_1 : Operation 33 [1/1] (0.00ns)   --->   "%specinterface_ln0 = specinterface void @_ssdm_op_SpecInterface, i256 %z_point_stream, void @empty_3, i32 0, i32 0, void @empty_15, i32 0, i32 0, void @empty_15, void @empty_15, void @empty_15, i32 0, i32 0, i32 0, i32 0, void @empty_15, void @empty_15, i32 4294967295, i32 0, i32 0"   --->   Operation 33 'specinterface' 'specinterface_ln0' <Predicate = true> <Delay = 0.00>
ST_1 : Operation 34 [1/1] (0.00ns)   --->   "%specinterface_ln0 = specinterface void @_ssdm_op_SpecInterface, i256 %z_point_stream, void @empty_3, i32 0, i32 0, void @empty_15, i32 0, i32 0, void @empty_15, void @empty_15, void @empty_15, i32 0, i32 0, i32 0, i32 0, void @empty_15, void @empty_15, i32 4294967295, i32 0, i32 0"   --->   Operation 34 'specinterface' 'specinterface_ln0' <Predicate = true> <Delay = 0.00>
ST_1 : Operation 35 [1/1] (0.00ns)   --->   "%specinterface_ln0 = specinterface void @_ssdm_op_SpecInterface, i256 %z_point_stream, void @empty_3, i32 0, i32 0, void @empty_15, i32 0, i32 0, void @empty_15, void @empty_15, void @empty_15, i32 0, i32 0, i32 0, i32 0, void @empty_15, void @empty_15, i32 4294967295, i32 0, i32 0"   --->   Operation 35 'specinterface' 'specinterface_ln0' <Predicate = true> <Delay = 0.00>
ST_1 : Operation 36 [1/1] (0.00ns)   --->   "%specinterface_ln0 = specinterface void @_ssdm_op_SpecInterface, i256 %scalar_point_stream, void @empty_3, i32 0, i32 0, void @empty_15, i32 0, i32 0, void @empty_15, void @empty_15, void @empty_15, i32 0, i32 0, i32 0, i32 0, void @empty_15, void @empty_15, i32 4294967295, i32 0, i32 0"   --->   Operation 36 'specinterface' 'specinterface_ln0' <Predicate = true> <Delay = 0.00>
ST_1 : Operation 37 [1/1] (0.00ns)   --->   "%specinterface_ln0 = specinterface void @_ssdm_op_SpecInterface, i256 %t_point_stream, void @empty_3, i32 0, i32 0, void @empty_15, i32 0, i32 0, void @empty_15, void @empty_15, void @empty_15, i32 0, i32 0, i32 0, i32 0, void @empty_15, void @empty_15, i32 4294967295, i32 0, i32 0"   --->   Operation 37 'specinterface' 'specinterface_ln0' <Predicate = true> <Delay = 0.00>
ST_1 : Operation 38 [1/1] (0.00ns)   --->   "%specinterface_ln0 = specinterface void @_ssdm_op_SpecInterface, i256 %z_point_stream, void @empty_3, i32 0, i32 0, void @empty_15, i32 0, i32 0, void @empty_15, void @empty_15, void @empty_15, i32 0, i32 0, i32 0, i32 0, void @empty_15, void @empty_15, i32 4294967295, i32 0, i32 0"   --->   Operation 38 'specinterface' 'specinterface_ln0' <Predicate = true> <Delay = 0.00>
ST_1 : Operation 39 [1/1] (0.00ns)   --->   "%specinterface_ln0 = specinterface void @_ssdm_op_SpecInterface, i256 %y_point_stream, void @empty_3, i32 0, i32 0, void @empty_15, i32 0, i32 0, void @empty_15, void @empty_15, void @empty_15, i32 0, i32 0, i32 0, i32 0, void @empty_15, void @empty_15, i32 4294967295, i32 0, i32 0"   --->   Operation 39 'specinterface' 'specinterface_ln0' <Predicate = true> <Delay = 0.00>
ST_1 : Operation 40 [1/1] (0.00ns)   --->   "%specinterface_ln0 = specinterface void @_ssdm_op_SpecInterface, i256 %x_point_stream, void @empty_3, i32 0, i32 0, void @empty_15, i32 0, i32 0, void @empty_15, void @empty_15, void @empty_15, i32 0, i32 0, i32 0, i32 0, void @empty_15, void @empty_15, i32 4294967295, i32 0, i32 0"   --->   Operation 40 'specinterface' 'specinterface_ln0' <Predicate = true> <Delay = 0.00>
ST_1 : Operation 41 [1/1] (0.00ns)   --->   "%specmemcore_ln569 = specmemcore void @_ssdm_op_SpecMemCore, i256 %buckets_x_1, i64 666, i64 31, i64 18446744073709551615" [../src/msm.cpp:569]   --->   Operation 41 'specmemcore' 'specmemcore_ln569' <Predicate = true> <Delay = 0.00>
ST_1 : Operation 42 [1/1] (0.00ns)   --->   "%specmemcore_ln569 = specmemcore void @_ssdm_op_SpecMemCore, i256 %buckets_x, i64 666, i64 31, i64 18446744073709551615" [../src/msm.cpp:569]   --->   Operation 42 'specmemcore' 'specmemcore_ln569' <Predicate = true> <Delay = 0.00>
ST_1 : Operation 43 [1/1] (0.00ns)   --->   "%specmemcore_ln569 = specmemcore void @_ssdm_op_SpecMemCore, i256 %buckets_y_1, i64 666, i64 31, i64 18446744073709551615" [../src/msm.cpp:569]   --->   Operation 43 'specmemcore' 'specmemcore_ln569' <Predicate = true> <Delay = 0.00>
ST_1 : Operation 44 [1/1] (0.00ns)   --->   "%specmemcore_ln569 = specmemcore void @_ssdm_op_SpecMemCore, i256 %buckets_y, i64 666, i64 31, i64 18446744073709551615" [../src/msm.cpp:569]   --->   Operation 44 'specmemcore' 'specmemcore_ln569' <Predicate = true> <Delay = 0.00>
ST_1 : Operation 45 [1/1] (0.00ns)   --->   "%specmemcore_ln569 = specmemcore void @_ssdm_op_SpecMemCore, i256 %buckets_z_1, i64 666, i64 31, i64 18446744073709551615" [../src/msm.cpp:569]   --->   Operation 45 'specmemcore' 'specmemcore_ln569' <Predicate = true> <Delay = 0.00>
ST_1 : Operation 46 [1/1] (0.00ns)   --->   "%specmemcore_ln569 = specmemcore void @_ssdm_op_SpecMemCore, i256 %buckets_z, i64 666, i64 31, i64 18446744073709551615" [../src/msm.cpp:569]   --->   Operation 46 'specmemcore' 'specmemcore_ln569' <Predicate = true> <Delay = 0.00>
ST_1 : Operation 47 [1/1] (0.00ns)   --->   "%specmemcore_ln569 = specmemcore void @_ssdm_op_SpecMemCore, i256 %buckets_t_1, i64 666, i64 31, i64 18446744073709551615" [../src/msm.cpp:569]   --->   Operation 47 'specmemcore' 'specmemcore_ln569' <Predicate = true> <Delay = 0.00>
ST_1 : Operation 48 [1/1] (0.00ns)   --->   "%specmemcore_ln569 = specmemcore void @_ssdm_op_SpecMemCore, i256 %buckets_t, i64 666, i64 31, i64 18446744073709551615" [../src/msm.cpp:569]   --->   Operation 48 'specmemcore' 'specmemcore_ln569' <Predicate = true> <Delay = 0.00>
ST_1 : Operation 49 [1/1] (0.00ns)   --->   "%specmemcore_ln514 = specmemcore void @_ssdm_op_SpecMemCore, i15 %scalar_partition_buffer_2, i64 666, i64 30, i64 18446744073709551615" [../src/msm.cpp:514->../src/msm.cpp:573]   --->   Operation 49 'specmemcore' 'specmemcore_ln514' <Predicate = true> <Delay = 0.00>
ST_1 : Operation 50 [1/1] (0.00ns)   --->   "%specmemcore_ln514 = specmemcore void @_ssdm_op_SpecMemCore, i15 %scalar_partition_buffer, i64 666, i64 30, i64 18446744073709551615" [../src/msm.cpp:514->../src/msm.cpp:573]   --->   Operation 50 'specmemcore' 'specmemcore_ln514' <Predicate = true> <Delay = 0.00>
ST_1 : Operation 51 [1/1] (0.00ns)   --->   "%scalar_partition_buffer_1_addr = getelementptr i15 %scalar_partition_buffer_2, i64 0, i64 12"   --->   Operation 51 'getelementptr' 'scalar_partition_buffer_1_addr' <Predicate = true> <Delay = 0.00>
ST_1 : Operation 52 [1/1] (0.00ns)   --->   "%br_ln516 = br void %while.cond.i.i" [../src/msm.cpp:516->../src/msm.cpp:573]   --->   Operation 52 'br' 'br_ln516' <Predicate = true> <Delay = 0.00>

State 2 <SV = 1> <Delay = 1.46>
ST_2 : Operation 53 [1/1] ( I:0.00ns O:0.00ns )   --->   "%tmp_i = nbreadreq i1 @_ssdm_op_NbReadReq.ap_fifo.i256P0A, i256 %x_point_stream, i32 1" [../src/msm.cpp:516->../src/msm.cpp:573]   --->   Operation 53 'nbreadreq' 'tmp_i' <Predicate = true> <Delay = 0.00> <CoreInst = "FIFO">   --->   Core 77 'FIFO' <Latency = 0> <II = 1> <Delay = 1.55> <Storage> <Opcode : 'read' 'write' 'nbread' 'nbwrite'> <Ports = 0> <Width = 256> <Depth = 64> <FIFO>
ST_2 : Operation 54 [1/1] (0.00ns)   --->   "%br_ln516 = br i1 %tmp_i, void %pippenger_control.exit, void %PUT_INTO_BUCKETS_LOOP.i.i" [../src/msm.cpp:516->../src/msm.cpp:573]   --->   Operation 54 'br' 'br_ln516' <Predicate = true> <Delay = 0.00>
ST_2 : Operation 55 [1/1] ( I:1.46ns O:1.46ns )   --->   "%x_point_stream_read = read i256 @_ssdm_op_Read.ap_fifo.volatile.i256P0A, i256 %x_point_stream" [../src/msm.cpp:519->../src/msm.cpp:573]   --->   Operation 55 'read' 'x_point_stream_read' <Predicate = (tmp_i)> <Delay = 1.46> <CoreInst = "FIFO">   --->   Core 77 'FIFO' <Latency = 0> <II = 1> <Delay = 1.55> <Storage> <Opcode : 'read' 'write' 'nbread' 'nbwrite'> <Ports = 0> <Width = 256> <Depth = 64> <FIFO>
ST_2 : Operation 56 [1/1] ( I:1.46ns O:1.46ns )   --->   "%y_point_stream_read = read i256 @_ssdm_op_Read.ap_fifo.volatile.i256P0A, i256 %y_point_stream" [../src/msm.cpp:520->../src/msm.cpp:573]   --->   Operation 56 'read' 'y_point_stream_read' <Predicate = (tmp_i)> <Delay = 1.46> <CoreInst = "FIFO">   --->   Core 77 'FIFO' <Latency = 0> <II = 1> <Delay = 1.55> <Storage> <Opcode : 'read' 'write' 'nbread' 'nbwrite'> <Ports = 0> <Width = 256> <Depth = 64> <FIFO>
ST_2 : Operation 57 [1/1] ( I:1.46ns O:1.46ns )   --->   "%z_point_stream_read = read i256 @_ssdm_op_Read.ap_fifo.volatile.i256P0A, i256 %z_point_stream" [../src/msm.cpp:521->../src/msm.cpp:573]   --->   Operation 57 'read' 'z_point_stream_read' <Predicate = (tmp_i)> <Delay = 1.46> <CoreInst = "FIFO">   --->   Core 77 'FIFO' <Latency = 0> <II = 1> <Delay = 1.55> <Storage> <Opcode : 'read' 'write' 'nbread' 'nbwrite'> <Ports = 0> <Width = 256> <Depth = 64> <FIFO>
ST_2 : Operation 58 [1/1] ( I:1.46ns O:1.46ns )   --->   "%t_point_stream_read = read i256 @_ssdm_op_Read.ap_fifo.volatile.i256P0A, i256 %t_point_stream" [../src/msm.cpp:522->../src/msm.cpp:573]   --->   Operation 58 'read' 't_point_stream_read' <Predicate = (tmp_i)> <Delay = 1.46> <CoreInst = "FIFO_SRL">   --->   Core 80 'FIFO_SRL' <Latency = 0> <II = 1> <Delay = 1.83> <Storage> <Opcode : 'read' 'write' 'nbread' 'nbwrite'> <Ports = 0> <Width = 256> <Depth = 2> <FIFO>
ST_2 : Operation 59 [1/1] ( I:1.46ns O:1.46ns )   --->   "%scalar = read i256 @_ssdm_op_Read.ap_fifo.volatile.i256P0A, i256 %scalar_point_stream" [../src/msm.cpp:463->../src/msm.cpp:525->../src/msm.cpp:573]   --->   Operation 59 'read' 'scalar' <Predicate = (tmp_i)> <Delay = 1.46> <CoreInst = "FIFO">   --->   Core 77 'FIFO' <Latency = 0> <II = 1> <Delay = 1.55> <Storage> <Opcode : 'read' 'write' 'nbread' 'nbwrite'> <Ports = 0> <Width = 256> <Depth = 64> <FIFO>
ST_2 : Operation 60 [2/2] (0.00ns)   --->   "%call_ln463 = call void @pippenger_control_Pipeline_PARTITION_SCALAR, i15 %scalar_partition_buffer_2, i15 %scalar_partition_buffer, i256 %scalar" [../src/msm.cpp:463->../src/msm.cpp:525->../src/msm.cpp:573]   --->   Operation 60 'call' 'call_ln463' <Predicate = (tmp_i)> <Delay = 0.00> <CoreType = "Generic">   --->   Generic Core
ST_2 : Operation 61 [1/1] (0.00ns)   --->   "%tmp_1_i = partselect i6 @_ssdm_op_PartSelect.i6.i256.i32, i256 %scalar, i32 250" [../src/msm.cpp:471->../src/msm.cpp:525->../src/msm.cpp:573]   --->   Operation 61 'partselect' 'tmp_1_i' <Predicate = (tmp_i)> <Delay = 0.00>
ST_2 : Operation 62 [2/2] (0.00ns)   --->   "%call_ln576 = call void @aggregate_and_output_results, i256 %buckets_x, i256 %buckets_x_1, i256 %buckets_y, i256 %buckets_y_1, i256 %buckets_z, i256 %buckets_z_1, i256 %buckets_t, i256 %buckets_t_1, i1024 %point_result_stream" [../src/msm.cpp:576]   --->   Operation 62 'call' 'call_ln576' <Predicate = (!tmp_i)> <Delay = 0.00> <CoreType = "Generic">   --->   Generic Core

State 3 <SV = 2> <Delay = 0.00>
ST_3 : Operation 63 [1/2] (0.00ns)   --->   "%call_ln463 = call void @pippenger_control_Pipeline_PARTITION_SCALAR, i15 %scalar_partition_buffer_2, i15 %scalar_partition_buffer, i256 %scalar" [../src/msm.cpp:463->../src/msm.cpp:525->../src/msm.cpp:573]   --->   Operation 63 'call' 'call_ln463' <Predicate = true> <Delay = 0.00> <CoreType = "Generic">   --->   Generic Core

State 4 <SV = 3> <Delay = 1.23>
ST_4 : Operation 64 [1/1] (0.00ns)   --->   "%zext_ln471 = zext i6 %tmp_1_i" [../src/msm.cpp:471->../src/msm.cpp:525->../src/msm.cpp:573]   --->   Operation 64 'zext' 'zext_ln471' <Predicate = true> <Delay = 0.00>
ST_4 : Operation 65 [1/1] ( I:1.23ns O:1.23ns )   --->   "%store_ln471 = store i15 %zext_ln471, i4 %scalar_partition_buffer_1_addr" [../src/msm.cpp:471->../src/msm.cpp:525->../src/msm.cpp:573]   --->   Operation 65 'store' 'store_ln471' <Predicate = true> <Delay = 1.23> <CoreInst = "RAM_T2P_BRAM">   --->   Core 98 'RAM_T2P_BRAM' <Latency = 1> <II = 1> <Delay = 1.23> <Storage> <Opcode : 'load' 'store'> <Ports = 2> <Width = 15> <Depth = 13> <RAM>

State 5 <SV = 4> <Delay = 0.00>
ST_5 : Operation 66 [2/2] (0.00ns)   --->   "%call_ln519 = call void @pippenger_control_Pipeline_PUT_INTO_BUCKETS_LOOP, i256 %x_point_stream_read, i256 %y_point_stream_read, i256 %z_point_stream_read, i256 %t_point_stream_read, i15 %scalar_partition_buffer, i15 %scalar_partition_buffer_2, i256 %buckets_x, i256 %buckets_x_1, i256 %buckets_y, i256 %buckets_y_1, i256 %buckets_z, i256 %buckets_z_1, i256 %buckets_t, i256 %buckets_t_1" [../src/msm.cpp:519->../src/msm.cpp:573]   --->   Operation 66 'call' 'call_ln519' <Predicate = true> <Delay = 0.00> <CoreType = "Generic">   --->   Generic Core

State 6 <SV = 5> <Delay = 0.00>
ST_6 : Operation 67 [1/1] (0.00ns)   --->   "%speclooptripcount_ln518 = speclooptripcount void @_ssdm_op_SpecLoopTripCount, i64 1, i64 16777216, i64 8388608" [../src/msm.cpp:518->../src/msm.cpp:573]   --->   Operation 67 'speclooptripcount' 'speclooptripcount_ln518' <Predicate = true> <Delay = 0.00>
ST_6 : Operation 68 [1/1] (0.00ns)   --->   "%specloopname_ln516 = specloopname void @_ssdm_op_SpecLoopName, void @empty_8" [../src/msm.cpp:516->../src/msm.cpp:573]   --->   Operation 68 'specloopname' 'specloopname_ln516' <Predicate = true> <Delay = 0.00>
ST_6 : Operation 69 [1/2] (0.00ns)   --->   "%call_ln519 = call void @pippenger_control_Pipeline_PUT_INTO_BUCKETS_LOOP, i256 %x_point_stream_read, i256 %y_point_stream_read, i256 %z_point_stream_read, i256 %t_point_stream_read, i15 %scalar_partition_buffer, i15 %scalar_partition_buffer_2, i256 %buckets_x, i256 %buckets_x_1, i256 %buckets_y, i256 %buckets_y_1, i256 %buckets_z, i256 %buckets_z_1, i256 %buckets_t, i256 %buckets_t_1" [../src/msm.cpp:519->../src/msm.cpp:573]   --->   Operation 69 'call' 'call_ln519' <Predicate = true> <Delay = 0.00> <CoreType = "Generic">   --->   Generic Core
ST_6 : Operation 70 [1/1] (0.00ns)   --->   "%br_ln516 = br void %while.cond.i.i" [../src/msm.cpp:516->../src/msm.cpp:573]   --->   Operation 70 'br' 'br_ln516' <Predicate = true> <Delay = 0.00>

State 7 <SV = 2> <Delay = 1.21>
ST_7 : Operation 71 [1/2] (1.21ns)   --->   "%call_ln576 = call void @aggregate_and_output_results, i256 %buckets_x, i256 %buckets_x_1, i256 %buckets_y, i256 %buckets_y_1, i256 %buckets_z, i256 %buckets_z_1, i256 %buckets_t, i256 %buckets_t_1, i1024 %point_result_stream" [../src/msm.cpp:576]   --->   Operation 71 'call' 'call_ln576' <Predicate = true> <Delay = 1.21> <CoreType = "Generic">   --->   Generic Core
ST_7 : Operation 72 [1/1] (0.00ns)   --->   "%ret_ln0 = ret"   --->   Operation 72 'ret' 'ret_ln0' <Predicate = true> <Delay = 0.00>


============================================================
+ Verbose Summary: Binding
============================================================
STG Binding: 
---------------- STG Properties BEGIN ----------------
- Is combinational: 0
- Is one-state seq: 0
- Is datapath-only: 0
- Is pipelined: 0
- Is top level: 0
Port [ Return ] is wired: 1; IO mode=ap_ctrl_hs:ce=0
Port [ x_point_stream]:  wired=1; compound=1; hidden=0; nouse=0; global=1; static=1; extern=0; dir=0; type=3; pingpong=0; private_global=0; IO mode=ap_fifo:ce=0
Port [ y_point_stream]:  wired=1; compound=1; hidden=0; nouse=0; global=1; static=1; extern=0; dir=0; type=3; pingpong=0; private_global=0; IO mode=ap_fifo:ce=0
Port [ z_point_stream]:  wired=1; compound=1; hidden=0; nouse=0; global=1; static=1; extern=0; dir=0; type=3; pingpong=0; private_global=0; IO mode=ap_fifo:ce=0
Port [ t_point_stream]:  wired=1; compound=1; hidden=0; nouse=0; global=1; static=1; extern=0; dir=0; type=3; pingpong=0; private_global=0; IO mode=ap_fifo:ce=0
Port [ scalar_point_stream]:  wired=1; compound=1; hidden=0; nouse=0; global=1; static=1; extern=0; dir=0; type=3; pingpong=0; private_global=0; IO mode=ap_fifo:ce=0
Port [ point_result_stream]:  wired=1; compound=1; hidden=0; nouse=0; global=1; static=1; extern=0; dir=1; type=3; pingpong=0; private_global=0; IO mode=ap_fifo:ce=0
---------------- STG Properties END ------------------

---------------- Datapath Model BEGIN ----------------

<LifeTime>
<method=bitvector/>
scalar_partition_buffer        (alloca           ) [ 00111110]
scalar_partition_buffer_2      (alloca           ) [ 00111110]
buckets_x                      (alloca           ) [ 00111111]
buckets_x_1                    (alloca           ) [ 00111111]
buckets_y                      (alloca           ) [ 00111111]
buckets_y_1                    (alloca           ) [ 00111111]
buckets_z                      (alloca           ) [ 00111111]
buckets_z_1                    (alloca           ) [ 00111111]
buckets_t                      (alloca           ) [ 00111111]
buckets_t_1                    (alloca           ) [ 00111111]
specinterface_ln0              (specinterface    ) [ 00000000]
specinterface_ln0              (specinterface    ) [ 00000000]
specinterface_ln0              (specinterface    ) [ 00000000]
specinterface_ln0              (specinterface    ) [ 00000000]
specinterface_ln0              (specinterface    ) [ 00000000]
specinterface_ln0              (specinterface    ) [ 00000000]
specinterface_ln0              (specinterface    ) [ 00000000]
specinterface_ln0              (specinterface    ) [ 00000000]
specinterface_ln0              (specinterface    ) [ 00000000]
specinterface_ln0              (specinterface    ) [ 00000000]
specinterface_ln0              (specinterface    ) [ 00000000]
specinterface_ln0              (specinterface    ) [ 00000000]
specinterface_ln0              (specinterface    ) [ 00000000]
specinterface_ln0              (specinterface    ) [ 00000000]
specinterface_ln0              (specinterface    ) [ 00000000]
specinterface_ln0              (specinterface    ) [ 00000000]
specinterface_ln0              (specinterface    ) [ 00000000]
specinterface_ln0              (specinterface    ) [ 00000000]
specinterface_ln0              (specinterface    ) [ 00000000]
specinterface_ln0              (specinterface    ) [ 00000000]
specinterface_ln0              (specinterface    ) [ 00000000]
specinterface_ln0              (specinterface    ) [ 00000000]
specinterface_ln0              (specinterface    ) [ 00000000]
specmemcore_ln569              (specmemcore      ) [ 00000000]
specmemcore_ln569              (specmemcore      ) [ 00000000]
specmemcore_ln569              (specmemcore      ) [ 00000000]
specmemcore_ln569              (specmemcore      ) [ 00000000]
specmemcore_ln569              (specmemcore      ) [ 00000000]
specmemcore_ln569              (specmemcore      ) [ 00000000]
specmemcore_ln569              (specmemcore      ) [ 00000000]
specmemcore_ln569              (specmemcore      ) [ 00000000]
specmemcore_ln514              (specmemcore      ) [ 00000000]
specmemcore_ln514              (specmemcore      ) [ 00000000]
scalar_partition_buffer_1_addr (getelementptr    ) [ 00111110]
br_ln516                       (br               ) [ 00000000]
tmp_i                          (nbreadreq        ) [ 00111110]
br_ln516                       (br               ) [ 00000000]
x_point_stream_read            (read             ) [ 00011110]
y_point_stream_read            (read             ) [ 00011110]
z_point_stream_read            (read             ) [ 00011110]
t_point_stream_read            (read             ) [ 00011110]
scalar                         (read             ) [ 00010000]
tmp_1_i                        (partselect       ) [ 00011000]
call_ln463                     (call             ) [ 00000000]
zext_ln471                     (zext             ) [ 00000000]
store_ln471                    (store            ) [ 00000000]
speclooptripcount_ln518        (speclooptripcount) [ 00000000]
specloopname_ln516             (specloopname     ) [ 00000000]
call_ln519                     (call             ) [ 00000000]
br_ln516                       (br               ) [ 00000000]
call_ln576                     (call             ) [ 00000000]
ret_ln0                        (ret              ) [ 00000000]
</LifeTime>

<model>

<comp_list>
<comp id="0" class="1000" name="x_point_stream">
<pin_list>
<pin id="1" dir="1" index="0" bw="1" slack="0"/>
</pin_list>
<bind>
<StgValue><ssdm name="x_point_stream"/></StgValue>
</bind>
</comp>

<comp id="2" class="1000" name="y_point_stream">
<pin_list>
<pin id="3" dir="1" index="0" bw="1" slack="0"/>
</pin_list>
<bind>
<StgValue><ssdm name="y_point_stream"/></StgValue>
</bind>
</comp>

<comp id="4" class="1000" name="z_point_stream">
<pin_list>
<pin id="5" dir="1" index="0" bw="1" slack="0"/>
</pin_list>
<bind>
<StgValue><ssdm name="z_point_stream"/></StgValue>
</bind>
</comp>

<comp id="6" class="1000" name="t_point_stream">
<pin_list>
<pin id="7" dir="1" index="0" bw="1" slack="0"/>
</pin_list>
<bind>
<StgValue><ssdm name="t_point_stream"/></StgValue>
</bind>
</comp>

<comp id="8" class="1000" name="scalar_point_stream">
<pin_list>
<pin id="9" dir="1" index="0" bw="1" slack="0"/>
</pin_list>
<bind>
<StgValue><ssdm name="scalar_point_stream"/></StgValue>
</bind>
</comp>

<comp id="10" class="1000" name="point_result_stream">
<pin_list>
<pin id="11" dir="1" index="0" bw="1" slack="0"/>
</pin_list>
<bind>
<StgValue><ssdm name="point_result_stream"/></StgValue>
</bind>
</comp>

<comp id="12" class="1001" name="const_12">
<pin_list>
<pin id="13" dir="1" index="0" bw="1" slack="0"/>
</pin_list>
<bind>
<StgValue><ssdm name=""/></StgValue>
</bind>
</comp>

<comp id="14" class="1001" name="const_14">
<pin_list>
<pin id="15" dir="1" index="0" bw="1" slack="2147483647"/>
</pin_list>
<bind>
<StgValue><ssdm name="_ssdm_op_SpecInterface"/></StgValue>
</bind>
</comp>

<comp id="16" class="1001" name="const_16">
<pin_list>
<pin id="17" dir="1" index="0" bw="1" slack="2147483647"/>
</pin_list>
<bind>
<StgValue><ssdm name="empty_3"/></StgValue>
</bind>
</comp>

<comp id="18" class="1001" name="const_18">
<pin_list>
<pin id="19" dir="1" index="0" bw="1" slack="2147483647"/>
</pin_list>
<bind>
<StgValue><ssdm name=""/></StgValue>
</bind>
</comp>

<comp id="20" class="1001" name="const_20">
<pin_list>
<pin id="21" dir="1" index="0" bw="1" slack="2147483647"/>
</pin_list>
<bind>
<StgValue><ssdm name="empty_15"/></StgValue>
</bind>
</comp>

<comp id="22" class="1001" name="const_22">
<pin_list>
<pin id="23" dir="1" index="0" bw="1" slack="2147483647"/>
</pin_list>
<bind>
<StgValue><ssdm name=""/></StgValue>
</bind>
</comp>

<comp id="24" class="1001" name="const_24">
<pin_list>
<pin id="25" dir="1" index="0" bw="1" slack="2147483647"/>
</pin_list>
<bind>
<StgValue><ssdm name="_ssdm_op_SpecMemCore"/></StgValue>
</bind>
</comp>

<comp id="26" class="1001" name="const_26">
<pin_list>
<pin id="27" dir="1" index="0" bw="1" slack="2147483647"/>
</pin_list>
<bind>
<StgValue><ssdm name=""/></StgValue>
</bind>
</comp>

<comp id="28" class="1001" name="const_28">
<pin_list>
<pin id="29" dir="1" index="0" bw="1" slack="2147483647"/>
</pin_list>
<bind>
<StgValue><ssdm name=""/></StgValue>
</bind>
</comp>

<comp id="30" class="1001" name="const_30">
<pin_list>
<pin id="31" dir="1" index="0" bw="1" slack="2147483647"/>
</pin_list>
<bind>
<StgValue><ssdm name=""/></StgValue>
</bind>
</comp>

<comp id="32" class="1001" name="const_32">
<pin_list>
<pin id="33" dir="1" index="0" bw="1" slack="2147483647"/>
</pin_list>
<bind>
<StgValue><ssdm name=""/></StgValue>
</bind>
</comp>

<comp id="34" class="1001" name="const_34">
<pin_list>
<pin id="35" dir="1" index="0" bw="1" slack="0"/>
</pin_list>
<bind>
<StgValue><ssdm name=""/></StgValue>
</bind>
</comp>

<comp id="36" class="1001" name="const_36">
<pin_list>
<pin id="37" dir="1" index="0" bw="1" slack="0"/>
</pin_list>
<bind>
<StgValue><ssdm name=""/></StgValue>
</bind>
</comp>

<comp id="38" class="1001" name="const_38">
<pin_list>
<pin id="39" dir="1" index="0" bw="1" slack="0"/>
</pin_list>
<bind>
<StgValue><ssdm name="_ssdm_op_NbReadReq.ap_fifo.i256P0A"/></StgValue>
</bind>
</comp>

<comp id="40" class="1001" name="const_40">
<pin_list>
<pin id="41" dir="1" index="0" bw="1" slack="0"/>
</pin_list>
<bind>
<StgValue><ssdm name=""/></StgValue>
</bind>
</comp>

<comp id="42" class="1001" name="const_42">
<pin_list>
<pin id="43" dir="1" index="0" bw="1" slack="0"/>
</pin_list>
<bind>
<StgValue><ssdm name="_ssdm_op_Read.ap_fifo.volatile.i256P0A"/></StgValue>
</bind>
</comp>

<comp id="44" class="1001" name="const_44">
<pin_list>
<pin id="45" dir="1" index="0" bw="1" slack="0"/>
</pin_list>
<bind>
<StgValue><ssdm name="pippenger_control_Pipeline_PARTITION_SCALAR"/></StgValue>
</bind>
</comp>

<comp id="46" class="1001" name="const_46">
<pin_list>
<pin id="47" dir="1" index="0" bw="1" slack="0"/>
</pin_list>
<bind>
<StgValue><ssdm name="_ssdm_op_PartSelect.i6.i256.i32"/></StgValue>
</bind>
</comp>

<comp id="48" class="1001" name="const_48">
<pin_list>
<pin id="49" dir="1" index="0" bw="1" slack="0"/>
</pin_list>
<bind>
<StgValue><ssdm name=""/></StgValue>
</bind>
</comp>

<comp id="50" class="1001" name="const_50">
<pin_list>
<pin id="51" dir="1" index="0" bw="1" slack="0"/>
</pin_list>
<bind>
<StgValue><ssdm name="aggregate_and_output_results"/></StgValue>
</bind>
</comp>

<comp id="52" class="1001" name="const_52">
<pin_list>
<pin id="53" dir="1" index="0" bw="1" slack="0"/>
</pin_list>
<bind>
<StgValue><ssdm name="pippenger_control_Pipeline_PUT_INTO_BUCKETS_LOOP"/></StgValue>
</bind>
</comp>

<comp id="54" class="1001" name="const_54">
<pin_list>
<pin id="55" dir="1" index="0" bw="1" slack="2147483647"/>
</pin_list>
<bind>
<StgValue><ssdm name="_ssdm_op_SpecLoopTripCount"/></StgValue>
</bind>
</comp>

<comp id="56" class="1001" name="const_56">
<pin_list>
<pin id="57" dir="1" index="0" bw="1" slack="2147483647"/>
</pin_list>
<bind>
<StgValue><ssdm name=""/></StgValue>
</bind>
</comp>

<comp id="58" class="1001" name="const_58">
<pin_list>
<pin id="59" dir="1" index="0" bw="1" slack="2147483647"/>
</pin_list>
<bind>
<StgValue><ssdm name=""/></StgValue>
</bind>
</comp>

<comp id="60" class="1001" name="const_60">
<pin_list>
<pin id="61" dir="1" index="0" bw="1" slack="2147483647"/>
</pin_list>
<bind>
<StgValue><ssdm name="_ssdm_op_SpecLoopName"/></StgValue>
</bind>
</comp>

<comp id="62" class="1001" name="const_62">
<pin_list>
<pin id="63" dir="1" index="0" bw="1" slack="2147483647"/>
</pin_list>
<bind>
<StgValue><ssdm name="empty_8"/></StgValue>
</bind>
</comp>

<comp id="64" class="1004" name="scalar_partition_buffer_alloca_fu_64">
<pin_list>
<pin id="65" dir="0" index="0" bw="1" slack="0"/>
<pin id="66" dir="1" index="1" bw="15" slack="2147483647"/>
</pin_list>
<bind>
<opcode="alloca(26) " fcode="alloca"/>
<opset="scalar_partition_buffer/1 "/>
</bind>
</comp>

<comp id="68" class="1004" name="scalar_partition_buffer_2_alloca_fu_68">
<pin_list>
<pin id="69" dir="0" index="0" bw="1" slack="0"/>
<pin id="70" dir="1" index="1" bw="15" slack="0"/>
</pin_list>
<bind>
<opcode="alloca(26) " fcode="alloca"/>
<opset="scalar_partition_buffer_2/1 "/>
</bind>
</comp>

<comp id="72" class="1004" name="buckets_x_alloca_fu_72">
<pin_list>
<pin id="73" dir="0" index="0" bw="1" slack="0"/>
<pin id="74" dir="1" index="1" bw="256" slack="2147483647"/>
</pin_list>
<bind>
<opcode="alloca(26) " fcode="alloca"/>
<opset="buckets_x/1 "/>
</bind>
</comp>

<comp id="76" class="1004" name="buckets_x_1_alloca_fu_76">
<pin_list>
<pin id="77" dir="0" index="0" bw="1" slack="0"/>
<pin id="78" dir="1" index="1" bw="256" slack="2147483647"/>
</pin_list>
<bind>
<opcode="alloca(26) " fcode="alloca"/>
<opset="buckets_x_1/1 "/>
</bind>
</comp>

<comp id="80" class="1004" name="buckets_y_alloca_fu_80">
<pin_list>
<pin id="81" dir="0" index="0" bw="1" slack="0"/>
<pin id="82" dir="1" index="1" bw="256" slack="2147483647"/>
</pin_list>
<bind>
<opcode="alloca(26) " fcode="alloca"/>
<opset="buckets_y/1 "/>
</bind>
</comp>

<comp id="84" class="1004" name="buckets_y_1_alloca_fu_84">
<pin_list>
<pin id="85" dir="0" index="0" bw="1" slack="0"/>
<pin id="86" dir="1" index="1" bw="256" slack="2147483647"/>
</pin_list>
<bind>
<opcode="alloca(26) " fcode="alloca"/>
<opset="buckets_y_1/1 "/>
</bind>
</comp>

<comp id="88" class="1004" name="buckets_z_alloca_fu_88">
<pin_list>
<pin id="89" dir="0" index="0" bw="1" slack="0"/>
<pin id="90" dir="1" index="1" bw="256" slack="2147483647"/>
</pin_list>
<bind>
<opcode="alloca(26) " fcode="alloca"/>
<opset="buckets_z/1 "/>
</bind>
</comp>

<comp id="92" class="1004" name="buckets_z_1_alloca_fu_92">
<pin_list>
<pin id="93" dir="0" index="0" bw="1" slack="0"/>
<pin id="94" dir="1" index="1" bw="256" slack="2147483647"/>
</pin_list>
<bind>
<opcode="alloca(26) " fcode="alloca"/>
<opset="buckets_z_1/1 "/>
</bind>
</comp>

<comp id="96" class="1004" name="buckets_t_alloca_fu_96">
<pin_list>
<pin id="97" dir="0" index="0" bw="1" slack="0"/>
<pin id="98" dir="1" index="1" bw="256" slack="2147483647"/>
</pin_list>
<bind>
<opcode="alloca(26) " fcode="alloca"/>
<opset="buckets_t/1 "/>
</bind>
</comp>

<comp id="100" class="1004" name="buckets_t_1_alloca_fu_100">
<pin_list>
<pin id="101" dir="0" index="0" bw="1" slack="0"/>
<pin id="102" dir="1" index="1" bw="256" slack="2147483647"/>
</pin_list>
<bind>
<opcode="alloca(26) " fcode="alloca"/>
<opset="buckets_t_1/1 "/>
</bind>
</comp>

<comp id="104" class="1004" name="tmp_i_nbreadreq_fu_104">
<pin_list>
<pin id="105" dir="0" index="0" bw="1" slack="0"/>
<pin id="106" dir="0" index="1" bw="256" slack="0"/>
<pin id="107" dir="0" index="2" bw="1" slack="0"/>
<pin id="108" dir="1" index="3" bw="1" slack="2147483647"/>
</pin_list>
<bind>
<opcode="nbreadreq(1156) " fcode="nbreadreq"/>
<opset="tmp_i/2 "/>
</bind>
</comp>

<comp id="112" class="1004" name="x_point_stream_read_read_fu_112">
<pin_list>
<pin id="113" dir="0" index="0" bw="256" slack="0"/>
<pin id="114" dir="0" index="1" bw="256" slack="0"/>
<pin id="115" dir="1" index="2" bw="256" slack="3"/>
</pin_list>
<bind>
<opcode="read(1150) " fcode="read"/>
<opset="x_point_stream_read/2 "/>
</bind>
</comp>

<comp id="118" class="1004" name="y_point_stream_read_read_fu_118">
<pin_list>
<pin id="119" dir="0" index="0" bw="256" slack="0"/>
<pin id="120" dir="0" index="1" bw="256" slack="0"/>
<pin id="121" dir="1" index="2" bw="256" slack="3"/>
</pin_list>
<bind>
<opcode="read(1150) " fcode="read"/>
<opset="y_point_stream_read/2 "/>
</bind>
</comp>

<comp id="124" class="1004" name="z_point_stream_read_read_fu_124">
<pin_list>
<pin id="125" dir="0" index="0" bw="256" slack="0"/>
<pin id="126" dir="0" index="1" bw="256" slack="0"/>
<pin id="127" dir="1" index="2" bw="256" slack="3"/>
</pin_list>
<bind>
<opcode="read(1150) " fcode="read"/>
<opset="z_point_stream_read/2 "/>
</bind>
</comp>

<comp id="130" class="1004" name="t_point_stream_read_read_fu_130">
<pin_list>
<pin id="131" dir="0" index="0" bw="256" slack="0"/>
<pin id="132" dir="0" index="1" bw="256" slack="0"/>
<pin id="133" dir="1" index="2" bw="256" slack="3"/>
</pin_list>
<bind>
<opcode="read(1150) " fcode="read"/>
<opset="t_point_stream_read/2 "/>
</bind>
</comp>

<comp id="136" class="1004" name="scalar_read_fu_136">
<pin_list>
<pin id="137" dir="0" index="0" bw="256" slack="0"/>
<pin id="138" dir="0" index="1" bw="256" slack="0"/>
<pin id="139" dir="1" index="2" bw="256" slack="0"/>
</pin_list>
<bind>
<opcode="read(1150) " fcode="read"/>
<opset="scalar/2 "/>
</bind>
</comp>

<comp id="142" class="1004" name="scalar_partition_buffer_1_addr_gep_fu_142">
<pin_list>
<pin id="143" dir="0" index="0" bw="15" slack="0"/>
<pin id="144" dir="0" index="1" bw="1" slack="0"/>
<pin id="145" dir="0" index="2" bw="5" slack="0"/>
<pin id="146" dir="1" index="3" bw="4" slack="3"/>
</pin_list>
<bind>
<opcode="getelementptr(29) " fcode="getelementptr"/>
<opset="scalar_partition_buffer_1_addr/1 "/>
</bind>
</comp>

<comp id="150" class="1004" name="store_ln471_access_fu_150">
<pin_list>
<pin id="151" dir="0" index="0" bw="4" slack="3"/>
<pin id="152" dir="0" index="1" bw="15" slack="0"/>
<pin id="153" dir="0" index="2" bw="0" slack="2147483647"/>
<pin id="154" dir="1" index="3" bw="15" slack="2147483647"/>
</pin_list>
<bind>
<opcode="store(28) " fcode="store"/>
<opset="store_ln471/4 "/>
</bind>
</comp>

<comp id="155" class="1004" name="grp_pippenger_control_Pipeline_PARTITION_SCALAR_fu_155">
<pin_list>
<pin id="156" dir="0" index="0" bw="0" slack="0"/>
<pin id="157" dir="0" index="1" bw="15" slack="2147483647"/>
<pin id="158" dir="0" index="2" bw="15" slack="2147483647"/>
<pin id="159" dir="0" index="3" bw="256" slack="0"/>
<pin id="160" dir="1" index="4" bw="0" slack="2147483647"/>
</pin_list>
<bind>
<opcode="call(48) " fcode="call"/>
<opset="call_ln463/2 "/>
</bind>
</comp>

<comp id="163" class="1004" name="grp_aggregate_and_output_results_fu_163">
<pin_list>
<pin id="164" dir="0" index="0" bw="0" slack="0"/>
<pin id="165" dir="0" index="1" bw="256" slack="2147483647"/>
<pin id="166" dir="0" index="2" bw="256" slack="2147483647"/>
<pin id="167" dir="0" index="3" bw="256" slack="2147483647"/>
<pin id="168" dir="0" index="4" bw="256" slack="2147483647"/>
<pin id="169" dir="0" index="5" bw="256" slack="2147483647"/>
<pin id="170" dir="0" index="6" bw="256" slack="2147483647"/>
<pin id="171" dir="0" index="7" bw="256" slack="2147483647"/>
<pin id="172" dir="0" index="8" bw="256" slack="2147483647"/>
<pin id="173" dir="0" index="9" bw="1024" slack="0"/>
<pin id="174" dir="1" index="10" bw="0" slack="2147483647"/>
</pin_list>
<bind>
<opcode="call(48) " fcode="call"/>
<opset="call_ln576/2 "/>
</bind>
</comp>

<comp id="177" class="1004" name="grp_pippenger_control_Pipeline_PUT_INTO_BUCKETS_LOOP_fu_177">
<pin_list>
<pin id="178" dir="0" index="0" bw="0" slack="0"/>
<pin id="179" dir="0" index="1" bw="256" slack="3"/>
<pin id="180" dir="0" index="2" bw="256" slack="3"/>
<pin id="181" dir="0" index="3" bw="256" slack="3"/>
<pin id="182" dir="0" index="4" bw="256" slack="3"/>
<pin id="183" dir="0" index="5" bw="15" slack="2147483647"/>
<pin id="184" dir="0" index="6" bw="15" slack="2147483647"/>
<pin id="185" dir="0" index="7" bw="256" slack="2147483647"/>
<pin id="186" dir="0" index="8" bw="256" slack="2147483647"/>
<pin id="187" dir="0" index="9" bw="256" slack="2147483647"/>
<pin id="188" dir="0" index="10" bw="256" slack="2147483647"/>
<pin id="189" dir="0" index="11" bw="256" slack="2147483647"/>
<pin id="190" dir="0" index="12" bw="256" slack="2147483647"/>
<pin id="191" dir="0" index="13" bw="256" slack="2147483647"/>
<pin id="192" dir="0" index="14" bw="256" slack="2147483647"/>
<pin id="193" dir="1" index="15" bw="0" slack="2147483647"/>
</pin_list>
<bind>
<opcode="call(48) " fcode="call"/>
<opset="call_ln519/5 "/>
</bind>
</comp>

<comp id="195" class="1004" name="tmp_1_i_fu_195">
<pin_list>
<pin id="196" dir="0" index="0" bw="6" slack="0"/>
<pin id="197" dir="0" index="1" bw="256" slack="0"/>
<pin id="198" dir="0" index="2" bw="9" slack="0"/>
<pin id="199" dir="1" index="3" bw="6" slack="2"/>
</pin_list>
<bind>
<opcode="partselect(1002) " fcode="partselect"/>
<opset="tmp_1_i/2 "/>
</bind>
</comp>

<comp id="203" class="1004" name="zext_ln471_fu_203">
<pin_list>
<pin id="204" dir="0" index="0" bw="6" slack="2"/>
<pin id="205" dir="1" index="1" bw="15" slack="0"/>
</pin_list>
<bind>
<opcode="zext(34) " fcode="zext"/>
<opset="zext_ln471/4 "/>
</bind>
</comp>

<comp id="207" class="1005" name="scalar_partition_buffer_1_addr_reg_207">
<pin_list>
<pin id="208" dir="0" index="0" bw="4" slack="3"/>
<pin id="209" dir="1" index="1" bw="4" slack="3"/>
</pin_list>
<bind>
<opset="scalar_partition_buffer_1_addr "/>
</bind>
</comp>

<comp id="215" class="1005" name="x_point_stream_read_reg_215">
<pin_list>
<pin id="216" dir="0" index="0" bw="256" slack="3"/>
<pin id="217" dir="1" index="1" bw="256" slack="3"/>
</pin_list>
<bind>
<opset="x_point_stream_read "/>
</bind>
</comp>

<comp id="220" class="1005" name="y_point_stream_read_reg_220">
<pin_list>
<pin id="221" dir="0" index="0" bw="256" slack="3"/>
<pin id="222" dir="1" index="1" bw="256" slack="3"/>
</pin_list>
<bind>
<opset="y_point_stream_read "/>
</bind>
</comp>

<comp id="225" class="1005" name="z_point_stream_read_reg_225">
<pin_list>
<pin id="226" dir="0" index="0" bw="256" slack="3"/>
<pin id="227" dir="1" index="1" bw="256" slack="3"/>
</pin_list>
<bind>
<opset="z_point_stream_read "/>
</bind>
</comp>

<comp id="230" class="1005" name="t_point_stream_read_reg_230">
<pin_list>
<pin id="231" dir="0" index="0" bw="256" slack="3"/>
<pin id="232" dir="1" index="1" bw="256" slack="3"/>
</pin_list>
<bind>
<opset="t_point_stream_read "/>
</bind>
</comp>

<comp id="235" class="1005" name="scalar_reg_235">
<pin_list>
<pin id="236" dir="0" index="0" bw="256" slack="1"/>
<pin id="237" dir="1" index="1" bw="256" slack="1"/>
</pin_list>
<bind>
<opset="scalar "/>
</bind>
</comp>

<comp id="240" class="1005" name="tmp_1_i_reg_240">
<pin_list>
<pin id="241" dir="0" index="0" bw="6" slack="2"/>
<pin id="242" dir="1" index="1" bw="6" slack="2"/>
</pin_list>
<bind>
<opset="tmp_1_i "/>
</bind>
</comp>

</comp_list>

<net_list>
<net id="67"><net_src comp="12" pin="0"/><net_sink comp="64" pin=0"/></net>

<net id="71"><net_src comp="12" pin="0"/><net_sink comp="68" pin=0"/></net>

<net id="75"><net_src comp="12" pin="0"/><net_sink comp="72" pin=0"/></net>

<net id="79"><net_src comp="12" pin="0"/><net_sink comp="76" pin=0"/></net>

<net id="83"><net_src comp="12" pin="0"/><net_sink comp="80" pin=0"/></net>

<net id="87"><net_src comp="12" pin="0"/><net_sink comp="84" pin=0"/></net>

<net id="91"><net_src comp="12" pin="0"/><net_sink comp="88" pin=0"/></net>

<net id="95"><net_src comp="12" pin="0"/><net_sink comp="92" pin=0"/></net>

<net id="99"><net_src comp="12" pin="0"/><net_sink comp="96" pin=0"/></net>

<net id="103"><net_src comp="12" pin="0"/><net_sink comp="100" pin=0"/></net>

<net id="109"><net_src comp="38" pin="0"/><net_sink comp="104" pin=0"/></net>

<net id="110"><net_src comp="0" pin="0"/><net_sink comp="104" pin=1"/></net>

<net id="111"><net_src comp="40" pin="0"/><net_sink comp="104" pin=2"/></net>

<net id="116"><net_src comp="42" pin="0"/><net_sink comp="112" pin=0"/></net>

<net id="117"><net_src comp="0" pin="0"/><net_sink comp="112" pin=1"/></net>

<net id="122"><net_src comp="42" pin="0"/><net_sink comp="118" pin=0"/></net>

<net id="123"><net_src comp="2" pin="0"/><net_sink comp="118" pin=1"/></net>

<net id="128"><net_src comp="42" pin="0"/><net_sink comp="124" pin=0"/></net>

<net id="129"><net_src comp="4" pin="0"/><net_sink comp="124" pin=1"/></net>

<net id="134"><net_src comp="42" pin="0"/><net_sink comp="130" pin=0"/></net>

<net id="135"><net_src comp="6" pin="0"/><net_sink comp="130" pin=1"/></net>

<net id="140"><net_src comp="42" pin="0"/><net_sink comp="136" pin=0"/></net>

<net id="141"><net_src comp="8" pin="0"/><net_sink comp="136" pin=1"/></net>

<net id="147"><net_src comp="68" pin="1"/><net_sink comp="142" pin=0"/></net>

<net id="148"><net_src comp="34" pin="0"/><net_sink comp="142" pin=1"/></net>

<net id="149"><net_src comp="36" pin="0"/><net_sink comp="142" pin=2"/></net>

<net id="161"><net_src comp="44" pin="0"/><net_sink comp="155" pin=0"/></net>

<net id="162"><net_src comp="136" pin="2"/><net_sink comp="155" pin=3"/></net>

<net id="175"><net_src comp="50" pin="0"/><net_sink comp="163" pin=0"/></net>

<net id="176"><net_src comp="10" pin="0"/><net_sink comp="163" pin=9"/></net>

<net id="194"><net_src comp="52" pin="0"/><net_sink comp="177" pin=0"/></net>

<net id="200"><net_src comp="46" pin="0"/><net_sink comp="195" pin=0"/></net>

<net id="201"><net_src comp="136" pin="2"/><net_sink comp="195" pin=1"/></net>

<net id="202"><net_src comp="48" pin="0"/><net_sink comp="195" pin=2"/></net>

<net id="206"><net_src comp="203" pin="1"/><net_sink comp="150" pin=1"/></net>

<net id="210"><net_src comp="142" pin="3"/><net_sink comp="207" pin=0"/></net>

<net id="211"><net_src comp="207" pin="1"/><net_sink comp="150" pin=0"/></net>

<net id="218"><net_src comp="112" pin="2"/><net_sink comp="215" pin=0"/></net>

<net id="219"><net_src comp="215" pin="1"/><net_sink comp="177" pin=1"/></net>

<net id="223"><net_src comp="118" pin="2"/><net_sink comp="220" pin=0"/></net>

<net id="224"><net_src comp="220" pin="1"/><net_sink comp="177" pin=2"/></net>

<net id="228"><net_src comp="124" pin="2"/><net_sink comp="225" pin=0"/></net>

<net id="229"><net_src comp="225" pin="1"/><net_sink comp="177" pin=3"/></net>

<net id="233"><net_src comp="130" pin="2"/><net_sink comp="230" pin=0"/></net>

<net id="234"><net_src comp="230" pin="1"/><net_sink comp="177" pin=4"/></net>

<net id="238"><net_src comp="136" pin="2"/><net_sink comp="235" pin=0"/></net>

<net id="239"><net_src comp="235" pin="1"/><net_sink comp="155" pin=3"/></net>

<net id="243"><net_src comp="195" pin="3"/><net_sink comp="240" pin=0"/></net>

<net id="244"><net_src comp="240" pin="1"/><net_sink comp="203" pin=0"/></net>

</net_list>

</model> 
---------------- Datapath Model END ------------------

* FSMD analyzer results:
  - Output states:
	Port: point_result_stream | {2 7 }
 - Input state : 
	Port: pippenger_control : x_point_stream | {2 }
	Port: pippenger_control : y_point_stream | {2 }
	Port: pippenger_control : z_point_stream | {2 }
	Port: pippenger_control : t_point_stream | {2 }
	Port: pippenger_control : scalar_point_stream | {2 }
  - Chain level:
	State 1
		specmemcore_ln569 : 1
		specmemcore_ln569 : 1
		specmemcore_ln569 : 1
		specmemcore_ln569 : 1
		specmemcore_ln569 : 1
		specmemcore_ln569 : 1
		specmemcore_ln569 : 1
		specmemcore_ln569 : 1
		specmemcore_ln514 : 1
		specmemcore_ln514 : 1
		scalar_partition_buffer_1_addr : 1
	State 2
	State 3
	State 4
		store_ln471 : 1
	State 5
	State 6
	State 7


============================================================
+ Verbose Summary: Datapath Resource usage 
============================================================

* Functional unit list:
|----------|-------------------------------------------------------------|---------|---------|---------|---------|
| Operation|                       Functional Unit                       |   DSP   |  Delay  |    FF   |   LUT   |
|----------|-------------------------------------------------------------|---------|---------|---------|---------|
|          |    grp_pippenger_control_Pipeline_PARTITION_SCALAR_fu_155   |    0    |    0    |   303   |   1355  |
|   call   |           grp_aggregate_and_output_results_fu_163           |    0    |  15.858 |  90122  |  24261  |
|          | grp_pippenger_control_Pipeline_PUT_INTO_BUCKETS_LOOP_fu_177 |   3590  |  14.945 |  35601  |  23573  |
|----------|-------------------------------------------------------------|---------|---------|---------|---------|
| nbreadreq|                    tmp_i_nbreadreq_fu_104                   |    0    |    0    |    0    |    0    |
|----------|-------------------------------------------------------------|---------|---------|---------|---------|
|          |               x_point_stream_read_read_fu_112               |    0    |    0    |    0    |    0    |
|          |               y_point_stream_read_read_fu_118               |    0    |    0    |    0    |    0    |
|   read   |               z_point_stream_read_read_fu_124               |    0    |    0    |    0    |    0    |
|          |               t_point_stream_read_read_fu_130               |    0    |    0    |    0    |    0    |
|          |                      scalar_read_fu_136                     |    0    |    0    |    0    |    0    |
|----------|-------------------------------------------------------------|---------|---------|---------|---------|
|partselect|                        tmp_1_i_fu_195                       |    0    |    0    |    0    |    0    |
|----------|-------------------------------------------------------------|---------|---------|---------|---------|
|   zext   |                      zext_ln471_fu_203                      |    0    |    0    |    0    |    0    |
|----------|-------------------------------------------------------------|---------|---------|---------|---------|
|   Total  |                                                             |   3590  |  30.803 |  126026 |  49189  |
|----------|-------------------------------------------------------------|---------|---------|---------|---------|

Memories:
+-------------------------+--------+--------+--------+--------+
|                         |  BRAM  |   FF   |   LUT  |  URAM  |
+-------------------------+--------+--------+--------+--------+
|        buckets_t        |    -   |    0   |    0   |   16   |
|       buckets_t_1       |    -   |    0   |    0   |   16   |
|        buckets_x        |    -   |    0   |    0   |   16   |
|       buckets_x_1       |    -   |    0   |    0   |   16   |
|        buckets_y        |    -   |    0   |    0   |   16   |
|       buckets_y_1       |    -   |    0   |    0   |   16   |
|        buckets_z        |    -   |    0   |    0   |   16   |
|       buckets_z_1       |    -   |    0   |    0   |   16   |
| scalar_partition_buffer |    1   |    0   |    0   |    -   |
|scalar_partition_buffer_2|    1   |    0   |    0   |    -   |
+-------------------------+--------+--------+--------+--------+
|          Total          |    2   |    0   |    0   |   128  |
+-------------------------+--------+--------+--------+--------+

* Register list:
+--------------------------------------+--------+
|                                      |   FF   |
+--------------------------------------+--------+
|scalar_partition_buffer_1_addr_reg_207|    4   |
|            scalar_reg_235            |   256  |
|      t_point_stream_read_reg_230     |   256  |
|            tmp_1_i_reg_240           |    6   |
|      x_point_stream_read_reg_215     |   256  |
|      y_point_stream_read_reg_220     |   256  |
|      z_point_stream_read_reg_225     |   256  |
+--------------------------------------+--------+
|                 Total                |  1290  |
+--------------------------------------+--------+

* Multiplexer (MUX) list: 
|--------------------------------------------------------|------|------|------|--------||---------||---------||---------|
|                          Comp                          |  Pin | Size |  BW  | S x BW ||  Delay  ||    FF   ||   LUT   |
|--------------------------------------------------------|------|------|------|--------||---------||---------||---------|
| grp_pippenger_control_Pipeline_PARTITION_SCALAR_fu_155 |  p3  |   2  |  256 |   512  ||    0    ||    9    |
|--------------------------------------------------------|------|------|------|--------||---------||---------||---------|
|                          Total                         |      |      |      |   512  ||  0.427  ||    0    ||    9    |
|--------------------------------------------------------|------|------|------|--------||---------||---------||---------|



* Summary:
+-----------+--------+--------+--------+--------+--------+--------+
|           |  BRAM  |   DSP  |  Delay |   FF   |   LUT  |  URAM  |
+-----------+--------+--------+--------+--------+--------+--------+
|  Function |    -   |  3590  |   30   | 126026 |  49189 |    -   |
|   Memory  |    2   |    -   |    -   |    0   |    0   |   128  |
|Multiplexer|    -   |    -   |    0   |    0   |    9   |    -   |
|  Register |    -   |    -   |    -   |  1290  |    -   |    -   |
+-----------+--------+--------+--------+--------+--------+--------+
|   Total   |    2   |  3590  |   31   | 127316 |  49198 |   128  |
+-----------+--------+--------+--------+--------+--------+--------+
