

================================================================
== Vitis HLS Report for 'pippenger_control_Pipeline_PARTITION_SCALAR'
================================================================
* Date:           Tue Apr 29 06:12:15 2025

* Version:        2024.2 (Build 5238294 on Nov  8 2024)
* Project:        msm_2
* Solution:       solution1 (Vivado IP Flow Target)
* Product family: zynquplus
* Target device:  xczu7ev-ffvc1156-2-e


================================================================
== Performance Estimates
================================================================
+ Timing: 
    * Summary: 
    +--------+---------+----------+------------+
    |  Clock |  Target | Estimated| Uncertainty|
    +--------+---------+----------+------------+
    |ap_clk  |  4.00 ns|  2.567 ns|     1.08 ns|
    +--------+---------+----------+------------+

+ Latency: 
    * Summary: 
    +---------+---------+----------+----------+-----+-----+------------------------------------------------+
    |  Latency (cycles) |  Latency (absolute) |  Interval |                    Pipeline                    |
    |   min   |   max   |    min   |    max   | min | max |                      Type                      |
    +---------+---------+----------+----------+-----+-----+------------------------------------------------+
    |       28|       28|  0.112 us|  0.112 us|   26|   26|  loop auto-rewind stp (delay=0 clock cycles(s))|
    +---------+---------+----------+----------+-----+-----+------------------------------------------------+

    + Detail: 
        * Instance: 
        N/A

        * Loop: 
        +--------------------+---------+---------+----------+-----------+-----------+------+----------+
        |                    |  Latency (cycles) | Iteration|  Initiation Interval  | Trip |          |
        |      Loop Name     |   min   |   max   |  Latency |  achieved |   target  | Count| Pipelined|
        +--------------------+---------+---------+----------+-----------+-----------+------+----------+
        |- PARTITION_SCALAR  |       26|       26|         3|          1|          1|    25|       yes|
        +--------------------+---------+---------+----------+-----------+-----------+------+----------+

============================================================
+ Verbose Summary: Synthesis Manager
============================================================
InlineROM: 1
ExposeGlobal: 0
============================================================
+ Verbose Summary: CDFG Model
============================================================
IsTopModel: 0
ResetActiveHigh: 1
IsCombinational: 0
IsDatapathOnly: 0
HasWiredReturn: 1
HasMFsm: 2
HasVarLatency: 1
IsPipeline: 0
IsRtlPipelined: 0
IsInstanceOverlapped: 0
IsDontTouch: 0
HasImplIP: 0
IsGatedGlobalClock: 0

+ Individual pipeline summary: 
  * Pipeline-0: initiation interval (II) = 1, depth = 3


============================================================
+ Verbose Summary: Schedule
============================================================
* Number of FSM states : 3
* Pipeline : 1
  Pipeline-0 : II = 1, D = 3, States = { 1 2 3 }
* Dataflow Pipeline: 0

* FSM state transitions: 
1 --> 2 
2 --> 3 
3 --> 

* FSM state operations: 

State 1 <SV = 0> <Delay = 1.64>
ST_1 : Operation 6 [1/1] (0.00ns)   --->   "%i_1 = alloca i32 1" [../src/msm.cpp:465->../src/msm.cpp:525->../src/msm.cpp:573]   --->   Operation 6 'alloca' 'i_1' <Predicate = true> <Delay = 0.00>
ST_1 : Operation 7 [1/1] (0.00ns)   --->   "%i = alloca i32 1" [../src/msm.cpp:465->../src/msm.cpp:525->../src/msm.cpp:573]   --->   Operation 7 'alloca' 'i' <Predicate = true> <Delay = 0.00>
ST_1 : Operation 8 [1/1] (0.00ns)   --->   "%specmemcore_ln0 = specmemcore void @_ssdm_op_SpecMemCore, i15 %scalar_partition_buffer, i64 666, i64 30, i64 18446744073709551615"   --->   Operation 8 'specmemcore' 'specmemcore_ln0' <Predicate = true> <Delay = 0.00>
ST_1 : Operation 9 [1/1] (0.00ns)   --->   "%specmemcore_ln0 = specmemcore void @_ssdm_op_SpecMemCore, i15 %scalar_partition_buffer_2, i64 666, i64 30, i64 18446744073709551615"   --->   Operation 9 'specmemcore' 'specmemcore_ln0' <Predicate = true> <Delay = 0.00>
ST_1 : Operation 10 [1/1] (0.00ns)   --->   "%scalar_read = read i256 @_ssdm_op_Read.ap_auto.i256, i256 %scalar"   --->   Operation 10 'read' 'scalar_read' <Predicate = true> <Delay = 0.00>
ST_1 : Operation 11 [1/1] (0.42ns)   --->   "%store_ln465 = store i5 0, i5 %i" [../src/msm.cpp:465->../src/msm.cpp:525->../src/msm.cpp:573]   --->   Operation 11 'store' 'store_ln465' <Predicate = true> <Delay = 0.42>
ST_1 : Operation 12 [1/1] (0.42ns)   --->   "%store_ln465 = store i5 1, i5 %i_1" [../src/msm.cpp:465->../src/msm.cpp:525->../src/msm.cpp:573]   --->   Operation 12 'store' 'store_ln465' <Predicate = true> <Delay = 0.42>
ST_1 : Operation 13 [1/1] (0.00ns)   --->   "%br_ln0 = br void %for.inc.i.i.i"   --->   Operation 13 'br' 'br_ln0' <Predicate = true> <Delay = 0.00>
ST_1 : Operation 14 [1/1] (0.00ns)   --->   "%i_2 = load i5 %i" [../src/msm.cpp:465->../src/msm.cpp:525->../src/msm.cpp:573]   --->   Operation 14 'load' 'i_2' <Predicate = true> <Delay = 0.00>
ST_1 : Operation 15 [1/1] (0.78ns)   --->   "%icmp_ln465 = icmp_eq  i5 %i_2, i5 25" [../src/msm.cpp:465->../src/msm.cpp:525->../src/msm.cpp:573]   --->   Operation 15 'icmp' 'icmp_ln465' <Predicate = true> <Delay = 0.78> <CoreInst = "Cmp">   --->   Core 9 'Cmp' <Latency = 0> <II = 1> <Delay = 0.78> <FuncUnit> <Opcode : 'seteq' 'setne' 'setle' 'setge' 'setlt' 'setgt'> <InPorts = 2> <OutPorts = 1>
ST_1 : Operation 16 [1/1] (0.78ns)   --->   "%add_ln468 = add i5 %i_2, i5 1" [../src/msm.cpp:468->../src/msm.cpp:525->../src/msm.cpp:573]   --->   Operation 16 'add' 'add_ln468' <Predicate = true> <Delay = 0.78> <CoreInst = "Adder">   --->   Core 1 'Adder' <Latency = 0> <II = 1> <Delay = 0.78> <FuncUnit> <Opcode : 'add' 'sub'> <InPorts = 2> <OutPorts = 1>
ST_1 : Operation 17 [1/1] (0.00ns)   --->   "%br_ln465 = br i1 %icmp_ln465, void %for.inc.i.i.split.i, void %_Z16partition_scalarRN3hls6streamI7ap_uintILi256EELi0EEEPi.exit.i.i.exitStub" [../src/msm.cpp:465->../src/msm.cpp:525->../src/msm.cpp:573]   --->   Operation 17 'br' 'br_ln465' <Predicate = true> <Delay = 0.00>
ST_1 : Operation 18 [1/1] (0.00ns)   --->   "%i_1_load_1 = load i5 %i_1" [../src/msm.cpp:468->../src/msm.cpp:525->../src/msm.cpp:573]   --->   Operation 18 'load' 'i_1_load_1' <Predicate = (!icmp_ln465)> <Delay = 0.00>
ST_1 : Operation 19 [1/1] (0.00ns)   --->   "%trunc_ln465 = trunc i5 %i_2" [../src/msm.cpp:465->../src/msm.cpp:525->../src/msm.cpp:573]   --->   Operation 19 'trunc' 'trunc_ln465' <Predicate = (!icmp_ln465)> <Delay = 0.00>
ST_1 : Operation 20 [1/1] (0.00ns)   --->   "%lshr_ln = partselect i4 @_ssdm_op_PartSelect.i4.i5.i32.i32, i5 %i_2, i32 1, i32 4" [../src/msm.cpp:465->../src/msm.cpp:525->../src/msm.cpp:573]   --->   Operation 20 'partselect' 'lshr_ln' <Predicate = (!icmp_ln465)> <Delay = 0.00>
ST_1 : Operation 21 [1/1] (0.00ns)   --->   "%p_shl = bitconcatenate i8 @_ssdm_op_BitConcatenate.i8.i5.i3, i5 %i_1_load_1, i3 0" [../src/msm.cpp:468->../src/msm.cpp:525->../src/msm.cpp:573]   --->   Operation 21 'bitconcatenate' 'p_shl' <Predicate = (!icmp_ln465)> <Delay = 0.00>
ST_1 : Operation 22 [1/1] (0.00ns)   --->   "%tmp = bitconcatenate i6 @_ssdm_op_BitConcatenate.i6.i5.i1, i5 %i_1_load_1, i1 0" [../src/msm.cpp:468->../src/msm.cpp:525->../src/msm.cpp:573]   --->   Operation 22 'bitconcatenate' 'tmp' <Predicate = (!icmp_ln465)> <Delay = 0.00>
ST_1 : Operation 23 [1/1] (0.00ns)   --->   "%zext_ln468 = zext i6 %tmp" [../src/msm.cpp:468->../src/msm.cpp:525->../src/msm.cpp:573]   --->   Operation 23 'zext' 'zext_ln468' <Predicate = (!icmp_ln465)> <Delay = 0.00>
ST_1 : Operation 24 [1/1] (0.00ns) (grouped into TernaryAdder)   --->   "%add_ln468_2 = add i8 %p_shl, i8 %zext_ln468" [../src/msm.cpp:468->../src/msm.cpp:525->../src/msm.cpp:573]   --->   Operation 24 'add' 'add_ln468_2' <Predicate = (!icmp_ln465)> <Delay = 0.00> <CoreInst = "TAddSub">   --->   Core 10 'TAddSub' <Latency = 0> <II = 1> <Delay = 0.52> <IPBlock> <Opcode : '' 'add' 'sub'> <InPorts = 3> <OutPorts = 1> <Sync> <CReg>
ST_1 : Operation 25 [1/1] (1.05ns) (root node of TernaryAdder)   --->   "%add_ln468_1 = add i8 %add_ln468_2, i8 255" [../src/msm.cpp:468->../src/msm.cpp:525->../src/msm.cpp:573]   --->   Operation 25 'add' 'add_ln468_1' <Predicate = (!icmp_ln465)> <Delay = 1.05> <CoreInst = "TAddSub">   --->   Core 10 'TAddSub' <Latency = 0> <II = 1> <Delay = 0.52> <IPBlock> <Opcode : '' 'add' 'sub'> <InPorts = 3> <OutPorts = 1> <Sync> <CReg>
ST_1 : Operation 26 [1/1] (0.00ns)   --->   "%tmp_1 = bitconcatenate i8 @_ssdm_op_BitConcatenate.i8.i5.i3, i5 %i_2, i3 0" [../src/msm.cpp:468->../src/msm.cpp:525->../src/msm.cpp:573]   --->   Operation 26 'bitconcatenate' 'tmp_1' <Predicate = (!icmp_ln465)> <Delay = 0.00>
ST_1 : Operation 27 [1/1] (0.00ns)   --->   "%tmp_2 = bitconcatenate i6 @_ssdm_op_BitConcatenate.i6.i5.i1, i5 %i_2, i1 0" [../src/msm.cpp:468->../src/msm.cpp:525->../src/msm.cpp:573]   --->   Operation 27 'bitconcatenate' 'tmp_2' <Predicate = (!icmp_ln465)> <Delay = 0.00>
ST_1 : Operation 28 [1/1] (0.00ns)   --->   "%zext_ln468_1 = zext i6 %tmp_2" [../src/msm.cpp:468->../src/msm.cpp:525->../src/msm.cpp:573]   --->   Operation 28 'zext' 'zext_ln468_1' <Predicate = (!icmp_ln465)> <Delay = 0.00>
ST_1 : Operation 29 [1/1] (0.76ns)   --->   "%add_ln468_3 = add i8 %tmp_1, i8 %zext_ln468_1" [../src/msm.cpp:468->../src/msm.cpp:525->../src/msm.cpp:573]   --->   Operation 29 'add' 'add_ln468_3' <Predicate = (!icmp_ln465)> <Delay = 0.76> <CoreInst = "Adder">   --->   Core 1 'Adder' <Latency = 0> <II = 1> <Delay = 0.76> <FuncUnit> <Opcode : 'add' 'sub'> <InPorts = 2> <OutPorts = 1>
ST_1 : Operation 30 [1/1] (0.00ns)   --->   "%br_ln469 = br i1 %trunc_ln465, void %arrayidx.i.i1.case.0.i, void %arrayidx.i.i1.case.1.i" [../src/msm.cpp:469->../src/msm.cpp:525->../src/msm.cpp:573]   --->   Operation 30 'br' 'br_ln469' <Predicate = (!icmp_ln465)> <Delay = 0.00>
ST_1 : Operation 31 [1/1] (0.00ns)   --->   "%i_1_load = load i5 %i_1" [../src/msm.cpp:465->../src/msm.cpp:525->../src/msm.cpp:573]   --->   Operation 31 'load' 'i_1_load' <Predicate = (!icmp_ln465)> <Delay = 0.00>
ST_1 : Operation 32 [1/1] (0.78ns)   --->   "%add_ln465 = add i5 %i_1_load, i5 1" [../src/msm.cpp:465->../src/msm.cpp:525->../src/msm.cpp:573]   --->   Operation 32 'add' 'add_ln465' <Predicate = (!icmp_ln465)> <Delay = 0.78> <CoreInst = "Adder">   --->   Core 1 'Adder' <Latency = 0> <II = 1> <Delay = 0.78> <FuncUnit> <Opcode : 'add' 'sub'> <InPorts = 2> <OutPorts = 1>
ST_1 : Operation 33 [1/1] (0.42ns)   --->   "%store_ln465 = store i5 %add_ln468, i5 %i" [../src/msm.cpp:465->../src/msm.cpp:525->../src/msm.cpp:573]   --->   Operation 33 'store' 'store_ln465' <Predicate = (!icmp_ln465)> <Delay = 0.42>
ST_1 : Operation 34 [1/1] (0.42ns)   --->   "%store_ln465 = store i5 %add_ln465, i5 %i_1" [../src/msm.cpp:465->../src/msm.cpp:525->../src/msm.cpp:573]   --->   Operation 34 'store' 'store_ln465' <Predicate = (!icmp_ln465)> <Delay = 0.42>
ST_1 : Operation 35 [1/1] (0.00ns)   --->   "%br_ln465 = br void %for.inc.i.i.i" [../src/msm.cpp:465->../src/msm.cpp:525->../src/msm.cpp:573]   --->   Operation 35 'br' 'br_ln465' <Predicate = (!icmp_ln465)> <Delay = 0.00>

State 2 <SV = 1> <Delay = 2.56>
ST_2 : Operation 36 [1/1] (0.76ns)   --->   "%icmp_ln468 = icmp_ugt  i8 %add_ln468_3, i8 %add_ln468_1" [../src/msm.cpp:468->../src/msm.cpp:525->../src/msm.cpp:573]   --->   Operation 36 'icmp' 'icmp_ln468' <Predicate = true> <Delay = 0.76> <CoreInst = "Cmp">   --->   Core 9 'Cmp' <Latency = 0> <II = 1> <Delay = 0.76> <FuncUnit> <Opcode : 'seteq' 'setne' 'setle' 'setge' 'setlt' 'setgt'> <InPorts = 2> <OutPorts = 1>
ST_2 : Operation 37 [1/1] (0.00ns) (grouped into LUT with out node lshr_ln468)   --->   "%tmp_3 = partselect i256 @llvm.part.select.i256, i256 %scalar_read, i32 255, i32 0" [../src/msm.cpp:468->../src/msm.cpp:525->../src/msm.cpp:573]   --->   Operation 37 'partselect' 'tmp_3' <Predicate = true> <Delay = 0.00>
ST_2 : Operation 38 [1/1] (0.76ns)   --->   "%sub_ln468 = sub i8 %add_ln468_3, i8 %add_ln468_1" [../src/msm.cpp:468->../src/msm.cpp:525->../src/msm.cpp:573]   --->   Operation 38 'sub' 'sub_ln468' <Predicate = true> <Delay = 0.76> <CoreInst = "Adder">   --->   Core 1 'Adder' <Latency = 0> <II = 1> <Delay = 0.76> <FuncUnit> <Opcode : 'add' 'sub'> <InPorts = 2> <OutPorts = 1>
ST_2 : Operation 39 [1/1] (0.00ns) (grouped into LUT with out node lshr_ln468)   --->   "%xor_ln468 = xor i8 %add_ln468_3, i8 255" [../src/msm.cpp:468->../src/msm.cpp:525->../src/msm.cpp:573]   --->   Operation 39 'xor' 'xor_ln468' <Predicate = true> <Delay = 0.00> <CoreInst = "LogicGate">   --->   Core 74 'LogicGate' <Latency = 0> <II = 1> <Delay = 0.33> <FuncUnit> <Opcode : 'and' 'or' 'xor'> <InPorts = 2> <OutPorts = 1>
ST_2 : Operation 40 [1/1] (0.76ns)   --->   "%sub_ln468_1 = sub i8 %add_ln468_1, i8 %add_ln468_3" [../src/msm.cpp:468->../src/msm.cpp:525->../src/msm.cpp:573]   --->   Operation 40 'sub' 'sub_ln468_1' <Predicate = true> <Delay = 0.76> <CoreInst = "Adder">   --->   Core 1 'Adder' <Latency = 0> <II = 1> <Delay = 0.76> <FuncUnit> <Opcode : 'add' 'sub'> <InPorts = 2> <OutPorts = 1>
ST_2 : Operation 41 [1/1] (0.00ns) (grouped into LUT with out node lshr_ln468_1)   --->   "%select_ln468 = select i1 %icmp_ln468, i8 %sub_ln468, i8 %sub_ln468_1" [../src/msm.cpp:468->../src/msm.cpp:525->../src/msm.cpp:573]   --->   Operation 41 'select' 'select_ln468' <Predicate = true> <Delay = 0.00> <CoreInst = "Sel">   --->   Core 73 'Sel' <Latency = 0> <II = 1> <Delay = 0.39> <FuncUnit> <Opcode : 'select'> <InPorts = 3> <OutPorts = 1>
ST_2 : Operation 42 [1/1] (0.00ns) (grouped into LUT with out node lshr_ln468)   --->   "%select_ln468_1 = select i1 %icmp_ln468, i256 %tmp_3, i256 %scalar_read" [../src/msm.cpp:468->../src/msm.cpp:525->../src/msm.cpp:573]   --->   Operation 42 'select' 'select_ln468_1' <Predicate = true> <Delay = 0.00> <CoreInst = "Sel">   --->   Core 73 'Sel' <Latency = 0> <II = 1> <Delay = 0.51> <FuncUnit> <Opcode : 'select'> <InPorts = 3> <OutPorts = 1>
ST_2 : Operation 43 [1/1] (0.00ns) (grouped into LUT with out node lshr_ln468)   --->   "%select_ln468_2 = select i1 %icmp_ln468, i8 %xor_ln468, i8 %add_ln468_3" [../src/msm.cpp:468->../src/msm.cpp:525->../src/msm.cpp:573]   --->   Operation 43 'select' 'select_ln468_2' <Predicate = true> <Delay = 0.00> <CoreInst = "Sel">   --->   Core 73 'Sel' <Latency = 0> <II = 1> <Delay = 0.39> <FuncUnit> <Opcode : 'select'> <InPorts = 3> <OutPorts = 1>
ST_2 : Operation 44 [1/1] (0.00ns) (grouped into LUT with out node lshr_ln468_1)   --->   "%xor_ln468_1 = xor i8 %select_ln468, i8 255" [../src/msm.cpp:468->../src/msm.cpp:525->../src/msm.cpp:573]   --->   Operation 44 'xor' 'xor_ln468_1' <Predicate = true> <Delay = 0.00> <CoreInst = "LogicGate">   --->   Core 74 'LogicGate' <Latency = 0> <II = 1> <Delay = 0.33> <FuncUnit> <Opcode : 'and' 'or' 'xor'> <InPorts = 2> <OutPorts = 1>
ST_2 : Operation 45 [1/1] (0.00ns) (grouped into LUT with out node lshr_ln468)   --->   "%zext_ln468_2 = zext i8 %select_ln468_2" [../src/msm.cpp:468->../src/msm.cpp:525->../src/msm.cpp:573]   --->   Operation 45 'zext' 'zext_ln468_2' <Predicate = true> <Delay = 0.00>
ST_2 : Operation 46 [1/1] (0.00ns) (grouped into LUT with out node lshr_ln468_1)   --->   "%zext_ln468_3 = zext i8 %xor_ln468_1" [../src/msm.cpp:468->../src/msm.cpp:525->../src/msm.cpp:573]   --->   Operation 46 'zext' 'zext_ln468_3' <Predicate = true> <Delay = 0.00>
ST_2 : Operation 47 [1/1] (1.53ns) (out node of the LUT)   --->   "%lshr_ln468 = lshr i256 %select_ln468_1, i256 %zext_ln468_2" [../src/msm.cpp:468->../src/msm.cpp:525->../src/msm.cpp:573]   --->   Operation 47 'lshr' 'lshr_ln468' <Predicate = true> <Delay = 1.53> <CoreInst = "Shifter">   --->   Core 75 'Shifter' <Latency = 0> <II = 1> <Delay = 1.53> <FuncUnit> <Opcode : 'shl' 'lshr' 'ashr'> <InPorts = 2> <OutPorts = 1>
ST_2 : Operation 48 [1/1] (0.00ns)   --->   "%trunc_ln468 = trunc i256 %lshr_ln468" [../src/msm.cpp:468->../src/msm.cpp:525->../src/msm.cpp:573]   --->   Operation 48 'trunc' 'trunc_ln468' <Predicate = true> <Delay = 0.00>
ST_2 : Operation 49 [1/1] (0.74ns) (out node of the LUT)   --->   "%lshr_ln468_1 = lshr i256 115792089237316195423570985008687907853269984665640564039457584007913129639935, i256 %zext_ln468_3" [../src/msm.cpp:468->../src/msm.cpp:525->../src/msm.cpp:573]   --->   Operation 49 'lshr' 'lshr_ln468_1' <Predicate = true> <Delay = 0.74> <CoreInst = "Shifter">   --->   Core 75 'Shifter' <Latency = 0> <II = 1> <Delay = 0.74> <FuncUnit> <Opcode : 'shl' 'lshr' 'ashr'> <InPorts = 2> <OutPorts = 1>
ST_2 : Operation 50 [1/1] (0.00ns)   --->   "%trunc_ln468_1 = trunc i256 %lshr_ln468_1" [../src/msm.cpp:468->../src/msm.cpp:525->../src/msm.cpp:573]   --->   Operation 50 'trunc' 'trunc_ln468_1' <Predicate = true> <Delay = 0.00>
ST_2 : Operation 51 [1/1] (0.26ns)   --->   "%partition = and i15 %trunc_ln468, i15 %trunc_ln468_1" [../src/msm.cpp:468->../src/msm.cpp:525->../src/msm.cpp:573]   --->   Operation 51 'and' 'partition' <Predicate = true> <Delay = 0.26> <CoreInst = "LogicGate">   --->   Core 74 'LogicGate' <Latency = 0> <II = 1> <Delay = 0.26> <FuncUnit> <Opcode : 'and' 'or' 'xor'> <InPorts = 2> <OutPorts = 1>
ST_2 : Operation 62 [1/1] (0.42ns)   --->   "%ret_ln0 = ret"   --->   Operation 62 'ret' 'ret_ln0' <Predicate = (icmp_ln465)> <Delay = 0.42>

State 3 <SV = 2> <Delay = 1.23>
ST_3 : Operation 52 [1/1] (0.00ns)   --->   "%specpipeline_ln467 = specpipeline void @_ssdm_op_SpecPipeline, i32 1, i32 0, i32 0, i32 0, void @empty_15" [../src/msm.cpp:467->../src/msm.cpp:525->../src/msm.cpp:573]   --->   Operation 52 'specpipeline' 'specpipeline_ln467' <Predicate = true> <Delay = 0.00>
ST_3 : Operation 53 [1/1] (0.00ns)   --->   "%speclooptripcount_ln465 = speclooptripcount void @_ssdm_op_SpecLoopTripCount, i64 25, i64 25, i64 25" [../src/msm.cpp:465->../src/msm.cpp:525->../src/msm.cpp:573]   --->   Operation 53 'speclooptripcount' 'speclooptripcount_ln465' <Predicate = true> <Delay = 0.00>
ST_3 : Operation 54 [1/1] (0.00ns)   --->   "%specloopname_ln465 = specloopname void @_ssdm_op_SpecLoopName, void @empty_6" [../src/msm.cpp:465->../src/msm.cpp:525->../src/msm.cpp:573]   --->   Operation 54 'specloopname' 'specloopname_ln465' <Predicate = true> <Delay = 0.00>
ST_3 : Operation 55 [1/1] (0.00ns)   --->   "%zext_ln465 = zext i4 %lshr_ln" [../src/msm.cpp:465->../src/msm.cpp:525->../src/msm.cpp:573]   --->   Operation 55 'zext' 'zext_ln465' <Predicate = true> <Delay = 0.00>
ST_3 : Operation 56 [1/1] (0.00ns)   --->   "%scalar_partition_buffer_addr = getelementptr i15 %scalar_partition_buffer, i64 0, i64 %zext_ln465" [../src/msm.cpp:469->../src/msm.cpp:525->../src/msm.cpp:573]   --->   Operation 56 'getelementptr' 'scalar_partition_buffer_addr' <Predicate = true> <Delay = 0.00>
ST_3 : Operation 57 [1/1] (0.00ns)   --->   "%scalar_partition_buffer_2_addr = getelementptr i15 %scalar_partition_buffer_2, i64 0, i64 %zext_ln465" [../src/msm.cpp:469->../src/msm.cpp:525->../src/msm.cpp:573]   --->   Operation 57 'getelementptr' 'scalar_partition_buffer_2_addr' <Predicate = true> <Delay = 0.00>
ST_3 : Operation 58 [1/1] ( I:1.23ns O:1.23ns )   --->   "%store_ln469 = store i15 %partition, i4 %scalar_partition_buffer_addr" [../src/msm.cpp:469->../src/msm.cpp:525->../src/msm.cpp:573]   --->   Operation 58 'store' 'store_ln469' <Predicate = (!trunc_ln465)> <Delay = 1.23> <CoreInst = "RAM_T2P_BRAM">   --->   Core 98 'RAM_T2P_BRAM' <Latency = 1> <II = 1> <Delay = 1.23> <Storage> <Opcode : 'load' 'store'> <Ports = 2> <Width = 15> <Depth = 13> <RAM>
ST_3 : Operation 59 [1/1] (0.00ns)   --->   "%br_ln469 = br void %arrayidx.i.i1.exit.i" [../src/msm.cpp:469->../src/msm.cpp:525->../src/msm.cpp:573]   --->   Operation 59 'br' 'br_ln469' <Predicate = (!trunc_ln465)> <Delay = 0.00>
ST_3 : Operation 60 [1/1] ( I:1.23ns O:1.23ns )   --->   "%store_ln469 = store i15 %partition, i4 %scalar_partition_buffer_2_addr" [../src/msm.cpp:469->../src/msm.cpp:525->../src/msm.cpp:573]   --->   Operation 60 'store' 'store_ln469' <Predicate = (trunc_ln465)> <Delay = 1.23> <CoreInst = "RAM_T2P_BRAM">   --->   Core 98 'RAM_T2P_BRAM' <Latency = 1> <II = 1> <Delay = 1.23> <Storage> <Opcode : 'load' 'store'> <Ports = 2> <Width = 15> <Depth = 13> <RAM>
ST_3 : Operation 61 [1/1] (0.00ns)   --->   "%br_ln469 = br void %arrayidx.i.i1.exit.i" [../src/msm.cpp:469->../src/msm.cpp:525->../src/msm.cpp:573]   --->   Operation 61 'br' 'br_ln469' <Predicate = (trunc_ln465)> <Delay = 0.00>


============================================================
+ Verbose Summary: Timing violations
============================================================
Target clock period: 4.000ns, clock uncertainty: 1.080ns.

 <State 1>: 1.643ns
The critical path consists of the following:
	'store' operation 0 bit ('store_ln465', ../src/msm.cpp:465->../src/msm.cpp:525->../src/msm.cpp:573) of constant 0 on local variable 'i', ../src/msm.cpp:465->../src/msm.cpp:525->../src/msm.cpp:573 [9]  (0.427 ns)
	'load' operation 5 bit ('i', ../src/msm.cpp:465->../src/msm.cpp:525->../src/msm.cpp:573) on local variable 'i', ../src/msm.cpp:465->../src/msm.cpp:525->../src/msm.cpp:573 [13]  (0.000 ns)
	'icmp' operation 1 bit ('icmp_ln465', ../src/msm.cpp:465->../src/msm.cpp:525->../src/msm.cpp:573) [14]  (0.789 ns)
	'store' operation 0 bit ('store_ln465', ../src/msm.cpp:465->../src/msm.cpp:525->../src/msm.cpp:573) of variable 'add_ln468', ../src/msm.cpp:468->../src/msm.cpp:525->../src/msm.cpp:573 on local variable 'i', ../src/msm.cpp:465->../src/msm.cpp:525->../src/msm.cpp:573 [62]  (0.427 ns)

 <State 2>: 2.567ns
The critical path consists of the following:
	'icmp' operation 1 bit ('icmp_ln468', ../src/msm.cpp:468->../src/msm.cpp:525->../src/msm.cpp:573) [34]  (0.765 ns)
	'select' operation 256 bit ('select_ln468_1', ../src/msm.cpp:468->../src/msm.cpp:525->../src/msm.cpp:573) [40]  (0.000 ns)
	'lshr' operation 256 bit ('lshr_ln468', ../src/msm.cpp:468->../src/msm.cpp:525->../src/msm.cpp:573) [45]  (1.533 ns)
	'and' operation 15 bit ('partition', ../src/msm.cpp:468->../src/msm.cpp:525->../src/msm.cpp:573) [49]  (0.269 ns)

 <State 3>: 1.237ns
The critical path consists of the following:
	'getelementptr' operation 4 bit ('scalar_partition_buffer_addr', ../src/msm.cpp:469->../src/msm.cpp:525->../src/msm.cpp:573) [50]  (0.000 ns)
	'store' operation 0 bit ('store_ln469', ../src/msm.cpp:469->../src/msm.cpp:525->../src/msm.cpp:573) of variable 'partition', ../src/msm.cpp:468->../src/msm.cpp:525->../src/msm.cpp:573 on array 'scalar_partition_buffer' [54]  (1.237 ns)


============================================================
+ Verbose Summary: Binding
============================================================
N/A
* FSMD analyzer results:
  - Output states:
 - Input state : 
  - Chain level:
	State 1
	State 2
	State 3


============================================================
+ Verbose Summary: Datapath Resource usage 
============================================================
N/A
