

================================================================
== Vitis HLS Report for 'pippenger_control_Pipeline_PARTITION_SCALAR'
================================================================
* Date:           Tue Apr 29 06:12:15 2025

* Version:        2024.2 (Build 5238294 on Nov  8 2024)
* Project:        msm_2
* Solution:       solution1 (Vivado IP Flow Target)
* Product family: zynquplus
* Target device:  xczu7ev-ffvc1156-2-e


================================================================
== Performance Estimates
================================================================
+ Timing: 
    * Summary: 
    +--------+---------+----------+------------+
    |  Clock |  Target | Estimated| Uncertainty|
    +--------+---------+----------+------------+
    |ap_clk  |  4.00 ns|  2.567 ns|     1.08 ns|
    +--------+---------+----------+------------+

+ Latency: 
    * Summary: 
    +---------+---------+----------+----------+-----+-----+------------------------------------------------+
    |  Latency (cycles) |  Latency (absolute) |  Interval |                    Pipeline                    |
    |   min   |   max   |    min   |    max   | min | max |                      Type                      |
    +---------+---------+----------+----------+-----+-----+------------------------------------------------+
    |       28|       28|  0.112 us|  0.112 us|   26|   26|  loop auto-rewind stp (delay=0 clock cycles(s))|
    +---------+---------+----------+----------+-----+-----+------------------------------------------------+

    + Detail: 
        * Instance: 
        N/A

        * Loop: 
        +--------------------+---------+---------+----------+-----------+-----------+------+----------+
        |                    |  Latency (cycles) | Iteration|  Initiation Interval  | Trip |          |
        |      Loop Name     |   min   |   max   |  Latency |  achieved |   target  | Count| Pipelined|
        +--------------------+---------+---------+----------+-----------+-----------+------+----------+
        |- PARTITION_SCALAR  |       26|       26|         3|          1|          1|    25|       yes|
        +--------------------+---------+---------+----------+-----------+-----------+------+----------+

============================================================
+ Verbose Summary: Synthesis Manager
============================================================
InlineROM: 1
ExposeGlobal: 0
============================================================
+ Verbose Summary: CDFG Model
============================================================
IsTopModel: 0
ResetActiveHigh: 1
IsCombinational: 0
IsDatapathOnly: 0
HasWiredReturn: 1
HasMFsm: 2
HasVarLatency: 1
IsPipeline: 0
IsRtlPipelined: 0
IsInstanceOverlapped: 0
IsDontTouch: 0
HasImplIP: 0
IsGatedGlobalClock: 0

+ Individual pipeline summary: 
  * Pipeline-0: initiation interval (II) = 1, depth = 3


============================================================
+ Verbose Summary: Schedule
============================================================
* Number of FSM states : 3
* Pipeline : 1
  Pipeline-0 : II = 1, D = 3, States = { 1 2 3 }
* Dataflow Pipeline: 0

* FSM state transitions: 
1 --> 2 
2 --> 3 
3 --> 

* FSM state operations: 

State 1 <SV = 0> <Delay = 1.64>
ST_1 : Operation 6 [1/1] (0.00ns)   --->   "%i_1 = alloca i32 1" [../src/msm.cpp:465->../src/msm.cpp:525->../src/msm.cpp:573]   --->   Operation 6 'alloca' 'i_1' <Predicate = true> <Delay = 0.00>
ST_1 : Operation 7 [1/1] (0.00ns)   --->   "%i = alloca i32 1" [../src/msm.cpp:465->../src/msm.cpp:525->../src/msm.cpp:573]   --->   Operation 7 'alloca' 'i' <Predicate = true> <Delay = 0.00>
ST_1 : Operation 8 [1/1] (0.00ns)   --->   "%specmemcore_ln0 = specmemcore void @_ssdm_op_SpecMemCore, i15 %scalar_partition_buffer, i64 666, i64 30, i64 18446744073709551615"   --->   Operation 8 'specmemcore' 'specmemcore_ln0' <Predicate = true> <Delay = 0.00>
ST_1 : Operation 9 [1/1] (0.00ns)   --->   "%specmemcore_ln0 = specmemcore void @_ssdm_op_SpecMemCore, i15 %scalar_partition_buffer_2, i64 666, i64 30, i64 18446744073709551615"   --->   Operation 9 'specmemcore' 'specmemcore_ln0' <Predicate = true> <Delay = 0.00>
ST_1 : Operation 10 [1/1] (0.00ns)   --->   "%scalar_read = read i256 @_ssdm_op_Read.ap_auto.i256, i256 %scalar"   --->   Operation 10 'read' 'scalar_read' <Predicate = true> <Delay = 0.00>
ST_1 : Operation 11 [1/1] (0.42ns)   --->   "%store_ln465 = store i5 0, i5 %i" [../src/msm.cpp:465->../src/msm.cpp:525->../src/msm.cpp:573]   --->   Operation 11 'store' 'store_ln465' <Predicate = true> <Delay = 0.42>
ST_1 : Operation 12 [1/1] (0.42ns)   --->   "%store_ln465 = store i5 1, i5 %i_1" [../src/msm.cpp:465->../src/msm.cpp:525->../src/msm.cpp:573]   --->   Operation 12 'store' 'store_ln465' <Predicate = true> <Delay = 0.42>
ST_1 : Operation 13 [1/1] (0.00ns)   --->   "%br_ln0 = br void %for.inc.i.i.i"   --->   Operation 13 'br' 'br_ln0' <Predicate = true> <Delay = 0.00>
ST_1 : Operation 14 [1/1] (0.00ns)   --->   "%i_2 = load i5 %i" [../src/msm.cpp:465->../src/msm.cpp:525->../src/msm.cpp:573]   --->   Operation 14 'load' 'i_2' <Predicate = true> <Delay = 0.00>
ST_1 : Operation 15 [1/1] (0.78ns)   --->   "%icmp_ln465 = icmp_eq  i5 %i_2, i5 25" [../src/msm.cpp:465->../src/msm.cpp:525->../src/msm.cpp:573]   --->   Operation 15 'icmp' 'icmp_ln465' <Predicate = true> <Delay = 0.78> <CoreInst = "Cmp">   --->   Core 9 'Cmp' <Latency = 0> <II = 1> <Delay = 0.78> <FuncUnit> <Opcode : 'seteq' 'setne' 'setle' 'setge' 'setlt' 'setgt'> <InPorts = 2> <OutPorts = 1>
ST_1 : Operation 16 [1/1] (0.78ns)   --->   "%add_ln468 = add i5 %i_2, i5 1" [../src/msm.cpp:468->../src/msm.cpp:525->../src/msm.cpp:573]   --->   Operation 16 'add' 'add_ln468' <Predicate = true> <Delay = 0.78> <CoreInst = "Adder">   --->   Core 1 'Adder' <Latency = 0> <II = 1> <Delay = 0.78> <FuncUnit> <Opcode : 'add' 'sub'> <InPorts = 2> <OutPorts = 1>
ST_1 : Operation 17 [1/1] (0.00ns)   --->   "%br_ln465 = br i1 %icmp_ln465, void %for.inc.i.i.split.i, void %_Z16partition_scalarRN3hls6streamI7ap_uintILi256EELi0EEEPi.exit.i.i.exitStub" [../src/msm.cpp:465->../src/msm.cpp:525->../src/msm.cpp:573]   --->   Operation 17 'br' 'br_ln465' <Predicate = true> <Delay = 0.00>
ST_1 : Operation 18 [1/1] (0.00ns)   --->   "%i_1_load_1 = load i5 %i_1" [../src/msm.cpp:468->../src/msm.cpp:525->../src/msm.cpp:573]   --->   Operation 18 'load' 'i_1_load_1' <Predicate = (!icmp_ln465)> <Delay = 0.00>
ST_1 : Operation 19 [1/1] (0.00ns)   --->   "%trunc_ln465 = trunc i5 %i_2" [../src/msm.cpp:465->../src/msm.cpp:525->../src/msm.cpp:573]   --->   Operation 19 'trunc' 'trunc_ln465' <Predicate = (!icmp_ln465)> <Delay = 0.00>
ST_1 : Operation 20 [1/1] (0.00ns)   --->   "%lshr_ln = partselect i4 @_ssdm_op_PartSelect.i4.i5.i32.i32, i5 %i_2, i32 1, i32 4" [../src/msm.cpp:465->../src/msm.cpp:525->../src/msm.cpp:573]   --->   Operation 20 'partselect' 'lshr_ln' <Predicate = (!icmp_ln465)> <Delay = 0.00>
ST_1 : Operation 21 [1/1] (0.00ns)   --->   "%p_shl = bitconcatenate i8 @_ssdm_op_BitConcatenate.i8.i5.i3, i5 %i_1_load_1, i3 0" [../src/msm.cpp:468->../src/msm.cpp:525->../src/msm.cpp:573]   --->   Operation 21 'bitconcatenate' 'p_shl' <Predicate = (!icmp_ln465)> <Delay = 0.00>
ST_1 : Operation 22 [1/1] (0.00ns)   --->   "%tmp = bitconcatenate i6 @_ssdm_op_BitConcatenate.i6.i5.i1, i5 %i_1_load_1, i1 0" [../src/msm.cpp:468->../src/msm.cpp:525->../src/msm.cpp:573]   --->   Operation 22 'bitconcatenate' 'tmp' <Predicate = (!icmp_ln465)> <Delay = 0.00>
ST_1 : Operation 23 [1/1] (0.00ns)   --->   "%zext_ln468 = zext i6 %tmp" [../src/msm.cpp:468->../src/msm.cpp:525->../src/msm.cpp:573]   --->   Operation 23 'zext' 'zext_ln468' <Predicate = (!icmp_ln465)> <Delay = 0.00>
ST_1 : Operation 24 [1/1] (0.00ns) (grouped into TernaryAdder)   --->   "%add_ln468_2 = add i8 %p_shl, i8 %zext_ln468" [../src/msm.cpp:468->../src/msm.cpp:525->../src/msm.cpp:573]   --->   Operation 24 'add' 'add_ln468_2' <Predicate = (!icmp_ln465)> <Delay = 0.00> <CoreInst = "TAddSub">   --->   Core 10 'TAddSub' <Latency = 0> <II = 1> <Delay = 0.52> <IPBlock> <Opcode : '' 'add' 'sub'> <InPorts = 3> <OutPorts = 1> <Sync> <CReg>
ST_1 : Operation 25 [1/1] (1.05ns) (root node of TernaryAdder)   --->   "%add_ln468_1 = add i8 %add_ln468_2, i8 255" [../src/msm.cpp:468->../src/msm.cpp:525->../src/msm.cpp:573]   --->   Operation 25 'add' 'add_ln468_1' <Predicate = (!icmp_ln465)> <Delay = 1.05> <CoreInst = "TAddSub">   --->   Core 10 'TAddSub' <Latency = 0> <II = 1> <Delay = 0.52> <IPBlock> <Opcode : '' 'add' 'sub'> <InPorts = 3> <OutPorts = 1> <Sync> <CReg>
ST_1 : Operation 26 [1/1] (0.00ns)   --->   "%tmp_1 = bitconcatenate i8 @_ssdm_op_BitConcatenate.i8.i5.i3, i5 %i_2, i3 0" [../src/msm.cpp:468->../src/msm.cpp:525->../src/msm.cpp:573]   --->   Operation 26 'bitconcatenate' 'tmp_1' <Predicate = (!icmp_ln465)> <Delay = 0.00>
ST_1 : Operation 27 [1/1] (0.00ns)   --->   "%tmp_2 = bitconcatenate i6 @_ssdm_op_BitConcatenate.i6.i5.i1, i5 %i_2, i1 0" [../src/msm.cpp:468->../src/msm.cpp:525->../src/msm.cpp:573]   --->   Operation 27 'bitconcatenate' 'tmp_2' <Predicate = (!icmp_ln465)> <Delay = 0.00>
ST_1 : Operation 28 [1/1] (0.00ns)   --->   "%zext_ln468_1 = zext i6 %tmp_2" [../src/msm.cpp:468->../src/msm.cpp:525->../src/msm.cpp:573]   --->   Operation 28 'zext' 'zext_ln468_1' <Predicate = (!icmp_ln465)> <Delay = 0.00>
ST_1 : Operation 29 [1/1] (0.76ns)   --->   "%add_ln468_3 = add i8 %tmp_1, i8 %zext_ln468_1" [../src/msm.cpp:468->../src/msm.cpp:525->../src/msm.cpp:573]   --->   Operation 29 'add' 'add_ln468_3' <Predicate = (!icmp_ln465)> <Delay = 0.76> <CoreInst = "Adder">   --->   Core 1 'Adder' <Latency = 0> <II = 1> <Delay = 0.76> <FuncUnit> <Opcode : 'add' 'sub'> <InPorts = 2> <OutPorts = 1>
ST_1 : Operation 30 [1/1] (0.00ns)   --->   "%br_ln469 = br i1 %trunc_ln465, void %arrayidx.i.i1.case.0.i, void %arrayidx.i.i1.case.1.i" [../src/msm.cpp:469->../src/msm.cpp:525->../src/msm.cpp:573]   --->   Operation 30 'br' 'br_ln469' <Predicate = (!icmp_ln465)> <Delay = 0.00>
ST_1 : Operation 31 [1/1] (0.00ns)   --->   "%i_1_load = load i5 %i_1" [../src/msm.cpp:465->../src/msm.cpp:525->../src/msm.cpp:573]   --->   Operation 31 'load' 'i_1_load' <Predicate = (!icmp_ln465)> <Delay = 0.00>
ST_1 : Operation 32 [1/1] (0.78ns)   --->   "%add_ln465 = add i5 %i_1_load, i5 1" [../src/msm.cpp:465->../src/msm.cpp:525->../src/msm.cpp:573]   --->   Operation 32 'add' 'add_ln465' <Predicate = (!icmp_ln465)> <Delay = 0.78> <CoreInst = "Adder">   --->   Core 1 'Adder' <Latency = 0> <II = 1> <Delay = 0.78> <FuncUnit> <Opcode : 'add' 'sub'> <InPorts = 2> <OutPorts = 1>
ST_1 : Operation 33 [1/1] (0.42ns)   --->   "%store_ln465 = store i5 %add_ln468, i5 %i" [../src/msm.cpp:465->../src/msm.cpp:525->../src/msm.cpp:573]   --->   Operation 33 'store' 'store_ln465' <Predicate = (!icmp_ln465)> <Delay = 0.42>
ST_1 : Operation 34 [1/1] (0.42ns)   --->   "%store_ln465 = store i5 %add_ln465, i5 %i_1" [../src/msm.cpp:465->../src/msm.cpp:525->../src/msm.cpp:573]   --->   Operation 34 'store' 'store_ln465' <Predicate = (!icmp_ln465)> <Delay = 0.42>
ST_1 : Operation 35 [1/1] (0.00ns)   --->   "%br_ln465 = br void %for.inc.i.i.i" [../src/msm.cpp:465->../src/msm.cpp:525->../src/msm.cpp:573]   --->   Operation 35 'br' 'br_ln465' <Predicate = (!icmp_ln465)> <Delay = 0.00>

State 2 <SV = 1> <Delay = 2.56>
ST_2 : Operation 36 [1/1] (0.76ns)   --->   "%icmp_ln468 = icmp_ugt  i8 %add_ln468_3, i8 %add_ln468_1" [../src/msm.cpp:468->../src/msm.cpp:525->../src/msm.cpp:573]   --->   Operation 36 'icmp' 'icmp_ln468' <Predicate = true> <Delay = 0.76> <CoreInst = "Cmp">   --->   Core 9 'Cmp' <Latency = 0> <II = 1> <Delay = 0.76> <FuncUnit> <Opcode : 'seteq' 'setne' 'setle' 'setge' 'setlt' 'setgt'> <InPorts = 2> <OutPorts = 1>
ST_2 : Operation 37 [1/1] (0.00ns) (grouped into LUT with out node lshr_ln468)   --->   "%tmp_3 = partselect i256 @llvm.part.select.i256, i256 %scalar_read, i32 255, i32 0" [../src/msm.cpp:468->../src/msm.cpp:525->../src/msm.cpp:573]   --->   Operation 37 'partselect' 'tmp_3' <Predicate = true> <Delay = 0.00>
ST_2 : Operation 38 [1/1] (0.76ns)   --->   "%sub_ln468 = sub i8 %add_ln468_3, i8 %add_ln468_1" [../src/msm.cpp:468->../src/msm.cpp:525->../src/msm.cpp:573]   --->   Operation 38 'sub' 'sub_ln468' <Predicate = true> <Delay = 0.76> <CoreInst = "Adder">   --->   Core 1 'Adder' <Latency = 0> <II = 1> <Delay = 0.76> <FuncUnit> <Opcode : 'add' 'sub'> <InPorts = 2> <OutPorts = 1>
ST_2 : Operation 39 [1/1] (0.00ns) (grouped into LUT with out node lshr_ln468)   --->   "%xor_ln468 = xor i8 %add_ln468_3, i8 255" [../src/msm.cpp:468->../src/msm.cpp:525->../src/msm.cpp:573]   --->   Operation 39 'xor' 'xor_ln468' <Predicate = true> <Delay = 0.00> <CoreInst = "LogicGate">   --->   Core 74 'LogicGate' <Latency = 0> <II = 1> <Delay = 0.33> <FuncUnit> <Opcode : 'and' 'or' 'xor'> <InPorts = 2> <OutPorts = 1>
ST_2 : Operation 40 [1/1] (0.76ns)   --->   "%sub_ln468_1 = sub i8 %add_ln468_1, i8 %add_ln468_3" [../src/msm.cpp:468->../src/msm.cpp:525->../src/msm.cpp:573]   --->   Operation 40 'sub' 'sub_ln468_1' <Predicate = true> <Delay = 0.76> <CoreInst = "Adder">   --->   Core 1 'Adder' <Latency = 0> <II = 1> <Delay = 0.76> <FuncUnit> <Opcode : 'add' 'sub'> <InPorts = 2> <OutPorts = 1>
ST_2 : Operation 41 [1/1] (0.00ns) (grouped into LUT with out node lshr_ln468_1)   --->   "%select_ln468 = select i1 %icmp_ln468, i8 %sub_ln468, i8 %sub_ln468_1" [../src/msm.cpp:468->../src/msm.cpp:525->../src/msm.cpp:573]   --->   Operation 41 'select' 'select_ln468' <Predicate = true> <Delay = 0.00> <CoreInst = "Sel">   --->   Core 73 'Sel' <Latency = 0> <II = 1> <Delay = 0.39> <FuncUnit> <Opcode : 'select'> <InPorts = 3> <OutPorts = 1>
ST_2 : Operation 42 [1/1] (0.00ns) (grouped into LUT with out node lshr_ln468)   --->   "%select_ln468_1 = select i1 %icmp_ln468, i256 %tmp_3, i256 %scalar_read" [../src/msm.cpp:468->../src/msm.cpp:525->../src/msm.cpp:573]   --->   Operation 42 'select' 'select_ln468_1' <Predicate = true> <Delay = 0.00> <CoreInst = "Sel">   --->   Core 73 'Sel' <Latency = 0> <II = 1> <Delay = 0.51> <FuncUnit> <Opcode : 'select'> <InPorts = 3> <OutPorts = 1>
ST_2 : Operation 43 [1/1] (0.00ns) (grouped into LUT with out node lshr_ln468)   --->   "%select_ln468_2 = select i1 %icmp_ln468, i8 %xor_ln468, i8 %add_ln468_3" [../src/msm.cpp:468->../src/msm.cpp:525->../src/msm.cpp:573]   --->   Operation 43 'select' 'select_ln468_2' <Predicate = true> <Delay = 0.00> <CoreInst = "Sel">   --->   Core 73 'Sel' <Latency = 0> <II = 1> <Delay = 0.39> <FuncUnit> <Opcode : 'select'> <InPorts = 3> <OutPorts = 1>
ST_2 : Operation 44 [1/1] (0.00ns) (grouped into LUT with out node lshr_ln468_1)   --->   "%xor_ln468_1 = xor i8 %select_ln468, i8 255" [../src/msm.cpp:468->../src/msm.cpp:525->../src/msm.cpp:573]   --->   Operation 44 'xor' 'xor_ln468_1' <Predicate = true> <Delay = 0.00> <CoreInst = "LogicGate">   --->   Core 74 'LogicGate' <Latency = 0> <II = 1> <Delay = 0.33> <FuncUnit> <Opcode : 'and' 'or' 'xor'> <InPorts = 2> <OutPorts = 1>
ST_2 : Operation 45 [1/1] (0.00ns) (grouped into LUT with out node lshr_ln468)   --->   "%zext_ln468_2 = zext i8 %select_ln468_2" [../src/msm.cpp:468->../src/msm.cpp:525->../src/msm.cpp:573]   --->   Operation 45 'zext' 'zext_ln468_2' <Predicate = true> <Delay = 0.00>
ST_2 : Operation 46 [1/1] (0.00ns) (grouped into LUT with out node lshr_ln468_1)   --->   "%zext_ln468_3 = zext i8 %xor_ln468_1" [../src/msm.cpp:468->../src/msm.cpp:525->../src/msm.cpp:573]   --->   Operation 46 'zext' 'zext_ln468_3' <Predicate = true> <Delay = 0.00>
ST_2 : Operation 47 [1/1] (1.53ns) (out node of the LUT)   --->   "%lshr_ln468 = lshr i256 %select_ln468_1, i256 %zext_ln468_2" [../src/msm.cpp:468->../src/msm.cpp:525->../src/msm.cpp:573]   --->   Operation 47 'lshr' 'lshr_ln468' <Predicate = true> <Delay = 1.53> <CoreInst = "Shifter">   --->   Core 75 'Shifter' <Latency = 0> <II = 1> <Delay = 1.53> <FuncUnit> <Opcode : 'shl' 'lshr' 'ashr'> <InPorts = 2> <OutPorts = 1>
ST_2 : Operation 48 [1/1] (0.00ns)   --->   "%trunc_ln468 = trunc i256 %lshr_ln468" [../src/msm.cpp:468->../src/msm.cpp:525->../src/msm.cpp:573]   --->   Operation 48 'trunc' 'trunc_ln468' <Predicate = true> <Delay = 0.00>
ST_2 : Operation 49 [1/1] (0.74ns) (out node of the LUT)   --->   "%lshr_ln468_1 = lshr i256 115792089237316195423570985008687907853269984665640564039457584007913129639935, i256 %zext_ln468_3" [../src/msm.cpp:468->../src/msm.cpp:525->../src/msm.cpp:573]   --->   Operation 49 'lshr' 'lshr_ln468_1' <Predicate = true> <Delay = 0.74> <CoreInst = "Shifter">   --->   Core 75 'Shifter' <Latency = 0> <II = 1> <Delay = 0.74> <FuncUnit> <Opcode : 'shl' 'lshr' 'ashr'> <InPorts = 2> <OutPorts = 1>
ST_2 : Operation 50 [1/1] (0.00ns)   --->   "%trunc_ln468_1 = trunc i256 %lshr_ln468_1" [../src/msm.cpp:468->../src/msm.cpp:525->../src/msm.cpp:573]   --->   Operation 50 'trunc' 'trunc_ln468_1' <Predicate = true> <Delay = 0.00>
ST_2 : Operation 51 [1/1] (0.26ns)   --->   "%partition = and i15 %trunc_ln468, i15 %trunc_ln468_1" [../src/msm.cpp:468->../src/msm.cpp:525->../src/msm.cpp:573]   --->   Operation 51 'and' 'partition' <Predicate = true> <Delay = 0.26> <CoreInst = "LogicGate">   --->   Core 74 'LogicGate' <Latency = 0> <II = 1> <Delay = 0.26> <FuncUnit> <Opcode : 'and' 'or' 'xor'> <InPorts = 2> <OutPorts = 1>
ST_2 : Operation 62 [1/1] (0.42ns)   --->   "%ret_ln0 = ret"   --->   Operation 62 'ret' 'ret_ln0' <Predicate = (icmp_ln465)> <Delay = 0.42>

State 3 <SV = 2> <Delay = 1.23>
ST_3 : Operation 52 [1/1] (0.00ns)   --->   "%specpipeline_ln467 = specpipeline void @_ssdm_op_SpecPipeline, i32 1, i32 0, i32 0, i32 0, void @empty_15" [../src/msm.cpp:467->../src/msm.cpp:525->../src/msm.cpp:573]   --->   Operation 52 'specpipeline' 'specpipeline_ln467' <Predicate = true> <Delay = 0.00>
ST_3 : Operation 53 [1/1] (0.00ns)   --->   "%speclooptripcount_ln465 = speclooptripcount void @_ssdm_op_SpecLoopTripCount, i64 25, i64 25, i64 25" [../src/msm.cpp:465->../src/msm.cpp:525->../src/msm.cpp:573]   --->   Operation 53 'speclooptripcount' 'speclooptripcount_ln465' <Predicate = true> <Delay = 0.00>
ST_3 : Operation 54 [1/1] (0.00ns)   --->   "%specloopname_ln465 = specloopname void @_ssdm_op_SpecLoopName, void @empty_6" [../src/msm.cpp:465->../src/msm.cpp:525->../src/msm.cpp:573]   --->   Operation 54 'specloopname' 'specloopname_ln465' <Predicate = true> <Delay = 0.00>
ST_3 : Operation 55 [1/1] (0.00ns)   --->   "%zext_ln465 = zext i4 %lshr_ln" [../src/msm.cpp:465->../src/msm.cpp:525->../src/msm.cpp:573]   --->   Operation 55 'zext' 'zext_ln465' <Predicate = true> <Delay = 0.00>
ST_3 : Operation 56 [1/1] (0.00ns)   --->   "%scalar_partition_buffer_addr = getelementptr i15 %scalar_partition_buffer, i64 0, i64 %zext_ln465" [../src/msm.cpp:469->../src/msm.cpp:525->../src/msm.cpp:573]   --->   Operation 56 'getelementptr' 'scalar_partition_buffer_addr' <Predicate = true> <Delay = 0.00>
ST_3 : Operation 57 [1/1] (0.00ns)   --->   "%scalar_partition_buffer_2_addr = getelementptr i15 %scalar_partition_buffer_2, i64 0, i64 %zext_ln465" [../src/msm.cpp:469->../src/msm.cpp:525->../src/msm.cpp:573]   --->   Operation 57 'getelementptr' 'scalar_partition_buffer_2_addr' <Predicate = true> <Delay = 0.00>
ST_3 : Operation 58 [1/1] ( I:1.23ns O:1.23ns )   --->   "%store_ln469 = store i15 %partition, i4 %scalar_partition_buffer_addr" [../src/msm.cpp:469->../src/msm.cpp:525->../src/msm.cpp:573]   --->   Operation 58 'store' 'store_ln469' <Predicate = (!trunc_ln465)> <Delay = 1.23> <CoreInst = "RAM_T2P_BRAM">   --->   Core 98 'RAM_T2P_BRAM' <Latency = 1> <II = 1> <Delay = 1.23> <Storage> <Opcode : 'load' 'store'> <Ports = 2> <Width = 15> <Depth = 13> <RAM>
ST_3 : Operation 59 [1/1] (0.00ns)   --->   "%br_ln469 = br void %arrayidx.i.i1.exit.i" [../src/msm.cpp:469->../src/msm.cpp:525->../src/msm.cpp:573]   --->   Operation 59 'br' 'br_ln469' <Predicate = (!trunc_ln465)> <Delay = 0.00>
ST_3 : Operation 60 [1/1] ( I:1.23ns O:1.23ns )   --->   "%store_ln469 = store i15 %partition, i4 %scalar_partition_buffer_2_addr" [../src/msm.cpp:469->../src/msm.cpp:525->../src/msm.cpp:573]   --->   Operation 60 'store' 'store_ln469' <Predicate = (trunc_ln465)> <Delay = 1.23> <CoreInst = "RAM_T2P_BRAM">   --->   Core 98 'RAM_T2P_BRAM' <Latency = 1> <II = 1> <Delay = 1.23> <Storage> <Opcode : 'load' 'store'> <Ports = 2> <Width = 15> <Depth = 13> <RAM>
ST_3 : Operation 61 [1/1] (0.00ns)   --->   "%br_ln469 = br void %arrayidx.i.i1.exit.i" [../src/msm.cpp:469->../src/msm.cpp:525->../src/msm.cpp:573]   --->   Operation 61 'br' 'br_ln469' <Predicate = (trunc_ln465)> <Delay = 0.00>


============================================================
+ Verbose Summary: Binding
============================================================
STG Binding: 
---------------- STG Properties BEGIN ----------------
- Is combinational: 0
- Is one-state seq: 0
- Is datapath-only: 0
- Is pipelined: 0
- Is top level: 0
Port [ Return ] is wired: 1; IO mode=ap_ctrl_hs:ce=0
Port [ scalar_partition_buffer_2]:  wired=1; compound=1; hidden=0; nouse=0; global=0; static=0; extern=0; dir=1; type=1; pingpong=0; private_global=0; MemPort=[03]; IO mode=ap_memory:ce=0
Port [ scalar_partition_buffer]:  wired=1; compound=1; hidden=0; nouse=0; global=0; static=0; extern=0; dir=1; type=1; pingpong=0; private_global=0; MemPort=[03]; IO mode=ap_memory:ce=0
Port [ scalar]:  wired=1; compound=0; hidden=0; nouse=0; global=0; static=0; extern=0; dir=0; type=0; pingpong=0; private_global=0; IO mode=ap_none:ce=0
---------------- STG Properties END ------------------

---------------- Datapath Model BEGIN ----------------

<LifeTime>
<method=bitvector/>
i_1                            (alloca           ) [ 0100]
i                              (alloca           ) [ 0100]
specmemcore_ln0                (specmemcore      ) [ 0000]
specmemcore_ln0                (specmemcore      ) [ 0000]
scalar_read                    (read             ) [ 0110]
store_ln465                    (store            ) [ 0000]
store_ln465                    (store            ) [ 0000]
br_ln0                         (br               ) [ 0000]
i_2                            (load             ) [ 0000]
icmp_ln465                     (icmp             ) [ 0110]
add_ln468                      (add              ) [ 0000]
br_ln465                       (br               ) [ 0000]
i_1_load_1                     (load             ) [ 0000]
trunc_ln465                    (trunc            ) [ 0111]
lshr_ln                        (partselect       ) [ 0111]
p_shl                          (bitconcatenate   ) [ 0000]
tmp                            (bitconcatenate   ) [ 0000]
zext_ln468                     (zext             ) [ 0000]
add_ln468_2                    (add              ) [ 0000]
add_ln468_1                    (add              ) [ 0110]
tmp_1                          (bitconcatenate   ) [ 0000]
tmp_2                          (bitconcatenate   ) [ 0000]
zext_ln468_1                   (zext             ) [ 0000]
add_ln468_3                    (add              ) [ 0110]
br_ln469                       (br               ) [ 0000]
i_1_load                       (load             ) [ 0000]
add_ln465                      (add              ) [ 0000]
store_ln465                    (store            ) [ 0000]
store_ln465                    (store            ) [ 0000]
br_ln465                       (br               ) [ 0000]
icmp_ln468                     (icmp             ) [ 0000]
tmp_3                          (partselect       ) [ 0000]
sub_ln468                      (sub              ) [ 0000]
xor_ln468                      (xor              ) [ 0000]
sub_ln468_1                    (sub              ) [ 0000]
select_ln468                   (select           ) [ 0000]
select_ln468_1                 (select           ) [ 0000]
select_ln468_2                 (select           ) [ 0000]
xor_ln468_1                    (xor              ) [ 0000]
zext_ln468_2                   (zext             ) [ 0000]
zext_ln468_3                   (zext             ) [ 0000]
lshr_ln468                     (lshr             ) [ 0000]
trunc_ln468                    (trunc            ) [ 0000]
lshr_ln468_1                   (lshr             ) [ 0000]
trunc_ln468_1                  (trunc            ) [ 0000]
partition                      (and              ) [ 0101]
specpipeline_ln467             (specpipeline     ) [ 0000]
speclooptripcount_ln465        (speclooptripcount) [ 0000]
specloopname_ln465             (specloopname     ) [ 0000]
zext_ln465                     (zext             ) [ 0000]
scalar_partition_buffer_addr   (getelementptr    ) [ 0000]
scalar_partition_buffer_2_addr (getelementptr    ) [ 0000]
store_ln469                    (store            ) [ 0000]
br_ln469                       (br               ) [ 0000]
store_ln469                    (store            ) [ 0000]
br_ln469                       (br               ) [ 0000]
ret_ln0                        (ret              ) [ 0000]
</LifeTime>

<model>

<comp_list>
<comp id="0" class="1000" name="scalar_partition_buffer_2">
<pin_list>
<pin id="1" dir="1" index="0" bw="1" slack="0"/>
</pin_list>
<bind>
<StgValue><ssdm name="scalar_partition_buffer_2"/><MemPortTyVec>0 3 </MemPortTyVec>
</StgValue>
</bind>
</comp>

<comp id="2" class="1000" name="scalar_partition_buffer">
<pin_list>
<pin id="3" dir="1" index="0" bw="1" slack="0"/>
</pin_list>
<bind>
<StgValue><ssdm name="scalar_partition_buffer"/><MemPortTyVec>0 3 </MemPortTyVec>
</StgValue>
</bind>
</comp>

<comp id="4" class="1000" name="scalar">
<pin_list>
<pin id="5" dir="1" index="0" bw="1" slack="0"/>
</pin_list>
<bind>
<StgValue><ssdm name="scalar"/></StgValue>
</bind>
</comp>

<comp id="6" class="1001" name="const_6">
<pin_list>
<pin id="7" dir="1" index="0" bw="1" slack="0"/>
</pin_list>
<bind>
<StgValue><ssdm name=""/></StgValue>
</bind>
</comp>

<comp id="8" class="1001" name="const_8">
<pin_list>
<pin id="9" dir="1" index="0" bw="1" slack="2147483647"/>
</pin_list>
<bind>
<StgValue><ssdm name="_ssdm_op_SpecMemCore"/></StgValue>
</bind>
</comp>

<comp id="10" class="1001" name="const_10">
<pin_list>
<pin id="11" dir="1" index="0" bw="1" slack="2147483647"/>
</pin_list>
<bind>
<StgValue><ssdm name=""/></StgValue>
</bind>
</comp>

<comp id="12" class="1001" name="const_12">
<pin_list>
<pin id="13" dir="1" index="0" bw="1" slack="2147483647"/>
</pin_list>
<bind>
<StgValue><ssdm name=""/></StgValue>
</bind>
</comp>

<comp id="14" class="1001" name="const_14">
<pin_list>
<pin id="15" dir="1" index="0" bw="1" slack="2147483647"/>
</pin_list>
<bind>
<StgValue><ssdm name=""/></StgValue>
</bind>
</comp>

<comp id="16" class="1001" name="const_16">
<pin_list>
<pin id="17" dir="1" index="0" bw="1" slack="0"/>
</pin_list>
<bind>
<StgValue><ssdm name="_ssdm_op_Read.ap_auto.i256"/></StgValue>
</bind>
</comp>

<comp id="18" class="1001" name="const_18">
<pin_list>
<pin id="19" dir="1" index="0" bw="1" slack="0"/>
</pin_list>
<bind>
<StgValue><ssdm name=""/></StgValue>
</bind>
</comp>

<comp id="20" class="1001" name="const_20">
<pin_list>
<pin id="21" dir="1" index="0" bw="1" slack="0"/>
</pin_list>
<bind>
<StgValue><ssdm name=""/></StgValue>
</bind>
</comp>

<comp id="22" class="1001" name="const_22">
<pin_list>
<pin id="23" dir="1" index="0" bw="1" slack="0"/>
</pin_list>
<bind>
<StgValue><ssdm name=""/></StgValue>
</bind>
</comp>

<comp id="24" class="1001" name="const_24">
<pin_list>
<pin id="25" dir="1" index="0" bw="1" slack="0"/>
</pin_list>
<bind>
<StgValue><ssdm name="_ssdm_op_PartSelect.i4.i5.i32.i32"/></StgValue>
</bind>
</comp>

<comp id="26" class="1001" name="const_26">
<pin_list>
<pin id="27" dir="1" index="0" bw="1" slack="0"/>
</pin_list>
<bind>
<StgValue><ssdm name=""/></StgValue>
</bind>
</comp>

<comp id="28" class="1001" name="const_28">
<pin_list>
<pin id="29" dir="1" index="0" bw="1" slack="0"/>
</pin_list>
<bind>
<StgValue><ssdm name="_ssdm_op_BitConcatenate.i8.i5.i3"/></StgValue>
</bind>
</comp>

<comp id="30" class="1001" name="const_30">
<pin_list>
<pin id="31" dir="1" index="0" bw="1" slack="0"/>
</pin_list>
<bind>
<StgValue><ssdm name=""/></StgValue>
</bind>
</comp>

<comp id="32" class="1001" name="const_32">
<pin_list>
<pin id="33" dir="1" index="0" bw="1" slack="0"/>
</pin_list>
<bind>
<StgValue><ssdm name="_ssdm_op_BitConcatenate.i6.i5.i1"/></StgValue>
</bind>
</comp>

<comp id="34" class="1001" name="const_34">
<pin_list>
<pin id="35" dir="1" index="0" bw="1" slack="0"/>
</pin_list>
<bind>
<StgValue><ssdm name=""/></StgValue>
</bind>
</comp>

<comp id="36" class="1001" name="const_36">
<pin_list>
<pin id="37" dir="1" index="0" bw="1" slack="0"/>
</pin_list>
<bind>
<StgValue><ssdm name=""/></StgValue>
</bind>
</comp>

<comp id="38" class="1001" name="const_38">
<pin_list>
<pin id="39" dir="1" index="0" bw="1" slack="0"/>
</pin_list>
<bind>
<StgValue><ssdm name="llvm.part.select.i256"/></StgValue>
</bind>
</comp>

<comp id="40" class="1001" name="const_40">
<pin_list>
<pin id="41" dir="1" index="0" bw="1" slack="0"/>
</pin_list>
<bind>
<StgValue><ssdm name=""/></StgValue>
</bind>
</comp>

<comp id="42" class="1001" name="const_42">
<pin_list>
<pin id="43" dir="1" index="0" bw="1" slack="0"/>
</pin_list>
<bind>
<StgValue><ssdm name=""/></StgValue>
</bind>
</comp>

<comp id="44" class="1001" name="const_44">
<pin_list>
<pin id="45" dir="1" index="0" bw="1" slack="0"/>
</pin_list>
<bind>
<StgValue><ssdm name=""/></StgValue>
</bind>
</comp>

<comp id="46" class="1001" name="const_46">
<pin_list>
<pin id="47" dir="1" index="0" bw="1" slack="2147483647"/>
</pin_list>
<bind>
<StgValue><ssdm name="_ssdm_op_SpecPipeline"/></StgValue>
</bind>
</comp>

<comp id="48" class="1001" name="const_48">
<pin_list>
<pin id="49" dir="1" index="0" bw="1" slack="2147483647"/>
</pin_list>
<bind>
<StgValue><ssdm name="empty_15"/></StgValue>
</bind>
</comp>

<comp id="50" class="1001" name="const_50">
<pin_list>
<pin id="51" dir="1" index="0" bw="1" slack="2147483647"/>
</pin_list>
<bind>
<StgValue><ssdm name="_ssdm_op_SpecLoopTripCount"/></StgValue>
</bind>
</comp>

<comp id="52" class="1001" name="const_52">
<pin_list>
<pin id="53" dir="1" index="0" bw="1" slack="2147483647"/>
</pin_list>
<bind>
<StgValue><ssdm name=""/></StgValue>
</bind>
</comp>

<comp id="54" class="1001" name="const_54">
<pin_list>
<pin id="55" dir="1" index="0" bw="1" slack="2147483647"/>
</pin_list>
<bind>
<StgValue><ssdm name="_ssdm_op_SpecLoopName"/></StgValue>
</bind>
</comp>

<comp id="56" class="1001" name="const_56">
<pin_list>
<pin id="57" dir="1" index="0" bw="1" slack="2147483647"/>
</pin_list>
<bind>
<StgValue><ssdm name="empty_6"/></StgValue>
</bind>
</comp>

<comp id="58" class="1001" name="const_58">
<pin_list>
<pin id="59" dir="1" index="0" bw="1" slack="0"/>
</pin_list>
<bind>
<StgValue><ssdm name=""/></StgValue>
</bind>
</comp>

<comp id="60" class="1004" name="i_1_fu_60">
<pin_list>
<pin id="61" dir="0" index="0" bw="1" slack="0"/>
<pin id="62" dir="1" index="1" bw="5" slack="0"/>
</pin_list>
<bind>
<opcode="alloca(26) " fcode="alloca"/>
<opset="i_1/1 "/>
</bind>
</comp>

<comp id="64" class="1004" name="i_fu_64">
<pin_list>
<pin id="65" dir="0" index="0" bw="1" slack="0"/>
<pin id="66" dir="1" index="1" bw="5" slack="0"/>
</pin_list>
<bind>
<opcode="alloca(26) " fcode="alloca"/>
<opset="i/1 "/>
</bind>
</comp>

<comp id="68" class="1004" name="scalar_read_read_fu_68">
<pin_list>
<pin id="69" dir="0" index="0" bw="256" slack="0"/>
<pin id="70" dir="0" index="1" bw="256" slack="0"/>
<pin id="71" dir="1" index="2" bw="256" slack="1"/>
</pin_list>
<bind>
<opcode="read(1150) " fcode="read"/>
<opset="scalar_read/1 "/>
</bind>
</comp>

<comp id="74" class="1004" name="scalar_partition_buffer_addr_gep_fu_74">
<pin_list>
<pin id="75" dir="0" index="0" bw="15" slack="0"/>
<pin id="76" dir="0" index="1" bw="1" slack="0"/>
<pin id="77" dir="0" index="2" bw="4" slack="0"/>
<pin id="78" dir="1" index="3" bw="4" slack="0"/>
</pin_list>
<bind>
<opcode="getelementptr(29) " fcode="getelementptr"/>
<opset="scalar_partition_buffer_addr/3 "/>
</bind>
</comp>

<comp id="81" class="1004" name="scalar_partition_buffer_2_addr_gep_fu_81">
<pin_list>
<pin id="82" dir="0" index="0" bw="15" slack="0"/>
<pin id="83" dir="0" index="1" bw="1" slack="0"/>
<pin id="84" dir="0" index="2" bw="4" slack="0"/>
<pin id="85" dir="1" index="3" bw="4" slack="0"/>
</pin_list>
<bind>
<opcode="getelementptr(29) " fcode="getelementptr"/>
<opset="scalar_partition_buffer_2_addr/3 "/>
</bind>
</comp>

<comp id="88" class="1004" name="store_ln469_access_fu_88">
<pin_list>
<pin id="89" dir="0" index="0" bw="4" slack="0"/>
<pin id="90" dir="0" index="1" bw="15" slack="1"/>
<pin id="91" dir="0" index="2" bw="0" slack="2147483647"/>
<pin id="92" dir="1" index="3" bw="15" slack="2147483647"/>
</pin_list>
<bind>
<opcode="store(28) " fcode="store"/>
<opset="store_ln469/3 "/>
</bind>
</comp>

<comp id="94" class="1004" name="store_ln469_access_fu_94">
<pin_list>
<pin id="95" dir="0" index="0" bw="4" slack="0"/>
<pin id="96" dir="0" index="1" bw="15" slack="1"/>
<pin id="97" dir="0" index="2" bw="0" slack="2147483647"/>
<pin id="98" dir="1" index="3" bw="15" slack="2147483647"/>
</pin_list>
<bind>
<opcode="store(28) " fcode="store"/>
<opset="store_ln469/3 "/>
</bind>
</comp>

<comp id="100" class="1004" name="store_ln465_store_fu_100">
<pin_list>
<pin id="101" dir="0" index="0" bw="1" slack="0"/>
<pin id="102" dir="0" index="1" bw="5" slack="0"/>
<pin id="103" dir="1" index="2" bw="0" slack="2147483647"/>
</pin_list>
<bind>
<opcode="store(28) " fcode="store"/>
<opset="store_ln465/1 "/>
</bind>
</comp>

<comp id="105" class="1004" name="store_ln465_store_fu_105">
<pin_list>
<pin id="106" dir="0" index="0" bw="1" slack="0"/>
<pin id="107" dir="0" index="1" bw="5" slack="0"/>
<pin id="108" dir="1" index="2" bw="0" slack="2147483647"/>
</pin_list>
<bind>
<opcode="store(28) " fcode="store"/>
<opset="store_ln465/1 "/>
</bind>
</comp>

<comp id="110" class="1004" name="i_2_load_fu_110">
<pin_list>
<pin id="111" dir="0" index="0" bw="5" slack="0"/>
<pin id="112" dir="1" index="1" bw="5" slack="0"/>
</pin_list>
<bind>
<opcode="load(27) " fcode="load"/>
<opset="i_2/1 "/>
</bind>
</comp>

<comp id="113" class="1004" name="icmp_ln465_fu_113">
<pin_list>
<pin id="114" dir="0" index="0" bw="5" slack="0"/>
<pin id="115" dir="0" index="1" bw="4" slack="0"/>
<pin id="116" dir="1" index="2" bw="1" slack="1"/>
</pin_list>
<bind>
<opcode="icmp(45) " fcode="icmp"/>
<opset="icmp_ln465/1 "/>
</bind>
</comp>

<comp id="119" class="1004" name="add_ln468_fu_119">
<pin_list>
<pin id="120" dir="0" index="0" bw="5" slack="0"/>
<pin id="121" dir="0" index="1" bw="1" slack="0"/>
<pin id="122" dir="1" index="2" bw="5" slack="0"/>
</pin_list>
<bind>
<opcode="add(8) " fcode="add"/>
<opset="add_ln468/1 "/>
</bind>
</comp>

<comp id="125" class="1004" name="i_1_load_1_load_fu_125">
<pin_list>
<pin id="126" dir="0" index="0" bw="5" slack="0"/>
<pin id="127" dir="1" index="1" bw="5" slack="0"/>
</pin_list>
<bind>
<opcode="load(27) " fcode="load"/>
<opset="i_1_load_1/1 "/>
</bind>
</comp>

<comp id="128" class="1004" name="trunc_ln465_fu_128">
<pin_list>
<pin id="129" dir="0" index="0" bw="5" slack="0"/>
<pin id="130" dir="1" index="1" bw="1" slack="2"/>
</pin_list>
<bind>
<opcode="trunc(33) " fcode="trunc"/>
<opset="trunc_ln465/1 "/>
</bind>
</comp>

<comp id="132" class="1004" name="lshr_ln_fu_132">
<pin_list>
<pin id="133" dir="0" index="0" bw="4" slack="0"/>
<pin id="134" dir="0" index="1" bw="5" slack="0"/>
<pin id="135" dir="0" index="2" bw="1" slack="0"/>
<pin id="136" dir="0" index="3" bw="4" slack="0"/>
<pin id="137" dir="1" index="4" bw="4" slack="2"/>
</pin_list>
<bind>
<opcode="partselect(1002) " fcode="partselect"/>
<opset="lshr_ln/1 "/>
</bind>
</comp>

<comp id="142" class="1004" name="p_shl_fu_142">
<pin_list>
<pin id="143" dir="0" index="0" bw="8" slack="0"/>
<pin id="144" dir="0" index="1" bw="5" slack="0"/>
<pin id="145" dir="0" index="2" bw="1" slack="0"/>
<pin id="146" dir="1" index="3" bw="8" slack="0"/>
</pin_list>
<bind>
<opcode="bitconcatenate(1004) " fcode="bitconcatenate"/>
<opset="p_shl/1 "/>
</bind>
</comp>

<comp id="150" class="1004" name="tmp_fu_150">
<pin_list>
<pin id="151" dir="0" index="0" bw="6" slack="0"/>
<pin id="152" dir="0" index="1" bw="5" slack="0"/>
<pin id="153" dir="0" index="2" bw="1" slack="0"/>
<pin id="154" dir="1" index="3" bw="6" slack="0"/>
</pin_list>
<bind>
<opcode="bitconcatenate(1004) " fcode="bitconcatenate"/>
<opset="tmp/1 "/>
</bind>
</comp>

<comp id="158" class="1004" name="zext_ln468_fu_158">
<pin_list>
<pin id="159" dir="0" index="0" bw="6" slack="0"/>
<pin id="160" dir="1" index="1" bw="8" slack="0"/>
</pin_list>
<bind>
<opcode="zext(34) " fcode="zext"/>
<opset="zext_ln468/1 "/>
</bind>
</comp>

<comp id="162" class="1004" name="add_ln468_2_fu_162">
<pin_list>
<pin id="163" dir="0" index="0" bw="8" slack="0"/>
<pin id="164" dir="0" index="1" bw="6" slack="0"/>
<pin id="165" dir="1" index="2" bw="8" slack="0"/>
</pin_list>
<bind>
<opcode="add(8) " fcode="add"/>
<opset="add_ln468_2/1 "/>
</bind>
</comp>

<comp id="168" class="1004" name="add_ln468_1_fu_168">
<pin_list>
<pin id="169" dir="0" index="0" bw="8" slack="0"/>
<pin id="170" dir="0" index="1" bw="1" slack="0"/>
<pin id="171" dir="1" index="2" bw="8" slack="1"/>
</pin_list>
<bind>
<opcode="add(8) " fcode="add"/>
<opset="add_ln468_1/1 "/>
</bind>
</comp>

<comp id="174" class="1004" name="tmp_1_fu_174">
<pin_list>
<pin id="175" dir="0" index="0" bw="8" slack="0"/>
<pin id="176" dir="0" index="1" bw="5" slack="0"/>
<pin id="177" dir="0" index="2" bw="1" slack="0"/>
<pin id="178" dir="1" index="3" bw="8" slack="0"/>
</pin_list>
<bind>
<opcode="bitconcatenate(1004) " fcode="bitconcatenate"/>
<opset="tmp_1/1 "/>
</bind>
</comp>

<comp id="182" class="1004" name="tmp_2_fu_182">
<pin_list>
<pin id="183" dir="0" index="0" bw="6" slack="0"/>
<pin id="184" dir="0" index="1" bw="5" slack="0"/>
<pin id="185" dir="0" index="2" bw="1" slack="0"/>
<pin id="186" dir="1" index="3" bw="6" slack="0"/>
</pin_list>
<bind>
<opcode="bitconcatenate(1004) " fcode="bitconcatenate"/>
<opset="tmp_2/1 "/>
</bind>
</comp>

<comp id="190" class="1004" name="zext_ln468_1_fu_190">
<pin_list>
<pin id="191" dir="0" index="0" bw="6" slack="0"/>
<pin id="192" dir="1" index="1" bw="8" slack="0"/>
</pin_list>
<bind>
<opcode="zext(34) " fcode="zext"/>
<opset="zext_ln468_1/1 "/>
</bind>
</comp>

<comp id="194" class="1004" name="add_ln468_3_fu_194">
<pin_list>
<pin id="195" dir="0" index="0" bw="8" slack="0"/>
<pin id="196" dir="0" index="1" bw="6" slack="0"/>
<pin id="197" dir="1" index="2" bw="8" slack="1"/>
</pin_list>
<bind>
<opcode="add(8) " fcode="add"/>
<opset="add_ln468_3/1 "/>
</bind>
</comp>

<comp id="200" class="1004" name="i_1_load_load_fu_200">
<pin_list>
<pin id="201" dir="0" index="0" bw="5" slack="0"/>
<pin id="202" dir="1" index="1" bw="5" slack="0"/>
</pin_list>
<bind>
<opcode="load(27) " fcode="load"/>
<opset="i_1_load/1 "/>
</bind>
</comp>

<comp id="203" class="1004" name="add_ln465_fu_203">
<pin_list>
<pin id="204" dir="0" index="0" bw="5" slack="0"/>
<pin id="205" dir="0" index="1" bw="1" slack="0"/>
<pin id="206" dir="1" index="2" bw="5" slack="0"/>
</pin_list>
<bind>
<opcode="add(8) " fcode="add"/>
<opset="add_ln465/1 "/>
</bind>
</comp>

<comp id="209" class="1004" name="store_ln465_store_fu_209">
<pin_list>
<pin id="210" dir="0" index="0" bw="5" slack="0"/>
<pin id="211" dir="0" index="1" bw="5" slack="0"/>
<pin id="212" dir="1" index="2" bw="0" slack="2147483647"/>
</pin_list>
<bind>
<opcode="store(28) " fcode="store"/>
<opset="store_ln465/1 "/>
</bind>
</comp>

<comp id="214" class="1004" name="store_ln465_store_fu_214">
<pin_list>
<pin id="215" dir="0" index="0" bw="5" slack="0"/>
<pin id="216" dir="0" index="1" bw="5" slack="0"/>
<pin id="217" dir="1" index="2" bw="0" slack="2147483647"/>
</pin_list>
<bind>
<opcode="store(28) " fcode="store"/>
<opset="store_ln465/1 "/>
</bind>
</comp>

<comp id="219" class="1004" name="icmp_ln468_fu_219">
<pin_list>
<pin id="220" dir="0" index="0" bw="8" slack="1"/>
<pin id="221" dir="0" index="1" bw="8" slack="1"/>
<pin id="222" dir="1" index="2" bw="1" slack="0"/>
</pin_list>
<bind>
<opcode="icmp(45) " fcode="icmp"/>
<opset="icmp_ln468/2 "/>
</bind>
</comp>

<comp id="223" class="1004" name="tmp_3_fu_223">
<pin_list>
<pin id="224" dir="0" index="0" bw="256" slack="0"/>
<pin id="225" dir="0" index="1" bw="256" slack="1"/>
<pin id="226" dir="0" index="2" bw="9" slack="0"/>
<pin id="227" dir="0" index="3" bw="1" slack="0"/>
<pin id="228" dir="1" index="4" bw="256" slack="0"/>
</pin_list>
<bind>
<opcode="partselect(1002) " fcode="partselect"/>
<opset="tmp_3/2 "/>
</bind>
</comp>

<comp id="232" class="1004" name="sub_ln468_fu_232">
<pin_list>
<pin id="233" dir="0" index="0" bw="8" slack="1"/>
<pin id="234" dir="0" index="1" bw="8" slack="1"/>
<pin id="235" dir="1" index="2" bw="8" slack="0"/>
</pin_list>
<bind>
<opcode="sub(10) " fcode="sub"/>
<opset="sub_ln468/2 "/>
</bind>
</comp>

<comp id="236" class="1004" name="xor_ln468_fu_236">
<pin_list>
<pin id="237" dir="0" index="0" bw="8" slack="1"/>
<pin id="238" dir="0" index="1" bw="1" slack="0"/>
<pin id="239" dir="1" index="2" bw="8" slack="0"/>
</pin_list>
<bind>
<opcode="xor(25) " fcode="xor"/>
<opset="xor_ln468/2 "/>
</bind>
</comp>

<comp id="241" class="1004" name="sub_ln468_1_fu_241">
<pin_list>
<pin id="242" dir="0" index="0" bw="8" slack="1"/>
<pin id="243" dir="0" index="1" bw="8" slack="1"/>
<pin id="244" dir="1" index="2" bw="8" slack="0"/>
</pin_list>
<bind>
<opcode="sub(10) " fcode="sub"/>
<opset="sub_ln468_1/2 "/>
</bind>
</comp>

<comp id="245" class="1004" name="select_ln468_fu_245">
<pin_list>
<pin id="246" dir="0" index="0" bw="1" slack="0"/>
<pin id="247" dir="0" index="1" bw="8" slack="0"/>
<pin id="248" dir="0" index="2" bw="8" slack="0"/>
<pin id="249" dir="1" index="3" bw="8" slack="0"/>
</pin_list>
<bind>
<opcode="select(49) " fcode="select"/>
<opset="select_ln468/2 "/>
</bind>
</comp>

<comp id="253" class="1004" name="select_ln468_1_fu_253">
<pin_list>
<pin id="254" dir="0" index="0" bw="1" slack="0"/>
<pin id="255" dir="0" index="1" bw="256" slack="0"/>
<pin id="256" dir="0" index="2" bw="256" slack="1"/>
<pin id="257" dir="1" index="3" bw="256" slack="0"/>
</pin_list>
<bind>
<opcode="select(49) " fcode="select"/>
<opset="select_ln468_1/2 "/>
</bind>
</comp>

<comp id="260" class="1004" name="select_ln468_2_fu_260">
<pin_list>
<pin id="261" dir="0" index="0" bw="1" slack="0"/>
<pin id="262" dir="0" index="1" bw="8" slack="0"/>
<pin id="263" dir="0" index="2" bw="8" slack="1"/>
<pin id="264" dir="1" index="3" bw="8" slack="0"/>
</pin_list>
<bind>
<opcode="select(49) " fcode="select"/>
<opset="select_ln468_2/2 "/>
</bind>
</comp>

<comp id="267" class="1004" name="xor_ln468_1_fu_267">
<pin_list>
<pin id="268" dir="0" index="0" bw="8" slack="0"/>
<pin id="269" dir="0" index="1" bw="1" slack="0"/>
<pin id="270" dir="1" index="2" bw="8" slack="0"/>
</pin_list>
<bind>
<opcode="xor(25) " fcode="xor"/>
<opset="xor_ln468_1/2 "/>
</bind>
</comp>

<comp id="273" class="1004" name="zext_ln468_2_fu_273">
<pin_list>
<pin id="274" dir="0" index="0" bw="8" slack="0"/>
<pin id="275" dir="1" index="1" bw="256" slack="0"/>
</pin_list>
<bind>
<opcode="zext(34) " fcode="zext"/>
<opset="zext_ln468_2/2 "/>
</bind>
</comp>

<comp id="277" class="1004" name="zext_ln468_3_fu_277">
<pin_list>
<pin id="278" dir="0" index="0" bw="8" slack="0"/>
<pin id="279" dir="1" index="1" bw="256" slack="0"/>
</pin_list>
<bind>
<opcode="zext(34) " fcode="zext"/>
<opset="zext_ln468_3/2 "/>
</bind>
</comp>

<comp id="281" class="1004" name="lshr_ln468_fu_281">
<pin_list>
<pin id="282" dir="0" index="0" bw="256" slack="0"/>
<pin id="283" dir="0" index="1" bw="8" slack="0"/>
<pin id="284" dir="1" index="2" bw="256" slack="0"/>
</pin_list>
<bind>
<opcode="lshr(21) " fcode="lshr"/>
<opset="lshr_ln468/2 "/>
</bind>
</comp>

<comp id="287" class="1004" name="trunc_ln468_fu_287">
<pin_list>
<pin id="288" dir="0" index="0" bw="256" slack="0"/>
<pin id="289" dir="1" index="1" bw="15" slack="0"/>
</pin_list>
<bind>
<opcode="trunc(33) " fcode="trunc"/>
<opset="trunc_ln468/2 "/>
</bind>
</comp>

<comp id="291" class="1004" name="lshr_ln468_1_fu_291">
<pin_list>
<pin id="292" dir="0" index="0" bw="1" slack="0"/>
<pin id="293" dir="0" index="1" bw="8" slack="0"/>
<pin id="294" dir="1" index="2" bw="256" slack="0"/>
</pin_list>
<bind>
<opcode="lshr(21) " fcode="lshr"/>
<opset="lshr_ln468_1/2 "/>
</bind>
</comp>

<comp id="297" class="1004" name="trunc_ln468_1_fu_297">
<pin_list>
<pin id="298" dir="0" index="0" bw="256" slack="0"/>
<pin id="299" dir="1" index="1" bw="15" slack="0"/>
</pin_list>
<bind>
<opcode="trunc(33) " fcode="trunc"/>
<opset="trunc_ln468_1/2 "/>
</bind>
</comp>

<comp id="301" class="1004" name="partition_fu_301">
<pin_list>
<pin id="302" dir="0" index="0" bw="15" slack="0"/>
<pin id="303" dir="0" index="1" bw="15" slack="0"/>
<pin id="304" dir="1" index="2" bw="15" slack="1"/>
</pin_list>
<bind>
<opcode="and(23) " fcode="and"/>
<opset="partition/2 "/>
</bind>
</comp>

<comp id="307" class="1004" name="zext_ln465_fu_307">
<pin_list>
<pin id="308" dir="0" index="0" bw="4" slack="2"/>
<pin id="309" dir="1" index="1" bw="64" slack="0"/>
</pin_list>
<bind>
<opcode="zext(34) " fcode="zext"/>
<opset="zext_ln465/3 "/>
</bind>
</comp>

<comp id="312" class="1005" name="i_1_reg_312">
<pin_list>
<pin id="313" dir="0" index="0" bw="5" slack="0"/>
<pin id="314" dir="1" index="1" bw="5" slack="0"/>
</pin_list>
<bind>
<opset="i_1 "/>
</bind>
</comp>

<comp id="320" class="1005" name="i_reg_320">
<pin_list>
<pin id="321" dir="0" index="0" bw="5" slack="0"/>
<pin id="322" dir="1" index="1" bw="5" slack="0"/>
</pin_list>
<bind>
<opset="i "/>
</bind>
</comp>

<comp id="327" class="1005" name="scalar_read_reg_327">
<pin_list>
<pin id="328" dir="0" index="0" bw="256" slack="1"/>
<pin id="329" dir="1" index="1" bw="256" slack="1"/>
</pin_list>
<bind>
<opset="scalar_read "/>
</bind>
</comp>

<comp id="333" class="1005" name="icmp_ln465_reg_333">
<pin_list>
<pin id="334" dir="0" index="0" bw="1" slack="1"/>
<pin id="335" dir="1" index="1" bw="1" slack="2147483647"/>
</pin_list>
<bind>
<opset="icmp_ln465 "/>
</bind>
</comp>

<comp id="337" class="1005" name="trunc_ln465_reg_337">
<pin_list>
<pin id="338" dir="0" index="0" bw="1" slack="2"/>
<pin id="339" dir="1" index="1" bw="1" slack="2147483647"/>
</pin_list>
<bind>
<opset="trunc_ln465 "/>
</bind>
</comp>

<comp id="341" class="1005" name="lshr_ln_reg_341">
<pin_list>
<pin id="342" dir="0" index="0" bw="4" slack="2"/>
<pin id="343" dir="1" index="1" bw="4" slack="2"/>
</pin_list>
<bind>
<opset="lshr_ln "/>
</bind>
</comp>

<comp id="346" class="1005" name="add_ln468_1_reg_346">
<pin_list>
<pin id="347" dir="0" index="0" bw="8" slack="1"/>
<pin id="348" dir="1" index="1" bw="8" slack="1"/>
</pin_list>
<bind>
<opset="add_ln468_1 "/>
</bind>
</comp>

<comp id="353" class="1005" name="add_ln468_3_reg_353">
<pin_list>
<pin id="354" dir="0" index="0" bw="8" slack="1"/>
<pin id="355" dir="1" index="1" bw="8" slack="1"/>
</pin_list>
<bind>
<opset="add_ln468_3 "/>
</bind>
</comp>

<comp id="362" class="1005" name="partition_reg_362">
<pin_list>
<pin id="363" dir="0" index="0" bw="15" slack="1"/>
<pin id="364" dir="1" index="1" bw="15" slack="1"/>
</pin_list>
<bind>
<opset="partition "/>
</bind>
</comp>

</comp_list>

<net_list>
<net id="63"><net_src comp="6" pin="0"/><net_sink comp="60" pin=0"/></net>

<net id="67"><net_src comp="6" pin="0"/><net_sink comp="64" pin=0"/></net>

<net id="72"><net_src comp="16" pin="0"/><net_sink comp="68" pin=0"/></net>

<net id="73"><net_src comp="4" pin="0"/><net_sink comp="68" pin=1"/></net>

<net id="79"><net_src comp="2" pin="0"/><net_sink comp="74" pin=0"/></net>

<net id="80"><net_src comp="58" pin="0"/><net_sink comp="74" pin=1"/></net>

<net id="86"><net_src comp="0" pin="0"/><net_sink comp="81" pin=0"/></net>

<net id="87"><net_src comp="58" pin="0"/><net_sink comp="81" pin=1"/></net>

<net id="93"><net_src comp="74" pin="3"/><net_sink comp="88" pin=0"/></net>

<net id="99"><net_src comp="81" pin="3"/><net_sink comp="94" pin=0"/></net>

<net id="104"><net_src comp="18" pin="0"/><net_sink comp="100" pin=0"/></net>

<net id="109"><net_src comp="20" pin="0"/><net_sink comp="105" pin=0"/></net>

<net id="117"><net_src comp="110" pin="1"/><net_sink comp="113" pin=0"/></net>

<net id="118"><net_src comp="22" pin="0"/><net_sink comp="113" pin=1"/></net>

<net id="123"><net_src comp="110" pin="1"/><net_sink comp="119" pin=0"/></net>

<net id="124"><net_src comp="20" pin="0"/><net_sink comp="119" pin=1"/></net>

<net id="131"><net_src comp="110" pin="1"/><net_sink comp="128" pin=0"/></net>

<net id="138"><net_src comp="24" pin="0"/><net_sink comp="132" pin=0"/></net>

<net id="139"><net_src comp="110" pin="1"/><net_sink comp="132" pin=1"/></net>

<net id="140"><net_src comp="6" pin="0"/><net_sink comp="132" pin=2"/></net>

<net id="141"><net_src comp="26" pin="0"/><net_sink comp="132" pin=3"/></net>

<net id="147"><net_src comp="28" pin="0"/><net_sink comp="142" pin=0"/></net>

<net id="148"><net_src comp="125" pin="1"/><net_sink comp="142" pin=1"/></net>

<net id="149"><net_src comp="30" pin="0"/><net_sink comp="142" pin=2"/></net>

<net id="155"><net_src comp="32" pin="0"/><net_sink comp="150" pin=0"/></net>

<net id="156"><net_src comp="125" pin="1"/><net_sink comp="150" pin=1"/></net>

<net id="157"><net_src comp="34" pin="0"/><net_sink comp="150" pin=2"/></net>

<net id="161"><net_src comp="150" pin="3"/><net_sink comp="158" pin=0"/></net>

<net id="166"><net_src comp="142" pin="3"/><net_sink comp="162" pin=0"/></net>

<net id="167"><net_src comp="158" pin="1"/><net_sink comp="162" pin=1"/></net>

<net id="172"><net_src comp="162" pin="2"/><net_sink comp="168" pin=0"/></net>

<net id="173"><net_src comp="36" pin="0"/><net_sink comp="168" pin=1"/></net>

<net id="179"><net_src comp="28" pin="0"/><net_sink comp="174" pin=0"/></net>

<net id="180"><net_src comp="110" pin="1"/><net_sink comp="174" pin=1"/></net>

<net id="181"><net_src comp="30" pin="0"/><net_sink comp="174" pin=2"/></net>

<net id="187"><net_src comp="32" pin="0"/><net_sink comp="182" pin=0"/></net>

<net id="188"><net_src comp="110" pin="1"/><net_sink comp="182" pin=1"/></net>

<net id="189"><net_src comp="34" pin="0"/><net_sink comp="182" pin=2"/></net>

<net id="193"><net_src comp="182" pin="3"/><net_sink comp="190" pin=0"/></net>

<net id="198"><net_src comp="174" pin="3"/><net_sink comp="194" pin=0"/></net>

<net id="199"><net_src comp="190" pin="1"/><net_sink comp="194" pin=1"/></net>

<net id="207"><net_src comp="200" pin="1"/><net_sink comp="203" pin=0"/></net>

<net id="208"><net_src comp="20" pin="0"/><net_sink comp="203" pin=1"/></net>

<net id="213"><net_src comp="119" pin="2"/><net_sink comp="209" pin=0"/></net>

<net id="218"><net_src comp="203" pin="2"/><net_sink comp="214" pin=0"/></net>

<net id="229"><net_src comp="38" pin="0"/><net_sink comp="223" pin=0"/></net>

<net id="230"><net_src comp="40" pin="0"/><net_sink comp="223" pin=2"/></net>

<net id="231"><net_src comp="42" pin="0"/><net_sink comp="223" pin=3"/></net>

<net id="240"><net_src comp="36" pin="0"/><net_sink comp="236" pin=1"/></net>

<net id="250"><net_src comp="219" pin="2"/><net_sink comp="245" pin=0"/></net>

<net id="251"><net_src comp="232" pin="2"/><net_sink comp="245" pin=1"/></net>

<net id="252"><net_src comp="241" pin="2"/><net_sink comp="245" pin=2"/></net>

<net id="258"><net_src comp="219" pin="2"/><net_sink comp="253" pin=0"/></net>

<net id="259"><net_src comp="223" pin="4"/><net_sink comp="253" pin=1"/></net>

<net id="265"><net_src comp="219" pin="2"/><net_sink comp="260" pin=0"/></net>

<net id="266"><net_src comp="236" pin="2"/><net_sink comp="260" pin=1"/></net>

<net id="271"><net_src comp="245" pin="3"/><net_sink comp="267" pin=0"/></net>

<net id="272"><net_src comp="36" pin="0"/><net_sink comp="267" pin=1"/></net>

<net id="276"><net_src comp="260" pin="3"/><net_sink comp="273" pin=0"/></net>

<net id="280"><net_src comp="267" pin="2"/><net_sink comp="277" pin=0"/></net>

<net id="285"><net_src comp="253" pin="3"/><net_sink comp="281" pin=0"/></net>

<net id="286"><net_src comp="273" pin="1"/><net_sink comp="281" pin=1"/></net>

<net id="290"><net_src comp="281" pin="2"/><net_sink comp="287" pin=0"/></net>

<net id="295"><net_src comp="44" pin="0"/><net_sink comp="291" pin=0"/></net>

<net id="296"><net_src comp="277" pin="1"/><net_sink comp="291" pin=1"/></net>

<net id="300"><net_src comp="291" pin="2"/><net_sink comp="297" pin=0"/></net>

<net id="305"><net_src comp="287" pin="1"/><net_sink comp="301" pin=0"/></net>

<net id="306"><net_src comp="297" pin="1"/><net_sink comp="301" pin=1"/></net>

<net id="310"><net_src comp="307" pin="1"/><net_sink comp="74" pin=2"/></net>

<net id="311"><net_src comp="307" pin="1"/><net_sink comp="81" pin=2"/></net>

<net id="315"><net_src comp="60" pin="1"/><net_sink comp="312" pin=0"/></net>

<net id="316"><net_src comp="312" pin="1"/><net_sink comp="105" pin=1"/></net>

<net id="317"><net_src comp="312" pin="1"/><net_sink comp="125" pin=0"/></net>

<net id="318"><net_src comp="312" pin="1"/><net_sink comp="200" pin=0"/></net>

<net id="319"><net_src comp="312" pin="1"/><net_sink comp="214" pin=1"/></net>

<net id="323"><net_src comp="64" pin="1"/><net_sink comp="320" pin=0"/></net>

<net id="324"><net_src comp="320" pin="1"/><net_sink comp="100" pin=1"/></net>

<net id="325"><net_src comp="320" pin="1"/><net_sink comp="110" pin=0"/></net>

<net id="326"><net_src comp="320" pin="1"/><net_sink comp="209" pin=1"/></net>

<net id="330"><net_src comp="68" pin="2"/><net_sink comp="327" pin=0"/></net>

<net id="331"><net_src comp="327" pin="1"/><net_sink comp="223" pin=1"/></net>

<net id="332"><net_src comp="327" pin="1"/><net_sink comp="253" pin=2"/></net>

<net id="336"><net_src comp="113" pin="2"/><net_sink comp="333" pin=0"/></net>

<net id="340"><net_src comp="128" pin="1"/><net_sink comp="337" pin=0"/></net>

<net id="344"><net_src comp="132" pin="4"/><net_sink comp="341" pin=0"/></net>

<net id="345"><net_src comp="341" pin="1"/><net_sink comp="307" pin=0"/></net>

<net id="349"><net_src comp="168" pin="2"/><net_sink comp="346" pin=0"/></net>

<net id="350"><net_src comp="346" pin="1"/><net_sink comp="219" pin=1"/></net>

<net id="351"><net_src comp="346" pin="1"/><net_sink comp="232" pin=1"/></net>

<net id="352"><net_src comp="346" pin="1"/><net_sink comp="241" pin=0"/></net>

<net id="356"><net_src comp="194" pin="2"/><net_sink comp="353" pin=0"/></net>

<net id="357"><net_src comp="353" pin="1"/><net_sink comp="219" pin=0"/></net>

<net id="358"><net_src comp="353" pin="1"/><net_sink comp="232" pin=0"/></net>

<net id="359"><net_src comp="353" pin="1"/><net_sink comp="236" pin=0"/></net>

<net id="360"><net_src comp="353" pin="1"/><net_sink comp="241" pin=1"/></net>

<net id="361"><net_src comp="353" pin="1"/><net_sink comp="260" pin=2"/></net>

<net id="365"><net_src comp="301" pin="2"/><net_sink comp="362" pin=0"/></net>

<net id="366"><net_src comp="362" pin="1"/><net_sink comp="88" pin=1"/></net>

<net id="367"><net_src comp="362" pin="1"/><net_sink comp="94" pin=1"/></net>

</net_list>

</model> 
---------------- Datapath Model END ------------------

* FSMD analyzer results:
  - Output states:
	Port: scalar_partition_buffer_2 | {3 }
	Port: scalar_partition_buffer | {3 }
 - Input state : 
	Port: pippenger_control_Pipeline_PARTITION_SCALAR : scalar | {1 }
  - Chain level:
	State 1
		store_ln465 : 1
		store_ln465 : 1
		i_2 : 1
		icmp_ln465 : 2
		add_ln468 : 2
		br_ln465 : 3
		i_1_load_1 : 1
		trunc_ln465 : 2
		lshr_ln : 2
		p_shl : 2
		tmp : 2
		zext_ln468 : 3
		add_ln468_2 : 4
		add_ln468_1 : 5
		tmp_1 : 2
		tmp_2 : 2
		zext_ln468_1 : 3
		add_ln468_3 : 4
		br_ln469 : 3
		i_1_load : 1
		add_ln465 : 2
		store_ln465 : 3
		store_ln465 : 3
	State 2
		select_ln468 : 1
		select_ln468_1 : 1
		xor_ln468_1 : 2
		zext_ln468_2 : 1
		zext_ln468_3 : 2
		lshr_ln468 : 2
		trunc_ln468 : 3
		lshr_ln468_1 : 3
		trunc_ln468_1 : 4
		partition : 5
	State 3
		scalar_partition_buffer_addr : 1
		scalar_partition_buffer_2_addr : 1
		store_ln469 : 2
		store_ln469 : 2


============================================================
+ Verbose Summary: Datapath Resource usage 
============================================================

* Functional unit list:
|----------|------------------------|---------|---------|
| Operation|     Functional Unit    |    FF   |   LUT   |
|----------|------------------------|---------|---------|
|   lshr   |    lshr_ln468_fu_281   |    0    |   950   |
|          |   lshr_ln468_1_fu_291  |    0    |    16   |
|----------|------------------------|---------|---------|
|          |   select_ln468_fu_245  |    0    |    8    |
|  select  |  select_ln468_1_fu_253 |    0    |   208   |
|          |  select_ln468_2_fu_260 |    0    |    8    |
|----------|------------------------|---------|---------|
|          |    add_ln468_fu_119    |    0    |    12   |
|          |   add_ln468_2_fu_162   |    0    |    19   |
|    add   |   add_ln468_1_fu_168   |    0    |    19   |
|          |   add_ln468_3_fu_194   |    0    |    15   |
|          |    add_ln465_fu_203    |    0    |    12   |
|----------|------------------------|---------|---------|
|    sub   |    sub_ln468_fu_232    |    0    |    15   |
|          |   sub_ln468_1_fu_241   |    0    |    15   |
|----------|------------------------|---------|---------|
|   icmp   |    icmp_ln465_fu_113   |    0    |    12   |
|          |    icmp_ln468_fu_219   |    0    |    15   |
|----------|------------------------|---------|---------|
|    xor   |    xor_ln468_fu_236    |    0    |    8    |
|          |   xor_ln468_1_fu_267   |    0    |    8    |
|----------|------------------------|---------|---------|
|    and   |    partition_fu_301    |    0    |    15   |
|----------|------------------------|---------|---------|
|   read   | scalar_read_read_fu_68 |    0    |    0    |
|----------|------------------------|---------|---------|
|          |   trunc_ln465_fu_128   |    0    |    0    |
|   trunc  |   trunc_ln468_fu_287   |    0    |    0    |
|          |  trunc_ln468_1_fu_297  |    0    |    0    |
|----------|------------------------|---------|---------|
|partselect|     lshr_ln_fu_132     |    0    |    0    |
|          |      tmp_3_fu_223      |    0    |    0    |
|----------|------------------------|---------|---------|
|          |      p_shl_fu_142      |    0    |    0    |
|bitconcatenate|       tmp_fu_150       |    0    |    0    |
|          |      tmp_1_fu_174      |    0    |    0    |
|          |      tmp_2_fu_182      |    0    |    0    |
|----------|------------------------|---------|---------|
|          |    zext_ln468_fu_158   |    0    |    0    |
|          |   zext_ln468_1_fu_190  |    0    |    0    |
|   zext   |   zext_ln468_2_fu_273  |    0    |    0    |
|          |   zext_ln468_3_fu_277  |    0    |    0    |
|          |    zext_ln465_fu_307   |    0    |    0    |
|----------|------------------------|---------|---------|
|   Total  |                        |    0    |   1355  |
|----------|------------------------|---------|---------|

Memories:
N/A

* Register list:
+-------------------+--------+
|                   |   FF   |
+-------------------+--------+
|add_ln468_1_reg_346|    8   |
|add_ln468_3_reg_353|    8   |
|    i_1_reg_312    |    5   |
|     i_reg_320     |    5   |
| icmp_ln465_reg_333|    1   |
|  lshr_ln_reg_341  |    4   |
| partition_reg_362 |   15   |
|scalar_read_reg_327|   256  |
|trunc_ln465_reg_337|    1   |
+-------------------+--------+
|       Total       |   303  |
+-------------------+--------+

* Multiplexer (MUX) list: 
|--------|------|------|------|--------|
|  Comp  |  Pin | Size |  BW  | S x BW |
|--------|------|------|------|--------|
|  Total |      |      |      |    0   |
|--------|------|------|------|--------|



* Summary:
+-----------+--------+--------+
|           |   FF   |   LUT  |
+-----------+--------+--------+
|  Function |    0   |  1355  |
|   Memory  |    -   |    -   |
|Multiplexer|    -   |    -   |
|  Register |   303  |    -   |
+-----------+--------+--------+
|   Total   |   303  |  1355  |
+-----------+--------+--------+
