

================================================================
== Vitis HLS Report for 'pippenger_control_Pipeline_VITIS_LOOP_558_1'
================================================================
* Date:           Thu Apr 24 06:17:08 2025

* Version:        2024.2 (Build 5238294 on Nov  8 2024)
* Project:        msm_2
* Solution:       solution1 (Vivado IP Flow Target)
* Product family: zynquplus
* Target device:  xczu7ev-ffvc1156-2-e


================================================================
== Performance Estimates
================================================================
+ Timing: 
    * Summary: 
    +--------+---------+----------+------------+
    |  Clock |  Target | Estimated| Uncertainty|
    +--------+---------+----------+------------+
    |ap_clk  |  4.00 ns|  1.749 ns|     1.08 ns|
    +--------+---------+----------+------------+

+ Latency: 
    * Summary: 
    +---------+---------+----------+----------+-----+-----+---------+
    |  Latency (cycles) |  Latency (absolute) |  Interval | Pipeline|
    |   min   |   max   |    min   |    max   | min | max |   Type  |
    +---------+---------+----------+----------+-----+-----+---------+
    |        ?|        ?|         ?|         ?|    ?|    ?|       no|
    +---------+---------+----------+----------+-----+-----+---------+

    + Detail: 
        * Instance: 
        N/A

        * Loop: 
        +--------------------+---------+---------+----------+-----------+-----------+------+----------+
        |                    |  Latency (cycles) | Iteration|  Initiation Interval  | Trip |          |
        |      Loop Name     |   min   |   max   |  Latency |  achieved |   target  | Count| Pipelined|
        +--------------------+---------+---------+----------+-----------+-----------+------+----------+
        |- VITIS_LOOP_558_1  |        ?|        ?|         3|          1|          1|   inf|       yes|
        +--------------------+---------+---------+----------+-----------+-----------+------+----------+



================================================================
== Utilization Estimates
================================================================
* Summary: 
+-----------------+---------+------+--------+--------+-----+
|       Name      | BRAM_18K|  DSP |   FF   |   LUT  | URAM|
+-----------------+---------+------+--------+--------+-----+
|DSP              |        -|     -|       -|       -|    -|
|Expression       |        -|     -|       0|     907|    -|
|FIFO             |        -|     -|       -|       -|    -|
|Instance         |        -|     -|       -|       -|    -|
|Memory           |        -|     -|       -|       -|    -|
|Multiplexer      |        -|     -|       0|      50|    -|
|Register         |        -|     -|    1094|       -|    -|
+-----------------+---------+------+--------+--------+-----+
|Total            |        0|     0|    1094|     957|    0|
+-----------------+---------+------+--------+--------+-----+
|Available        |      624|  1728|  460800|  230400|   96|
+-----------------+---------+------+--------+--------+-----+
|Utilization (%)  |        0|     0|      ~0|      ~0|    0|
+-----------------+---------+------+--------+--------+-----+

+ Detail: 
    * Instance: 
    N/A

    * DSP: 
    N/A

    * Memory: 
    N/A

    * FIFO: 
    N/A

    * Expression: 
    +--------------------------------+----------+----+---+-----+------------+------------+
    |          Variable Name         | Operation| DSP| FF| LUT | Bitwidth P0| Bitwidth P1|
    +--------------------------------+----------+----+---+-----+------------+------------+
    |add_ln558_fu_205_p2             |         +|   0|  0|   71|          64|           1|
    |ap_block_pp0_stage0_01001_grp1  |       and|   0|  0|    2|           1|           1|
    |select_ln561_1_fu_223_p3        |    select|   0|  0|  208|           1|         256|
    |select_ln561_2_fu_230_p3        |    select|   0|  0|  208|           1|         256|
    |select_ln561_3_fu_237_p3        |    select|   0|  0|  208|           1|         256|
    |select_ln561_fu_216_p3          |    select|   0|  0|  208|           1|         256|
    |ap_enable_pp0                   |       xor|   0|  0|    2|           1|           2|
    +--------------------------------+----------+----+---+-----+------------+------------+
    |Total                           |          |   0|  0|  907|          70|        1028|
    +--------------------------------+----------+----+---+-----+------------+------------+

    * Multiplexer: 
    +-------------------------+----+-----------+-----+-----------+
    |           Name          | LUT| Input Size| Bits| Total Bits|
    +-------------------------+----+-----------+-----+-----------+
    |ap_NS_fsm                |  14|          3|    1|          3|
    |ap_enable_reg_pp0_iter1  |   9|          2|    1|          2|
    |ap_enable_reg_pp0_iter2  |   9|          2|    1|          2|
    |j_fu_56                  |   9|          2|   64|        128|
    |out_stream_blk_n         |   9|          2|    1|          2|
    +-------------------------+----+-----------+-----+-----------+
    |Total                    |  50|         11|   68|        137|
    +-------------------------+----+-----------+-----+-----------+

    * Register: 
    +-------------------------+-----+----+-----+-----------+
    |           Name          |  FF | LUT| Bits| Const Bits|
    +-------------------------+-----+----+-----+-----------+
    |ap_CS_fsm                |    2|   0|    2|          0|
    |ap_enable_reg_pp0_iter0  |    1|   0|    1|          0|
    |ap_enable_reg_pp0_iter1  |    1|   0|    1|          0|
    |ap_enable_reg_pp0_iter2  |    1|   0|    1|          0|
    |j_fu_56                  |   64|   0|   64|          0|
    |select_ln561_1_reg_313   |  256|   0|  256|          0|
    |select_ln561_2_reg_318   |  256|   0|  256|          0|
    |select_ln561_3_reg_323   |  256|   0|  256|          0|
    |select_ln561_reg_308     |  256|   0|  256|          0|
    |trunc_ln560_reg_260      |    1|   0|    1|          0|
    +-------------------------+-----+----+-----+-----------+
    |Total                    | 1094|   0| 1094|          0|
    +-------------------------+-----+----+-----+-----------+



================================================================
== Interface
================================================================
* Summary: 
+----------------------+-----+------+------------+---------------------------------------------+--------------+
|       RTL Ports      | Dir | Bits |  Protocol  |                Source Object                |    C Type    |
+----------------------+-----+------+------------+---------------------------------------------+--------------+
|ap_clk                |   in|     1|  ap_ctrl_hs|  pippenger_control_Pipeline_VITIS_LOOP_558_1|  return value|
|ap_rst                |   in|     1|  ap_ctrl_hs|  pippenger_control_Pipeline_VITIS_LOOP_558_1|  return value|
|ap_start              |   in|     1|  ap_ctrl_hs|  pippenger_control_Pipeline_VITIS_LOOP_558_1|  return value|
|ap_done               |  out|     1|  ap_ctrl_hs|  pippenger_control_Pipeline_VITIS_LOOP_558_1|  return value|
|ap_idle               |  out|     1|  ap_ctrl_hs|  pippenger_control_Pipeline_VITIS_LOOP_558_1|  return value|
|ap_ready              |  out|     1|  ap_ctrl_hs|  pippenger_control_Pipeline_VITIS_LOOP_558_1|  return value|
|buckets_x_address0    |  out|    14|   ap_memory|                                    buckets_x|         array|
|buckets_x_ce0         |  out|     1|   ap_memory|                                    buckets_x|         array|
|buckets_x_q0          |   in|   256|   ap_memory|                                    buckets_x|         array|
|buckets_x_1_address0  |  out|    14|   ap_memory|                                  buckets_x_1|         array|
|buckets_x_1_ce0       |  out|     1|   ap_memory|                                  buckets_x_1|         array|
|buckets_x_1_q0        |   in|   256|   ap_memory|                                  buckets_x_1|         array|
|buckets_y_address0    |  out|    14|   ap_memory|                                    buckets_y|         array|
|buckets_y_ce0         |  out|     1|   ap_memory|                                    buckets_y|         array|
|buckets_y_q0          |   in|   256|   ap_memory|                                    buckets_y|         array|
|buckets_y_1_address0  |  out|    14|   ap_memory|                                  buckets_y_1|         array|
|buckets_y_1_ce0       |  out|     1|   ap_memory|                                  buckets_y_1|         array|
|buckets_y_1_q0        |   in|   256|   ap_memory|                                  buckets_y_1|         array|
|buckets_z_address0    |  out|    14|   ap_memory|                                    buckets_z|         array|
|buckets_z_ce0         |  out|     1|   ap_memory|                                    buckets_z|         array|
|buckets_z_q0          |   in|   256|   ap_memory|                                    buckets_z|         array|
|buckets_z_1_address0  |  out|    14|   ap_memory|                                  buckets_z_1|         array|
|buckets_z_1_ce0       |  out|     1|   ap_memory|                                  buckets_z_1|         array|
|buckets_z_1_q0        |   in|   256|   ap_memory|                                  buckets_z_1|         array|
|buckets_t_address0    |  out|    14|   ap_memory|                                    buckets_t|         array|
|buckets_t_ce0         |  out|     1|   ap_memory|                                    buckets_t|         array|
|buckets_t_q0          |   in|   256|   ap_memory|                                    buckets_t|         array|
|buckets_t_1_address0  |  out|    14|   ap_memory|                                  buckets_t_1|         array|
|buckets_t_1_ce0       |  out|     1|   ap_memory|                                  buckets_t_1|         array|
|buckets_t_1_q0        |   in|   256|   ap_memory|                                  buckets_t_1|         array|
|out_stream_din        |  out|  1024|     ap_fifo|                                   out_stream|       pointer|
|out_stream_full_n     |   in|     1|     ap_fifo|                                   out_stream|       pointer|
|out_stream_write      |  out|     1|     ap_fifo|                                   out_stream|       pointer|
+----------------------+-----+------+------------+---------------------------------------------+--------------+

============================================================
+ Verbose Summary: Synthesis Manager
============================================================
InlineROM: 1
ExposeGlobal: 0
============================================================
+ Verbose Summary: CDFG Model
============================================================
IsTopModel: 0
ResetActiveHigh: 1
IsCombinational: 2
IsDatapathOnly: 2
HasWiredReturn: 1
HasMFsm: 2
HasVarLatency: 1
IsPipeline: 0
IsRtlPipelined: 0
IsInstanceOverlapped: 0
IsDontTouch: 0
HasImplIP: 0
IsGatedGlobalClock: 0

+ Individual pipeline summary: 
  * Pipeline-0: initiation interval (II) = 1, depth = 3


============================================================
+ Verbose Summary: Schedule
============================================================
* Number of FSM states : 4
* Pipeline : 1
  Pipeline-0 : II = 1, D = 3, States = { 2 3 4 }
* Dataflow Pipeline: 0

* FSM state transitions: 
1 --> 2 
2 --> 3 
3 --> 4 
4 --> 2 

* FSM state operations: 

State 1 <SV = 0> <Delay = 0.42>
ST_1 : Operation 5 [1/1] (0.00ns)   --->   "%j = alloca i32 1" [../src/msm.cpp:558->../src/msm.cpp:592]   --->   Operation 5 'alloca' 'j' <Predicate = true> <Delay = 0.00>
ST_1 : Operation 6 [1/1] (0.00ns)   --->   "%specmemcore_ln0 = specmemcore void @_ssdm_op_SpecMemCore, i256 %buckets_t, i64 666, i64 31, i64 18446744073709551615"   --->   Operation 6 'specmemcore' 'specmemcore_ln0' <Predicate = true> <Delay = 0.00>
ST_1 : Operation 7 [1/1] (0.00ns)   --->   "%specmemcore_ln0 = specmemcore void @_ssdm_op_SpecMemCore, i256 %buckets_t_1, i64 666, i64 31, i64 18446744073709551615"   --->   Operation 7 'specmemcore' 'specmemcore_ln0' <Predicate = true> <Delay = 0.00>
ST_1 : Operation 8 [1/1] (0.00ns)   --->   "%specmemcore_ln0 = specmemcore void @_ssdm_op_SpecMemCore, i256 %buckets_z, i64 666, i64 31, i64 18446744073709551615"   --->   Operation 8 'specmemcore' 'specmemcore_ln0' <Predicate = true> <Delay = 0.00>
ST_1 : Operation 9 [1/1] (0.00ns)   --->   "%specmemcore_ln0 = specmemcore void @_ssdm_op_SpecMemCore, i256 %buckets_z_1, i64 666, i64 31, i64 18446744073709551615"   --->   Operation 9 'specmemcore' 'specmemcore_ln0' <Predicate = true> <Delay = 0.00>
ST_1 : Operation 10 [1/1] (0.00ns)   --->   "%specmemcore_ln0 = specmemcore void @_ssdm_op_SpecMemCore, i256 %buckets_y, i64 666, i64 31, i64 18446744073709551615"   --->   Operation 10 'specmemcore' 'specmemcore_ln0' <Predicate = true> <Delay = 0.00>
ST_1 : Operation 11 [1/1] (0.00ns)   --->   "%specmemcore_ln0 = specmemcore void @_ssdm_op_SpecMemCore, i256 %buckets_y_1, i64 666, i64 31, i64 18446744073709551615"   --->   Operation 11 'specmemcore' 'specmemcore_ln0' <Predicate = true> <Delay = 0.00>
ST_1 : Operation 12 [1/1] (0.00ns)   --->   "%specmemcore_ln0 = specmemcore void @_ssdm_op_SpecMemCore, i256 %buckets_x, i64 666, i64 31, i64 18446744073709551615"   --->   Operation 12 'specmemcore' 'specmemcore_ln0' <Predicate = true> <Delay = 0.00>
ST_1 : Operation 13 [1/1] (0.00ns)   --->   "%specmemcore_ln0 = specmemcore void @_ssdm_op_SpecMemCore, i256 %buckets_x_1, i64 666, i64 31, i64 18446744073709551615"   --->   Operation 13 'specmemcore' 'specmemcore_ln0' <Predicate = true> <Delay = 0.00>
ST_1 : Operation 14 [1/1] (0.00ns)   --->   "%specinterface_ln0 = specinterface void @_ssdm_op_SpecInterface, i1024 %out_stream, void @empty_0, i32 0, i32 0, void @empty, i32 0, i32 0, void @empty, void @empty, void @empty, i32 0, i32 0, i32 0, i32 0, void @empty, void @empty, i32 4294967295, i32 0, i32 0"   --->   Operation 14 'specinterface' 'specinterface_ln0' <Predicate = true> <Delay = 0.00>
ST_1 : Operation 15 [1/1] (0.42ns)   --->   "%store_ln558 = store i64 0, i64 %j" [../src/msm.cpp:558->../src/msm.cpp:592]   --->   Operation 15 'store' 'store_ln558' <Predicate = true> <Delay = 0.42>
ST_1 : Operation 16 [1/1] (0.00ns)   --->   "%br_ln0 = br void %for.inc.i3"   --->   Operation 16 'br' 'br_ln0' <Predicate = true> <Delay = 0.00>

State 2 <SV = 1> <Delay = 1.51>
ST_2 : Operation 17 [1/1] (0.00ns)   --->   "%j_1 = load i64 %j" [../src/msm.cpp:560->../src/msm.cpp:592]   --->   Operation 17 'load' 'j_1' <Predicate = true> <Delay = 0.00>
ST_2 : Operation 18 [1/1] (0.00ns)   --->   "%trunc_ln560 = trunc i64 %j_1" [../src/msm.cpp:560->../src/msm.cpp:592]   --->   Operation 18 'trunc' 'trunc_ln560' <Predicate = true> <Delay = 0.00>
ST_2 : Operation 19 [1/1] (0.00ns)   --->   "%lshr_ln = partselect i14 @_ssdm_op_PartSelect.i14.i64.i32.i32, i64 %j_1, i32 1, i32 14" [../src/msm.cpp:558->../src/msm.cpp:592]   --->   Operation 19 'partselect' 'lshr_ln' <Predicate = true> <Delay = 0.00>
ST_2 : Operation 20 [1/1] (0.00ns)   --->   "%zext_ln558 = zext i14 %lshr_ln" [../src/msm.cpp:558->../src/msm.cpp:592]   --->   Operation 20 'zext' 'zext_ln558' <Predicate = true> <Delay = 0.00>
ST_2 : Operation 21 [1/1] (0.00ns)   --->   "%buckets_x_addr = getelementptr i256 %buckets_x, i64 0, i64 %zext_ln558" [../src/msm.cpp:561->../src/msm.cpp:592]   --->   Operation 21 'getelementptr' 'buckets_x_addr' <Predicate = true> <Delay = 0.00>
ST_2 : Operation 22 [1/1] (0.00ns)   --->   "%buckets_x_1_addr = getelementptr i256 %buckets_x_1, i64 0, i64 %zext_ln558" [../src/msm.cpp:561->../src/msm.cpp:592]   --->   Operation 22 'getelementptr' 'buckets_x_1_addr' <Predicate = true> <Delay = 0.00>
ST_2 : Operation 23 [1/1] (0.00ns)   --->   "%buckets_y_addr = getelementptr i256 %buckets_y, i64 0, i64 %zext_ln558" [../src/msm.cpp:561->../src/msm.cpp:592]   --->   Operation 23 'getelementptr' 'buckets_y_addr' <Predicate = true> <Delay = 0.00>
ST_2 : Operation 24 [1/1] (0.00ns)   --->   "%buckets_y_1_addr = getelementptr i256 %buckets_y_1, i64 0, i64 %zext_ln558" [../src/msm.cpp:561->../src/msm.cpp:592]   --->   Operation 24 'getelementptr' 'buckets_y_1_addr' <Predicate = true> <Delay = 0.00>
ST_2 : Operation 25 [1/1] (0.00ns)   --->   "%buckets_z_addr = getelementptr i256 %buckets_z, i64 0, i64 %zext_ln558" [../src/msm.cpp:561->../src/msm.cpp:592]   --->   Operation 25 'getelementptr' 'buckets_z_addr' <Predicate = true> <Delay = 0.00>
ST_2 : Operation 26 [1/1] (0.00ns)   --->   "%buckets_z_1_addr = getelementptr i256 %buckets_z_1, i64 0, i64 %zext_ln558" [../src/msm.cpp:561->../src/msm.cpp:592]   --->   Operation 26 'getelementptr' 'buckets_z_1_addr' <Predicate = true> <Delay = 0.00>
ST_2 : Operation 27 [1/1] (0.00ns)   --->   "%buckets_t_addr = getelementptr i256 %buckets_t, i64 0, i64 %zext_ln558" [../src/msm.cpp:561->../src/msm.cpp:592]   --->   Operation 27 'getelementptr' 'buckets_t_addr' <Predicate = true> <Delay = 0.00>
ST_2 : Operation 28 [1/1] (0.00ns)   --->   "%buckets_t_1_addr = getelementptr i256 %buckets_t_1, i64 0, i64 %zext_ln558" [../src/msm.cpp:561->../src/msm.cpp:592]   --->   Operation 28 'getelementptr' 'buckets_t_1_addr' <Predicate = true> <Delay = 0.00>
ST_2 : Operation 29 [2/2] (1.23ns)   --->   "%buckets_x_load = load i14 %buckets_x_addr" [../src/msm.cpp:561->../src/msm.cpp:592]   --->   Operation 29 'load' 'buckets_x_load' <Predicate = true> <Delay = 1.23> <CoreInst = "RAM_T2P_URAM">   --->   Core 99 'RAM_T2P_URAM' <Latency = 1> <II = 1> <Delay = 1.23> <Storage> <Opcode : 'load' 'store'> <Ports = 2> <Width = 256> <Depth = 13312> <RAM>
ST_2 : Operation 30 [2/2] (1.23ns)   --->   "%buckets_x_1_load = load i14 %buckets_x_1_addr" [../src/msm.cpp:561->../src/msm.cpp:592]   --->   Operation 30 'load' 'buckets_x_1_load' <Predicate = true> <Delay = 1.23> <CoreInst = "RAM_T2P_URAM">   --->   Core 99 'RAM_T2P_URAM' <Latency = 1> <II = 1> <Delay = 1.23> <Storage> <Opcode : 'load' 'store'> <Ports = 2> <Width = 256> <Depth = 13312> <RAM>
ST_2 : Operation 31 [2/2] (1.23ns)   --->   "%buckets_y_load = load i14 %buckets_y_addr" [../src/msm.cpp:561->../src/msm.cpp:592]   --->   Operation 31 'load' 'buckets_y_load' <Predicate = true> <Delay = 1.23> <CoreInst = "RAM_T2P_URAM">   --->   Core 99 'RAM_T2P_URAM' <Latency = 1> <II = 1> <Delay = 1.23> <Storage> <Opcode : 'load' 'store'> <Ports = 2> <Width = 256> <Depth = 13312> <RAM>
ST_2 : Operation 32 [2/2] (1.23ns)   --->   "%buckets_y_1_load = load i14 %buckets_y_1_addr" [../src/msm.cpp:561->../src/msm.cpp:592]   --->   Operation 32 'load' 'buckets_y_1_load' <Predicate = true> <Delay = 1.23> <CoreInst = "RAM_T2P_URAM">   --->   Core 99 'RAM_T2P_URAM' <Latency = 1> <II = 1> <Delay = 1.23> <Storage> <Opcode : 'load' 'store'> <Ports = 2> <Width = 256> <Depth = 13312> <RAM>
ST_2 : Operation 33 [2/2] (1.23ns)   --->   "%buckets_z_load = load i14 %buckets_z_addr" [../src/msm.cpp:561->../src/msm.cpp:592]   --->   Operation 33 'load' 'buckets_z_load' <Predicate = true> <Delay = 1.23> <CoreInst = "RAM_T2P_URAM">   --->   Core 99 'RAM_T2P_URAM' <Latency = 1> <II = 1> <Delay = 1.23> <Storage> <Opcode : 'load' 'store'> <Ports = 2> <Width = 256> <Depth = 13312> <RAM>
ST_2 : Operation 34 [2/2] (1.23ns)   --->   "%buckets_z_1_load = load i14 %buckets_z_1_addr" [../src/msm.cpp:561->../src/msm.cpp:592]   --->   Operation 34 'load' 'buckets_z_1_load' <Predicate = true> <Delay = 1.23> <CoreInst = "RAM_T2P_URAM">   --->   Core 99 'RAM_T2P_URAM' <Latency = 1> <II = 1> <Delay = 1.23> <Storage> <Opcode : 'load' 'store'> <Ports = 2> <Width = 256> <Depth = 13312> <RAM>
ST_2 : Operation 35 [2/2] (1.23ns)   --->   "%buckets_t_load = load i14 %buckets_t_addr" [../src/msm.cpp:561->../src/msm.cpp:592]   --->   Operation 35 'load' 'buckets_t_load' <Predicate = true> <Delay = 1.23> <CoreInst = "RAM_T2P_URAM">   --->   Core 99 'RAM_T2P_URAM' <Latency = 1> <II = 1> <Delay = 1.23> <Storage> <Opcode : 'load' 'store'> <Ports = 2> <Width = 256> <Depth = 13312> <RAM>
ST_2 : Operation 36 [2/2] (1.23ns)   --->   "%buckets_t_1_load = load i14 %buckets_t_1_addr" [../src/msm.cpp:561->../src/msm.cpp:592]   --->   Operation 36 'load' 'buckets_t_1_load' <Predicate = true> <Delay = 1.23> <CoreInst = "RAM_T2P_URAM">   --->   Core 99 'RAM_T2P_URAM' <Latency = 1> <II = 1> <Delay = 1.23> <Storage> <Opcode : 'load' 'store'> <Ports = 2> <Width = 256> <Depth = 13312> <RAM>
ST_2 : Operation 37 [1/1] (1.08ns)   --->   "%add_ln558 = add i64 %j_1, i64 1" [../src/msm.cpp:558->../src/msm.cpp:592]   --->   Operation 37 'add' 'add_ln558' <Predicate = true> <Delay = 1.08> <CoreInst = "Adder">   --->   Core 1 'Adder' <Latency = 0> <II = 1> <Delay = 1.08> <FuncUnit> <Opcode : 'add' 'sub'> <InPorts = 2> <OutPorts = 1>
ST_2 : Operation 38 [1/1] (0.42ns)   --->   "%store_ln558 = store i64 %add_ln558, i64 %j" [../src/msm.cpp:558->../src/msm.cpp:592]   --->   Operation 38 'store' 'store_ln558' <Predicate = true> <Delay = 0.42>

State 3 <SV = 2> <Delay = 1.74>
ST_3 : Operation 39 [1/2] ( I:1.23ns O:1.23ns )   --->   "%buckets_x_load = load i14 %buckets_x_addr" [../src/msm.cpp:561->../src/msm.cpp:592]   --->   Operation 39 'load' 'buckets_x_load' <Predicate = true> <Delay = 1.23> <CoreInst = "RAM_T2P_URAM">   --->   Core 99 'RAM_T2P_URAM' <Latency = 1> <II = 1> <Delay = 1.23> <Storage> <Opcode : 'load' 'store'> <Ports = 2> <Width = 256> <Depth = 13312> <RAM>
ST_3 : Operation 40 [1/2] ( I:1.23ns O:1.23ns )   --->   "%buckets_x_1_load = load i14 %buckets_x_1_addr" [../src/msm.cpp:561->../src/msm.cpp:592]   --->   Operation 40 'load' 'buckets_x_1_load' <Predicate = true> <Delay = 1.23> <CoreInst = "RAM_T2P_URAM">   --->   Core 99 'RAM_T2P_URAM' <Latency = 1> <II = 1> <Delay = 1.23> <Storage> <Opcode : 'load' 'store'> <Ports = 2> <Width = 256> <Depth = 13312> <RAM>
ST_3 : Operation 41 [1/1] (0.51ns)   --->   "%select_ln561 = select i1 %trunc_ln560, i256 %buckets_x_1_load, i256 %buckets_x_load" [../src/msm.cpp:561->../src/msm.cpp:592]   --->   Operation 41 'select' 'select_ln561' <Predicate = true> <Delay = 0.51> <CoreInst = "Sel">   --->   Core 73 'Sel' <Latency = 0> <II = 1> <Delay = 0.51> <FuncUnit> <Opcode : 'select'> <InPorts = 3> <OutPorts = 1>
ST_3 : Operation 42 [1/2] ( I:1.23ns O:1.23ns )   --->   "%buckets_y_load = load i14 %buckets_y_addr" [../src/msm.cpp:561->../src/msm.cpp:592]   --->   Operation 42 'load' 'buckets_y_load' <Predicate = true> <Delay = 1.23> <CoreInst = "RAM_T2P_URAM">   --->   Core 99 'RAM_T2P_URAM' <Latency = 1> <II = 1> <Delay = 1.23> <Storage> <Opcode : 'load' 'store'> <Ports = 2> <Width = 256> <Depth = 13312> <RAM>
ST_3 : Operation 43 [1/2] ( I:1.23ns O:1.23ns )   --->   "%buckets_y_1_load = load i14 %buckets_y_1_addr" [../src/msm.cpp:561->../src/msm.cpp:592]   --->   Operation 43 'load' 'buckets_y_1_load' <Predicate = true> <Delay = 1.23> <CoreInst = "RAM_T2P_URAM">   --->   Core 99 'RAM_T2P_URAM' <Latency = 1> <II = 1> <Delay = 1.23> <Storage> <Opcode : 'load' 'store'> <Ports = 2> <Width = 256> <Depth = 13312> <RAM>
ST_3 : Operation 44 [1/1] (0.51ns)   --->   "%select_ln561_1 = select i1 %trunc_ln560, i256 %buckets_y_1_load, i256 %buckets_y_load" [../src/msm.cpp:561->../src/msm.cpp:592]   --->   Operation 44 'select' 'select_ln561_1' <Predicate = true> <Delay = 0.51> <CoreInst = "Sel">   --->   Core 73 'Sel' <Latency = 0> <II = 1> <Delay = 0.51> <FuncUnit> <Opcode : 'select'> <InPorts = 3> <OutPorts = 1>
ST_3 : Operation 45 [1/2] ( I:1.23ns O:1.23ns )   --->   "%buckets_z_load = load i14 %buckets_z_addr" [../src/msm.cpp:561->../src/msm.cpp:592]   --->   Operation 45 'load' 'buckets_z_load' <Predicate = true> <Delay = 1.23> <CoreInst = "RAM_T2P_URAM">   --->   Core 99 'RAM_T2P_URAM' <Latency = 1> <II = 1> <Delay = 1.23> <Storage> <Opcode : 'load' 'store'> <Ports = 2> <Width = 256> <Depth = 13312> <RAM>
ST_3 : Operation 46 [1/2] ( I:1.23ns O:1.23ns )   --->   "%buckets_z_1_load = load i14 %buckets_z_1_addr" [../src/msm.cpp:561->../src/msm.cpp:592]   --->   Operation 46 'load' 'buckets_z_1_load' <Predicate = true> <Delay = 1.23> <CoreInst = "RAM_T2P_URAM">   --->   Core 99 'RAM_T2P_URAM' <Latency = 1> <II = 1> <Delay = 1.23> <Storage> <Opcode : 'load' 'store'> <Ports = 2> <Width = 256> <Depth = 13312> <RAM>
ST_3 : Operation 47 [1/1] (0.51ns)   --->   "%select_ln561_2 = select i1 %trunc_ln560, i256 %buckets_z_1_load, i256 %buckets_z_load" [../src/msm.cpp:561->../src/msm.cpp:592]   --->   Operation 47 'select' 'select_ln561_2' <Predicate = true> <Delay = 0.51> <CoreInst = "Sel">   --->   Core 73 'Sel' <Latency = 0> <II = 1> <Delay = 0.51> <FuncUnit> <Opcode : 'select'> <InPorts = 3> <OutPorts = 1>
ST_3 : Operation 48 [1/2] ( I:1.23ns O:1.23ns )   --->   "%buckets_t_load = load i14 %buckets_t_addr" [../src/msm.cpp:561->../src/msm.cpp:592]   --->   Operation 48 'load' 'buckets_t_load' <Predicate = true> <Delay = 1.23> <CoreInst = "RAM_T2P_URAM">   --->   Core 99 'RAM_T2P_URAM' <Latency = 1> <II = 1> <Delay = 1.23> <Storage> <Opcode : 'load' 'store'> <Ports = 2> <Width = 256> <Depth = 13312> <RAM>
ST_3 : Operation 49 [1/2] ( I:1.23ns O:1.23ns )   --->   "%buckets_t_1_load = load i14 %buckets_t_1_addr" [../src/msm.cpp:561->../src/msm.cpp:592]   --->   Operation 49 'load' 'buckets_t_1_load' <Predicate = true> <Delay = 1.23> <CoreInst = "RAM_T2P_URAM">   --->   Core 99 'RAM_T2P_URAM' <Latency = 1> <II = 1> <Delay = 1.23> <Storage> <Opcode : 'load' 'store'> <Ports = 2> <Width = 256> <Depth = 13312> <RAM>
ST_3 : Operation 50 [1/1] (0.51ns)   --->   "%select_ln561_3 = select i1 %trunc_ln560, i256 %buckets_t_1_load, i256 %buckets_t_load" [../src/msm.cpp:561->../src/msm.cpp:592]   --->   Operation 50 'select' 'select_ln561_3' <Predicate = true> <Delay = 0.51> <CoreInst = "Sel">   --->   Core 73 'Sel' <Latency = 0> <II = 1> <Delay = 0.51> <FuncUnit> <Opcode : 'select'> <InPorts = 3> <OutPorts = 1>

State 4 <SV = 3> <Delay = 1.46>
ST_4 : Operation 51 [1/1] (0.00ns)   --->   "%specpipeline_ln560 = specpipeline void @_ssdm_op_SpecPipeline, i32 1, i32 0, i32 0, i32 0, void @empty" [../src/msm.cpp:560->../src/msm.cpp:592]   --->   Operation 51 'specpipeline' 'specpipeline_ln560' <Predicate = true> <Delay = 0.00>
ST_4 : Operation 52 [1/1] (0.00ns)   --->   "%specloopname_ln558 = specloopname void @_ssdm_op_SpecLoopName, void @empty_2" [../src/msm.cpp:558->../src/msm.cpp:592]   --->   Operation 52 'specloopname' 'specloopname_ln558' <Predicate = true> <Delay = 0.00>
ST_4 : Operation 53 [1/1] (0.00ns)   --->   "%p_0 = bitconcatenate i1024 @_ssdm_op_BitConcatenate.i1024.i256.i256.i256.i256, i256 %select_ln561_3, i256 %select_ln561_2, i256 %select_ln561_1, i256 %select_ln561" [../src/msm.cpp:561->../src/msm.cpp:592]   --->   Operation 53 'bitconcatenate' 'p_0' <Predicate = true> <Delay = 0.00>
ST_4 : Operation 54 [1/1] ( I:1.46ns O:1.46ns )   --->   "%write_ln561 = write void @_ssdm_op_Write.ap_fifo.volatile.i1024P0A, i1024 %out_stream, i1024 %p_0" [../src/msm.cpp:561->../src/msm.cpp:592]   --->   Operation 54 'write' 'write_ln561' <Predicate = true> <Delay = 1.46> <CoreInst = "FIFO">   --->   Core 77 'FIFO' <Latency = 0> <II = 1> <Delay = 1.63> <Storage> <Opcode : 'read' 'write' 'nbread' 'nbwrite'> <Ports = 0> <Width = -1> <Depth = -1> <FIFO>
ST_4 : Operation 55 [1/1] (0.00ns)   --->   "%br_ln558 = br void %for.inc.i3" [../src/msm.cpp:558->../src/msm.cpp:592]   --->   Operation 55 'br' 'br_ln558' <Predicate = true> <Delay = 0.00>


============================================================
+ Verbose Summary: Binding
============================================================
STG Binding: 
---------------- STG Properties BEGIN ----------------
- Is combinational: 0
- Is one-state seq: 0
- Is datapath-only: 0
- Is pipelined: 0
- Is top level: 0
Port [ Return ] is wired: 1; IO mode=ap_ctrl_hs:ce=0
Port [ buckets_x]:  wired=1; compound=1; hidden=0; nouse=0; global=0; static=0; extern=0; dir=0; type=1; pingpong=0; private_global=0; MemPort=[13]; IO mode=ap_memory:ce=0
Port [ buckets_x_1]:  wired=1; compound=1; hidden=0; nouse=0; global=0; static=0; extern=0; dir=0; type=1; pingpong=0; private_global=0; MemPort=[13]; IO mode=ap_memory:ce=0
Port [ buckets_y]:  wired=1; compound=1; hidden=0; nouse=0; global=0; static=0; extern=0; dir=0; type=1; pingpong=0; private_global=0; MemPort=[13]; IO mode=ap_memory:ce=0
Port [ buckets_y_1]:  wired=1; compound=1; hidden=0; nouse=0; global=0; static=0; extern=0; dir=0; type=1; pingpong=0; private_global=0; MemPort=[13]; IO mode=ap_memory:ce=0
Port [ buckets_z]:  wired=1; compound=1; hidden=0; nouse=0; global=0; static=0; extern=0; dir=0; type=1; pingpong=0; private_global=0; MemPort=[13]; IO mode=ap_memory:ce=0
Port [ buckets_z_1]:  wired=1; compound=1; hidden=0; nouse=0; global=0; static=0; extern=0; dir=0; type=1; pingpong=0; private_global=0; MemPort=[13]; IO mode=ap_memory:ce=0
Port [ buckets_t]:  wired=1; compound=1; hidden=0; nouse=0; global=0; static=0; extern=0; dir=0; type=1; pingpong=0; private_global=0; MemPort=[13]; IO mode=ap_memory:ce=0
Port [ buckets_t_1]:  wired=1; compound=1; hidden=0; nouse=0; global=0; static=0; extern=0; dir=0; type=1; pingpong=0; private_global=0; MemPort=[13]; IO mode=ap_memory:ce=0
Port [ out_stream]:  wired=1; compound=1; hidden=0; nouse=0; global=0; static=0; extern=0; dir=1; type=3; pingpong=0; private_global=0; IO mode=ap_fifo:ce=0
---------------- STG Properties END ------------------

---------------- Datapath Model BEGIN ----------------

<LifeTime>
<method=bitvector/>
j                  (alloca        ) [ 01111]
specmemcore_ln0    (specmemcore   ) [ 00000]
specmemcore_ln0    (specmemcore   ) [ 00000]
specmemcore_ln0    (specmemcore   ) [ 00000]
specmemcore_ln0    (specmemcore   ) [ 00000]
specmemcore_ln0    (specmemcore   ) [ 00000]
specmemcore_ln0    (specmemcore   ) [ 00000]
specmemcore_ln0    (specmemcore   ) [ 00000]
specmemcore_ln0    (specmemcore   ) [ 00000]
specinterface_ln0  (specinterface ) [ 00000]
store_ln558        (store         ) [ 00000]
br_ln0             (br            ) [ 00000]
j_1                (load          ) [ 00000]
trunc_ln560        (trunc         ) [ 00110]
lshr_ln            (partselect    ) [ 00000]
zext_ln558         (zext          ) [ 00000]
buckets_x_addr     (getelementptr ) [ 00110]
buckets_x_1_addr   (getelementptr ) [ 00110]
buckets_y_addr     (getelementptr ) [ 00110]
buckets_y_1_addr   (getelementptr ) [ 00110]
buckets_z_addr     (getelementptr ) [ 00110]
buckets_z_1_addr   (getelementptr ) [ 00110]
buckets_t_addr     (getelementptr ) [ 00110]
buckets_t_1_addr   (getelementptr ) [ 00110]
add_ln558          (add           ) [ 00000]
store_ln558        (store         ) [ 00000]
buckets_x_load     (load          ) [ 00000]
buckets_x_1_load   (load          ) [ 00000]
select_ln561       (select        ) [ 00101]
buckets_y_load     (load          ) [ 00000]
buckets_y_1_load   (load          ) [ 00000]
select_ln561_1     (select        ) [ 00101]
buckets_z_load     (load          ) [ 00000]
buckets_z_1_load   (load          ) [ 00000]
select_ln561_2     (select        ) [ 00101]
buckets_t_load     (load          ) [ 00000]
buckets_t_1_load   (load          ) [ 00000]
select_ln561_3     (select        ) [ 00101]
specpipeline_ln560 (specpipeline  ) [ 00000]
specloopname_ln558 (specloopname  ) [ 00000]
p_0                (bitconcatenate) [ 00000]
write_ln561        (write         ) [ 00000]
br_ln558           (br            ) [ 00000]
</LifeTime>

<model>

<comp_list>
<comp id="0" class="1000" name="buckets_x">
<pin_list>
<pin id="1" dir="1" index="0" bw="1" slack="0"/>
</pin_list>
<bind>
<StgValue><ssdm name="buckets_x"/><MemPortTyVec>1 3 </MemPortTyVec>
</StgValue>
</bind>
</comp>

<comp id="2" class="1000" name="buckets_x_1">
<pin_list>
<pin id="3" dir="1" index="0" bw="1" slack="0"/>
</pin_list>
<bind>
<StgValue><ssdm name="buckets_x_1"/><MemPortTyVec>1 3 </MemPortTyVec>
</StgValue>
</bind>
</comp>

<comp id="4" class="1000" name="buckets_y">
<pin_list>
<pin id="5" dir="1" index="0" bw="1" slack="0"/>
</pin_list>
<bind>
<StgValue><ssdm name="buckets_y"/><MemPortTyVec>1 3 </MemPortTyVec>
</StgValue>
</bind>
</comp>

<comp id="6" class="1000" name="buckets_y_1">
<pin_list>
<pin id="7" dir="1" index="0" bw="1" slack="0"/>
</pin_list>
<bind>
<StgValue><ssdm name="buckets_y_1"/><MemPortTyVec>1 3 </MemPortTyVec>
</StgValue>
</bind>
</comp>

<comp id="8" class="1000" name="buckets_z">
<pin_list>
<pin id="9" dir="1" index="0" bw="1" slack="0"/>
</pin_list>
<bind>
<StgValue><ssdm name="buckets_z"/><MemPortTyVec>1 3 </MemPortTyVec>
</StgValue>
</bind>
</comp>

<comp id="10" class="1000" name="buckets_z_1">
<pin_list>
<pin id="11" dir="1" index="0" bw="1" slack="0"/>
</pin_list>
<bind>
<StgValue><ssdm name="buckets_z_1"/><MemPortTyVec>1 3 </MemPortTyVec>
</StgValue>
</bind>
</comp>

<comp id="12" class="1000" name="buckets_t">
<pin_list>
<pin id="13" dir="1" index="0" bw="1" slack="0"/>
</pin_list>
<bind>
<StgValue><ssdm name="buckets_t"/><MemPortTyVec>1 3 </MemPortTyVec>
</StgValue>
</bind>
</comp>

<comp id="14" class="1000" name="buckets_t_1">
<pin_list>
<pin id="15" dir="1" index="0" bw="1" slack="0"/>
</pin_list>
<bind>
<StgValue><ssdm name="buckets_t_1"/><MemPortTyVec>1 3 </MemPortTyVec>
</StgValue>
</bind>
</comp>

<comp id="16" class="1000" name="out_stream">
<pin_list>
<pin id="17" dir="1" index="0" bw="1" slack="0"/>
</pin_list>
<bind>
<StgValue><ssdm name="out_stream"/></StgValue>
</bind>
</comp>

<comp id="18" class="1001" name="const_18">
<pin_list>
<pin id="19" dir="1" index="0" bw="1" slack="0"/>
</pin_list>
<bind>
<StgValue><ssdm name=""/></StgValue>
</bind>
</comp>

<comp id="20" class="1001" name="const_20">
<pin_list>
<pin id="21" dir="1" index="0" bw="1" slack="2147483647"/>
</pin_list>
<bind>
<StgValue><ssdm name="_ssdm_op_SpecMemCore"/></StgValue>
</bind>
</comp>

<comp id="22" class="1001" name="const_22">
<pin_list>
<pin id="23" dir="1" index="0" bw="1" slack="2147483647"/>
</pin_list>
<bind>
<StgValue><ssdm name=""/></StgValue>
</bind>
</comp>

<comp id="24" class="1001" name="const_24">
<pin_list>
<pin id="25" dir="1" index="0" bw="1" slack="2147483647"/>
</pin_list>
<bind>
<StgValue><ssdm name=""/></StgValue>
</bind>
</comp>

<comp id="26" class="1001" name="const_26">
<pin_list>
<pin id="27" dir="1" index="0" bw="1" slack="2147483647"/>
</pin_list>
<bind>
<StgValue><ssdm name=""/></StgValue>
</bind>
</comp>

<comp id="28" class="1001" name="const_28">
<pin_list>
<pin id="29" dir="1" index="0" bw="1" slack="2147483647"/>
</pin_list>
<bind>
<StgValue><ssdm name="_ssdm_op_SpecInterface"/></StgValue>
</bind>
</comp>

<comp id="30" class="1001" name="const_30">
<pin_list>
<pin id="31" dir="1" index="0" bw="1" slack="2147483647"/>
</pin_list>
<bind>
<StgValue><ssdm name="empty_0"/></StgValue>
</bind>
</comp>

<comp id="32" class="1001" name="const_32">
<pin_list>
<pin id="33" dir="1" index="0" bw="1" slack="2147483647"/>
</pin_list>
<bind>
<StgValue><ssdm name=""/></StgValue>
</bind>
</comp>

<comp id="34" class="1001" name="const_34">
<pin_list>
<pin id="35" dir="1" index="0" bw="1" slack="2147483647"/>
</pin_list>
<bind>
<StgValue><ssdm name="empty"/></StgValue>
</bind>
</comp>

<comp id="36" class="1001" name="const_36">
<pin_list>
<pin id="37" dir="1" index="0" bw="1" slack="2147483647"/>
</pin_list>
<bind>
<StgValue><ssdm name=""/></StgValue>
</bind>
</comp>

<comp id="38" class="1001" name="const_38">
<pin_list>
<pin id="39" dir="1" index="0" bw="1" slack="0"/>
</pin_list>
<bind>
<StgValue><ssdm name=""/></StgValue>
</bind>
</comp>

<comp id="40" class="1001" name="const_40">
<pin_list>
<pin id="41" dir="1" index="0" bw="1" slack="0"/>
</pin_list>
<bind>
<StgValue><ssdm name="_ssdm_op_PartSelect.i14.i64.i32.i32"/></StgValue>
</bind>
</comp>

<comp id="42" class="1001" name="const_42">
<pin_list>
<pin id="43" dir="1" index="0" bw="1" slack="0"/>
</pin_list>
<bind>
<StgValue><ssdm name=""/></StgValue>
</bind>
</comp>

<comp id="44" class="1001" name="const_44">
<pin_list>
<pin id="45" dir="1" index="0" bw="1" slack="0"/>
</pin_list>
<bind>
<StgValue><ssdm name=""/></StgValue>
</bind>
</comp>

<comp id="46" class="1001" name="const_46">
<pin_list>
<pin id="47" dir="1" index="0" bw="1" slack="2147483647"/>
</pin_list>
<bind>
<StgValue><ssdm name="_ssdm_op_SpecPipeline"/></StgValue>
</bind>
</comp>

<comp id="48" class="1001" name="const_48">
<pin_list>
<pin id="49" dir="1" index="0" bw="1" slack="2147483647"/>
</pin_list>
<bind>
<StgValue><ssdm name="_ssdm_op_SpecLoopName"/></StgValue>
</bind>
</comp>

<comp id="50" class="1001" name="const_50">
<pin_list>
<pin id="51" dir="1" index="0" bw="1" slack="2147483647"/>
</pin_list>
<bind>
<StgValue><ssdm name="empty_2"/></StgValue>
</bind>
</comp>

<comp id="52" class="1001" name="const_52">
<pin_list>
<pin id="53" dir="1" index="0" bw="1" slack="0"/>
</pin_list>
<bind>
<StgValue><ssdm name="_ssdm_op_BitConcatenate.i1024.i256.i256.i256.i256"/></StgValue>
</bind>
</comp>

<comp id="54" class="1001" name="const_54">
<pin_list>
<pin id="55" dir="1" index="0" bw="1" slack="0"/>
</pin_list>
<bind>
<StgValue><ssdm name="_ssdm_op_Write.ap_fifo.volatile.i1024P0A"/></StgValue>
</bind>
</comp>

<comp id="56" class="1004" name="j_fu_56">
<pin_list>
<pin id="57" dir="0" index="0" bw="1" slack="0"/>
<pin id="58" dir="1" index="1" bw="64" slack="0"/>
</pin_list>
<bind>
<opcode="alloca(26) " fcode="alloca"/>
<opset="j/1 "/>
</bind>
</comp>

<comp id="60" class="1004" name="write_ln561_write_fu_60">
<pin_list>
<pin id="61" dir="0" index="0" bw="0" slack="0"/>
<pin id="62" dir="0" index="1" bw="1024" slack="0"/>
<pin id="63" dir="0" index="2" bw="1024" slack="0"/>
<pin id="64" dir="1" index="3" bw="0" slack="2147483647"/>
</pin_list>
<bind>
<opcode="write(1151) " fcode="write"/>
<opset="write_ln561/4 "/>
</bind>
</comp>

<comp id="67" class="1004" name="buckets_x_addr_gep_fu_67">
<pin_list>
<pin id="68" dir="0" index="0" bw="256" slack="0"/>
<pin id="69" dir="0" index="1" bw="1" slack="0"/>
<pin id="70" dir="0" index="2" bw="14" slack="0"/>
<pin id="71" dir="1" index="3" bw="14" slack="0"/>
</pin_list>
<bind>
<opcode="getelementptr(29) " fcode="getelementptr"/>
<opset="buckets_x_addr/2 "/>
</bind>
</comp>

<comp id="74" class="1004" name="buckets_x_1_addr_gep_fu_74">
<pin_list>
<pin id="75" dir="0" index="0" bw="256" slack="0"/>
<pin id="76" dir="0" index="1" bw="1" slack="0"/>
<pin id="77" dir="0" index="2" bw="14" slack="0"/>
<pin id="78" dir="1" index="3" bw="14" slack="0"/>
</pin_list>
<bind>
<opcode="getelementptr(29) " fcode="getelementptr"/>
<opset="buckets_x_1_addr/2 "/>
</bind>
</comp>

<comp id="81" class="1004" name="buckets_y_addr_gep_fu_81">
<pin_list>
<pin id="82" dir="0" index="0" bw="256" slack="0"/>
<pin id="83" dir="0" index="1" bw="1" slack="0"/>
<pin id="84" dir="0" index="2" bw="14" slack="0"/>
<pin id="85" dir="1" index="3" bw="14" slack="0"/>
</pin_list>
<bind>
<opcode="getelementptr(29) " fcode="getelementptr"/>
<opset="buckets_y_addr/2 "/>
</bind>
</comp>

<comp id="88" class="1004" name="buckets_y_1_addr_gep_fu_88">
<pin_list>
<pin id="89" dir="0" index="0" bw="256" slack="0"/>
<pin id="90" dir="0" index="1" bw="1" slack="0"/>
<pin id="91" dir="0" index="2" bw="14" slack="0"/>
<pin id="92" dir="1" index="3" bw="14" slack="0"/>
</pin_list>
<bind>
<opcode="getelementptr(29) " fcode="getelementptr"/>
<opset="buckets_y_1_addr/2 "/>
</bind>
</comp>

<comp id="95" class="1004" name="buckets_z_addr_gep_fu_95">
<pin_list>
<pin id="96" dir="0" index="0" bw="256" slack="0"/>
<pin id="97" dir="0" index="1" bw="1" slack="0"/>
<pin id="98" dir="0" index="2" bw="14" slack="0"/>
<pin id="99" dir="1" index="3" bw="14" slack="0"/>
</pin_list>
<bind>
<opcode="getelementptr(29) " fcode="getelementptr"/>
<opset="buckets_z_addr/2 "/>
</bind>
</comp>

<comp id="102" class="1004" name="buckets_z_1_addr_gep_fu_102">
<pin_list>
<pin id="103" dir="0" index="0" bw="256" slack="0"/>
<pin id="104" dir="0" index="1" bw="1" slack="0"/>
<pin id="105" dir="0" index="2" bw="14" slack="0"/>
<pin id="106" dir="1" index="3" bw="14" slack="0"/>
</pin_list>
<bind>
<opcode="getelementptr(29) " fcode="getelementptr"/>
<opset="buckets_z_1_addr/2 "/>
</bind>
</comp>

<comp id="109" class="1004" name="buckets_t_addr_gep_fu_109">
<pin_list>
<pin id="110" dir="0" index="0" bw="256" slack="0"/>
<pin id="111" dir="0" index="1" bw="1" slack="0"/>
<pin id="112" dir="0" index="2" bw="14" slack="0"/>
<pin id="113" dir="1" index="3" bw="14" slack="0"/>
</pin_list>
<bind>
<opcode="getelementptr(29) " fcode="getelementptr"/>
<opset="buckets_t_addr/2 "/>
</bind>
</comp>

<comp id="116" class="1004" name="buckets_t_1_addr_gep_fu_116">
<pin_list>
<pin id="117" dir="0" index="0" bw="256" slack="0"/>
<pin id="118" dir="0" index="1" bw="1" slack="0"/>
<pin id="119" dir="0" index="2" bw="14" slack="0"/>
<pin id="120" dir="1" index="3" bw="14" slack="0"/>
</pin_list>
<bind>
<opcode="getelementptr(29) " fcode="getelementptr"/>
<opset="buckets_t_1_addr/2 "/>
</bind>
</comp>

<comp id="123" class="1004" name="grp_access_fu_123">
<pin_list>
<pin id="124" dir="0" index="0" bw="14" slack="0"/>
<pin id="125" dir="0" index="1" bw="256" slack="2147483647"/>
<pin id="126" dir="0" index="2" bw="0" slack="2147483647"/>
<pin id="127" dir="1" index="3" bw="256" slack="0"/>
</pin_list>
<bind>
<opcode="load(27) " fcode="load"/>
<opset="buckets_x_load/2 "/>
</bind>
</comp>

<comp id="129" class="1004" name="grp_access_fu_129">
<pin_list>
<pin id="130" dir="0" index="0" bw="14" slack="0"/>
<pin id="131" dir="0" index="1" bw="256" slack="2147483647"/>
<pin id="132" dir="0" index="2" bw="0" slack="2147483647"/>
<pin id="133" dir="1" index="3" bw="256" slack="0"/>
</pin_list>
<bind>
<opcode="load(27) " fcode="load"/>
<opset="buckets_x_1_load/2 "/>
</bind>
</comp>

<comp id="135" class="1004" name="grp_access_fu_135">
<pin_list>
<pin id="136" dir="0" index="0" bw="14" slack="0"/>
<pin id="137" dir="0" index="1" bw="256" slack="2147483647"/>
<pin id="138" dir="0" index="2" bw="0" slack="2147483647"/>
<pin id="139" dir="1" index="3" bw="256" slack="0"/>
</pin_list>
<bind>
<opcode="load(27) " fcode="load"/>
<opset="buckets_y_load/2 "/>
</bind>
</comp>

<comp id="141" class="1004" name="grp_access_fu_141">
<pin_list>
<pin id="142" dir="0" index="0" bw="14" slack="0"/>
<pin id="143" dir="0" index="1" bw="256" slack="2147483647"/>
<pin id="144" dir="0" index="2" bw="0" slack="2147483647"/>
<pin id="145" dir="1" index="3" bw="256" slack="0"/>
</pin_list>
<bind>
<opcode="load(27) " fcode="load"/>
<opset="buckets_y_1_load/2 "/>
</bind>
</comp>

<comp id="147" class="1004" name="grp_access_fu_147">
<pin_list>
<pin id="148" dir="0" index="0" bw="14" slack="0"/>
<pin id="149" dir="0" index="1" bw="256" slack="2147483647"/>
<pin id="150" dir="0" index="2" bw="0" slack="2147483647"/>
<pin id="151" dir="1" index="3" bw="256" slack="0"/>
</pin_list>
<bind>
<opcode="load(27) " fcode="load"/>
<opset="buckets_z_load/2 "/>
</bind>
</comp>

<comp id="153" class="1004" name="grp_access_fu_153">
<pin_list>
<pin id="154" dir="0" index="0" bw="14" slack="0"/>
<pin id="155" dir="0" index="1" bw="256" slack="2147483647"/>
<pin id="156" dir="0" index="2" bw="0" slack="2147483647"/>
<pin id="157" dir="1" index="3" bw="256" slack="0"/>
</pin_list>
<bind>
<opcode="load(27) " fcode="load"/>
<opset="buckets_z_1_load/2 "/>
</bind>
</comp>

<comp id="159" class="1004" name="grp_access_fu_159">
<pin_list>
<pin id="160" dir="0" index="0" bw="14" slack="0"/>
<pin id="161" dir="0" index="1" bw="256" slack="2147483647"/>
<pin id="162" dir="0" index="2" bw="0" slack="2147483647"/>
<pin id="163" dir="1" index="3" bw="256" slack="0"/>
</pin_list>
<bind>
<opcode="load(27) " fcode="load"/>
<opset="buckets_t_load/2 "/>
</bind>
</comp>

<comp id="165" class="1004" name="grp_access_fu_165">
<pin_list>
<pin id="166" dir="0" index="0" bw="14" slack="0"/>
<pin id="167" dir="0" index="1" bw="256" slack="2147483647"/>
<pin id="168" dir="0" index="2" bw="0" slack="2147483647"/>
<pin id="169" dir="1" index="3" bw="256" slack="0"/>
</pin_list>
<bind>
<opcode="load(27) " fcode="load"/>
<opset="buckets_t_1_load/2 "/>
</bind>
</comp>

<comp id="171" class="1004" name="store_ln558_store_fu_171">
<pin_list>
<pin id="172" dir="0" index="0" bw="1" slack="0"/>
<pin id="173" dir="0" index="1" bw="64" slack="0"/>
<pin id="174" dir="1" index="2" bw="0" slack="2147483647"/>
</pin_list>
<bind>
<opcode="store(28) " fcode="store"/>
<opset="store_ln558/1 "/>
</bind>
</comp>

<comp id="176" class="1004" name="j_1_load_fu_176">
<pin_list>
<pin id="177" dir="0" index="0" bw="64" slack="1"/>
<pin id="178" dir="1" index="1" bw="64" slack="0"/>
</pin_list>
<bind>
<opcode="load(27) " fcode="load"/>
<opset="j_1/2 "/>
</bind>
</comp>

<comp id="179" class="1004" name="trunc_ln560_fu_179">
<pin_list>
<pin id="180" dir="0" index="0" bw="64" slack="0"/>
<pin id="181" dir="1" index="1" bw="1" slack="1"/>
</pin_list>
<bind>
<opcode="trunc(33) " fcode="trunc"/>
<opset="trunc_ln560/2 "/>
</bind>
</comp>

<comp id="183" class="1004" name="lshr_ln_fu_183">
<pin_list>
<pin id="184" dir="0" index="0" bw="14" slack="0"/>
<pin id="185" dir="0" index="1" bw="64" slack="0"/>
<pin id="186" dir="0" index="2" bw="1" slack="0"/>
<pin id="187" dir="0" index="3" bw="5" slack="0"/>
<pin id="188" dir="1" index="4" bw="14" slack="0"/>
</pin_list>
<bind>
<opcode="partselect(1002) " fcode="partselect"/>
<opset="lshr_ln/2 "/>
</bind>
</comp>

<comp id="193" class="1004" name="zext_ln558_fu_193">
<pin_list>
<pin id="194" dir="0" index="0" bw="14" slack="0"/>
<pin id="195" dir="1" index="1" bw="64" slack="0"/>
</pin_list>
<bind>
<opcode="zext(34) " fcode="zext"/>
<opset="zext_ln558/2 "/>
</bind>
</comp>

<comp id="205" class="1004" name="add_ln558_fu_205">
<pin_list>
<pin id="206" dir="0" index="0" bw="64" slack="0"/>
<pin id="207" dir="0" index="1" bw="1" slack="0"/>
<pin id="208" dir="1" index="2" bw="64" slack="0"/>
</pin_list>
<bind>
<opcode="add(8) " fcode="add"/>
<opset="add_ln558/2 "/>
</bind>
</comp>

<comp id="211" class="1004" name="store_ln558_store_fu_211">
<pin_list>
<pin id="212" dir="0" index="0" bw="64" slack="0"/>
<pin id="213" dir="0" index="1" bw="64" slack="1"/>
<pin id="214" dir="1" index="2" bw="0" slack="2147483647"/>
</pin_list>
<bind>
<opcode="store(28) " fcode="store"/>
<opset="store_ln558/2 "/>
</bind>
</comp>

<comp id="216" class="1004" name="select_ln561_fu_216">
<pin_list>
<pin id="217" dir="0" index="0" bw="1" slack="1"/>
<pin id="218" dir="0" index="1" bw="256" slack="0"/>
<pin id="219" dir="0" index="2" bw="256" slack="0"/>
<pin id="220" dir="1" index="3" bw="256" slack="1"/>
</pin_list>
<bind>
<opcode="select(49) " fcode="select"/>
<opset="select_ln561/3 "/>
</bind>
</comp>

<comp id="223" class="1004" name="select_ln561_1_fu_223">
<pin_list>
<pin id="224" dir="0" index="0" bw="1" slack="1"/>
<pin id="225" dir="0" index="1" bw="256" slack="0"/>
<pin id="226" dir="0" index="2" bw="256" slack="0"/>
<pin id="227" dir="1" index="3" bw="256" slack="1"/>
</pin_list>
<bind>
<opcode="select(49) " fcode="select"/>
<opset="select_ln561_1/3 "/>
</bind>
</comp>

<comp id="230" class="1004" name="select_ln561_2_fu_230">
<pin_list>
<pin id="231" dir="0" index="0" bw="1" slack="1"/>
<pin id="232" dir="0" index="1" bw="256" slack="0"/>
<pin id="233" dir="0" index="2" bw="256" slack="0"/>
<pin id="234" dir="1" index="3" bw="256" slack="1"/>
</pin_list>
<bind>
<opcode="select(49) " fcode="select"/>
<opset="select_ln561_2/3 "/>
</bind>
</comp>

<comp id="237" class="1004" name="select_ln561_3_fu_237">
<pin_list>
<pin id="238" dir="0" index="0" bw="1" slack="1"/>
<pin id="239" dir="0" index="1" bw="256" slack="0"/>
<pin id="240" dir="0" index="2" bw="256" slack="0"/>
<pin id="241" dir="1" index="3" bw="256" slack="1"/>
</pin_list>
<bind>
<opcode="select(49) " fcode="select"/>
<opset="select_ln561_3/3 "/>
</bind>
</comp>

<comp id="244" class="1004" name="p_0_fu_244">
<pin_list>
<pin id="245" dir="0" index="0" bw="1024" slack="0"/>
<pin id="246" dir="0" index="1" bw="256" slack="1"/>
<pin id="247" dir="0" index="2" bw="256" slack="1"/>
<pin id="248" dir="0" index="3" bw="256" slack="1"/>
<pin id="249" dir="0" index="4" bw="256" slack="1"/>
<pin id="250" dir="1" index="5" bw="1024" slack="0"/>
</pin_list>
<bind>
<opcode="bitconcatenate(1004) " fcode="bitconcatenate"/>
<opset="p_0/4 "/>
</bind>
</comp>

<comp id="253" class="1005" name="j_reg_253">
<pin_list>
<pin id="254" dir="0" index="0" bw="64" slack="0"/>
<pin id="255" dir="1" index="1" bw="64" slack="0"/>
</pin_list>
<bind>
<opset="j "/>
</bind>
</comp>

<comp id="260" class="1005" name="trunc_ln560_reg_260">
<pin_list>
<pin id="261" dir="0" index="0" bw="1" slack="1"/>
<pin id="262" dir="1" index="1" bw="1" slack="1"/>
</pin_list>
<bind>
<opset="trunc_ln560 "/>
</bind>
</comp>

<comp id="268" class="1005" name="buckets_x_addr_reg_268">
<pin_list>
<pin id="269" dir="0" index="0" bw="14" slack="1"/>
<pin id="270" dir="1" index="1" bw="14" slack="1"/>
</pin_list>
<bind>
<opset="buckets_x_addr "/>
</bind>
</comp>

<comp id="273" class="1005" name="buckets_x_1_addr_reg_273">
<pin_list>
<pin id="274" dir="0" index="0" bw="14" slack="1"/>
<pin id="275" dir="1" index="1" bw="14" slack="1"/>
</pin_list>
<bind>
<opset="buckets_x_1_addr "/>
</bind>
</comp>

<comp id="278" class="1005" name="buckets_y_addr_reg_278">
<pin_list>
<pin id="279" dir="0" index="0" bw="14" slack="1"/>
<pin id="280" dir="1" index="1" bw="14" slack="1"/>
</pin_list>
<bind>
<opset="buckets_y_addr "/>
</bind>
</comp>

<comp id="283" class="1005" name="buckets_y_1_addr_reg_283">
<pin_list>
<pin id="284" dir="0" index="0" bw="14" slack="1"/>
<pin id="285" dir="1" index="1" bw="14" slack="1"/>
</pin_list>
<bind>
<opset="buckets_y_1_addr "/>
</bind>
</comp>

<comp id="288" class="1005" name="buckets_z_addr_reg_288">
<pin_list>
<pin id="289" dir="0" index="0" bw="14" slack="1"/>
<pin id="290" dir="1" index="1" bw="14" slack="1"/>
</pin_list>
<bind>
<opset="buckets_z_addr "/>
</bind>
</comp>

<comp id="293" class="1005" name="buckets_z_1_addr_reg_293">
<pin_list>
<pin id="294" dir="0" index="0" bw="14" slack="1"/>
<pin id="295" dir="1" index="1" bw="14" slack="1"/>
</pin_list>
<bind>
<opset="buckets_z_1_addr "/>
</bind>
</comp>

<comp id="298" class="1005" name="buckets_t_addr_reg_298">
<pin_list>
<pin id="299" dir="0" index="0" bw="14" slack="1"/>
<pin id="300" dir="1" index="1" bw="14" slack="1"/>
</pin_list>
<bind>
<opset="buckets_t_addr "/>
</bind>
</comp>

<comp id="303" class="1005" name="buckets_t_1_addr_reg_303">
<pin_list>
<pin id="304" dir="0" index="0" bw="14" slack="1"/>
<pin id="305" dir="1" index="1" bw="14" slack="1"/>
</pin_list>
<bind>
<opset="buckets_t_1_addr "/>
</bind>
</comp>

<comp id="308" class="1005" name="select_ln561_reg_308">
<pin_list>
<pin id="309" dir="0" index="0" bw="256" slack="1"/>
<pin id="310" dir="1" index="1" bw="256" slack="1"/>
</pin_list>
<bind>
<opset="select_ln561 "/>
</bind>
</comp>

<comp id="313" class="1005" name="select_ln561_1_reg_313">
<pin_list>
<pin id="314" dir="0" index="0" bw="256" slack="1"/>
<pin id="315" dir="1" index="1" bw="256" slack="1"/>
</pin_list>
<bind>
<opset="select_ln561_1 "/>
</bind>
</comp>

<comp id="318" class="1005" name="select_ln561_2_reg_318">
<pin_list>
<pin id="319" dir="0" index="0" bw="256" slack="1"/>
<pin id="320" dir="1" index="1" bw="256" slack="1"/>
</pin_list>
<bind>
<opset="select_ln561_2 "/>
</bind>
</comp>

<comp id="323" class="1005" name="select_ln561_3_reg_323">
<pin_list>
<pin id="324" dir="0" index="0" bw="256" slack="1"/>
<pin id="325" dir="1" index="1" bw="256" slack="1"/>
</pin_list>
<bind>
<opset="select_ln561_3 "/>
</bind>
</comp>

</comp_list>

<net_list>
<net id="59"><net_src comp="18" pin="0"/><net_sink comp="56" pin=0"/></net>

<net id="65"><net_src comp="54" pin="0"/><net_sink comp="60" pin=0"/></net>

<net id="66"><net_src comp="16" pin="0"/><net_sink comp="60" pin=1"/></net>

<net id="72"><net_src comp="0" pin="0"/><net_sink comp="67" pin=0"/></net>

<net id="73"><net_src comp="38" pin="0"/><net_sink comp="67" pin=1"/></net>

<net id="79"><net_src comp="2" pin="0"/><net_sink comp="74" pin=0"/></net>

<net id="80"><net_src comp="38" pin="0"/><net_sink comp="74" pin=1"/></net>

<net id="86"><net_src comp="4" pin="0"/><net_sink comp="81" pin=0"/></net>

<net id="87"><net_src comp="38" pin="0"/><net_sink comp="81" pin=1"/></net>

<net id="93"><net_src comp="6" pin="0"/><net_sink comp="88" pin=0"/></net>

<net id="94"><net_src comp="38" pin="0"/><net_sink comp="88" pin=1"/></net>

<net id="100"><net_src comp="8" pin="0"/><net_sink comp="95" pin=0"/></net>

<net id="101"><net_src comp="38" pin="0"/><net_sink comp="95" pin=1"/></net>

<net id="107"><net_src comp="10" pin="0"/><net_sink comp="102" pin=0"/></net>

<net id="108"><net_src comp="38" pin="0"/><net_sink comp="102" pin=1"/></net>

<net id="114"><net_src comp="12" pin="0"/><net_sink comp="109" pin=0"/></net>

<net id="115"><net_src comp="38" pin="0"/><net_sink comp="109" pin=1"/></net>

<net id="121"><net_src comp="14" pin="0"/><net_sink comp="116" pin=0"/></net>

<net id="122"><net_src comp="38" pin="0"/><net_sink comp="116" pin=1"/></net>

<net id="128"><net_src comp="67" pin="3"/><net_sink comp="123" pin=0"/></net>

<net id="134"><net_src comp="74" pin="3"/><net_sink comp="129" pin=0"/></net>

<net id="140"><net_src comp="81" pin="3"/><net_sink comp="135" pin=0"/></net>

<net id="146"><net_src comp="88" pin="3"/><net_sink comp="141" pin=0"/></net>

<net id="152"><net_src comp="95" pin="3"/><net_sink comp="147" pin=0"/></net>

<net id="158"><net_src comp="102" pin="3"/><net_sink comp="153" pin=0"/></net>

<net id="164"><net_src comp="109" pin="3"/><net_sink comp="159" pin=0"/></net>

<net id="170"><net_src comp="116" pin="3"/><net_sink comp="165" pin=0"/></net>

<net id="175"><net_src comp="38" pin="0"/><net_sink comp="171" pin=0"/></net>

<net id="182"><net_src comp="176" pin="1"/><net_sink comp="179" pin=0"/></net>

<net id="189"><net_src comp="40" pin="0"/><net_sink comp="183" pin=0"/></net>

<net id="190"><net_src comp="176" pin="1"/><net_sink comp="183" pin=1"/></net>

<net id="191"><net_src comp="18" pin="0"/><net_sink comp="183" pin=2"/></net>

<net id="192"><net_src comp="42" pin="0"/><net_sink comp="183" pin=3"/></net>

<net id="196"><net_src comp="183" pin="4"/><net_sink comp="193" pin=0"/></net>

<net id="197"><net_src comp="193" pin="1"/><net_sink comp="67" pin=2"/></net>

<net id="198"><net_src comp="193" pin="1"/><net_sink comp="74" pin=2"/></net>

<net id="199"><net_src comp="193" pin="1"/><net_sink comp="81" pin=2"/></net>

<net id="200"><net_src comp="193" pin="1"/><net_sink comp="88" pin=2"/></net>

<net id="201"><net_src comp="193" pin="1"/><net_sink comp="95" pin=2"/></net>

<net id="202"><net_src comp="193" pin="1"/><net_sink comp="102" pin=2"/></net>

<net id="203"><net_src comp="193" pin="1"/><net_sink comp="109" pin=2"/></net>

<net id="204"><net_src comp="193" pin="1"/><net_sink comp="116" pin=2"/></net>

<net id="209"><net_src comp="176" pin="1"/><net_sink comp="205" pin=0"/></net>

<net id="210"><net_src comp="44" pin="0"/><net_sink comp="205" pin=1"/></net>

<net id="215"><net_src comp="205" pin="2"/><net_sink comp="211" pin=0"/></net>

<net id="221"><net_src comp="129" pin="3"/><net_sink comp="216" pin=1"/></net>

<net id="222"><net_src comp="123" pin="3"/><net_sink comp="216" pin=2"/></net>

<net id="228"><net_src comp="141" pin="3"/><net_sink comp="223" pin=1"/></net>

<net id="229"><net_src comp="135" pin="3"/><net_sink comp="223" pin=2"/></net>

<net id="235"><net_src comp="153" pin="3"/><net_sink comp="230" pin=1"/></net>

<net id="236"><net_src comp="147" pin="3"/><net_sink comp="230" pin=2"/></net>

<net id="242"><net_src comp="165" pin="3"/><net_sink comp="237" pin=1"/></net>

<net id="243"><net_src comp="159" pin="3"/><net_sink comp="237" pin=2"/></net>

<net id="251"><net_src comp="52" pin="0"/><net_sink comp="244" pin=0"/></net>

<net id="252"><net_src comp="244" pin="5"/><net_sink comp="60" pin=2"/></net>

<net id="256"><net_src comp="56" pin="1"/><net_sink comp="253" pin=0"/></net>

<net id="257"><net_src comp="253" pin="1"/><net_sink comp="171" pin=1"/></net>

<net id="258"><net_src comp="253" pin="1"/><net_sink comp="176" pin=0"/></net>

<net id="259"><net_src comp="253" pin="1"/><net_sink comp="211" pin=1"/></net>

<net id="263"><net_src comp="179" pin="1"/><net_sink comp="260" pin=0"/></net>

<net id="264"><net_src comp="260" pin="1"/><net_sink comp="216" pin=0"/></net>

<net id="265"><net_src comp="260" pin="1"/><net_sink comp="223" pin=0"/></net>

<net id="266"><net_src comp="260" pin="1"/><net_sink comp="230" pin=0"/></net>

<net id="267"><net_src comp="260" pin="1"/><net_sink comp="237" pin=0"/></net>

<net id="271"><net_src comp="67" pin="3"/><net_sink comp="268" pin=0"/></net>

<net id="272"><net_src comp="268" pin="1"/><net_sink comp="123" pin=0"/></net>

<net id="276"><net_src comp="74" pin="3"/><net_sink comp="273" pin=0"/></net>

<net id="277"><net_src comp="273" pin="1"/><net_sink comp="129" pin=0"/></net>

<net id="281"><net_src comp="81" pin="3"/><net_sink comp="278" pin=0"/></net>

<net id="282"><net_src comp="278" pin="1"/><net_sink comp="135" pin=0"/></net>

<net id="286"><net_src comp="88" pin="3"/><net_sink comp="283" pin=0"/></net>

<net id="287"><net_src comp="283" pin="1"/><net_sink comp="141" pin=0"/></net>

<net id="291"><net_src comp="95" pin="3"/><net_sink comp="288" pin=0"/></net>

<net id="292"><net_src comp="288" pin="1"/><net_sink comp="147" pin=0"/></net>

<net id="296"><net_src comp="102" pin="3"/><net_sink comp="293" pin=0"/></net>

<net id="297"><net_src comp="293" pin="1"/><net_sink comp="153" pin=0"/></net>

<net id="301"><net_src comp="109" pin="3"/><net_sink comp="298" pin=0"/></net>

<net id="302"><net_src comp="298" pin="1"/><net_sink comp="159" pin=0"/></net>

<net id="306"><net_src comp="116" pin="3"/><net_sink comp="303" pin=0"/></net>

<net id="307"><net_src comp="303" pin="1"/><net_sink comp="165" pin=0"/></net>

<net id="311"><net_src comp="216" pin="3"/><net_sink comp="308" pin=0"/></net>

<net id="312"><net_src comp="308" pin="1"/><net_sink comp="244" pin=4"/></net>

<net id="316"><net_src comp="223" pin="3"/><net_sink comp="313" pin=0"/></net>

<net id="317"><net_src comp="313" pin="1"/><net_sink comp="244" pin=3"/></net>

<net id="321"><net_src comp="230" pin="3"/><net_sink comp="318" pin=0"/></net>

<net id="322"><net_src comp="318" pin="1"/><net_sink comp="244" pin=2"/></net>

<net id="326"><net_src comp="237" pin="3"/><net_sink comp="323" pin=0"/></net>

<net id="327"><net_src comp="323" pin="1"/><net_sink comp="244" pin=1"/></net>

</net_list>

</model> 
---------------- Datapath Model END ------------------

* FSMD analyzer results:
  - Output states:
	Port: out_stream | {4 }
 - Input state : 
	Port: pippenger_control_Pipeline_VITIS_LOOP_558_1 : buckets_x | {2 3 }
	Port: pippenger_control_Pipeline_VITIS_LOOP_558_1 : buckets_x_1 | {2 3 }
	Port: pippenger_control_Pipeline_VITIS_LOOP_558_1 : buckets_y | {2 3 }
	Port: pippenger_control_Pipeline_VITIS_LOOP_558_1 : buckets_y_1 | {2 3 }
	Port: pippenger_control_Pipeline_VITIS_LOOP_558_1 : buckets_z | {2 3 }
	Port: pippenger_control_Pipeline_VITIS_LOOP_558_1 : buckets_z_1 | {2 3 }
	Port: pippenger_control_Pipeline_VITIS_LOOP_558_1 : buckets_t | {2 3 }
	Port: pippenger_control_Pipeline_VITIS_LOOP_558_1 : buckets_t_1 | {2 3 }
	Port: pippenger_control_Pipeline_VITIS_LOOP_558_1 : out_stream | {}
  - Chain level:
	State 1
		store_ln558 : 1
	State 2
		trunc_ln560 : 1
		lshr_ln : 1
		zext_ln558 : 2
		buckets_x_addr : 3
		buckets_x_1_addr : 3
		buckets_y_addr : 3
		buckets_y_1_addr : 3
		buckets_z_addr : 3
		buckets_z_1_addr : 3
		buckets_t_addr : 3
		buckets_t_1_addr : 3
		buckets_x_load : 4
		buckets_x_1_load : 4
		buckets_y_load : 4
		buckets_y_1_load : 4
		buckets_z_load : 4
		buckets_z_1_load : 4
		buckets_t_load : 4
		buckets_t_1_load : 4
		add_ln558 : 1
		store_ln558 : 2
	State 3
		select_ln561 : 1
		select_ln561_1 : 1
		select_ln561_2 : 1
		select_ln561_3 : 1
	State 4
		write_ln561 : 1


============================================================
+ Verbose Summary: Datapath Resource usage 
============================================================

* Functional unit list:
|----------|-------------------------|---------|---------|
| Operation|     Functional Unit     |    FF   |   LUT   |
|----------|-------------------------|---------|---------|
|          |   select_ln561_fu_216   |    0    |   208   |
|  select  |  select_ln561_1_fu_223  |    0    |   208   |
|          |  select_ln561_2_fu_230  |    0    |   208   |
|          |  select_ln561_3_fu_237  |    0    |   208   |
|----------|-------------------------|---------|---------|
|    add   |     add_ln558_fu_205    |    0    |    71   |
|----------|-------------------------|---------|---------|
|   write  | write_ln561_write_fu_60 |    0    |    0    |
|----------|-------------------------|---------|---------|
|   trunc  |    trunc_ln560_fu_179   |    0    |    0    |
|----------|-------------------------|---------|---------|
|partselect|      lshr_ln_fu_183     |    0    |    0    |
|----------|-------------------------|---------|---------|
|   zext   |    zext_ln558_fu_193    |    0    |    0    |
|----------|-------------------------|---------|---------|
|bitconcatenate|        p_0_fu_244       |    0    |    0    |
|----------|-------------------------|---------|---------|
|   Total  |                         |    0    |   903   |
|----------|-------------------------|---------|---------|

Memories:
N/A

* Register list:
+------------------------+--------+
|                        |   FF   |
+------------------------+--------+
|buckets_t_1_addr_reg_303|   14   |
| buckets_t_addr_reg_298 |   14   |
|buckets_x_1_addr_reg_273|   14   |
| buckets_x_addr_reg_268 |   14   |
|buckets_y_1_addr_reg_283|   14   |
| buckets_y_addr_reg_278 |   14   |
|buckets_z_1_addr_reg_293|   14   |
| buckets_z_addr_reg_288 |   14   |
|        j_reg_253       |   64   |
| select_ln561_1_reg_313 |   256  |
| select_ln561_2_reg_318 |   256  |
| select_ln561_3_reg_323 |   256  |
|  select_ln561_reg_308  |   256  |
|   trunc_ln560_reg_260  |    1   |
+------------------------+--------+
|          Total         |  1201  |
+------------------------+--------+

* Multiplexer (MUX) list: 
|-------------------|------|------|------|--------||---------||---------||---------|
|        Comp       |  Pin | Size |  BW  | S x BW ||  Delay  ||    FF   ||   LUT   |
|-------------------|------|------|------|--------||---------||---------||---------|
| grp_access_fu_123 |  p0  |   2  |  14  |   28   ||    0    ||    9    |
| grp_access_fu_129 |  p0  |   2  |  14  |   28   ||    0    ||    9    |
| grp_access_fu_135 |  p0  |   2  |  14  |   28   ||    0    ||    9    |
| grp_access_fu_141 |  p0  |   2  |  14  |   28   ||    0    ||    9    |
| grp_access_fu_147 |  p0  |   2  |  14  |   28   ||    0    ||    9    |
| grp_access_fu_153 |  p0  |   2  |  14  |   28   ||    0    ||    9    |
| grp_access_fu_159 |  p0  |   2  |  14  |   28   ||    0    ||    9    |
| grp_access_fu_165 |  p0  |   2  |  14  |   28   ||    0    ||    9    |
|-------------------|------|------|------|--------||---------||---------||---------|
|       Total       |      |      |      |   224  ||  3.416  ||    0    ||    72   |
|-------------------|------|------|------|--------||---------||---------||---------|



* Summary:
+-----------+--------+--------+--------+
|           |  Delay |   FF   |   LUT  |
+-----------+--------+--------+--------+
|  Function |    -   |    0   |   903  |
|   Memory  |    -   |    -   |    -   |
|Multiplexer|    3   |    0   |   72   |
|  Register |    -   |  1201  |    -   |
+-----------+--------+--------+--------+
|   Total   |    3   |  1201  |   975  |
+-----------+--------+--------+--------+
