

================================================================
== Vitis HLS Report for 'process_points_Pipeline_PARTITION_SCALAR'
================================================================
* Date:           Thu Apr 24 05:02:33 2025

* Version:        2024.2 (Build 5238294 on Nov  8 2024)
* Project:        msm_2
* Solution:       solution1 (Vivado IP Flow Target)
* Product family: zynquplus
* Target device:  xczu7ev-ffvc1156-2-e


================================================================
== Performance Estimates
================================================================
+ Timing: 
    * Summary: 
    +--------+---------+----------+------------+
    |  Clock |  Target | Estimated| Uncertainty|
    +--------+---------+----------+------------+
    |ap_clk  |  4.00 ns|  2.649 ns|     1.08 ns|
    +--------+---------+----------+------------+

+ Latency: 
    * Summary: 
    +---------+---------+----------+----------+-----+-----+------------------------------------------------+
    |  Latency (cycles) |  Latency (absolute) |  Interval |                    Pipeline                    |
    |   min   |   max   |    min   |    max   | min | max |                      Type                      |
    +---------+---------+----------+----------+-----+-----+------------------------------------------------+
    |       28|       28|  0.112 us|  0.112 us|   26|   26|  loop auto-rewind stp (delay=0 clock cycles(s))|
    +---------+---------+----------+----------+-----+-----+------------------------------------------------+

    + Detail: 
        * Instance: 
        N/A

        * Loop: 
        +--------------------+---------+---------+----------+-----------+-----------+------+----------+
        |                    |  Latency (cycles) | Iteration|  Initiation Interval  | Trip |          |
        |      Loop Name     |   min   |   max   |  Latency |  achieved |   target  | Count| Pipelined|
        +--------------------+---------+---------+----------+-----------+-----------+------+----------+
        |- PARTITION_SCALAR  |       26|       26|         3|          1|          1|    25|       yes|
        +--------------------+---------+---------+----------+-----------+-----------+------+----------+

============================================================
+ Verbose Summary: Synthesis Manager
============================================================
InlineROM: 1
ExposeGlobal: 0
============================================================
+ Verbose Summary: CDFG Model
============================================================
IsTopModel: 0
ResetActiveHigh: 1
IsCombinational: 0
IsDatapathOnly: 0
HasWiredReturn: 1
HasMFsm: 2
HasVarLatency: 1
IsPipeline: 0
IsRtlPipelined: 0
IsInstanceOverlapped: 0
IsDontTouch: 0
HasImplIP: 0
IsGatedGlobalClock: 0

+ Individual pipeline summary: 
  * Pipeline-0: initiation interval (II) = 1, depth = 3


============================================================
+ Verbose Summary: Schedule
============================================================
* Number of FSM states : 3
* Pipeline : 1
  Pipeline-0 : II = 1, D = 3, States = { 1 2 3 }
* Dataflow Pipeline: 0

* FSM state transitions: 
1 --> 2 
2 --> 3 
3 --> 

* FSM state operations: 

State 1 <SV = 0> <Delay = 2.26>
ST_1 : Operation 6 [1/1] (0.00ns)   --->   "%i = alloca i32 1" [../src/msm.cpp:452->../src/msm.cpp:522]   --->   Operation 6 'alloca' 'i' <Predicate = true> <Delay = 0.00>
ST_1 : Operation 7 [1/1] (0.00ns)   --->   "%specinterface_ln0 = specinterface void @_ssdm_op_SpecInterface, i32 %scalar_partition_stream, void @empty_0, i32 0, i32 0, void @empty, i32 0, i32 0, void @empty, void @empty, void @empty, i32 0, i32 0, i32 0, i32 0, void @empty, void @empty, i32 4294967295, i32 0, i32 0"   --->   Operation 7 'specinterface' 'specinterface_ln0' <Predicate = true> <Delay = 0.00>
ST_1 : Operation 8 [1/1] (0.00ns)   --->   "%scalar_read = read i256 @_ssdm_op_Read.ap_auto.i256, i256 %scalar"   --->   Operation 8 'read' 'scalar_read' <Predicate = true> <Delay = 0.00>
ST_1 : Operation 9 [1/1] (0.42ns)   --->   "%store_ln452 = store i5 0, i5 %i" [../src/msm.cpp:452->../src/msm.cpp:522]   --->   Operation 9 'store' 'store_ln452' <Predicate = true> <Delay = 0.42>
ST_1 : Operation 10 [1/1] (0.00ns)   --->   "%br_ln0 = br void %for.inc.i"   --->   Operation 10 'br' 'br_ln0' <Predicate = true> <Delay = 0.00>
ST_1 : Operation 11 [1/1] (0.00ns)   --->   "%i_1 = load i5 %i" [../src/msm.cpp:455->../src/msm.cpp:522]   --->   Operation 11 'load' 'i_1' <Predicate = true> <Delay = 0.00>
ST_1 : Operation 12 [1/1] (0.78ns)   --->   "%icmp_ln452 = icmp_eq  i5 %i_1, i5 25" [../src/msm.cpp:452->../src/msm.cpp:522]   --->   Operation 12 'icmp' 'icmp_ln452' <Predicate = true> <Delay = 0.78> <CoreInst = "Cmp">   --->   Core 9 'Cmp' <Latency = 0> <II = 1> <Delay = 0.78> <FuncUnit> <Opcode : 'seteq' 'setne' 'setle' 'setge' 'setlt' 'setgt'> <InPorts = 2> <OutPorts = 1>
ST_1 : Operation 13 [1/1] (0.78ns)   --->   "%i_2 = add i5 %i_1, i5 1" [../src/msm.cpp:455->../src/msm.cpp:522]   --->   Operation 13 'add' 'i_2' <Predicate = true> <Delay = 0.78> <CoreInst = "Adder">   --->   Core 1 'Adder' <Latency = 0> <II = 1> <Delay = 0.78> <FuncUnit> <Opcode : 'add' 'sub'> <InPorts = 2> <OutPorts = 1>
ST_1 : Operation 14 [1/1] (0.00ns)   --->   "%br_ln452 = br i1 %icmp_ln452, void %for.inc.i.split, void %_Z16partition_scalarRN3hls6streamI7ap_uintILi256EELi0EEERNS0_IiLi0EEE.exit.exitStub" [../src/msm.cpp:452->../src/msm.cpp:522]   --->   Operation 14 'br' 'br_ln452' <Predicate = true> <Delay = 0.00>
ST_1 : Operation 15 [1/1] (0.00ns)   --->   "%p_shl = bitconcatenate i8 @_ssdm_op_BitConcatenate.i8.i5.i3, i5 %i_2, i3 0" [../src/msm.cpp:455->../src/msm.cpp:522]   --->   Operation 15 'bitconcatenate' 'p_shl' <Predicate = (!icmp_ln452)> <Delay = 0.00>
ST_1 : Operation 16 [1/1] (0.00ns)   --->   "%tmp = bitconcatenate i6 @_ssdm_op_BitConcatenate.i6.i5.i1, i5 %i_2, i1 0" [../src/msm.cpp:455->../src/msm.cpp:522]   --->   Operation 16 'bitconcatenate' 'tmp' <Predicate = (!icmp_ln452)> <Delay = 0.00>
ST_1 : Operation 17 [1/1] (0.00ns)   --->   "%zext_ln455 = zext i6 %tmp" [../src/msm.cpp:455->../src/msm.cpp:522]   --->   Operation 17 'zext' 'zext_ln455' <Predicate = (!icmp_ln452)> <Delay = 0.00>
ST_1 : Operation 18 [1/1] (0.00ns) (grouped into TernaryAdder)   --->   "%add_ln455_2 = add i8 %p_shl, i8 %zext_ln455" [../src/msm.cpp:455->../src/msm.cpp:522]   --->   Operation 18 'add' 'add_ln455_2' <Predicate = (!icmp_ln452)> <Delay = 0.00> <CoreInst = "TAddSub">   --->   Core 10 'TAddSub' <Latency = 0> <II = 1> <Delay = 0.52> <IPBlock> <Opcode : '' 'add' 'sub'> <InPorts = 3> <OutPorts = 1> <Sync> <CReg>
ST_1 : Operation 19 [1/1] (1.05ns) (root node of TernaryAdder)   --->   "%add_ln455_1 = add i8 %add_ln455_2, i8 255" [../src/msm.cpp:455->../src/msm.cpp:522]   --->   Operation 19 'add' 'add_ln455_1' <Predicate = (!icmp_ln452)> <Delay = 1.05> <CoreInst = "TAddSub">   --->   Core 10 'TAddSub' <Latency = 0> <II = 1> <Delay = 0.52> <IPBlock> <Opcode : '' 'add' 'sub'> <InPorts = 3> <OutPorts = 1> <Sync> <CReg>
ST_1 : Operation 20 [1/1] (0.00ns)   --->   "%tmp_1 = bitconcatenate i8 @_ssdm_op_BitConcatenate.i8.i5.i3, i5 %i_1, i3 0" [../src/msm.cpp:455->../src/msm.cpp:522]   --->   Operation 20 'bitconcatenate' 'tmp_1' <Predicate = (!icmp_ln452)> <Delay = 0.00>
ST_1 : Operation 21 [1/1] (0.00ns)   --->   "%tmp_2 = bitconcatenate i6 @_ssdm_op_BitConcatenate.i6.i5.i1, i5 %i_1, i1 0" [../src/msm.cpp:455->../src/msm.cpp:522]   --->   Operation 21 'bitconcatenate' 'tmp_2' <Predicate = (!icmp_ln452)> <Delay = 0.00>
ST_1 : Operation 22 [1/1] (0.00ns)   --->   "%zext_ln455_1 = zext i6 %tmp_2" [../src/msm.cpp:455->../src/msm.cpp:522]   --->   Operation 22 'zext' 'zext_ln455_1' <Predicate = (!icmp_ln452)> <Delay = 0.00>
ST_1 : Operation 23 [1/1] (0.76ns)   --->   "%add_ln455_3 = add i8 %tmp_1, i8 %zext_ln455_1" [../src/msm.cpp:455->../src/msm.cpp:522]   --->   Operation 23 'add' 'add_ln455_3' <Predicate = (!icmp_ln452)> <Delay = 0.76> <CoreInst = "Adder">   --->   Core 1 'Adder' <Latency = 0> <II = 1> <Delay = 0.76> <FuncUnit> <Opcode : 'add' 'sub'> <InPorts = 2> <OutPorts = 1>
ST_1 : Operation 24 [1/1] (0.42ns)   --->   "%store_ln452 = store i5 %i_2, i5 %i" [../src/msm.cpp:452->../src/msm.cpp:522]   --->   Operation 24 'store' 'store_ln452' <Predicate = (!icmp_ln452)> <Delay = 0.42>

State 2 <SV = 1> <Delay = 2.64>
ST_2 : Operation 25 [1/1] (0.76ns)   --->   "%icmp_ln455 = icmp_ugt  i8 %add_ln455_3, i8 %add_ln455_1" [../src/msm.cpp:455->../src/msm.cpp:522]   --->   Operation 25 'icmp' 'icmp_ln455' <Predicate = true> <Delay = 0.76> <CoreInst = "Cmp">   --->   Core 9 'Cmp' <Latency = 0> <II = 1> <Delay = 0.76> <FuncUnit> <Opcode : 'seteq' 'setne' 'setle' 'setge' 'setlt' 'setgt'> <InPorts = 2> <OutPorts = 1>
ST_2 : Operation 26 [1/1] (0.00ns) (grouped into LUT with out node lshr_ln455)   --->   "%tmp_3 = partselect i256 @llvm.part.select.i256, i256 %scalar_read, i32 255, i32 0" [../src/msm.cpp:455->../src/msm.cpp:522]   --->   Operation 26 'partselect' 'tmp_3' <Predicate = true> <Delay = 0.00>
ST_2 : Operation 27 [1/1] (0.76ns)   --->   "%sub_ln455 = sub i8 %add_ln455_3, i8 %add_ln455_1" [../src/msm.cpp:455->../src/msm.cpp:522]   --->   Operation 27 'sub' 'sub_ln455' <Predicate = true> <Delay = 0.76> <CoreInst = "Adder">   --->   Core 1 'Adder' <Latency = 0> <II = 1> <Delay = 0.76> <FuncUnit> <Opcode : 'add' 'sub'> <InPorts = 2> <OutPorts = 1>
ST_2 : Operation 28 [1/1] (0.00ns) (grouped into LUT with out node lshr_ln455)   --->   "%xor_ln455 = xor i8 %add_ln455_3, i8 255" [../src/msm.cpp:455->../src/msm.cpp:522]   --->   Operation 28 'xor' 'xor_ln455' <Predicate = true> <Delay = 0.00> <CoreInst = "LogicGate">   --->   Core 74 'LogicGate' <Latency = 0> <II = 1> <Delay = 0.33> <FuncUnit> <Opcode : 'and' 'or' 'xor'> <InPorts = 2> <OutPorts = 1>
ST_2 : Operation 29 [1/1] (0.76ns)   --->   "%sub_ln455_1 = sub i8 %add_ln455_1, i8 %add_ln455_3" [../src/msm.cpp:455->../src/msm.cpp:522]   --->   Operation 29 'sub' 'sub_ln455_1' <Predicate = true> <Delay = 0.76> <CoreInst = "Adder">   --->   Core 1 'Adder' <Latency = 0> <II = 1> <Delay = 0.76> <FuncUnit> <Opcode : 'add' 'sub'> <InPorts = 2> <OutPorts = 1>
ST_2 : Operation 30 [1/1] (0.00ns) (grouped into LUT with out node lshr_ln455_1)   --->   "%select_ln455 = select i1 %icmp_ln455, i8 %sub_ln455, i8 %sub_ln455_1" [../src/msm.cpp:455->../src/msm.cpp:522]   --->   Operation 30 'select' 'select_ln455' <Predicate = true> <Delay = 0.00> <CoreInst = "Sel">   --->   Core 73 'Sel' <Latency = 0> <II = 1> <Delay = 0.39> <FuncUnit> <Opcode : 'select'> <InPorts = 3> <OutPorts = 1>
ST_2 : Operation 31 [1/1] (0.00ns) (grouped into LUT with out node lshr_ln455)   --->   "%select_ln455_1 = select i1 %icmp_ln455, i256 %tmp_3, i256 %scalar_read" [../src/msm.cpp:455->../src/msm.cpp:522]   --->   Operation 31 'select' 'select_ln455_1' <Predicate = true> <Delay = 0.00> <CoreInst = "Sel">   --->   Core 73 'Sel' <Latency = 0> <II = 1> <Delay = 0.51> <FuncUnit> <Opcode : 'select'> <InPorts = 3> <OutPorts = 1>
ST_2 : Operation 32 [1/1] (0.00ns) (grouped into LUT with out node lshr_ln455)   --->   "%select_ln455_2 = select i1 %icmp_ln455, i8 %xor_ln455, i8 %add_ln455_3" [../src/msm.cpp:455->../src/msm.cpp:522]   --->   Operation 32 'select' 'select_ln455_2' <Predicate = true> <Delay = 0.00> <CoreInst = "Sel">   --->   Core 73 'Sel' <Latency = 0> <II = 1> <Delay = 0.39> <FuncUnit> <Opcode : 'select'> <InPorts = 3> <OutPorts = 1>
ST_2 : Operation 33 [1/1] (0.00ns) (grouped into LUT with out node lshr_ln455_1)   --->   "%xor_ln455_1 = xor i8 %select_ln455, i8 255" [../src/msm.cpp:455->../src/msm.cpp:522]   --->   Operation 33 'xor' 'xor_ln455_1' <Predicate = true> <Delay = 0.00> <CoreInst = "LogicGate">   --->   Core 74 'LogicGate' <Latency = 0> <II = 1> <Delay = 0.33> <FuncUnit> <Opcode : 'and' 'or' 'xor'> <InPorts = 2> <OutPorts = 1>
ST_2 : Operation 34 [1/1] (0.00ns) (grouped into LUT with out node lshr_ln455)   --->   "%zext_ln455_2 = zext i8 %select_ln455_2" [../src/msm.cpp:455->../src/msm.cpp:522]   --->   Operation 34 'zext' 'zext_ln455_2' <Predicate = true> <Delay = 0.00>
ST_2 : Operation 35 [1/1] (0.00ns) (grouped into LUT with out node lshr_ln455_1)   --->   "%zext_ln455_3 = zext i8 %xor_ln455_1" [../src/msm.cpp:455->../src/msm.cpp:522]   --->   Operation 35 'zext' 'zext_ln455_3' <Predicate = true> <Delay = 0.00>
ST_2 : Operation 36 [1/1] (1.53ns) (out node of the LUT)   --->   "%lshr_ln455 = lshr i256 %select_ln455_1, i256 %zext_ln455_2" [../src/msm.cpp:455->../src/msm.cpp:522]   --->   Operation 36 'lshr' 'lshr_ln455' <Predicate = true> <Delay = 1.53> <CoreInst = "Shifter">   --->   Core 75 'Shifter' <Latency = 0> <II = 1> <Delay = 1.53> <FuncUnit> <Opcode : 'shl' 'lshr' 'ashr'> <InPorts = 2> <OutPorts = 1>
ST_2 : Operation 37 [1/1] (0.00ns)   --->   "%trunc_ln455 = trunc i256 %lshr_ln455" [../src/msm.cpp:455->../src/msm.cpp:522]   --->   Operation 37 'trunc' 'trunc_ln455' <Predicate = true> <Delay = 0.00>
ST_2 : Operation 38 [1/1] (0.74ns) (out node of the LUT)   --->   "%lshr_ln455_1 = lshr i256 115792089237316195423570985008687907853269984665640564039457584007913129639935, i256 %zext_ln455_3" [../src/msm.cpp:455->../src/msm.cpp:522]   --->   Operation 38 'lshr' 'lshr_ln455_1' <Predicate = true> <Delay = 0.74> <CoreInst = "Shifter">   --->   Core 75 'Shifter' <Latency = 0> <II = 1> <Delay = 0.74> <FuncUnit> <Opcode : 'shl' 'lshr' 'ashr'> <InPorts = 2> <OutPorts = 1>
ST_2 : Operation 39 [1/1] (0.00ns)   --->   "%trunc_ln455_1 = trunc i256 %lshr_ln455_1" [../src/msm.cpp:455->../src/msm.cpp:522]   --->   Operation 39 'trunc' 'trunc_ln455_1' <Predicate = true> <Delay = 0.00>
ST_2 : Operation 40 [1/1] (0.35ns)   --->   "%partition = and i32 %trunc_ln455, i32 %trunc_ln455_1" [../src/msm.cpp:455->../src/msm.cpp:522]   --->   Operation 40 'and' 'partition' <Predicate = true> <Delay = 0.35> <CoreInst = "LogicGate">   --->   Core 74 'LogicGate' <Latency = 0> <II = 1> <Delay = 0.35> <FuncUnit> <Opcode : 'and' 'or' 'xor'> <InPorts = 2> <OutPorts = 1>
ST_2 : Operation 46 [1/1] (0.42ns)   --->   "%ret_ln0 = ret"   --->   Operation 46 'ret' 'ret_ln0' <Predicate = (icmp_ln452)> <Delay = 0.42>

State 3 <SV = 2> <Delay = 1.46>
ST_3 : Operation 41 [1/1] (0.00ns)   --->   "%specpipeline_ln454 = specpipeline void @_ssdm_op_SpecPipeline, i32 1, i32 0, i32 0, i32 0, void @empty" [../src/msm.cpp:454->../src/msm.cpp:522]   --->   Operation 41 'specpipeline' 'specpipeline_ln454' <Predicate = true> <Delay = 0.00>
ST_3 : Operation 42 [1/1] (0.00ns)   --->   "%speclooptripcount_ln452 = speclooptripcount void @_ssdm_op_SpecLoopTripCount, i64 25, i64 25, i64 25" [../src/msm.cpp:452->../src/msm.cpp:522]   --->   Operation 42 'speclooptripcount' 'speclooptripcount_ln452' <Predicate = true> <Delay = 0.00>
ST_3 : Operation 43 [1/1] (0.00ns)   --->   "%specloopname_ln452 = specloopname void @_ssdm_op_SpecLoopName, void @empty_3" [../src/msm.cpp:452->../src/msm.cpp:522]   --->   Operation 43 'specloopname' 'specloopname_ln452' <Predicate = true> <Delay = 0.00>
ST_3 : Operation 44 [1/1] ( I:1.46ns O:1.46ns )   --->   "%write_ln456 = write void @_ssdm_op_Write.ap_fifo.volatile.i32P0A, i32 %scalar_partition_stream, i32 %partition" [../src/msm.cpp:456->../src/msm.cpp:522]   --->   Operation 44 'write' 'write_ln456' <Predicate = true> <Delay = 1.46> <CoreInst = "FIFO_SRL">   --->   Core 80 'FIFO_SRL' <Latency = 0> <II = 1> <Delay = 1.94> <Storage> <Opcode : 'read' 'write' 'nbread' 'nbwrite'> <Ports = 0> <Width = 32> <Depth = 20> <FIFO>
ST_3 : Operation 45 [1/1] (0.00ns)   --->   "%br_ln452 = br void %for.inc.i" [../src/msm.cpp:452->../src/msm.cpp:522]   --->   Operation 45 'br' 'br_ln452' <Predicate = true> <Delay = 0.00>


============================================================
+ Verbose Summary: Binding
============================================================
STG Binding: 
---------------- STG Properties BEGIN ----------------
- Is combinational: 0
- Is one-state seq: 0
- Is datapath-only: 0
- Is pipelined: 0
- Is top level: 0
Port [ Return ] is wired: 1; IO mode=ap_ctrl_hs:ce=0
Port [ scalar]:  wired=1; compound=0; hidden=0; nouse=0; global=0; static=0; extern=0; dir=0; type=0; pingpong=0; private_global=0; IO mode=ap_none:ce=0
Port [ scalar_partition_stream]:  wired=1; compound=1; hidden=0; nouse=0; global=0; static=0; extern=0; dir=1; type=3; pingpong=0; private_global=0; IO mode=ap_fifo:ce=0
---------------- STG Properties END ------------------

---------------- Datapath Model BEGIN ----------------

<LifeTime>
<method=bitvector/>
i                       (alloca           ) [ 0100]
specinterface_ln0       (specinterface    ) [ 0000]
scalar_read             (read             ) [ 0110]
store_ln452             (store            ) [ 0000]
br_ln0                  (br               ) [ 0000]
i_1                     (load             ) [ 0000]
icmp_ln452              (icmp             ) [ 0110]
i_2                     (add              ) [ 0000]
br_ln452                (br               ) [ 0000]
p_shl                   (bitconcatenate   ) [ 0000]
tmp                     (bitconcatenate   ) [ 0000]
zext_ln455              (zext             ) [ 0000]
add_ln455_2             (add              ) [ 0000]
add_ln455_1             (add              ) [ 0110]
tmp_1                   (bitconcatenate   ) [ 0000]
tmp_2                   (bitconcatenate   ) [ 0000]
zext_ln455_1            (zext             ) [ 0000]
add_ln455_3             (add              ) [ 0110]
store_ln452             (store            ) [ 0000]
icmp_ln455              (icmp             ) [ 0000]
tmp_3                   (partselect       ) [ 0000]
sub_ln455               (sub              ) [ 0000]
xor_ln455               (xor              ) [ 0000]
sub_ln455_1             (sub              ) [ 0000]
select_ln455            (select           ) [ 0000]
select_ln455_1          (select           ) [ 0000]
select_ln455_2          (select           ) [ 0000]
xor_ln455_1             (xor              ) [ 0000]
zext_ln455_2            (zext             ) [ 0000]
zext_ln455_3            (zext             ) [ 0000]
lshr_ln455              (lshr             ) [ 0000]
trunc_ln455             (trunc            ) [ 0000]
lshr_ln455_1            (lshr             ) [ 0000]
trunc_ln455_1           (trunc            ) [ 0000]
partition               (and              ) [ 0101]
specpipeline_ln454      (specpipeline     ) [ 0000]
speclooptripcount_ln452 (speclooptripcount) [ 0000]
specloopname_ln452      (specloopname     ) [ 0000]
write_ln456             (write            ) [ 0000]
br_ln452                (br               ) [ 0000]
ret_ln0                 (ret              ) [ 0000]
</LifeTime>

<model>

<comp_list>
<comp id="0" class="1000" name="scalar">
<pin_list>
<pin id="1" dir="1" index="0" bw="1" slack="0"/>
</pin_list>
<bind>
<StgValue><ssdm name="scalar"/></StgValue>
</bind>
</comp>

<comp id="2" class="1000" name="scalar_partition_stream">
<pin_list>
<pin id="3" dir="1" index="0" bw="1" slack="0"/>
</pin_list>
<bind>
<StgValue><ssdm name="scalar_partition_stream"/></StgValue>
</bind>
</comp>

<comp id="4" class="1001" name="const_4">
<pin_list>
<pin id="5" dir="1" index="0" bw="1" slack="0"/>
</pin_list>
<bind>
<StgValue><ssdm name=""/></StgValue>
</bind>
</comp>

<comp id="6" class="1001" name="const_6">
<pin_list>
<pin id="7" dir="1" index="0" bw="1" slack="2147483647"/>
</pin_list>
<bind>
<StgValue><ssdm name="_ssdm_op_SpecInterface"/></StgValue>
</bind>
</comp>

<comp id="8" class="1001" name="const_8">
<pin_list>
<pin id="9" dir="1" index="0" bw="1" slack="2147483647"/>
</pin_list>
<bind>
<StgValue><ssdm name="empty_0"/></StgValue>
</bind>
</comp>

<comp id="10" class="1001" name="const_10">
<pin_list>
<pin id="11" dir="1" index="0" bw="1" slack="0"/>
</pin_list>
<bind>
<StgValue><ssdm name=""/></StgValue>
</bind>
</comp>

<comp id="12" class="1001" name="const_12">
<pin_list>
<pin id="13" dir="1" index="0" bw="1" slack="2147483647"/>
</pin_list>
<bind>
<StgValue><ssdm name="empty"/></StgValue>
</bind>
</comp>

<comp id="14" class="1001" name="const_14">
<pin_list>
<pin id="15" dir="1" index="0" bw="1" slack="2147483647"/>
</pin_list>
<bind>
<StgValue><ssdm name=""/></StgValue>
</bind>
</comp>

<comp id="16" class="1001" name="const_16">
<pin_list>
<pin id="17" dir="1" index="0" bw="1" slack="0"/>
</pin_list>
<bind>
<StgValue><ssdm name="_ssdm_op_Read.ap_auto.i256"/></StgValue>
</bind>
</comp>

<comp id="18" class="1001" name="const_18">
<pin_list>
<pin id="19" dir="1" index="0" bw="1" slack="0"/>
</pin_list>
<bind>
<StgValue><ssdm name=""/></StgValue>
</bind>
</comp>

<comp id="20" class="1001" name="const_20">
<pin_list>
<pin id="21" dir="1" index="0" bw="1" slack="0"/>
</pin_list>
<bind>
<StgValue><ssdm name=""/></StgValue>
</bind>
</comp>

<comp id="22" class="1001" name="const_22">
<pin_list>
<pin id="23" dir="1" index="0" bw="1" slack="0"/>
</pin_list>
<bind>
<StgValue><ssdm name=""/></StgValue>
</bind>
</comp>

<comp id="24" class="1001" name="const_24">
<pin_list>
<pin id="25" dir="1" index="0" bw="1" slack="0"/>
</pin_list>
<bind>
<StgValue><ssdm name="_ssdm_op_BitConcatenate.i8.i5.i3"/></StgValue>
</bind>
</comp>

<comp id="26" class="1001" name="const_26">
<pin_list>
<pin id="27" dir="1" index="0" bw="1" slack="0"/>
</pin_list>
<bind>
<StgValue><ssdm name=""/></StgValue>
</bind>
</comp>

<comp id="28" class="1001" name="const_28">
<pin_list>
<pin id="29" dir="1" index="0" bw="1" slack="0"/>
</pin_list>
<bind>
<StgValue><ssdm name="_ssdm_op_BitConcatenate.i6.i5.i1"/></StgValue>
</bind>
</comp>

<comp id="30" class="1001" name="const_30">
<pin_list>
<pin id="31" dir="1" index="0" bw="1" slack="0"/>
</pin_list>
<bind>
<StgValue><ssdm name=""/></StgValue>
</bind>
</comp>

<comp id="32" class="1001" name="const_32">
<pin_list>
<pin id="33" dir="1" index="0" bw="1" slack="0"/>
</pin_list>
<bind>
<StgValue><ssdm name=""/></StgValue>
</bind>
</comp>

<comp id="34" class="1001" name="const_34">
<pin_list>
<pin id="35" dir="1" index="0" bw="1" slack="0"/>
</pin_list>
<bind>
<StgValue><ssdm name="llvm.part.select.i256"/></StgValue>
</bind>
</comp>

<comp id="36" class="1001" name="const_36">
<pin_list>
<pin id="37" dir="1" index="0" bw="1" slack="0"/>
</pin_list>
<bind>
<StgValue><ssdm name=""/></StgValue>
</bind>
</comp>

<comp id="38" class="1001" name="const_38">
<pin_list>
<pin id="39" dir="1" index="0" bw="1" slack="0"/>
</pin_list>
<bind>
<StgValue><ssdm name=""/></StgValue>
</bind>
</comp>

<comp id="40" class="1001" name="const_40">
<pin_list>
<pin id="41" dir="1" index="0" bw="1" slack="2147483647"/>
</pin_list>
<bind>
<StgValue><ssdm name="_ssdm_op_SpecPipeline"/></StgValue>
</bind>
</comp>

<comp id="42" class="1001" name="const_42">
<pin_list>
<pin id="43" dir="1" index="0" bw="1" slack="2147483647"/>
</pin_list>
<bind>
<StgValue><ssdm name="_ssdm_op_SpecLoopTripCount"/></StgValue>
</bind>
</comp>

<comp id="44" class="1001" name="const_44">
<pin_list>
<pin id="45" dir="1" index="0" bw="1" slack="2147483647"/>
</pin_list>
<bind>
<StgValue><ssdm name=""/></StgValue>
</bind>
</comp>

<comp id="46" class="1001" name="const_46">
<pin_list>
<pin id="47" dir="1" index="0" bw="1" slack="2147483647"/>
</pin_list>
<bind>
<StgValue><ssdm name="_ssdm_op_SpecLoopName"/></StgValue>
</bind>
</comp>

<comp id="48" class="1001" name="const_48">
<pin_list>
<pin id="49" dir="1" index="0" bw="1" slack="2147483647"/>
</pin_list>
<bind>
<StgValue><ssdm name="empty_3"/></StgValue>
</bind>
</comp>

<comp id="50" class="1001" name="const_50">
<pin_list>
<pin id="51" dir="1" index="0" bw="1" slack="0"/>
</pin_list>
<bind>
<StgValue><ssdm name="_ssdm_op_Write.ap_fifo.volatile.i32P0A"/></StgValue>
</bind>
</comp>

<comp id="52" class="1004" name="i_fu_52">
<pin_list>
<pin id="53" dir="0" index="0" bw="1" slack="0"/>
<pin id="54" dir="1" index="1" bw="5" slack="0"/>
</pin_list>
<bind>
<opcode="alloca(26) " fcode="alloca"/>
<opset="i/1 "/>
</bind>
</comp>

<comp id="56" class="1004" name="scalar_read_read_fu_56">
<pin_list>
<pin id="57" dir="0" index="0" bw="256" slack="0"/>
<pin id="58" dir="0" index="1" bw="256" slack="0"/>
<pin id="59" dir="1" index="2" bw="256" slack="1"/>
</pin_list>
<bind>
<opcode="read(1150) " fcode="read"/>
<opset="scalar_read/1 "/>
</bind>
</comp>

<comp id="62" class="1004" name="write_ln456_write_fu_62">
<pin_list>
<pin id="63" dir="0" index="0" bw="0" slack="0"/>
<pin id="64" dir="0" index="1" bw="32" slack="0"/>
<pin id="65" dir="0" index="2" bw="32" slack="1"/>
<pin id="66" dir="1" index="3" bw="0" slack="2147483647"/>
</pin_list>
<bind>
<opcode="write(1151) " fcode="write"/>
<opset="write_ln456/3 "/>
</bind>
</comp>

<comp id="69" class="1004" name="store_ln452_store_fu_69">
<pin_list>
<pin id="70" dir="0" index="0" bw="1" slack="0"/>
<pin id="71" dir="0" index="1" bw="5" slack="0"/>
<pin id="72" dir="1" index="2" bw="0" slack="2147483647"/>
</pin_list>
<bind>
<opcode="store(28) " fcode="store"/>
<opset="store_ln452/1 "/>
</bind>
</comp>

<comp id="74" class="1004" name="i_1_load_fu_74">
<pin_list>
<pin id="75" dir="0" index="0" bw="5" slack="0"/>
<pin id="76" dir="1" index="1" bw="5" slack="0"/>
</pin_list>
<bind>
<opcode="load(27) " fcode="load"/>
<opset="i_1/1 "/>
</bind>
</comp>

<comp id="77" class="1004" name="icmp_ln452_fu_77">
<pin_list>
<pin id="78" dir="0" index="0" bw="5" slack="0"/>
<pin id="79" dir="0" index="1" bw="4" slack="0"/>
<pin id="80" dir="1" index="2" bw="1" slack="1"/>
</pin_list>
<bind>
<opcode="icmp(45) " fcode="icmp"/>
<opset="icmp_ln452/1 "/>
</bind>
</comp>

<comp id="83" class="1004" name="i_2_fu_83">
<pin_list>
<pin id="84" dir="0" index="0" bw="5" slack="0"/>
<pin id="85" dir="0" index="1" bw="1" slack="0"/>
<pin id="86" dir="1" index="2" bw="5" slack="0"/>
</pin_list>
<bind>
<opcode="add(8) " fcode="add"/>
<opset="i_2/1 "/>
</bind>
</comp>

<comp id="89" class="1004" name="p_shl_fu_89">
<pin_list>
<pin id="90" dir="0" index="0" bw="8" slack="0"/>
<pin id="91" dir="0" index="1" bw="5" slack="0"/>
<pin id="92" dir="0" index="2" bw="1" slack="0"/>
<pin id="93" dir="1" index="3" bw="8" slack="0"/>
</pin_list>
<bind>
<opcode="bitconcatenate(1004) " fcode="bitconcatenate"/>
<opset="p_shl/1 "/>
</bind>
</comp>

<comp id="97" class="1004" name="tmp_fu_97">
<pin_list>
<pin id="98" dir="0" index="0" bw="6" slack="0"/>
<pin id="99" dir="0" index="1" bw="5" slack="0"/>
<pin id="100" dir="0" index="2" bw="1" slack="0"/>
<pin id="101" dir="1" index="3" bw="6" slack="0"/>
</pin_list>
<bind>
<opcode="bitconcatenate(1004) " fcode="bitconcatenate"/>
<opset="tmp/1 "/>
</bind>
</comp>

<comp id="105" class="1004" name="zext_ln455_fu_105">
<pin_list>
<pin id="106" dir="0" index="0" bw="6" slack="0"/>
<pin id="107" dir="1" index="1" bw="8" slack="0"/>
</pin_list>
<bind>
<opcode="zext(34) " fcode="zext"/>
<opset="zext_ln455/1 "/>
</bind>
</comp>

<comp id="109" class="1004" name="add_ln455_2_fu_109">
<pin_list>
<pin id="110" dir="0" index="0" bw="8" slack="0"/>
<pin id="111" dir="0" index="1" bw="6" slack="0"/>
<pin id="112" dir="1" index="2" bw="8" slack="0"/>
</pin_list>
<bind>
<opcode="add(8) " fcode="add"/>
<opset="add_ln455_2/1 "/>
</bind>
</comp>

<comp id="115" class="1004" name="add_ln455_1_fu_115">
<pin_list>
<pin id="116" dir="0" index="0" bw="8" slack="0"/>
<pin id="117" dir="0" index="1" bw="1" slack="0"/>
<pin id="118" dir="1" index="2" bw="8" slack="1"/>
</pin_list>
<bind>
<opcode="add(8) " fcode="add"/>
<opset="add_ln455_1/1 "/>
</bind>
</comp>

<comp id="121" class="1004" name="tmp_1_fu_121">
<pin_list>
<pin id="122" dir="0" index="0" bw="8" slack="0"/>
<pin id="123" dir="0" index="1" bw="5" slack="0"/>
<pin id="124" dir="0" index="2" bw="1" slack="0"/>
<pin id="125" dir="1" index="3" bw="8" slack="0"/>
</pin_list>
<bind>
<opcode="bitconcatenate(1004) " fcode="bitconcatenate"/>
<opset="tmp_1/1 "/>
</bind>
</comp>

<comp id="129" class="1004" name="tmp_2_fu_129">
<pin_list>
<pin id="130" dir="0" index="0" bw="6" slack="0"/>
<pin id="131" dir="0" index="1" bw="5" slack="0"/>
<pin id="132" dir="0" index="2" bw="1" slack="0"/>
<pin id="133" dir="1" index="3" bw="6" slack="0"/>
</pin_list>
<bind>
<opcode="bitconcatenate(1004) " fcode="bitconcatenate"/>
<opset="tmp_2/1 "/>
</bind>
</comp>

<comp id="137" class="1004" name="zext_ln455_1_fu_137">
<pin_list>
<pin id="138" dir="0" index="0" bw="6" slack="0"/>
<pin id="139" dir="1" index="1" bw="8" slack="0"/>
</pin_list>
<bind>
<opcode="zext(34) " fcode="zext"/>
<opset="zext_ln455_1/1 "/>
</bind>
</comp>

<comp id="141" class="1004" name="add_ln455_3_fu_141">
<pin_list>
<pin id="142" dir="0" index="0" bw="8" slack="0"/>
<pin id="143" dir="0" index="1" bw="6" slack="0"/>
<pin id="144" dir="1" index="2" bw="8" slack="1"/>
</pin_list>
<bind>
<opcode="add(8) " fcode="add"/>
<opset="add_ln455_3/1 "/>
</bind>
</comp>

<comp id="147" class="1004" name="store_ln452_store_fu_147">
<pin_list>
<pin id="148" dir="0" index="0" bw="5" slack="0"/>
<pin id="149" dir="0" index="1" bw="5" slack="0"/>
<pin id="150" dir="1" index="2" bw="0" slack="2147483647"/>
</pin_list>
<bind>
<opcode="store(28) " fcode="store"/>
<opset="store_ln452/1 "/>
</bind>
</comp>

<comp id="152" class="1004" name="icmp_ln455_fu_152">
<pin_list>
<pin id="153" dir="0" index="0" bw="8" slack="1"/>
<pin id="154" dir="0" index="1" bw="8" slack="1"/>
<pin id="155" dir="1" index="2" bw="1" slack="0"/>
</pin_list>
<bind>
<opcode="icmp(45) " fcode="icmp"/>
<opset="icmp_ln455/2 "/>
</bind>
</comp>

<comp id="156" class="1004" name="tmp_3_fu_156">
<pin_list>
<pin id="157" dir="0" index="0" bw="256" slack="0"/>
<pin id="158" dir="0" index="1" bw="256" slack="1"/>
<pin id="159" dir="0" index="2" bw="9" slack="0"/>
<pin id="160" dir="0" index="3" bw="1" slack="0"/>
<pin id="161" dir="1" index="4" bw="256" slack="0"/>
</pin_list>
<bind>
<opcode="partselect(1002) " fcode="partselect"/>
<opset="tmp_3/2 "/>
</bind>
</comp>

<comp id="165" class="1004" name="sub_ln455_fu_165">
<pin_list>
<pin id="166" dir="0" index="0" bw="8" slack="1"/>
<pin id="167" dir="0" index="1" bw="8" slack="1"/>
<pin id="168" dir="1" index="2" bw="8" slack="0"/>
</pin_list>
<bind>
<opcode="sub(10) " fcode="sub"/>
<opset="sub_ln455/2 "/>
</bind>
</comp>

<comp id="169" class="1004" name="xor_ln455_fu_169">
<pin_list>
<pin id="170" dir="0" index="0" bw="8" slack="1"/>
<pin id="171" dir="0" index="1" bw="1" slack="0"/>
<pin id="172" dir="1" index="2" bw="8" slack="0"/>
</pin_list>
<bind>
<opcode="xor(25) " fcode="xor"/>
<opset="xor_ln455/2 "/>
</bind>
</comp>

<comp id="174" class="1004" name="sub_ln455_1_fu_174">
<pin_list>
<pin id="175" dir="0" index="0" bw="8" slack="1"/>
<pin id="176" dir="0" index="1" bw="8" slack="1"/>
<pin id="177" dir="1" index="2" bw="8" slack="0"/>
</pin_list>
<bind>
<opcode="sub(10) " fcode="sub"/>
<opset="sub_ln455_1/2 "/>
</bind>
</comp>

<comp id="178" class="1004" name="select_ln455_fu_178">
<pin_list>
<pin id="179" dir="0" index="0" bw="1" slack="0"/>
<pin id="180" dir="0" index="1" bw="8" slack="0"/>
<pin id="181" dir="0" index="2" bw="8" slack="0"/>
<pin id="182" dir="1" index="3" bw="8" slack="0"/>
</pin_list>
<bind>
<opcode="select(49) " fcode="select"/>
<opset="select_ln455/2 "/>
</bind>
</comp>

<comp id="186" class="1004" name="select_ln455_1_fu_186">
<pin_list>
<pin id="187" dir="0" index="0" bw="1" slack="0"/>
<pin id="188" dir="0" index="1" bw="256" slack="0"/>
<pin id="189" dir="0" index="2" bw="256" slack="1"/>
<pin id="190" dir="1" index="3" bw="256" slack="0"/>
</pin_list>
<bind>
<opcode="select(49) " fcode="select"/>
<opset="select_ln455_1/2 "/>
</bind>
</comp>

<comp id="193" class="1004" name="select_ln455_2_fu_193">
<pin_list>
<pin id="194" dir="0" index="0" bw="1" slack="0"/>
<pin id="195" dir="0" index="1" bw="8" slack="0"/>
<pin id="196" dir="0" index="2" bw="8" slack="1"/>
<pin id="197" dir="1" index="3" bw="8" slack="0"/>
</pin_list>
<bind>
<opcode="select(49) " fcode="select"/>
<opset="select_ln455_2/2 "/>
</bind>
</comp>

<comp id="200" class="1004" name="xor_ln455_1_fu_200">
<pin_list>
<pin id="201" dir="0" index="0" bw="8" slack="0"/>
<pin id="202" dir="0" index="1" bw="1" slack="0"/>
<pin id="203" dir="1" index="2" bw="8" slack="0"/>
</pin_list>
<bind>
<opcode="xor(25) " fcode="xor"/>
<opset="xor_ln455_1/2 "/>
</bind>
</comp>

<comp id="206" class="1004" name="zext_ln455_2_fu_206">
<pin_list>
<pin id="207" dir="0" index="0" bw="8" slack="0"/>
<pin id="208" dir="1" index="1" bw="256" slack="0"/>
</pin_list>
<bind>
<opcode="zext(34) " fcode="zext"/>
<opset="zext_ln455_2/2 "/>
</bind>
</comp>

<comp id="210" class="1004" name="zext_ln455_3_fu_210">
<pin_list>
<pin id="211" dir="0" index="0" bw="8" slack="0"/>
<pin id="212" dir="1" index="1" bw="256" slack="0"/>
</pin_list>
<bind>
<opcode="zext(34) " fcode="zext"/>
<opset="zext_ln455_3/2 "/>
</bind>
</comp>

<comp id="214" class="1004" name="lshr_ln455_fu_214">
<pin_list>
<pin id="215" dir="0" index="0" bw="256" slack="0"/>
<pin id="216" dir="0" index="1" bw="8" slack="0"/>
<pin id="217" dir="1" index="2" bw="256" slack="0"/>
</pin_list>
<bind>
<opcode="lshr(21) " fcode="lshr"/>
<opset="lshr_ln455/2 "/>
</bind>
</comp>

<comp id="220" class="1004" name="trunc_ln455_fu_220">
<pin_list>
<pin id="221" dir="0" index="0" bw="256" slack="0"/>
<pin id="222" dir="1" index="1" bw="32" slack="0"/>
</pin_list>
<bind>
<opcode="trunc(33) " fcode="trunc"/>
<opset="trunc_ln455/2 "/>
</bind>
</comp>

<comp id="224" class="1004" name="lshr_ln455_1_fu_224">
<pin_list>
<pin id="225" dir="0" index="0" bw="1" slack="0"/>
<pin id="226" dir="0" index="1" bw="8" slack="0"/>
<pin id="227" dir="1" index="2" bw="256" slack="0"/>
</pin_list>
<bind>
<opcode="lshr(21) " fcode="lshr"/>
<opset="lshr_ln455_1/2 "/>
</bind>
</comp>

<comp id="230" class="1004" name="trunc_ln455_1_fu_230">
<pin_list>
<pin id="231" dir="0" index="0" bw="256" slack="0"/>
<pin id="232" dir="1" index="1" bw="32" slack="0"/>
</pin_list>
<bind>
<opcode="trunc(33) " fcode="trunc"/>
<opset="trunc_ln455_1/2 "/>
</bind>
</comp>

<comp id="234" class="1004" name="partition_fu_234">
<pin_list>
<pin id="235" dir="0" index="0" bw="32" slack="0"/>
<pin id="236" dir="0" index="1" bw="32" slack="0"/>
<pin id="237" dir="1" index="2" bw="32" slack="1"/>
</pin_list>
<bind>
<opcode="and(23) " fcode="and"/>
<opset="partition/2 "/>
</bind>
</comp>

<comp id="240" class="1005" name="i_reg_240">
<pin_list>
<pin id="241" dir="0" index="0" bw="5" slack="0"/>
<pin id="242" dir="1" index="1" bw="5" slack="0"/>
</pin_list>
<bind>
<opset="i "/>
</bind>
</comp>

<comp id="247" class="1005" name="scalar_read_reg_247">
<pin_list>
<pin id="248" dir="0" index="0" bw="256" slack="1"/>
<pin id="249" dir="1" index="1" bw="256" slack="1"/>
</pin_list>
<bind>
<opset="scalar_read "/>
</bind>
</comp>

<comp id="253" class="1005" name="icmp_ln452_reg_253">
<pin_list>
<pin id="254" dir="0" index="0" bw="1" slack="1"/>
<pin id="255" dir="1" index="1" bw="1" slack="2147483647"/>
</pin_list>
<bind>
<opset="icmp_ln452 "/>
</bind>
</comp>

<comp id="257" class="1005" name="add_ln455_1_reg_257">
<pin_list>
<pin id="258" dir="0" index="0" bw="8" slack="1"/>
<pin id="259" dir="1" index="1" bw="8" slack="1"/>
</pin_list>
<bind>
<opset="add_ln455_1 "/>
</bind>
</comp>

<comp id="264" class="1005" name="add_ln455_3_reg_264">
<pin_list>
<pin id="265" dir="0" index="0" bw="8" slack="1"/>
<pin id="266" dir="1" index="1" bw="8" slack="1"/>
</pin_list>
<bind>
<opset="add_ln455_3 "/>
</bind>
</comp>

<comp id="273" class="1005" name="partition_reg_273">
<pin_list>
<pin id="274" dir="0" index="0" bw="32" slack="1"/>
<pin id="275" dir="1" index="1" bw="32" slack="1"/>
</pin_list>
<bind>
<opset="partition "/>
</bind>
</comp>

</comp_list>

<net_list>
<net id="55"><net_src comp="4" pin="0"/><net_sink comp="52" pin=0"/></net>

<net id="60"><net_src comp="16" pin="0"/><net_sink comp="56" pin=0"/></net>

<net id="61"><net_src comp="0" pin="0"/><net_sink comp="56" pin=1"/></net>

<net id="67"><net_src comp="50" pin="0"/><net_sink comp="62" pin=0"/></net>

<net id="68"><net_src comp="2" pin="0"/><net_sink comp="62" pin=1"/></net>

<net id="73"><net_src comp="18" pin="0"/><net_sink comp="69" pin=0"/></net>

<net id="81"><net_src comp="74" pin="1"/><net_sink comp="77" pin=0"/></net>

<net id="82"><net_src comp="20" pin="0"/><net_sink comp="77" pin=1"/></net>

<net id="87"><net_src comp="74" pin="1"/><net_sink comp="83" pin=0"/></net>

<net id="88"><net_src comp="22" pin="0"/><net_sink comp="83" pin=1"/></net>

<net id="94"><net_src comp="24" pin="0"/><net_sink comp="89" pin=0"/></net>

<net id="95"><net_src comp="83" pin="2"/><net_sink comp="89" pin=1"/></net>

<net id="96"><net_src comp="26" pin="0"/><net_sink comp="89" pin=2"/></net>

<net id="102"><net_src comp="28" pin="0"/><net_sink comp="97" pin=0"/></net>

<net id="103"><net_src comp="83" pin="2"/><net_sink comp="97" pin=1"/></net>

<net id="104"><net_src comp="30" pin="0"/><net_sink comp="97" pin=2"/></net>

<net id="108"><net_src comp="97" pin="3"/><net_sink comp="105" pin=0"/></net>

<net id="113"><net_src comp="89" pin="3"/><net_sink comp="109" pin=0"/></net>

<net id="114"><net_src comp="105" pin="1"/><net_sink comp="109" pin=1"/></net>

<net id="119"><net_src comp="109" pin="2"/><net_sink comp="115" pin=0"/></net>

<net id="120"><net_src comp="32" pin="0"/><net_sink comp="115" pin=1"/></net>

<net id="126"><net_src comp="24" pin="0"/><net_sink comp="121" pin=0"/></net>

<net id="127"><net_src comp="74" pin="1"/><net_sink comp="121" pin=1"/></net>

<net id="128"><net_src comp="26" pin="0"/><net_sink comp="121" pin=2"/></net>

<net id="134"><net_src comp="28" pin="0"/><net_sink comp="129" pin=0"/></net>

<net id="135"><net_src comp="74" pin="1"/><net_sink comp="129" pin=1"/></net>

<net id="136"><net_src comp="30" pin="0"/><net_sink comp="129" pin=2"/></net>

<net id="140"><net_src comp="129" pin="3"/><net_sink comp="137" pin=0"/></net>

<net id="145"><net_src comp="121" pin="3"/><net_sink comp="141" pin=0"/></net>

<net id="146"><net_src comp="137" pin="1"/><net_sink comp="141" pin=1"/></net>

<net id="151"><net_src comp="83" pin="2"/><net_sink comp="147" pin=0"/></net>

<net id="162"><net_src comp="34" pin="0"/><net_sink comp="156" pin=0"/></net>

<net id="163"><net_src comp="36" pin="0"/><net_sink comp="156" pin=2"/></net>

<net id="164"><net_src comp="10" pin="0"/><net_sink comp="156" pin=3"/></net>

<net id="173"><net_src comp="32" pin="0"/><net_sink comp="169" pin=1"/></net>

<net id="183"><net_src comp="152" pin="2"/><net_sink comp="178" pin=0"/></net>

<net id="184"><net_src comp="165" pin="2"/><net_sink comp="178" pin=1"/></net>

<net id="185"><net_src comp="174" pin="2"/><net_sink comp="178" pin=2"/></net>

<net id="191"><net_src comp="152" pin="2"/><net_sink comp="186" pin=0"/></net>

<net id="192"><net_src comp="156" pin="4"/><net_sink comp="186" pin=1"/></net>

<net id="198"><net_src comp="152" pin="2"/><net_sink comp="193" pin=0"/></net>

<net id="199"><net_src comp="169" pin="2"/><net_sink comp="193" pin=1"/></net>

<net id="204"><net_src comp="178" pin="3"/><net_sink comp="200" pin=0"/></net>

<net id="205"><net_src comp="32" pin="0"/><net_sink comp="200" pin=1"/></net>

<net id="209"><net_src comp="193" pin="3"/><net_sink comp="206" pin=0"/></net>

<net id="213"><net_src comp="200" pin="2"/><net_sink comp="210" pin=0"/></net>

<net id="218"><net_src comp="186" pin="3"/><net_sink comp="214" pin=0"/></net>

<net id="219"><net_src comp="206" pin="1"/><net_sink comp="214" pin=1"/></net>

<net id="223"><net_src comp="214" pin="2"/><net_sink comp="220" pin=0"/></net>

<net id="228"><net_src comp="38" pin="0"/><net_sink comp="224" pin=0"/></net>

<net id="229"><net_src comp="210" pin="1"/><net_sink comp="224" pin=1"/></net>

<net id="233"><net_src comp="224" pin="2"/><net_sink comp="230" pin=0"/></net>

<net id="238"><net_src comp="220" pin="1"/><net_sink comp="234" pin=0"/></net>

<net id="239"><net_src comp="230" pin="1"/><net_sink comp="234" pin=1"/></net>

<net id="243"><net_src comp="52" pin="1"/><net_sink comp="240" pin=0"/></net>

<net id="244"><net_src comp="240" pin="1"/><net_sink comp="69" pin=1"/></net>

<net id="245"><net_src comp="240" pin="1"/><net_sink comp="74" pin=0"/></net>

<net id="246"><net_src comp="240" pin="1"/><net_sink comp="147" pin=1"/></net>

<net id="250"><net_src comp="56" pin="2"/><net_sink comp="247" pin=0"/></net>

<net id="251"><net_src comp="247" pin="1"/><net_sink comp="156" pin=1"/></net>

<net id="252"><net_src comp="247" pin="1"/><net_sink comp="186" pin=2"/></net>

<net id="256"><net_src comp="77" pin="2"/><net_sink comp="253" pin=0"/></net>

<net id="260"><net_src comp="115" pin="2"/><net_sink comp="257" pin=0"/></net>

<net id="261"><net_src comp="257" pin="1"/><net_sink comp="152" pin=1"/></net>

<net id="262"><net_src comp="257" pin="1"/><net_sink comp="165" pin=1"/></net>

<net id="263"><net_src comp="257" pin="1"/><net_sink comp="174" pin=0"/></net>

<net id="267"><net_src comp="141" pin="2"/><net_sink comp="264" pin=0"/></net>

<net id="268"><net_src comp="264" pin="1"/><net_sink comp="152" pin=0"/></net>

<net id="269"><net_src comp="264" pin="1"/><net_sink comp="165" pin=0"/></net>

<net id="270"><net_src comp="264" pin="1"/><net_sink comp="169" pin=0"/></net>

<net id="271"><net_src comp="264" pin="1"/><net_sink comp="174" pin=1"/></net>

<net id="272"><net_src comp="264" pin="1"/><net_sink comp="193" pin=2"/></net>

<net id="276"><net_src comp="234" pin="2"/><net_sink comp="273" pin=0"/></net>

<net id="277"><net_src comp="273" pin="1"/><net_sink comp="62" pin=2"/></net>

</net_list>

</model> 
---------------- Datapath Model END ------------------

* FSMD analyzer results:
  - Output states:
	Port: scalar_partition_stream | {3 }
 - Input state : 
	Port: process_points_Pipeline_PARTITION_SCALAR : scalar | {1 }
  - Chain level:
	State 1
		store_ln452 : 1
		i_1 : 1
		icmp_ln452 : 2
		i_2 : 2
		br_ln452 : 3
		p_shl : 3
		tmp : 3
		zext_ln455 : 4
		add_ln455_2 : 5
		add_ln455_1 : 6
		tmp_1 : 2
		tmp_2 : 2
		zext_ln455_1 : 3
		add_ln455_3 : 4
		store_ln452 : 3
	State 2
		select_ln455 : 1
		select_ln455_1 : 1
		xor_ln455_1 : 2
		zext_ln455_2 : 1
		zext_ln455_3 : 2
		lshr_ln455 : 2
		trunc_ln455 : 3
		lshr_ln455_1 : 3
		trunc_ln455_1 : 4
		partition : 5
	State 3


============================================================
+ Verbose Summary: Datapath Resource usage 
============================================================

* Functional unit list:
|----------|-------------------------|---------|---------|
| Operation|     Functional Unit     |    FF   |   LUT   |
|----------|-------------------------|---------|---------|
|   lshr   |    lshr_ln455_fu_214    |    0    |   950   |
|          |   lshr_ln455_1_fu_224   |    0    |    16   |
|----------|-------------------------|---------|---------|
|          |   select_ln455_fu_178   |    0    |    8    |
|  select  |  select_ln455_1_fu_186  |    0    |   208   |
|          |  select_ln455_2_fu_193  |    0    |    8    |
|----------|-------------------------|---------|---------|
|          |        i_2_fu_83        |    0    |    12   |
|    add   |    add_ln455_2_fu_109   |    0    |    19   |
|          |    add_ln455_1_fu_115   |    0    |    19   |
|          |    add_ln455_3_fu_141   |    0    |    15   |
|----------|-------------------------|---------|---------|
|    and   |     partition_fu_234    |    0    |    32   |
|----------|-------------------------|---------|---------|
|    sub   |     sub_ln455_fu_165    |    0    |    15   |
|          |    sub_ln455_1_fu_174   |    0    |    15   |
|----------|-------------------------|---------|---------|
|   icmp   |     icmp_ln452_fu_77    |    0    |    12   |
|          |    icmp_ln455_fu_152    |    0    |    15   |
|----------|-------------------------|---------|---------|
|    xor   |     xor_ln455_fu_169    |    0    |    8    |
|          |    xor_ln455_1_fu_200   |    0    |    8    |
|----------|-------------------------|---------|---------|
|   read   |  scalar_read_read_fu_56 |    0    |    0    |
|----------|-------------------------|---------|---------|
|   write  | write_ln456_write_fu_62 |    0    |    0    |
|----------|-------------------------|---------|---------|
|          |       p_shl_fu_89       |    0    |    0    |
|bitconcatenate|        tmp_fu_97        |    0    |    0    |
|          |       tmp_1_fu_121      |    0    |    0    |
|          |       tmp_2_fu_129      |    0    |    0    |
|----------|-------------------------|---------|---------|
|          |    zext_ln455_fu_105    |    0    |    0    |
|   zext   |   zext_ln455_1_fu_137   |    0    |    0    |
|          |   zext_ln455_2_fu_206   |    0    |    0    |
|          |   zext_ln455_3_fu_210   |    0    |    0    |
|----------|-------------------------|---------|---------|
|partselect|       tmp_3_fu_156      |    0    |    0    |
|----------|-------------------------|---------|---------|
|   trunc  |    trunc_ln455_fu_220   |    0    |    0    |
|          |   trunc_ln455_1_fu_230  |    0    |    0    |
|----------|-------------------------|---------|---------|
|   Total  |                         |    0    |   1360  |
|----------|-------------------------|---------|---------|

Memories:
N/A

* Register list:
+-------------------+--------+
|                   |   FF   |
+-------------------+--------+
|add_ln455_1_reg_257|    8   |
|add_ln455_3_reg_264|    8   |
|     i_reg_240     |    5   |
| icmp_ln452_reg_253|    1   |
| partition_reg_273 |   32   |
|scalar_read_reg_247|   256  |
+-------------------+--------+
|       Total       |   310  |
+-------------------+--------+

* Multiplexer (MUX) list: 
|--------|------|------|------|--------|
|  Comp  |  Pin | Size |  BW  | S x BW |
|--------|------|------|------|--------|
|  Total |      |      |      |    0   |
|--------|------|------|------|--------|



* Summary:
+-----------+--------+--------+
|           |   FF   |   LUT  |
+-----------+--------+--------+
|  Function |    0   |  1360  |
|   Memory  |    -   |    -   |
|Multiplexer|    -   |    -   |
|  Register |   310  |    -   |
+-----------+--------+--------+
|   Total   |   310  |  1360  |
+-----------+--------+--------+
