

================================================================
== Vitis HLS Report for 'WriteBack'
================================================================
* Date:           Tue Apr 29 06:14:31 2025

* Version:        2024.2 (Build 5238294 on Nov  8 2024)
* Project:        msm_2
* Solution:       solution1 (Vivado IP Flow Target)
* Product family: zynquplus
* Target device:  xczu7ev-ffvc1156-2-e


================================================================
== Performance Estimates
================================================================
+ Timing: 
    * Summary: 
    +--------+---------+----------+------------+
    |  Clock |  Target | Estimated| Uncertainty|
    +--------+---------+----------+------------+
    |ap_clk  |  4.00 ns|  2.920 ns|     1.08 ns|
    +--------+---------+----------+------------+

+ Latency: 
    * Summary: 
    +---------+---------+----------+----------+-------+-------+------------------------------------------------+
    |  Latency (cycles) |  Latency (absolute) |    Interval   |                    Pipeline                    |
    |   min   |   max   |    min   |    max   |  min  |  max  |                      Type                      |
    +---------+---------+----------+----------+-------+-------+------------------------------------------------+
    |    26633|    26633|  0.107 ms|  0.107 ms|  26624|  26624|  loop auto-rewind stp (delay=0 clock cycles(s))|
    +---------+---------+----------+----------+-------+-------+------------------------------------------------+

    + Detail: 
        * Instance: 
        N/A

        * Loop: 
        +-------------------------------------+---------+---------+----------+-----------+-----------+-------+----------+
        |                                     |  Latency (cycles) | Iteration|  Initiation Interval  |  Trip |          |
        |              Loop Name              |   min   |   max   |  Latency |  achieved |   target  | Count | Pipelined|
        +-------------------------------------+---------+---------+----------+-----------+-----------+-------+----------+
        |- VITIS_LOOP_586_1_VITIS_LOOP_588_2  |    26631|    26631|         9|          1|          1|  26624|       yes|
        +-------------------------------------+---------+---------+----------+-----------+-----------+-------+----------+

============================================================
+ Verbose Summary: Synthesis Manager
============================================================
InlineROM: 1
ExposeGlobal: 0
============================================================
+ Verbose Summary: CDFG Model
============================================================
IsTopModel: 0
ResetActiveHigh: 1
IsCombinational: 2
IsDatapathOnly: 0
HasWiredReturn: 1
HasMFsm: 2
HasVarLatency: 1
IsPipeline: 0
IsRtlPipelined: 0
IsInstanceOverlapped: 0
IsDontTouch: 0
HasImplIP: 0
IsGatedGlobalClock: 0

+ Individual pipeline summary: 
  * Pipeline-0: initiation interval (II) = 1, depth = 9


============================================================
+ Verbose Summary: Schedule
============================================================
* Number of FSM states : 9
* Pipeline : 1
  Pipeline-0 : II = 1, D = 9, States = { 1 2 3 4 5 6 7 8 9 }
* Dataflow Pipeline: 0

* FSM state transitions: 
1 --> 2 
2 --> 3 
3 --> 4 
4 --> 5 
5 --> 6 
6 --> 7 
7 --> 8 
8 --> 9 
9 --> 

* FSM state operations: 

State 1 <SV = 0> <Delay = 1.69>
ST_1 : Operation 12 [1/1] (0.00ns)   --->   "%indvar_flatten11 = alloca i32 1"   --->   Operation 12 'alloca' 'indvar_flatten11' <Predicate = true> <Delay = 0.00>
ST_1 : Operation 13 [1/1] (0.00ns)   --->   "%sext_ln586_312 = alloca i32 1"   --->   Operation 13 'alloca' 'sext_ln586_312' <Predicate = true> <Delay = 0.00>
ST_1 : Operation 14 [1/1] (0.00ns)   --->   "%sext_ln586_214 = alloca i32 1"   --->   Operation 14 'alloca' 'sext_ln586_214' <Predicate = true> <Delay = 0.00>
ST_1 : Operation 15 [1/1] (0.00ns)   --->   "%sext_ln586_116 = alloca i32 1"   --->   Operation 15 'alloca' 'sext_ln586_116' <Predicate = true> <Delay = 0.00>
ST_1 : Operation 16 [1/1] (0.00ns)   --->   "%sext_ln58618 = alloca i32 1"   --->   Operation 16 'alloca' 'sext_ln58618' <Predicate = true> <Delay = 0.00>
ST_1 : Operation 17 [1/1] (0.00ns)   --->   "%specinterface_ln0 = specinterface void @_ssdm_op_SpecInterface, i64 %result_t, void @ap_fifo_str, i32 0, i32 0, void @p_str, i32 0, i32 0, void @p_str, void @p_str, void @p_str, i32 2, i32 2, i32 16, i32 16, void @p_str, void @ScalarProp_str, i32 4294967295, i32 0, i32 0"   --->   Operation 17 'specinterface' 'specinterface_ln0' <Predicate = true> <Delay = 0.00>
ST_1 : Operation 18 [1/1] (0.00ns)   --->   "%specinterface_ln0 = specinterface void @_ssdm_op_SpecInterface, i64 %result_z, void @ap_fifo_str, i32 0, i32 0, void @p_str, i32 0, i32 0, void @p_str, void @p_str, void @p_str, i32 2, i32 2, i32 16, i32 16, void @p_str, void @ScalarProp_str, i32 4294967295, i32 0, i32 0"   --->   Operation 18 'specinterface' 'specinterface_ln0' <Predicate = true> <Delay = 0.00>
ST_1 : Operation 19 [1/1] (0.00ns)   --->   "%specinterface_ln0 = specinterface void @_ssdm_op_SpecInterface, i64 %result_y, void @ap_fifo_str, i32 0, i32 0, void @p_str, i32 0, i32 0, void @p_str, void @p_str, void @p_str, i32 2, i32 2, i32 16, i32 16, void @p_str, void @ScalarProp_str, i32 4294967295, i32 0, i32 0"   --->   Operation 19 'specinterface' 'specinterface_ln0' <Predicate = true> <Delay = 0.00>
ST_1 : Operation 20 [1/1] (0.00ns)   --->   "%specinterface_ln0 = specinterface void @_ssdm_op_SpecInterface, i64 %result_x, void @ap_fifo_str, i32 0, i32 0, void @p_str, i32 0, i32 0, void @p_str, void @p_str, void @p_str, i32 2, i32 2, i32 16, i32 16, void @p_str, void @ScalarProp_str, i32 4294967295, i32 0, i32 0"   --->   Operation 20 'specinterface' 'specinterface_ln0' <Predicate = true> <Delay = 0.00>
ST_1 : Operation 21 [1/1] (0.00ns)   --->   "%specinterface_ln0 = specinterface void @_ssdm_op_SpecInterface, i1024 %point_result_stream, void @empty_3, i32 0, i32 0, void @empty_15, i32 0, i32 0, void @empty_15, void @empty_15, void @empty_15, i32 0, i32 0, i32 0, i32 0, void @empty_15, void @empty_15, i32 4294967295, i32 0, i32 0"   --->   Operation 21 'specinterface' 'specinterface_ln0' <Predicate = true> <Delay = 0.00>
ST_1 : Operation 22 [1/1] (0.00ns)   --->   "%specinterface_ln0 = specinterface void @_ssdm_op_SpecInterface, i1024 %point_result_stream, void @empty_3, i32 0, i32 0, void @empty_15, i32 0, i32 0, void @empty_15, void @empty_15, void @empty_15, i32 0, i32 0, i32 0, i32 0, void @empty_15, void @empty_15, i32 4294967295, i32 0, i32 0"   --->   Operation 22 'specinterface' 'specinterface_ln0' <Predicate = true> <Delay = 0.00>
ST_1 : Operation 23 [1/1] (0.00ns)   --->   "%specinterface_ln0 = specinterface void @_ssdm_op_SpecInterface, i1024 %point_result_stream, void @empty_3, i32 0, i32 0, void @empty_15, i32 0, i32 0, void @empty_15, void @empty_15, void @empty_15, i32 0, i32 0, i32 0, i32 0, void @empty_15, void @empty_15, i32 4294967295, i32 0, i32 0"   --->   Operation 23 'specinterface' 'specinterface_ln0' <Predicate = true> <Delay = 0.00>
ST_1 : Operation 24 [1/1] (0.00ns)   --->   "%specinterface_ln0 = specinterface void @_ssdm_op_SpecInterface, i1024 %point_result_stream, void @empty_3, i32 0, i32 0, void @empty_15, i32 0, i32 0, void @empty_15, void @empty_15, void @empty_15, i32 0, i32 0, i32 0, i32 0, void @empty_15, void @empty_15, i32 4294967295, i32 0, i32 0"   --->   Operation 24 'specinterface' 'specinterface_ln0' <Predicate = true> <Delay = 0.00>
ST_1 : Operation 25 [1/1] (0.00ns)   --->   "%specinterface_ln0 = specinterface void @_ssdm_op_SpecInterface, i256 %gmem3, void @empty_11, i32 0, i32 0, void @empty_15, i32 0, i32 0, void @empty_22, void @empty_1, void @empty_15, i32 16, i32 16, i32 16, i32 16, void @empty_15, void @empty_15, i32 4294967295, i32 0, i32 0"   --->   Operation 25 'specinterface' 'specinterface_ln0' <Predicate = true> <Delay = 0.00>
ST_1 : Operation 26 [1/1] (0.00ns)   --->   "%specinterface_ln0 = specinterface void @_ssdm_op_SpecInterface, i256 %gmem2, void @empty_11, i32 0, i32 0, void @empty_15, i32 0, i32 0, void @empty_23, void @empty_1, void @empty_15, i32 16, i32 16, i32 16, i32 16, void @empty_15, void @empty_15, i32 4294967295, i32 0, i32 0"   --->   Operation 26 'specinterface' 'specinterface_ln0' <Predicate = true> <Delay = 0.00>
ST_1 : Operation 27 [1/1] (0.00ns)   --->   "%specinterface_ln0 = specinterface void @_ssdm_op_SpecInterface, i256 %gmem1, void @empty_11, i32 0, i32 0, void @empty_15, i32 0, i32 0, void @empty_24, void @empty_1, void @empty_15, i32 16, i32 16, i32 16, i32 16, void @empty_15, void @empty_15, i32 4294967295, i32 0, i32 0"   --->   Operation 27 'specinterface' 'specinterface_ln0' <Predicate = true> <Delay = 0.00>
ST_1 : Operation 28 [1/1] (0.00ns)   --->   "%specinterface_ln0 = specinterface void @_ssdm_op_SpecInterface, i256 %gmem0, void @empty_11, i32 0, i32 0, void @empty_15, i32 0, i32 0, void @empty_0, void @empty_1, void @empty_15, i32 16, i32 16, i32 16, i32 16, void @empty_15, void @empty_15, i32 4294967295, i32 0, i32 0"   --->   Operation 28 'specinterface' 'specinterface_ln0' <Predicate = true> <Delay = 0.00>
ST_1 : Operation 29 [1/1] (0.42ns)   --->   "%store_ln0 = store i15 0, i15 %indvar_flatten11"   --->   Operation 29 'store' 'store_ln0' <Predicate = true> <Delay = 0.42>
ST_1 : Operation 30 [1/1] (0.42ns)   --->   "%br_ln0 = br void %new.header"   --->   Operation 30 'br' 'br_ln0' <Predicate = true> <Delay = 0.42>
ST_1 : Operation 31 [1/1] (0.00ns)   --->   "%first_iter_0 = phi i1 1, void %entry, i1 0, void %new.latch.for.inc19.i"   --->   Operation 31 'phi' 'first_iter_0' <Predicate = true> <Delay = 0.00>
ST_1 : Operation 32 [1/1] (0.00ns)   --->   "%br_ln0 = br i1 %first_iter_0, void %for.inc19.i, void %for.first.iter.for.inc19.i"   --->   Operation 32 'br' 'br_ln0' <Predicate = true> <Delay = 0.00>
ST_1 : Operation 33 [1/1] (0.00ns)   --->   "%indvar_flatten11_load = load i15 %indvar_flatten11" [../src/msm.cpp:586]   --->   Operation 33 'load' 'indvar_flatten11_load' <Predicate = true> <Delay = 0.00>
ST_1 : Operation 34 [1/1] (0.84ns)   --->   "%add_ln586 = add i15 %indvar_flatten11_load, i15 1" [../src/msm.cpp:586]   --->   Operation 34 'add' 'add_ln586' <Predicate = true> <Delay = 0.84> <CoreInst = "Adder">   --->   Core 1 'Adder' <Latency = 0> <II = 1> <Delay = 0.84> <FuncUnit> <Opcode : 'add' 'sub'> <InPorts = 2> <OutPorts = 1>
ST_1 : Operation 35 [1/1] (0.84ns)   --->   "%icmp_ln586 = icmp_eq  i15 %indvar_flatten11_load, i15 26623" [../src/msm.cpp:586]   --->   Operation 35 'icmp' 'icmp_ln586' <Predicate = true> <Delay = 0.84> <CoreInst = "Cmp">   --->   Core 9 'Cmp' <Latency = 0> <II = 1> <Delay = 0.84> <FuncUnit> <Opcode : 'seteq' 'setne' 'setle' 'setge' 'setlt' 'setgt'> <InPorts = 2> <OutPorts = 1>
ST_1 : Operation 36 [1/1] (0.00ns)   --->   "%br_ln586 = br i1 %icmp_ln586, void %new.latch.for.inc19.i, void %last.iter.for.inc19.i" [../src/msm.cpp:586]   --->   Operation 36 'br' 'br_ln586' <Predicate = true> <Delay = 0.00>
ST_1 : Operation 37 [1/1] (0.42ns)   --->   "%store_ln586 = store i15 %add_ln586, i15 %indvar_flatten11" [../src/msm.cpp:586]   --->   Operation 37 'store' 'store_ln586' <Predicate = true> <Delay = 0.42>
ST_1 : Operation 38 [1/1] (0.00ns)   --->   "%br_ln586 = br i1 %icmp_ln586, void %new.header, void %WriteBack.exit" [../src/msm.cpp:586]   --->   Operation 38 'br' 'br_ln586' <Predicate = true> <Delay = 0.00>

State 2 <SV = 1> <Delay = 1.46>
ST_2 : Operation 39 [1/1] ( I:1.46ns O:1.46ns )   --->   "%result_t_read = read i64 @_ssdm_op_Read.ap_fifo.i64P0A, i64 %result_t"   --->   Operation 39 'read' 'result_t_read' <Predicate = (first_iter_0)> <Delay = 1.46> <CoreInst = "FIFO_SRL">   --->   Core 80 'FIFO_SRL' <Latency = 0> <II = 1> <Delay = 1.83> <Storage> <Opcode : 'read' 'write' 'nbread' 'nbwrite'> <Ports = 0> <Width = 64> <Depth = 4> <FIFO>
ST_2 : Operation 40 [1/1] ( I:1.46ns O:1.46ns )   --->   "%result_z_read = read i64 @_ssdm_op_Read.ap_fifo.i64P0A, i64 %result_z"   --->   Operation 40 'read' 'result_z_read' <Predicate = (first_iter_0)> <Delay = 1.46> <CoreInst = "FIFO_SRL">   --->   Core 80 'FIFO_SRL' <Latency = 0> <II = 1> <Delay = 1.83> <Storage> <Opcode : 'read' 'write' 'nbread' 'nbwrite'> <Ports = 0> <Width = 64> <Depth = 4> <FIFO>
ST_2 : Operation 41 [1/1] ( I:1.46ns O:1.46ns )   --->   "%result_y_read = read i64 @_ssdm_op_Read.ap_fifo.i64P0A, i64 %result_y"   --->   Operation 41 'read' 'result_y_read' <Predicate = (first_iter_0)> <Delay = 1.46> <CoreInst = "FIFO_SRL">   --->   Core 80 'FIFO_SRL' <Latency = 0> <II = 1> <Delay = 1.83> <Storage> <Opcode : 'read' 'write' 'nbread' 'nbwrite'> <Ports = 0> <Width = 64> <Depth = 4> <FIFO>
ST_2 : Operation 42 [1/1] ( I:1.46ns O:1.46ns )   --->   "%result_x_read = read i64 @_ssdm_op_Read.ap_fifo.i64P0A, i64 %result_x" [../src/msm.cpp:580]   --->   Operation 42 'read' 'result_x_read' <Predicate = (first_iter_0)> <Delay = 1.46> <CoreInst = "FIFO_SRL">   --->   Core 80 'FIFO_SRL' <Latency = 0> <II = 1> <Delay = 1.83> <Storage> <Opcode : 'read' 'write' 'nbread' 'nbwrite'> <Ports = 0> <Width = 64> <Depth = 4> <FIFO>
ST_2 : Operation 43 [1/1] (0.00ns)   --->   "%trunc_ln = partselect i59 @_ssdm_op_PartSelect.i59.i64.i32.i32, i64 %result_x_read, i32 5, i32 63" [../src/msm.cpp:586]   --->   Operation 43 'partselect' 'trunc_ln' <Predicate = (first_iter_0)> <Delay = 0.00>
ST_2 : Operation 44 [1/1] (0.00ns)   --->   "%trunc_ln586_1 = partselect i59 @_ssdm_op_PartSelect.i59.i64.i32.i32, i64 %result_y_read, i32 5, i32 63" [../src/msm.cpp:586]   --->   Operation 44 'partselect' 'trunc_ln586_1' <Predicate = (first_iter_0)> <Delay = 0.00>
ST_2 : Operation 45 [1/1] (0.00ns)   --->   "%trunc_ln586_2 = partselect i59 @_ssdm_op_PartSelect.i59.i64.i32.i32, i64 %result_z_read, i32 5, i32 63" [../src/msm.cpp:586]   --->   Operation 45 'partselect' 'trunc_ln586_2' <Predicate = (first_iter_0)> <Delay = 0.00>
ST_2 : Operation 46 [1/1] (0.00ns)   --->   "%trunc_ln586_3 = partselect i59 @_ssdm_op_PartSelect.i59.i64.i32.i32, i64 %result_t_read, i32 5, i32 63" [../src/msm.cpp:586]   --->   Operation 46 'partselect' 'trunc_ln586_3' <Predicate = (first_iter_0)> <Delay = 0.00>

State 3 <SV = 2> <Delay = 2.92>
ST_3 : Operation 47 [1/1] (0.00ns)   --->   "%sext_ln586 = sext i59 %trunc_ln" [../src/msm.cpp:586]   --->   Operation 47 'sext' 'sext_ln586' <Predicate = (first_iter_0)> <Delay = 0.00>
ST_3 : Operation 48 [1/1] (0.00ns)   --->   "%gmem0_addr = getelementptr i256 %gmem0, i64 %sext_ln586" [../src/msm.cpp:586]   --->   Operation 48 'getelementptr' 'gmem0_addr' <Predicate = (first_iter_0)> <Delay = 0.00>
ST_3 : Operation 49 [1/1] (2.92ns)   --->   "%empty = writereq i1 @_ssdm_op_WriteReq.m_axi.p1i256, i256 %gmem0_addr, i64 26624" [../src/msm.cpp:586]   --->   Operation 49 'writereq' 'empty' <Predicate = (first_iter_0)> <Delay = 2.92> <CoreInst = "m_axi">   --->   Core 119 'm_axi' <Latency = 9> <II = 1> <Delay = 1.00> <Adapter> <Opcode : 'read' 'write' 'readreq' 'writereq' 'writeresp'>
ST_3 : Operation 50 [1/1] (0.00ns)   --->   "%sext_ln586_1 = sext i59 %trunc_ln586_1" [../src/msm.cpp:586]   --->   Operation 50 'sext' 'sext_ln586_1' <Predicate = (first_iter_0)> <Delay = 0.00>
ST_3 : Operation 51 [1/1] (0.00ns)   --->   "%gmem1_addr = getelementptr i256 %gmem1, i64 %sext_ln586_1" [../src/msm.cpp:586]   --->   Operation 51 'getelementptr' 'gmem1_addr' <Predicate = (first_iter_0)> <Delay = 0.00>
ST_3 : Operation 52 [1/1] (2.92ns)   --->   "%empty_80 = writereq i1 @_ssdm_op_WriteReq.m_axi.p1i256, i256 %gmem1_addr, i64 26624" [../src/msm.cpp:586]   --->   Operation 52 'writereq' 'empty_80' <Predicate = (first_iter_0)> <Delay = 2.92> <CoreInst = "m_axi">   --->   Core 119 'm_axi' <Latency = 9> <II = 1> <Delay = 1.00> <Adapter> <Opcode : 'read' 'write' 'readreq' 'writereq' 'writeresp'>
ST_3 : Operation 53 [1/1] (0.00ns)   --->   "%sext_ln586_2 = sext i59 %trunc_ln586_2" [../src/msm.cpp:586]   --->   Operation 53 'sext' 'sext_ln586_2' <Predicate = (first_iter_0)> <Delay = 0.00>
ST_3 : Operation 54 [1/1] (0.00ns)   --->   "%gmem2_addr = getelementptr i256 %gmem2, i64 %sext_ln586_2" [../src/msm.cpp:586]   --->   Operation 54 'getelementptr' 'gmem2_addr' <Predicate = (first_iter_0)> <Delay = 0.00>
ST_3 : Operation 55 [1/1] (2.92ns)   --->   "%empty_81 = writereq i1 @_ssdm_op_WriteReq.m_axi.p1i256, i256 %gmem2_addr, i64 26624" [../src/msm.cpp:586]   --->   Operation 55 'writereq' 'empty_81' <Predicate = (first_iter_0)> <Delay = 2.92> <CoreInst = "m_axi">   --->   Core 119 'm_axi' <Latency = 9> <II = 1> <Delay = 1.00> <Adapter> <Opcode : 'read' 'write' 'readreq' 'writereq' 'writeresp'>
ST_3 : Operation 56 [1/1] (0.00ns)   --->   "%sext_ln586_3 = sext i59 %trunc_ln586_3" [../src/msm.cpp:586]   --->   Operation 56 'sext' 'sext_ln586_3' <Predicate = (first_iter_0)> <Delay = 0.00>
ST_3 : Operation 57 [1/1] (0.00ns)   --->   "%gmem3_addr = getelementptr i256 %gmem3, i64 %sext_ln586_3" [../src/msm.cpp:586]   --->   Operation 57 'getelementptr' 'gmem3_addr' <Predicate = (first_iter_0)> <Delay = 0.00>
ST_3 : Operation 58 [1/1] (2.92ns)   --->   "%empty_82 = writereq i1 @_ssdm_op_WriteReq.m_axi.p1i256, i256 %gmem3_addr, i64 26624" [../src/msm.cpp:586]   --->   Operation 58 'writereq' 'empty_82' <Predicate = (first_iter_0)> <Delay = 2.92> <CoreInst = "m_axi">   --->   Core 119 'm_axi' <Latency = 9> <II = 1> <Delay = 1.00> <Adapter> <Opcode : 'read' 'write' 'readreq' 'writereq' 'writeresp'>
ST_3 : Operation 59 [1/1] (0.00ns)   --->   "%store_ln586 = store i64 %sext_ln586, i64 %sext_ln58618" [../src/msm.cpp:586]   --->   Operation 59 'store' 'store_ln586' <Predicate = (first_iter_0)> <Delay = 0.00>
ST_3 : Operation 60 [1/1] (0.00ns)   --->   "%store_ln586 = store i64 %sext_ln586_1, i64 %sext_ln586_116" [../src/msm.cpp:586]   --->   Operation 60 'store' 'store_ln586' <Predicate = (first_iter_0)> <Delay = 0.00>
ST_3 : Operation 61 [1/1] (0.00ns)   --->   "%store_ln586 = store i64 %sext_ln586_2, i64 %sext_ln586_214" [../src/msm.cpp:586]   --->   Operation 61 'store' 'store_ln586' <Predicate = (first_iter_0)> <Delay = 0.00>
ST_3 : Operation 62 [1/1] (0.00ns)   --->   "%store_ln586 = store i64 %sext_ln586_3, i64 %sext_ln586_312" [../src/msm.cpp:586]   --->   Operation 62 'store' 'store_ln586' <Predicate = (first_iter_0)> <Delay = 0.00>
ST_3 : Operation 63 [1/1] (0.00ns)   --->   "%br_ln0 = br void %for.inc19.i"   --->   Operation 63 'br' 'br_ln0' <Predicate = (first_iter_0)> <Delay = 0.00>
ST_3 : Operation 64 [1/1] ( I:1.46ns O:1.46ns )   --->   "%point_result_stream_read = read i1024 @_ssdm_op_Read.ap_fifo.volatile.i1024P0A, i1024 %point_result_stream" [../src/msm.cpp:590]   --->   Operation 64 'read' 'point_result_stream_read' <Predicate = true> <Delay = 1.46> <CoreInst = "FIFO">   --->   Core 77 'FIFO' <Latency = 0> <II = 1> <Delay = 1.55> <Storage> <Opcode : 'read' 'write' 'nbread' 'nbwrite'> <Ports = 0> <Width = 1024> <Depth = 64> <FIFO>
ST_3 : Operation 65 [1/1] (0.00ns)   --->   "%out_x = trunc i1024 %point_result_stream_read" [../src/msm.cpp:590]   --->   Operation 65 'trunc' 'out_x' <Predicate = true> <Delay = 0.00>
ST_3 : Operation 66 [1/1] (0.00ns)   --->   "%out_y = partselect i256 @_ssdm_op_PartSelect.i256.i1024.i1024, i1024 %point_result_stream_read, i1024 256" [../src/msm.cpp:590]   --->   Operation 66 'partselect' 'out_y' <Predicate = true> <Delay = 0.00>
ST_3 : Operation 67 [1/1] (0.00ns)   --->   "%out_z = partselect i256 @_ssdm_op_PartSelect.i256.i1024.i1024, i1024 %point_result_stream_read, i1024 512" [../src/msm.cpp:590]   --->   Operation 67 'partselect' 'out_z' <Predicate = true> <Delay = 0.00>
ST_3 : Operation 68 [1/1] (0.00ns)   --->   "%out_t = partselect i256 @_ssdm_op_PartSelect.i256.i1024.i1024, i1024 %point_result_stream_read, i1024 768" [../src/msm.cpp:590]   --->   Operation 68 'partselect' 'out_t' <Predicate = true> <Delay = 0.00>

State 4 <SV = 3> <Delay = 2.92>
ST_4 : Operation 69 [1/1] (0.00ns)   --->   "%sext_ln586_312_load = load i64 %sext_ln586_312" [../src/msm.cpp:586]   --->   Operation 69 'load' 'sext_ln586_312_load' <Predicate = true> <Delay = 0.00>
ST_4 : Operation 70 [1/1] (0.00ns)   --->   "%sext_ln586_214_load = load i64 %sext_ln586_214" [../src/msm.cpp:586]   --->   Operation 70 'load' 'sext_ln586_214_load' <Predicate = true> <Delay = 0.00>
ST_4 : Operation 71 [1/1] (0.00ns)   --->   "%sext_ln586_116_load = load i64 %sext_ln586_116" [../src/msm.cpp:586]   --->   Operation 71 'load' 'sext_ln586_116_load' <Predicate = true> <Delay = 0.00>
ST_4 : Operation 72 [1/1] (0.00ns)   --->   "%sext_ln58618_load = load i64 %sext_ln58618" [../src/msm.cpp:586]   --->   Operation 72 'load' 'sext_ln58618_load' <Predicate = true> <Delay = 0.00>
ST_4 : Operation 73 [1/1] (0.00ns)   --->   "%specloopname_ln0 = specloopname void @_ssdm_op_SpecLoopName, void @VITIS_LOOP_586_1_VITIS_LOOP_588_2_str"   --->   Operation 73 'specloopname' 'specloopname_ln0' <Predicate = true> <Delay = 0.00>
ST_4 : Operation 74 [1/1] (0.00ns)   --->   "%speclooptripcount_ln0 = speclooptripcount void @_ssdm_op_SpecLoopTripCount, i64 26624, i64 26624, i64 26624"   --->   Operation 74 'speclooptripcount' 'speclooptripcount_ln0' <Predicate = true> <Delay = 0.00>
ST_4 : Operation 75 [1/1] (0.00ns)   --->   "%specpipeline_ln588 = specpipeline void @_ssdm_op_SpecPipeline, i32 4294967295, i32 0, i32 0, i32 0, void @empty_15" [../src/msm.cpp:588]   --->   Operation 75 'specpipeline' 'specpipeline_ln588' <Predicate = true> <Delay = 0.00>
ST_4 : Operation 76 [1/1] (0.00ns)   --->   "%gmem0_addr_1 = getelementptr i256 %gmem0, i64 %sext_ln58618_load" [../src/msm.cpp:586]   --->   Operation 76 'getelementptr' 'gmem0_addr_1' <Predicate = true> <Delay = 0.00>
ST_4 : Operation 77 [1/1] (2.92ns)   --->   "%write_ln591 = write void @_ssdm_op_Write.m_axi.p1i256, i256 %gmem0_addr_1, i256 %out_x, i32 4294967295" [../src/msm.cpp:591]   --->   Operation 77 'write' 'write_ln591' <Predicate = true> <Delay = 2.92> <CoreInst = "m_axi">   --->   Core 119 'm_axi' <Latency = 5> <II = 1> <Delay = 1.00> <Adapter> <Opcode : 'read' 'write' 'readreq' 'writereq' 'writeresp'>
ST_4 : Operation 78 [1/1] (0.00ns)   --->   "%gmem1_addr_1 = getelementptr i256 %gmem1, i64 %sext_ln586_116_load" [../src/msm.cpp:586]   --->   Operation 78 'getelementptr' 'gmem1_addr_1' <Predicate = true> <Delay = 0.00>
ST_4 : Operation 79 [1/1] (2.92ns)   --->   "%write_ln592 = write void @_ssdm_op_Write.m_axi.p1i256, i256 %gmem1_addr_1, i256 %out_y, i32 4294967295" [../src/msm.cpp:592]   --->   Operation 79 'write' 'write_ln592' <Predicate = true> <Delay = 2.92> <CoreInst = "m_axi">   --->   Core 119 'm_axi' <Latency = 5> <II = 1> <Delay = 1.00> <Adapter> <Opcode : 'read' 'write' 'readreq' 'writereq' 'writeresp'>
ST_4 : Operation 80 [1/1] (0.00ns)   --->   "%gmem2_addr_1 = getelementptr i256 %gmem2, i64 %sext_ln586_214_load" [../src/msm.cpp:586]   --->   Operation 80 'getelementptr' 'gmem2_addr_1' <Predicate = true> <Delay = 0.00>
ST_4 : Operation 81 [1/1] (2.92ns)   --->   "%write_ln593 = write void @_ssdm_op_Write.m_axi.p1i256, i256 %gmem2_addr_1, i256 %out_z, i32 4294967295" [../src/msm.cpp:593]   --->   Operation 81 'write' 'write_ln593' <Predicate = true> <Delay = 2.92> <CoreInst = "m_axi">   --->   Core 119 'm_axi' <Latency = 5> <II = 1> <Delay = 1.00> <Adapter> <Opcode : 'read' 'write' 'readreq' 'writereq' 'writeresp'>
ST_4 : Operation 82 [1/1] (0.00ns)   --->   "%gmem3_addr_1 = getelementptr i256 %gmem3, i64 %sext_ln586_312_load" [../src/msm.cpp:586]   --->   Operation 82 'getelementptr' 'gmem3_addr_1' <Predicate = true> <Delay = 0.00>
ST_4 : Operation 83 [1/1] (2.92ns)   --->   "%write_ln594 = write void @_ssdm_op_Write.m_axi.p1i256, i256 %gmem3_addr_1, i256 %out_t, i32 4294967295" [../src/msm.cpp:594]   --->   Operation 83 'write' 'write_ln594' <Predicate = true> <Delay = 2.92> <CoreInst = "m_axi">   --->   Core 119 'm_axi' <Latency = 5> <II = 1> <Delay = 1.00> <Adapter> <Opcode : 'read' 'write' 'readreq' 'writereq' 'writeresp'>

State 5 <SV = 4> <Delay = 2.92>
ST_5 : Operation 84 [5/5] (2.92ns)   --->   "%empty_83 = writeresp i1 @_ssdm_op_WriteResp.m_axi.p1i256, i256 %gmem0_addr_1" [../src/msm.cpp:597]   --->   Operation 84 'writeresp' 'empty_83' <Predicate = (icmp_ln586)> <Delay = 2.92> <CoreInst = "m_axi">   --->   Core 119 'm_axi' <Latency = 3> <II = 1> <Delay = 1.00> <Adapter> <Opcode : 'read' 'write' 'readreq' 'writereq' 'writeresp'>
ST_5 : Operation 85 [5/5] (2.92ns)   --->   "%empty_84 = writeresp i1 @_ssdm_op_WriteResp.m_axi.p1i256, i256 %gmem1_addr_1" [../src/msm.cpp:597]   --->   Operation 85 'writeresp' 'empty_84' <Predicate = (icmp_ln586)> <Delay = 2.92> <CoreInst = "m_axi">   --->   Core 119 'm_axi' <Latency = 3> <II = 1> <Delay = 1.00> <Adapter> <Opcode : 'read' 'write' 'readreq' 'writereq' 'writeresp'>
ST_5 : Operation 86 [5/5] (2.92ns)   --->   "%empty_85 = writeresp i1 @_ssdm_op_WriteResp.m_axi.p1i256, i256 %gmem2_addr_1" [../src/msm.cpp:597]   --->   Operation 86 'writeresp' 'empty_85' <Predicate = (icmp_ln586)> <Delay = 2.92> <CoreInst = "m_axi">   --->   Core 119 'm_axi' <Latency = 3> <II = 1> <Delay = 1.00> <Adapter> <Opcode : 'read' 'write' 'readreq' 'writereq' 'writeresp'>
ST_5 : Operation 87 [5/5] (2.92ns)   --->   "%empty_86 = writeresp i1 @_ssdm_op_WriteResp.m_axi.p1i256, i256 %gmem3_addr_1" [../src/msm.cpp:597]   --->   Operation 87 'writeresp' 'empty_86' <Predicate = (icmp_ln586)> <Delay = 2.92> <CoreInst = "m_axi">   --->   Core 119 'm_axi' <Latency = 3> <II = 1> <Delay = 1.00> <Adapter> <Opcode : 'read' 'write' 'readreq' 'writereq' 'writeresp'>

State 6 <SV = 5> <Delay = 2.92>
ST_6 : Operation 88 [4/5] (2.92ns)   --->   "%empty_83 = writeresp i1 @_ssdm_op_WriteResp.m_axi.p1i256, i256 %gmem0_addr_1" [../src/msm.cpp:597]   --->   Operation 88 'writeresp' 'empty_83' <Predicate = (icmp_ln586)> <Delay = 2.92> <CoreInst = "m_axi">   --->   Core 119 'm_axi' <Latency = 3> <II = 1> <Delay = 1.00> <Adapter> <Opcode : 'read' 'write' 'readreq' 'writereq' 'writeresp'>
ST_6 : Operation 89 [4/5] (2.92ns)   --->   "%empty_84 = writeresp i1 @_ssdm_op_WriteResp.m_axi.p1i256, i256 %gmem1_addr_1" [../src/msm.cpp:597]   --->   Operation 89 'writeresp' 'empty_84' <Predicate = (icmp_ln586)> <Delay = 2.92> <CoreInst = "m_axi">   --->   Core 119 'm_axi' <Latency = 3> <II = 1> <Delay = 1.00> <Adapter> <Opcode : 'read' 'write' 'readreq' 'writereq' 'writeresp'>
ST_6 : Operation 90 [4/5] (2.92ns)   --->   "%empty_85 = writeresp i1 @_ssdm_op_WriteResp.m_axi.p1i256, i256 %gmem2_addr_1" [../src/msm.cpp:597]   --->   Operation 90 'writeresp' 'empty_85' <Predicate = (icmp_ln586)> <Delay = 2.92> <CoreInst = "m_axi">   --->   Core 119 'm_axi' <Latency = 3> <II = 1> <Delay = 1.00> <Adapter> <Opcode : 'read' 'write' 'readreq' 'writereq' 'writeresp'>
ST_6 : Operation 91 [4/5] (2.92ns)   --->   "%empty_86 = writeresp i1 @_ssdm_op_WriteResp.m_axi.p1i256, i256 %gmem3_addr_1" [../src/msm.cpp:597]   --->   Operation 91 'writeresp' 'empty_86' <Predicate = (icmp_ln586)> <Delay = 2.92> <CoreInst = "m_axi">   --->   Core 119 'm_axi' <Latency = 3> <II = 1> <Delay = 1.00> <Adapter> <Opcode : 'read' 'write' 'readreq' 'writereq' 'writeresp'>

State 7 <SV = 6> <Delay = 2.92>
ST_7 : Operation 92 [3/5] (2.92ns)   --->   "%empty_83 = writeresp i1 @_ssdm_op_WriteResp.m_axi.p1i256, i256 %gmem0_addr_1" [../src/msm.cpp:597]   --->   Operation 92 'writeresp' 'empty_83' <Predicate = (icmp_ln586)> <Delay = 2.92> <CoreInst = "m_axi">   --->   Core 119 'm_axi' <Latency = 3> <II = 1> <Delay = 1.00> <Adapter> <Opcode : 'read' 'write' 'readreq' 'writereq' 'writeresp'>
ST_7 : Operation 93 [3/5] (2.92ns)   --->   "%empty_84 = writeresp i1 @_ssdm_op_WriteResp.m_axi.p1i256, i256 %gmem1_addr_1" [../src/msm.cpp:597]   --->   Operation 93 'writeresp' 'empty_84' <Predicate = (icmp_ln586)> <Delay = 2.92> <CoreInst = "m_axi">   --->   Core 119 'm_axi' <Latency = 3> <II = 1> <Delay = 1.00> <Adapter> <Opcode : 'read' 'write' 'readreq' 'writereq' 'writeresp'>
ST_7 : Operation 94 [3/5] (2.92ns)   --->   "%empty_85 = writeresp i1 @_ssdm_op_WriteResp.m_axi.p1i256, i256 %gmem2_addr_1" [../src/msm.cpp:597]   --->   Operation 94 'writeresp' 'empty_85' <Predicate = (icmp_ln586)> <Delay = 2.92> <CoreInst = "m_axi">   --->   Core 119 'm_axi' <Latency = 3> <II = 1> <Delay = 1.00> <Adapter> <Opcode : 'read' 'write' 'readreq' 'writereq' 'writeresp'>
ST_7 : Operation 95 [3/5] (2.92ns)   --->   "%empty_86 = writeresp i1 @_ssdm_op_WriteResp.m_axi.p1i256, i256 %gmem3_addr_1" [../src/msm.cpp:597]   --->   Operation 95 'writeresp' 'empty_86' <Predicate = (icmp_ln586)> <Delay = 2.92> <CoreInst = "m_axi">   --->   Core 119 'm_axi' <Latency = 3> <II = 1> <Delay = 1.00> <Adapter> <Opcode : 'read' 'write' 'readreq' 'writereq' 'writeresp'>

State 8 <SV = 7> <Delay = 2.92>
ST_8 : Operation 96 [2/5] (2.92ns)   --->   "%empty_83 = writeresp i1 @_ssdm_op_WriteResp.m_axi.p1i256, i256 %gmem0_addr_1" [../src/msm.cpp:597]   --->   Operation 96 'writeresp' 'empty_83' <Predicate = (icmp_ln586)> <Delay = 2.92> <CoreInst = "m_axi">   --->   Core 119 'm_axi' <Latency = 3> <II = 1> <Delay = 1.00> <Adapter> <Opcode : 'read' 'write' 'readreq' 'writereq' 'writeresp'>
ST_8 : Operation 97 [2/5] (2.92ns)   --->   "%empty_84 = writeresp i1 @_ssdm_op_WriteResp.m_axi.p1i256, i256 %gmem1_addr_1" [../src/msm.cpp:597]   --->   Operation 97 'writeresp' 'empty_84' <Predicate = (icmp_ln586)> <Delay = 2.92> <CoreInst = "m_axi">   --->   Core 119 'm_axi' <Latency = 3> <II = 1> <Delay = 1.00> <Adapter> <Opcode : 'read' 'write' 'readreq' 'writereq' 'writeresp'>
ST_8 : Operation 98 [2/5] (2.92ns)   --->   "%empty_85 = writeresp i1 @_ssdm_op_WriteResp.m_axi.p1i256, i256 %gmem2_addr_1" [../src/msm.cpp:597]   --->   Operation 98 'writeresp' 'empty_85' <Predicate = (icmp_ln586)> <Delay = 2.92> <CoreInst = "m_axi">   --->   Core 119 'm_axi' <Latency = 3> <II = 1> <Delay = 1.00> <Adapter> <Opcode : 'read' 'write' 'readreq' 'writereq' 'writeresp'>
ST_8 : Operation 99 [2/5] (2.92ns)   --->   "%empty_86 = writeresp i1 @_ssdm_op_WriteResp.m_axi.p1i256, i256 %gmem3_addr_1" [../src/msm.cpp:597]   --->   Operation 99 'writeresp' 'empty_86' <Predicate = (icmp_ln586)> <Delay = 2.92> <CoreInst = "m_axi">   --->   Core 119 'm_axi' <Latency = 3> <II = 1> <Delay = 1.00> <Adapter> <Opcode : 'read' 'write' 'readreq' 'writereq' 'writeresp'>

State 9 <SV = 8> <Delay = 2.92>
ST_9 : Operation 100 [1/5] (2.92ns)   --->   "%empty_83 = writeresp i1 @_ssdm_op_WriteResp.m_axi.p1i256, i256 %gmem0_addr_1" [../src/msm.cpp:597]   --->   Operation 100 'writeresp' 'empty_83' <Predicate = (icmp_ln586)> <Delay = 2.92> <CoreInst = "m_axi">   --->   Core 119 'm_axi' <Latency = 3> <II = 1> <Delay = 1.00> <Adapter> <Opcode : 'read' 'write' 'readreq' 'writereq' 'writeresp'>
ST_9 : Operation 101 [1/5] (2.92ns)   --->   "%empty_84 = writeresp i1 @_ssdm_op_WriteResp.m_axi.p1i256, i256 %gmem1_addr_1" [../src/msm.cpp:597]   --->   Operation 101 'writeresp' 'empty_84' <Predicate = (icmp_ln586)> <Delay = 2.92> <CoreInst = "m_axi">   --->   Core 119 'm_axi' <Latency = 3> <II = 1> <Delay = 1.00> <Adapter> <Opcode : 'read' 'write' 'readreq' 'writereq' 'writeresp'>
ST_9 : Operation 102 [1/5] (2.92ns)   --->   "%empty_85 = writeresp i1 @_ssdm_op_WriteResp.m_axi.p1i256, i256 %gmem2_addr_1" [../src/msm.cpp:597]   --->   Operation 102 'writeresp' 'empty_85' <Predicate = (icmp_ln586)> <Delay = 2.92> <CoreInst = "m_axi">   --->   Core 119 'm_axi' <Latency = 3> <II = 1> <Delay = 1.00> <Adapter> <Opcode : 'read' 'write' 'readreq' 'writereq' 'writeresp'>
ST_9 : Operation 103 [1/5] (2.92ns)   --->   "%empty_86 = writeresp i1 @_ssdm_op_WriteResp.m_axi.p1i256, i256 %gmem3_addr_1" [../src/msm.cpp:597]   --->   Operation 103 'writeresp' 'empty_86' <Predicate = (icmp_ln586)> <Delay = 2.92> <CoreInst = "m_axi">   --->   Core 119 'm_axi' <Latency = 3> <II = 1> <Delay = 1.00> <Adapter> <Opcode : 'read' 'write' 'readreq' 'writereq' 'writeresp'>
ST_9 : Operation 104 [1/1] (0.00ns)   --->   "%br_ln0 = br void %new.latch.for.inc19.i"   --->   Operation 104 'br' 'br_ln0' <Predicate = (icmp_ln586)> <Delay = 0.00>
ST_9 : Operation 105 [1/1] (0.42ns)   --->   "%ret_ln0 = ret"   --->   Operation 105 'ret' 'ret_ln0' <Predicate = (icmp_ln586)> <Delay = 0.42>


============================================================
+ Verbose Summary: Binding
============================================================
STG Binding: 
---------------- STG Properties BEGIN ----------------
- Is combinational: 0
- Is one-state seq: 0
- Is datapath-only: 0
- Is pipelined: 0
- Is top level: 0
Port [ Return ] is wired: 1; IO mode=ap_ctrl_hs:ce=0
Port [ gmem0]:  wired=1; compound=1; hidden=0; nouse=0; global=0; static=0; extern=0; dir=1; type=4; pingpong=0; private_global=0; IO mode=m_axi:ce=0
Port [ result_x]:  wired=1; compound=1; hidden=0; nouse=0; global=0; static=0; extern=0; dir=0; type=3; pingpong=0; private_global=0; IO mode=ap_fifo:ce=0
Port [ gmem1]:  wired=1; compound=1; hidden=0; nouse=0; global=0; static=0; extern=0; dir=1; type=4; pingpong=0; private_global=0; IO mode=m_axi:ce=0
Port [ result_y]:  wired=1; compound=1; hidden=0; nouse=0; global=0; static=0; extern=0; dir=0; type=3; pingpong=0; private_global=0; IO mode=ap_fifo:ce=0
Port [ gmem2]:  wired=1; compound=1; hidden=0; nouse=0; global=0; static=0; extern=0; dir=1; type=4; pingpong=0; private_global=0; IO mode=m_axi:ce=0
Port [ result_z]:  wired=1; compound=1; hidden=0; nouse=0; global=0; static=0; extern=0; dir=0; type=3; pingpong=0; private_global=0; IO mode=ap_fifo:ce=0
Port [ gmem3]:  wired=1; compound=1; hidden=0; nouse=0; global=0; static=0; extern=0; dir=1; type=4; pingpong=0; private_global=0; IO mode=m_axi:ce=0
Port [ result_t]:  wired=1; compound=1; hidden=0; nouse=0; global=0; static=0; extern=0; dir=0; type=3; pingpong=0; private_global=0; IO mode=ap_fifo:ce=0
Port [ point_result_stream]:  wired=1; compound=1; hidden=0; nouse=0; global=1; static=1; extern=0; dir=0; type=3; pingpong=0; private_global=0; IO mode=ap_fifo:ce=0
---------------- STG Properties END ------------------

---------------- Datapath Model BEGIN ----------------

<LifeTime>
<method=bitvector/>
indvar_flatten11         (alloca           ) [ 0100000000]
sext_ln586_312           (alloca           ) [ 0111100000]
sext_ln586_214           (alloca           ) [ 0111100000]
sext_ln586_116           (alloca           ) [ 0111100000]
sext_ln58618             (alloca           ) [ 0111100000]
specinterface_ln0        (specinterface    ) [ 0000000000]
specinterface_ln0        (specinterface    ) [ 0000000000]
specinterface_ln0        (specinterface    ) [ 0000000000]
specinterface_ln0        (specinterface    ) [ 0000000000]
specinterface_ln0        (specinterface    ) [ 0000000000]
specinterface_ln0        (specinterface    ) [ 0000000000]
specinterface_ln0        (specinterface    ) [ 0000000000]
specinterface_ln0        (specinterface    ) [ 0000000000]
specinterface_ln0        (specinterface    ) [ 0000000000]
specinterface_ln0        (specinterface    ) [ 0000000000]
specinterface_ln0        (specinterface    ) [ 0000000000]
specinterface_ln0        (specinterface    ) [ 0000000000]
store_ln0                (store            ) [ 0000000000]
br_ln0                   (br               ) [ 0000000000]
first_iter_0             (phi              ) [ 0111000000]
br_ln0                   (br               ) [ 0000000000]
indvar_flatten11_load    (load             ) [ 0000000000]
add_ln586                (add              ) [ 0000000000]
icmp_ln586               (icmp             ) [ 0111111111]
br_ln586                 (br               ) [ 0000000000]
store_ln586              (store            ) [ 0000000000]
br_ln586                 (br               ) [ 0100000000]
result_t_read            (read             ) [ 0000000000]
result_z_read            (read             ) [ 0000000000]
result_y_read            (read             ) [ 0000000000]
result_x_read            (read             ) [ 0000000000]
trunc_ln                 (partselect       ) [ 0101000000]
trunc_ln586_1            (partselect       ) [ 0101000000]
trunc_ln586_2            (partselect       ) [ 0101000000]
trunc_ln586_3            (partselect       ) [ 0101000000]
sext_ln586               (sext             ) [ 0000000000]
gmem0_addr               (getelementptr    ) [ 0000000000]
empty                    (writereq         ) [ 0000000000]
sext_ln586_1             (sext             ) [ 0000000000]
gmem1_addr               (getelementptr    ) [ 0000000000]
empty_80                 (writereq         ) [ 0000000000]
sext_ln586_2             (sext             ) [ 0000000000]
gmem2_addr               (getelementptr    ) [ 0000000000]
empty_81                 (writereq         ) [ 0000000000]
sext_ln586_3             (sext             ) [ 0000000000]
gmem3_addr               (getelementptr    ) [ 0000000000]
empty_82                 (writereq         ) [ 0000000000]
store_ln586              (store            ) [ 0000000000]
store_ln586              (store            ) [ 0000000000]
store_ln586              (store            ) [ 0000000000]
store_ln586              (store            ) [ 0000000000]
br_ln0                   (br               ) [ 0000000000]
point_result_stream_read (read             ) [ 0000000000]
out_x                    (trunc            ) [ 0100100000]
out_y                    (partselect       ) [ 0100100000]
out_z                    (partselect       ) [ 0100100000]
out_t                    (partselect       ) [ 0100100000]
sext_ln586_312_load      (load             ) [ 0000000000]
sext_ln586_214_load      (load             ) [ 0000000000]
sext_ln586_116_load      (load             ) [ 0000000000]
sext_ln58618_load        (load             ) [ 0000000000]
specloopname_ln0         (specloopname     ) [ 0000000000]
speclooptripcount_ln0    (speclooptripcount) [ 0000000000]
specpipeline_ln588       (specpipeline     ) [ 0000000000]
gmem0_addr_1             (getelementptr    ) [ 0100011111]
write_ln591              (write            ) [ 0000000000]
gmem1_addr_1             (getelementptr    ) [ 0100011111]
write_ln592              (write            ) [ 0000000000]
gmem2_addr_1             (getelementptr    ) [ 0100011111]
write_ln593              (write            ) [ 0000000000]
gmem3_addr_1             (getelementptr    ) [ 0100011111]
write_ln594              (write            ) [ 0000000000]
empty_83                 (writeresp        ) [ 0000000000]
empty_84                 (writeresp        ) [ 0000000000]
empty_85                 (writeresp        ) [ 0000000000]
empty_86                 (writeresp        ) [ 0000000000]
br_ln0                   (br               ) [ 0000000000]
ret_ln0                  (ret              ) [ 0000000000]
</LifeTime>

<model>

<comp_list>
<comp id="0" class="1000" name="gmem0">
<pin_list>
<pin id="1" dir="1" index="0" bw="1" slack="0"/>
</pin_list>
<bind>
<StgValue><ssdm name="gmem0"/><MemPortTyVec>1 </MemPortTyVec>
</StgValue>
</bind>
</comp>

<comp id="2" class="1000" name="result_x">
<pin_list>
<pin id="3" dir="1" index="0" bw="1" slack="0"/>
</pin_list>
<bind>
<StgValue><ssdm name="result_x"/></StgValue>
</bind>
</comp>

<comp id="4" class="1000" name="gmem1">
<pin_list>
<pin id="5" dir="1" index="0" bw="1" slack="0"/>
</pin_list>
<bind>
<StgValue><ssdm name="gmem1"/><MemPortTyVec>1 </MemPortTyVec>
</StgValue>
</bind>
</comp>

<comp id="6" class="1000" name="result_y">
<pin_list>
<pin id="7" dir="1" index="0" bw="1" slack="0"/>
</pin_list>
<bind>
<StgValue><ssdm name="result_y"/></StgValue>
</bind>
</comp>

<comp id="8" class="1000" name="gmem2">
<pin_list>
<pin id="9" dir="1" index="0" bw="1" slack="0"/>
</pin_list>
<bind>
<StgValue><ssdm name="gmem2"/><MemPortTyVec>1 </MemPortTyVec>
</StgValue>
</bind>
</comp>

<comp id="10" class="1000" name="result_z">
<pin_list>
<pin id="11" dir="1" index="0" bw="1" slack="0"/>
</pin_list>
<bind>
<StgValue><ssdm name="result_z"/></StgValue>
</bind>
</comp>

<comp id="12" class="1000" name="gmem3">
<pin_list>
<pin id="13" dir="1" index="0" bw="1" slack="0"/>
</pin_list>
<bind>
<StgValue><ssdm name="gmem3"/><MemPortTyVec>1 </MemPortTyVec>
</StgValue>
</bind>
</comp>

<comp id="14" class="1000" name="result_t">
<pin_list>
<pin id="15" dir="1" index="0" bw="1" slack="0"/>
</pin_list>
<bind>
<StgValue><ssdm name="result_t"/></StgValue>
</bind>
</comp>

<comp id="16" class="1000" name="point_result_stream">
<pin_list>
<pin id="17" dir="1" index="0" bw="1" slack="0"/>
</pin_list>
<bind>
<StgValue><ssdm name="point_result_stream"/></StgValue>
</bind>
</comp>

<comp id="18" class="1001" name="const_18">
<pin_list>
<pin id="19" dir="1" index="0" bw="1" slack="0"/>
</pin_list>
<bind>
<StgValue><ssdm name=""/></StgValue>
</bind>
</comp>

<comp id="20" class="1001" name="const_20">
<pin_list>
<pin id="21" dir="1" index="0" bw="1" slack="2147483647"/>
</pin_list>
<bind>
<StgValue><ssdm name="_ssdm_op_SpecInterface"/></StgValue>
</bind>
</comp>

<comp id="22" class="1001" name="const_22">
<pin_list>
<pin id="23" dir="1" index="0" bw="1" slack="2147483647"/>
</pin_list>
<bind>
<StgValue><ssdm name="ap_fifo_str"/></StgValue>
</bind>
</comp>

<comp id="24" class="1001" name="const_24">
<pin_list>
<pin id="25" dir="1" index="0" bw="1" slack="2147483647"/>
</pin_list>
<bind>
<StgValue><ssdm name=""/></StgValue>
</bind>
</comp>

<comp id="26" class="1001" name="const_26">
<pin_list>
<pin id="27" dir="1" index="0" bw="1" slack="2147483647"/>
</pin_list>
<bind>
<StgValue><ssdm name="p_str"/></StgValue>
</bind>
</comp>

<comp id="28" class="1001" name="const_28">
<pin_list>
<pin id="29" dir="1" index="0" bw="1" slack="2147483647"/>
</pin_list>
<bind>
<StgValue><ssdm name=""/></StgValue>
</bind>
</comp>

<comp id="30" class="1001" name="const_30">
<pin_list>
<pin id="31" dir="1" index="0" bw="1" slack="2147483647"/>
</pin_list>
<bind>
<StgValue><ssdm name=""/></StgValue>
</bind>
</comp>

<comp id="32" class="1001" name="const_32">
<pin_list>
<pin id="33" dir="1" index="0" bw="1" slack="2147483647"/>
</pin_list>
<bind>
<StgValue><ssdm name="ScalarProp_str"/></StgValue>
</bind>
</comp>

<comp id="34" class="1001" name="const_34">
<pin_list>
<pin id="35" dir="1" index="0" bw="1" slack="0"/>
</pin_list>
<bind>
<StgValue><ssdm name=""/></StgValue>
</bind>
</comp>

<comp id="36" class="1001" name="const_36">
<pin_list>
<pin id="37" dir="1" index="0" bw="1" slack="2147483647"/>
</pin_list>
<bind>
<StgValue><ssdm name="empty_3"/></StgValue>
</bind>
</comp>

<comp id="38" class="1001" name="const_38">
<pin_list>
<pin id="39" dir="1" index="0" bw="1" slack="2147483647"/>
</pin_list>
<bind>
<StgValue><ssdm name="empty_15"/></StgValue>
</bind>
</comp>

<comp id="40" class="1001" name="const_40">
<pin_list>
<pin id="41" dir="1" index="0" bw="1" slack="2147483647"/>
</pin_list>
<bind>
<StgValue><ssdm name="empty_11"/></StgValue>
</bind>
</comp>

<comp id="42" class="1001" name="const_42">
<pin_list>
<pin id="43" dir="1" index="0" bw="1" slack="2147483647"/>
</pin_list>
<bind>
<StgValue><ssdm name="empty_22"/></StgValue>
</bind>
</comp>

<comp id="44" class="1001" name="const_44">
<pin_list>
<pin id="45" dir="1" index="0" bw="1" slack="2147483647"/>
</pin_list>
<bind>
<StgValue><ssdm name="empty_1"/></StgValue>
</bind>
</comp>

<comp id="46" class="1001" name="const_46">
<pin_list>
<pin id="47" dir="1" index="0" bw="1" slack="2147483647"/>
</pin_list>
<bind>
<StgValue><ssdm name="empty_23"/></StgValue>
</bind>
</comp>

<comp id="48" class="1001" name="const_48">
<pin_list>
<pin id="49" dir="1" index="0" bw="1" slack="2147483647"/>
</pin_list>
<bind>
<StgValue><ssdm name="empty_24"/></StgValue>
</bind>
</comp>

<comp id="50" class="1001" name="const_50">
<pin_list>
<pin id="51" dir="1" index="0" bw="1" slack="2147483647"/>
</pin_list>
<bind>
<StgValue><ssdm name="empty_0"/></StgValue>
</bind>
</comp>

<comp id="52" class="1001" name="const_52">
<pin_list>
<pin id="53" dir="1" index="0" bw="1" slack="0"/>
</pin_list>
<bind>
<StgValue><ssdm name=""/></StgValue>
</bind>
</comp>

<comp id="54" class="1001" name="const_54">
<pin_list>
<pin id="55" dir="1" index="0" bw="1" slack="0"/>
</pin_list>
<bind>
<StgValue><ssdm name=""/></StgValue>
</bind>
</comp>

<comp id="56" class="1001" name="const_56">
<pin_list>
<pin id="57" dir="1" index="0" bw="1" slack="0"/>
</pin_list>
<bind>
<StgValue><ssdm name=""/></StgValue>
</bind>
</comp>

<comp id="58" class="1001" name="const_58">
<pin_list>
<pin id="59" dir="1" index="0" bw="1" slack="0"/>
</pin_list>
<bind>
<StgValue><ssdm name=""/></StgValue>
</bind>
</comp>

<comp id="60" class="1001" name="const_60">
<pin_list>
<pin id="61" dir="1" index="0" bw="1" slack="0"/>
</pin_list>
<bind>
<StgValue><ssdm name=""/></StgValue>
</bind>
</comp>

<comp id="62" class="1001" name="const_62">
<pin_list>
<pin id="63" dir="1" index="0" bw="1" slack="0"/>
</pin_list>
<bind>
<StgValue><ssdm name="_ssdm_op_Read.ap_fifo.i64P0A"/></StgValue>
</bind>
</comp>

<comp id="64" class="1001" name="const_64">
<pin_list>
<pin id="65" dir="1" index="0" bw="1" slack="0"/>
</pin_list>
<bind>
<StgValue><ssdm name="_ssdm_op_PartSelect.i59.i64.i32.i32"/></StgValue>
</bind>
</comp>

<comp id="66" class="1001" name="const_66">
<pin_list>
<pin id="67" dir="1" index="0" bw="1" slack="0"/>
</pin_list>
<bind>
<StgValue><ssdm name=""/></StgValue>
</bind>
</comp>

<comp id="68" class="1001" name="const_68">
<pin_list>
<pin id="69" dir="1" index="0" bw="1" slack="0"/>
</pin_list>
<bind>
<StgValue><ssdm name=""/></StgValue>
</bind>
</comp>

<comp id="70" class="1001" name="const_70">
<pin_list>
<pin id="71" dir="1" index="0" bw="1" slack="0"/>
</pin_list>
<bind>
<StgValue><ssdm name="_ssdm_op_WriteReq.m_axi.p1i256"/></StgValue>
</bind>
</comp>

<comp id="72" class="1001" name="const_72">
<pin_list>
<pin id="73" dir="1" index="0" bw="1" slack="0"/>
</pin_list>
<bind>
<StgValue><ssdm name=""/></StgValue>
</bind>
</comp>

<comp id="74" class="1001" name="const_74">
<pin_list>
<pin id="75" dir="1" index="0" bw="1" slack="0"/>
</pin_list>
<bind>
<StgValue><ssdm name="_ssdm_op_Read.ap_fifo.volatile.i1024P0A"/></StgValue>
</bind>
</comp>

<comp id="76" class="1001" name="const_76">
<pin_list>
<pin id="77" dir="1" index="0" bw="1" slack="0"/>
</pin_list>
<bind>
<StgValue><ssdm name="_ssdm_op_PartSelect.i256.i1024.i1024"/></StgValue>
</bind>
</comp>

<comp id="78" class="1001" name="const_78">
<pin_list>
<pin id="79" dir="1" index="0" bw="1" slack="0"/>
</pin_list>
<bind>
<StgValue><ssdm name=""/></StgValue>
</bind>
</comp>

<comp id="80" class="1001" name="const_80">
<pin_list>
<pin id="81" dir="1" index="0" bw="1" slack="0"/>
</pin_list>
<bind>
<StgValue><ssdm name=""/></StgValue>
</bind>
</comp>

<comp id="82" class="1001" name="const_82">
<pin_list>
<pin id="83" dir="1" index="0" bw="1" slack="0"/>
</pin_list>
<bind>
<StgValue><ssdm name=""/></StgValue>
</bind>
</comp>

<comp id="84" class="1001" name="const_84">
<pin_list>
<pin id="85" dir="1" index="0" bw="1" slack="2147483647"/>
</pin_list>
<bind>
<StgValue><ssdm name="_ssdm_op_SpecLoopName"/></StgValue>
</bind>
</comp>

<comp id="86" class="1001" name="const_86">
<pin_list>
<pin id="87" dir="1" index="0" bw="1" slack="2147483647"/>
</pin_list>
<bind>
<StgValue><ssdm name="VITIS_LOOP_586_1_VITIS_LOOP_588_2_str"/></StgValue>
</bind>
</comp>

<comp id="88" class="1001" name="const_88">
<pin_list>
<pin id="89" dir="1" index="0" bw="1" slack="2147483647"/>
</pin_list>
<bind>
<StgValue><ssdm name="_ssdm_op_SpecLoopTripCount"/></StgValue>
</bind>
</comp>

<comp id="90" class="1001" name="const_90">
<pin_list>
<pin id="91" dir="1" index="0" bw="1" slack="2147483647"/>
</pin_list>
<bind>
<StgValue><ssdm name="_ssdm_op_SpecPipeline"/></StgValue>
</bind>
</comp>

<comp id="92" class="1001" name="const_92">
<pin_list>
<pin id="93" dir="1" index="0" bw="1" slack="0"/>
</pin_list>
<bind>
<StgValue><ssdm name="_ssdm_op_Write.m_axi.p1i256"/></StgValue>
</bind>
</comp>

<comp id="94" class="1001" name="const_94">
<pin_list>
<pin id="95" dir="1" index="0" bw="1" slack="0"/>
</pin_list>
<bind>
<StgValue><ssdm name="_ssdm_op_WriteResp.m_axi.p1i256"/></StgValue>
</bind>
</comp>

<comp id="96" class="1004" name="indvar_flatten11_fu_96">
<pin_list>
<pin id="97" dir="0" index="0" bw="1" slack="0"/>
<pin id="98" dir="1" index="1" bw="15" slack="0"/>
</pin_list>
<bind>
<opcode="alloca(26) " fcode="alloca"/>
<opset="indvar_flatten11/1 "/>
</bind>
</comp>

<comp id="100" class="1004" name="sext_ln586_312_fu_100">
<pin_list>
<pin id="101" dir="0" index="0" bw="1" slack="0"/>
<pin id="102" dir="1" index="1" bw="64" slack="2"/>
</pin_list>
<bind>
<opcode="alloca(26) " fcode="alloca"/>
<opset="sext_ln586_312/1 "/>
</bind>
</comp>

<comp id="104" class="1004" name="sext_ln586_214_fu_104">
<pin_list>
<pin id="105" dir="0" index="0" bw="1" slack="0"/>
<pin id="106" dir="1" index="1" bw="64" slack="2"/>
</pin_list>
<bind>
<opcode="alloca(26) " fcode="alloca"/>
<opset="sext_ln586_214/1 "/>
</bind>
</comp>

<comp id="108" class="1004" name="sext_ln586_116_fu_108">
<pin_list>
<pin id="109" dir="0" index="0" bw="1" slack="0"/>
<pin id="110" dir="1" index="1" bw="64" slack="2"/>
</pin_list>
<bind>
<opcode="alloca(26) " fcode="alloca"/>
<opset="sext_ln586_116/1 "/>
</bind>
</comp>

<comp id="112" class="1004" name="sext_ln58618_fu_112">
<pin_list>
<pin id="113" dir="0" index="0" bw="1" slack="0"/>
<pin id="114" dir="1" index="1" bw="64" slack="2"/>
</pin_list>
<bind>
<opcode="alloca(26) " fcode="alloca"/>
<opset="sext_ln58618/1 "/>
</bind>
</comp>

<comp id="116" class="1004" name="result_t_read_read_fu_116">
<pin_list>
<pin id="117" dir="0" index="0" bw="64" slack="0"/>
<pin id="118" dir="0" index="1" bw="64" slack="0"/>
<pin id="119" dir="1" index="2" bw="64" slack="0"/>
</pin_list>
<bind>
<opcode="read(1150) " fcode="read"/>
<opset="result_t_read/2 "/>
</bind>
</comp>

<comp id="122" class="1004" name="result_z_read_read_fu_122">
<pin_list>
<pin id="123" dir="0" index="0" bw="64" slack="0"/>
<pin id="124" dir="0" index="1" bw="64" slack="0"/>
<pin id="125" dir="1" index="2" bw="64" slack="0"/>
</pin_list>
<bind>
<opcode="read(1150) " fcode="read"/>
<opset="result_z_read/2 "/>
</bind>
</comp>

<comp id="128" class="1004" name="result_y_read_read_fu_128">
<pin_list>
<pin id="129" dir="0" index="0" bw="64" slack="0"/>
<pin id="130" dir="0" index="1" bw="64" slack="0"/>
<pin id="131" dir="1" index="2" bw="64" slack="0"/>
</pin_list>
<bind>
<opcode="read(1150) " fcode="read"/>
<opset="result_y_read/2 "/>
</bind>
</comp>

<comp id="134" class="1004" name="result_x_read_read_fu_134">
<pin_list>
<pin id="135" dir="0" index="0" bw="64" slack="0"/>
<pin id="136" dir="0" index="1" bw="64" slack="0"/>
<pin id="137" dir="1" index="2" bw="64" slack="0"/>
</pin_list>
<bind>
<opcode="read(1150) " fcode="read"/>
<opset="result_x_read/2 "/>
</bind>
</comp>

<comp id="140" class="1004" name="empty_writereq_fu_140">
<pin_list>
<pin id="141" dir="0" index="0" bw="1" slack="0"/>
<pin id="142" dir="0" index="1" bw="256" slack="0"/>
<pin id="143" dir="0" index="2" bw="16" slack="0"/>
<pin id="144" dir="1" index="3" bw="1" slack="2147483647"/>
</pin_list>
<bind>
<opcode="writereq(1155) " fcode="writereq"/>
<opset="empty/3 "/>
</bind>
</comp>

<comp id="147" class="1004" name="empty_80_writereq_fu_147">
<pin_list>
<pin id="148" dir="0" index="0" bw="1" slack="0"/>
<pin id="149" dir="0" index="1" bw="256" slack="0"/>
<pin id="150" dir="0" index="2" bw="16" slack="0"/>
<pin id="151" dir="1" index="3" bw="1" slack="2147483647"/>
</pin_list>
<bind>
<opcode="writereq(1155) " fcode="writereq"/>
<opset="empty_80/3 "/>
</bind>
</comp>

<comp id="154" class="1004" name="empty_81_writereq_fu_154">
<pin_list>
<pin id="155" dir="0" index="0" bw="1" slack="0"/>
<pin id="156" dir="0" index="1" bw="256" slack="0"/>
<pin id="157" dir="0" index="2" bw="16" slack="0"/>
<pin id="158" dir="1" index="3" bw="1" slack="2147483647"/>
</pin_list>
<bind>
<opcode="writereq(1155) " fcode="writereq"/>
<opset="empty_81/3 "/>
</bind>
</comp>

<comp id="161" class="1004" name="empty_82_writereq_fu_161">
<pin_list>
<pin id="162" dir="0" index="0" bw="1" slack="0"/>
<pin id="163" dir="0" index="1" bw="256" slack="0"/>
<pin id="164" dir="0" index="2" bw="16" slack="0"/>
<pin id="165" dir="1" index="3" bw="1" slack="2147483647"/>
</pin_list>
<bind>
<opcode="writereq(1155) " fcode="writereq"/>
<opset="empty_82/3 "/>
</bind>
</comp>

<comp id="168" class="1004" name="point_result_stream_read_read_fu_168">
<pin_list>
<pin id="169" dir="0" index="0" bw="1024" slack="0"/>
<pin id="170" dir="0" index="1" bw="1024" slack="0"/>
<pin id="171" dir="1" index="2" bw="1024" slack="0"/>
</pin_list>
<bind>
<opcode="read(1150) " fcode="read"/>
<opset="point_result_stream_read/3 "/>
</bind>
</comp>

<comp id="174" class="1004" name="write_ln591_write_fu_174">
<pin_list>
<pin id="175" dir="0" index="0" bw="0" slack="0"/>
<pin id="176" dir="0" index="1" bw="256" slack="0"/>
<pin id="177" dir="0" index="2" bw="256" slack="1"/>
<pin id="178" dir="0" index="3" bw="1" slack="0"/>
<pin id="179" dir="1" index="4" bw="0" slack="2147483647"/>
</pin_list>
<bind>
<opcode="write(1151) " fcode="write"/>
<opset="write_ln591/4 "/>
</bind>
</comp>

<comp id="182" class="1004" name="write_ln592_write_fu_182">
<pin_list>
<pin id="183" dir="0" index="0" bw="0" slack="0"/>
<pin id="184" dir="0" index="1" bw="256" slack="0"/>
<pin id="185" dir="0" index="2" bw="256" slack="1"/>
<pin id="186" dir="0" index="3" bw="1" slack="0"/>
<pin id="187" dir="1" index="4" bw="0" slack="2147483647"/>
</pin_list>
<bind>
<opcode="write(1151) " fcode="write"/>
<opset="write_ln592/4 "/>
</bind>
</comp>

<comp id="190" class="1004" name="write_ln593_write_fu_190">
<pin_list>
<pin id="191" dir="0" index="0" bw="0" slack="0"/>
<pin id="192" dir="0" index="1" bw="256" slack="0"/>
<pin id="193" dir="0" index="2" bw="256" slack="1"/>
<pin id="194" dir="0" index="3" bw="1" slack="0"/>
<pin id="195" dir="1" index="4" bw="0" slack="2147483647"/>
</pin_list>
<bind>
<opcode="write(1151) " fcode="write"/>
<opset="write_ln593/4 "/>
</bind>
</comp>

<comp id="198" class="1004" name="write_ln594_write_fu_198">
<pin_list>
<pin id="199" dir="0" index="0" bw="0" slack="0"/>
<pin id="200" dir="0" index="1" bw="256" slack="0"/>
<pin id="201" dir="0" index="2" bw="256" slack="1"/>
<pin id="202" dir="0" index="3" bw="1" slack="0"/>
<pin id="203" dir="1" index="4" bw="0" slack="2147483647"/>
</pin_list>
<bind>
<opcode="write(1151) " fcode="write"/>
<opset="write_ln594/4 "/>
</bind>
</comp>

<comp id="206" class="1004" name="grp_writeresp_fu_206">
<pin_list>
<pin id="207" dir="0" index="0" bw="1" slack="0"/>
<pin id="208" dir="0" index="1" bw="256" slack="1"/>
<pin id="209" dir="1" index="2" bw="1" slack="2147483647"/>
</pin_list>
<bind>
<opcode="writeresp(1158) " fcode="writeresp"/>
<opset="empty_83/5 "/>
</bind>
</comp>

<comp id="211" class="1004" name="grp_writeresp_fu_211">
<pin_list>
<pin id="212" dir="0" index="0" bw="1" slack="0"/>
<pin id="213" dir="0" index="1" bw="256" slack="1"/>
<pin id="214" dir="1" index="2" bw="1" slack="2147483647"/>
</pin_list>
<bind>
<opcode="writeresp(1158) " fcode="writeresp"/>
<opset="empty_84/5 "/>
</bind>
</comp>

<comp id="216" class="1004" name="grp_writeresp_fu_216">
<pin_list>
<pin id="217" dir="0" index="0" bw="1" slack="0"/>
<pin id="218" dir="0" index="1" bw="256" slack="1"/>
<pin id="219" dir="1" index="2" bw="1" slack="2147483647"/>
</pin_list>
<bind>
<opcode="writeresp(1158) " fcode="writeresp"/>
<opset="empty_85/5 "/>
</bind>
</comp>

<comp id="221" class="1004" name="grp_writeresp_fu_221">
<pin_list>
<pin id="222" dir="0" index="0" bw="1" slack="0"/>
<pin id="223" dir="0" index="1" bw="256" slack="1"/>
<pin id="224" dir="1" index="2" bw="1" slack="2147483647"/>
</pin_list>
<bind>
<opcode="writeresp(1158) " fcode="writeresp"/>
<opset="empty_86/5 "/>
</bind>
</comp>

<comp id="226" class="1005" name="first_iter_0_reg_226">
<pin_list>
<pin id="227" dir="0" index="0" bw="1" slack="1"/>
<pin id="228" dir="1" index="1" bw="1" slack="2147483647"/>
</pin_list>
<bind>
<opset="first_iter_0 (phireg) "/>
</bind>
</comp>

<comp id="229" class="1004" name="first_iter_0_phi_fu_229">
<pin_list>
<pin id="230" dir="0" index="0" bw="1" slack="0"/>
<pin id="231" dir="0" index="1" bw="0" slack="2147483647"/>
<pin id="232" dir="0" index="2" bw="1" slack="0"/>
<pin id="233" dir="0" index="3" bw="0" slack="2147483647"/>
<pin id="234" dir="1" index="4" bw="1" slack="1"/>
</pin_list>
<bind>
<opcode="phi(47) " fcode="phi"/>
<opset="first_iter_0/1 "/>
</bind>
</comp>

<comp id="238" class="1004" name="store_ln0_store_fu_238">
<pin_list>
<pin id="239" dir="0" index="0" bw="1" slack="0"/>
<pin id="240" dir="0" index="1" bw="15" slack="0"/>
<pin id="241" dir="1" index="2" bw="0" slack="2147483647"/>
</pin_list>
<bind>
<opcode="store(28) " fcode="store"/>
<opset="store_ln0/1 "/>
</bind>
</comp>

<comp id="243" class="1004" name="indvar_flatten11_load_load_fu_243">
<pin_list>
<pin id="244" dir="0" index="0" bw="15" slack="0"/>
<pin id="245" dir="1" index="1" bw="15" slack="0"/>
</pin_list>
<bind>
<opcode="load(27) " fcode="load"/>
<opset="indvar_flatten11_load/1 "/>
</bind>
</comp>

<comp id="246" class="1004" name="add_ln586_fu_246">
<pin_list>
<pin id="247" dir="0" index="0" bw="15" slack="0"/>
<pin id="248" dir="0" index="1" bw="1" slack="0"/>
<pin id="249" dir="1" index="2" bw="15" slack="0"/>
</pin_list>
<bind>
<opcode="add(8) " fcode="add"/>
<opset="add_ln586/1 "/>
</bind>
</comp>

<comp id="252" class="1004" name="icmp_ln586_fu_252">
<pin_list>
<pin id="253" dir="0" index="0" bw="15" slack="0"/>
<pin id="254" dir="0" index="1" bw="14" slack="0"/>
<pin id="255" dir="1" index="2" bw="1" slack="1"/>
</pin_list>
<bind>
<opcode="icmp(45) " fcode="icmp"/>
<opset="icmp_ln586/1 "/>
</bind>
</comp>

<comp id="258" class="1004" name="store_ln586_store_fu_258">
<pin_list>
<pin id="259" dir="0" index="0" bw="15" slack="0"/>
<pin id="260" dir="0" index="1" bw="15" slack="0"/>
<pin id="261" dir="1" index="2" bw="0" slack="2147483647"/>
</pin_list>
<bind>
<opcode="store(28) " fcode="store"/>
<opset="store_ln586/1 "/>
</bind>
</comp>

<comp id="263" class="1004" name="trunc_ln_fu_263">
<pin_list>
<pin id="264" dir="0" index="0" bw="59" slack="0"/>
<pin id="265" dir="0" index="1" bw="64" slack="0"/>
<pin id="266" dir="0" index="2" bw="4" slack="0"/>
<pin id="267" dir="0" index="3" bw="7" slack="0"/>
<pin id="268" dir="1" index="4" bw="59" slack="1"/>
</pin_list>
<bind>
<opcode="partselect(1002) " fcode="partselect"/>
<opset="trunc_ln/2 "/>
</bind>
</comp>

<comp id="273" class="1004" name="trunc_ln586_1_fu_273">
<pin_list>
<pin id="274" dir="0" index="0" bw="59" slack="0"/>
<pin id="275" dir="0" index="1" bw="64" slack="0"/>
<pin id="276" dir="0" index="2" bw="4" slack="0"/>
<pin id="277" dir="0" index="3" bw="7" slack="0"/>
<pin id="278" dir="1" index="4" bw="59" slack="1"/>
</pin_list>
<bind>
<opcode="partselect(1002) " fcode="partselect"/>
<opset="trunc_ln586_1/2 "/>
</bind>
</comp>

<comp id="283" class="1004" name="trunc_ln586_2_fu_283">
<pin_list>
<pin id="284" dir="0" index="0" bw="59" slack="0"/>
<pin id="285" dir="0" index="1" bw="64" slack="0"/>
<pin id="286" dir="0" index="2" bw="4" slack="0"/>
<pin id="287" dir="0" index="3" bw="7" slack="0"/>
<pin id="288" dir="1" index="4" bw="59" slack="1"/>
</pin_list>
<bind>
<opcode="partselect(1002) " fcode="partselect"/>
<opset="trunc_ln586_2/2 "/>
</bind>
</comp>

<comp id="293" class="1004" name="trunc_ln586_3_fu_293">
<pin_list>
<pin id="294" dir="0" index="0" bw="59" slack="0"/>
<pin id="295" dir="0" index="1" bw="64" slack="0"/>
<pin id="296" dir="0" index="2" bw="4" slack="0"/>
<pin id="297" dir="0" index="3" bw="7" slack="0"/>
<pin id="298" dir="1" index="4" bw="59" slack="1"/>
</pin_list>
<bind>
<opcode="partselect(1002) " fcode="partselect"/>
<opset="trunc_ln586_3/2 "/>
</bind>
</comp>

<comp id="303" class="1004" name="sext_ln586_fu_303">
<pin_list>
<pin id="304" dir="0" index="0" bw="59" slack="1"/>
<pin id="305" dir="1" index="1" bw="64" slack="0"/>
</pin_list>
<bind>
<opcode="sext(35) " fcode="sext"/>
<opset="sext_ln586/3 "/>
</bind>
</comp>

<comp id="306" class="1004" name="gmem0_addr_fu_306">
<pin_list>
<pin id="307" dir="0" index="0" bw="256" slack="0"/>
<pin id="308" dir="0" index="1" bw="59" slack="0"/>
<pin id="309" dir="1" index="2" bw="256" slack="0"/>
</pin_list>
<bind>
<opcode="getelementptr(29) " fcode="getelementptr"/>
<opset="gmem0_addr/3 "/>
</bind>
</comp>

<comp id="313" class="1004" name="sext_ln586_1_fu_313">
<pin_list>
<pin id="314" dir="0" index="0" bw="59" slack="1"/>
<pin id="315" dir="1" index="1" bw="64" slack="0"/>
</pin_list>
<bind>
<opcode="sext(35) " fcode="sext"/>
<opset="sext_ln586_1/3 "/>
</bind>
</comp>

<comp id="316" class="1004" name="gmem1_addr_fu_316">
<pin_list>
<pin id="317" dir="0" index="0" bw="256" slack="0"/>
<pin id="318" dir="0" index="1" bw="59" slack="0"/>
<pin id="319" dir="1" index="2" bw="256" slack="0"/>
</pin_list>
<bind>
<opcode="getelementptr(29) " fcode="getelementptr"/>
<opset="gmem1_addr/3 "/>
</bind>
</comp>

<comp id="323" class="1004" name="sext_ln586_2_fu_323">
<pin_list>
<pin id="324" dir="0" index="0" bw="59" slack="1"/>
<pin id="325" dir="1" index="1" bw="64" slack="0"/>
</pin_list>
<bind>
<opcode="sext(35) " fcode="sext"/>
<opset="sext_ln586_2/3 "/>
</bind>
</comp>

<comp id="326" class="1004" name="gmem2_addr_fu_326">
<pin_list>
<pin id="327" dir="0" index="0" bw="256" slack="0"/>
<pin id="328" dir="0" index="1" bw="59" slack="0"/>
<pin id="329" dir="1" index="2" bw="256" slack="0"/>
</pin_list>
<bind>
<opcode="getelementptr(29) " fcode="getelementptr"/>
<opset="gmem2_addr/3 "/>
</bind>
</comp>

<comp id="333" class="1004" name="sext_ln586_3_fu_333">
<pin_list>
<pin id="334" dir="0" index="0" bw="59" slack="1"/>
<pin id="335" dir="1" index="1" bw="64" slack="0"/>
</pin_list>
<bind>
<opcode="sext(35) " fcode="sext"/>
<opset="sext_ln586_3/3 "/>
</bind>
</comp>

<comp id="336" class="1004" name="gmem3_addr_fu_336">
<pin_list>
<pin id="337" dir="0" index="0" bw="256" slack="0"/>
<pin id="338" dir="0" index="1" bw="59" slack="0"/>
<pin id="339" dir="1" index="2" bw="256" slack="0"/>
</pin_list>
<bind>
<opcode="getelementptr(29) " fcode="getelementptr"/>
<opset="gmem3_addr/3 "/>
</bind>
</comp>

<comp id="343" class="1004" name="store_ln586_store_fu_343">
<pin_list>
<pin id="344" dir="0" index="0" bw="59" slack="0"/>
<pin id="345" dir="0" index="1" bw="64" slack="2"/>
<pin id="346" dir="1" index="2" bw="0" slack="2147483647"/>
</pin_list>
<bind>
<opcode="store(28) " fcode="store"/>
<opset="store_ln586/3 "/>
</bind>
</comp>

<comp id="348" class="1004" name="store_ln586_store_fu_348">
<pin_list>
<pin id="349" dir="0" index="0" bw="59" slack="0"/>
<pin id="350" dir="0" index="1" bw="64" slack="2"/>
<pin id="351" dir="1" index="2" bw="0" slack="2147483647"/>
</pin_list>
<bind>
<opcode="store(28) " fcode="store"/>
<opset="store_ln586/3 "/>
</bind>
</comp>

<comp id="353" class="1004" name="store_ln586_store_fu_353">
<pin_list>
<pin id="354" dir="0" index="0" bw="59" slack="0"/>
<pin id="355" dir="0" index="1" bw="64" slack="2"/>
<pin id="356" dir="1" index="2" bw="0" slack="2147483647"/>
</pin_list>
<bind>
<opcode="store(28) " fcode="store"/>
<opset="store_ln586/3 "/>
</bind>
</comp>

<comp id="358" class="1004" name="store_ln586_store_fu_358">
<pin_list>
<pin id="359" dir="0" index="0" bw="59" slack="0"/>
<pin id="360" dir="0" index="1" bw="64" slack="2"/>
<pin id="361" dir="1" index="2" bw="0" slack="2147483647"/>
</pin_list>
<bind>
<opcode="store(28) " fcode="store"/>
<opset="store_ln586/3 "/>
</bind>
</comp>

<comp id="363" class="1004" name="out_x_fu_363">
<pin_list>
<pin id="364" dir="0" index="0" bw="1024" slack="0"/>
<pin id="365" dir="1" index="1" bw="256" slack="1"/>
</pin_list>
<bind>
<opcode="trunc(33) " fcode="trunc"/>
<opset="out_x/3 "/>
</bind>
</comp>

<comp id="367" class="1004" name="out_y_fu_367">
<pin_list>
<pin id="368" dir="0" index="0" bw="256" slack="0"/>
<pin id="369" dir="0" index="1" bw="1024" slack="0"/>
<pin id="370" dir="0" index="2" bw="10" slack="0"/>
<pin id="371" dir="1" index="3" bw="256" slack="1"/>
</pin_list>
<bind>
<opcode="partselect(1002) " fcode="partselect"/>
<opset="out_y/3 "/>
</bind>
</comp>

<comp id="375" class="1004" name="out_z_fu_375">
<pin_list>
<pin id="376" dir="0" index="0" bw="256" slack="0"/>
<pin id="377" dir="0" index="1" bw="1024" slack="0"/>
<pin id="378" dir="0" index="2" bw="11" slack="0"/>
<pin id="379" dir="1" index="3" bw="256" slack="1"/>
</pin_list>
<bind>
<opcode="partselect(1002) " fcode="partselect"/>
<opset="out_z/3 "/>
</bind>
</comp>

<comp id="383" class="1004" name="out_t_fu_383">
<pin_list>
<pin id="384" dir="0" index="0" bw="256" slack="0"/>
<pin id="385" dir="0" index="1" bw="1024" slack="0"/>
<pin id="386" dir="0" index="2" bw="11" slack="0"/>
<pin id="387" dir="1" index="3" bw="256" slack="1"/>
</pin_list>
<bind>
<opcode="partselect(1002) " fcode="partselect"/>
<opset="out_t/3 "/>
</bind>
</comp>

<comp id="391" class="1004" name="sext_ln586_312_load_load_fu_391">
<pin_list>
<pin id="392" dir="0" index="0" bw="64" slack="3"/>
<pin id="393" dir="1" index="1" bw="64" slack="0"/>
</pin_list>
<bind>
<opcode="load(27) " fcode="load"/>
<opset="sext_ln586_312_load/4 "/>
</bind>
</comp>

<comp id="394" class="1004" name="sext_ln586_214_load_load_fu_394">
<pin_list>
<pin id="395" dir="0" index="0" bw="64" slack="3"/>
<pin id="396" dir="1" index="1" bw="64" slack="0"/>
</pin_list>
<bind>
<opcode="load(27) " fcode="load"/>
<opset="sext_ln586_214_load/4 "/>
</bind>
</comp>

<comp id="397" class="1004" name="sext_ln586_116_load_load_fu_397">
<pin_list>
<pin id="398" dir="0" index="0" bw="64" slack="3"/>
<pin id="399" dir="1" index="1" bw="64" slack="0"/>
</pin_list>
<bind>
<opcode="load(27) " fcode="load"/>
<opset="sext_ln586_116_load/4 "/>
</bind>
</comp>

<comp id="400" class="1004" name="sext_ln58618_load_load_fu_400">
<pin_list>
<pin id="401" dir="0" index="0" bw="64" slack="3"/>
<pin id="402" dir="1" index="1" bw="64" slack="0"/>
</pin_list>
<bind>
<opcode="load(27) " fcode="load"/>
<opset="sext_ln58618_load/4 "/>
</bind>
</comp>

<comp id="403" class="1004" name="gmem0_addr_1_fu_403">
<pin_list>
<pin id="404" dir="0" index="0" bw="256" slack="0"/>
<pin id="405" dir="0" index="1" bw="64" slack="0"/>
<pin id="406" dir="1" index="2" bw="256" slack="0"/>
</pin_list>
<bind>
<opcode="getelementptr(29) " fcode="getelementptr"/>
<opset="gmem0_addr_1/4 "/>
</bind>
</comp>

<comp id="410" class="1004" name="gmem1_addr_1_fu_410">
<pin_list>
<pin id="411" dir="0" index="0" bw="256" slack="0"/>
<pin id="412" dir="0" index="1" bw="64" slack="0"/>
<pin id="413" dir="1" index="2" bw="256" slack="0"/>
</pin_list>
<bind>
<opcode="getelementptr(29) " fcode="getelementptr"/>
<opset="gmem1_addr_1/4 "/>
</bind>
</comp>

<comp id="417" class="1004" name="gmem2_addr_1_fu_417">
<pin_list>
<pin id="418" dir="0" index="0" bw="256" slack="0"/>
<pin id="419" dir="0" index="1" bw="64" slack="0"/>
<pin id="420" dir="1" index="2" bw="256" slack="0"/>
</pin_list>
<bind>
<opcode="getelementptr(29) " fcode="getelementptr"/>
<opset="gmem2_addr_1/4 "/>
</bind>
</comp>

<comp id="424" class="1004" name="gmem3_addr_1_fu_424">
<pin_list>
<pin id="425" dir="0" index="0" bw="256" slack="0"/>
<pin id="426" dir="0" index="1" bw="64" slack="0"/>
<pin id="427" dir="1" index="2" bw="256" slack="0"/>
</pin_list>
<bind>
<opcode="getelementptr(29) " fcode="getelementptr"/>
<opset="gmem3_addr_1/4 "/>
</bind>
</comp>

<comp id="431" class="1005" name="indvar_flatten11_reg_431">
<pin_list>
<pin id="432" dir="0" index="0" bw="15" slack="0"/>
<pin id="433" dir="1" index="1" bw="15" slack="0"/>
</pin_list>
<bind>
<opset="indvar_flatten11 "/>
</bind>
</comp>

<comp id="438" class="1005" name="sext_ln586_312_reg_438">
<pin_list>
<pin id="439" dir="0" index="0" bw="64" slack="2"/>
<pin id="440" dir="1" index="1" bw="64" slack="2"/>
</pin_list>
<bind>
<opset="sext_ln586_312 "/>
</bind>
</comp>

<comp id="444" class="1005" name="sext_ln586_214_reg_444">
<pin_list>
<pin id="445" dir="0" index="0" bw="64" slack="2"/>
<pin id="446" dir="1" index="1" bw="64" slack="2"/>
</pin_list>
<bind>
<opset="sext_ln586_214 "/>
</bind>
</comp>

<comp id="450" class="1005" name="sext_ln586_116_reg_450">
<pin_list>
<pin id="451" dir="0" index="0" bw="64" slack="2"/>
<pin id="452" dir="1" index="1" bw="64" slack="2"/>
</pin_list>
<bind>
<opset="sext_ln586_116 "/>
</bind>
</comp>

<comp id="456" class="1005" name="sext_ln58618_reg_456">
<pin_list>
<pin id="457" dir="0" index="0" bw="64" slack="2"/>
<pin id="458" dir="1" index="1" bw="64" slack="2"/>
</pin_list>
<bind>
<opset="sext_ln58618 "/>
</bind>
</comp>

<comp id="462" class="1005" name="icmp_ln586_reg_462">
<pin_list>
<pin id="463" dir="0" index="0" bw="1" slack="1"/>
<pin id="464" dir="1" index="1" bw="1" slack="2147483647"/>
</pin_list>
<bind>
<opset="icmp_ln586 "/>
</bind>
</comp>

<comp id="466" class="1005" name="trunc_ln_reg_466">
<pin_list>
<pin id="467" dir="0" index="0" bw="59" slack="1"/>
<pin id="468" dir="1" index="1" bw="59" slack="1"/>
</pin_list>
<bind>
<opset="trunc_ln "/>
</bind>
</comp>

<comp id="471" class="1005" name="trunc_ln586_1_reg_471">
<pin_list>
<pin id="472" dir="0" index="0" bw="59" slack="1"/>
<pin id="473" dir="1" index="1" bw="59" slack="1"/>
</pin_list>
<bind>
<opset="trunc_ln586_1 "/>
</bind>
</comp>

<comp id="476" class="1005" name="trunc_ln586_2_reg_476">
<pin_list>
<pin id="477" dir="0" index="0" bw="59" slack="1"/>
<pin id="478" dir="1" index="1" bw="59" slack="1"/>
</pin_list>
<bind>
<opset="trunc_ln586_2 "/>
</bind>
</comp>

<comp id="481" class="1005" name="trunc_ln586_3_reg_481">
<pin_list>
<pin id="482" dir="0" index="0" bw="59" slack="1"/>
<pin id="483" dir="1" index="1" bw="59" slack="1"/>
</pin_list>
<bind>
<opset="trunc_ln586_3 "/>
</bind>
</comp>

<comp id="486" class="1005" name="out_x_reg_486">
<pin_list>
<pin id="487" dir="0" index="0" bw="256" slack="1"/>
<pin id="488" dir="1" index="1" bw="256" slack="1"/>
</pin_list>
<bind>
<opset="out_x "/>
</bind>
</comp>

<comp id="491" class="1005" name="out_y_reg_491">
<pin_list>
<pin id="492" dir="0" index="0" bw="256" slack="1"/>
<pin id="493" dir="1" index="1" bw="256" slack="1"/>
</pin_list>
<bind>
<opset="out_y "/>
</bind>
</comp>

<comp id="496" class="1005" name="out_z_reg_496">
<pin_list>
<pin id="497" dir="0" index="0" bw="256" slack="1"/>
<pin id="498" dir="1" index="1" bw="256" slack="1"/>
</pin_list>
<bind>
<opset="out_z "/>
</bind>
</comp>

<comp id="501" class="1005" name="out_t_reg_501">
<pin_list>
<pin id="502" dir="0" index="0" bw="256" slack="1"/>
<pin id="503" dir="1" index="1" bw="256" slack="1"/>
</pin_list>
<bind>
<opset="out_t "/>
</bind>
</comp>

<comp id="506" class="1005" name="gmem0_addr_1_reg_506">
<pin_list>
<pin id="507" dir="0" index="0" bw="256" slack="1"/>
<pin id="508" dir="1" index="1" bw="256" slack="1"/>
</pin_list>
<bind>
<opset="gmem0_addr_1 "/>
</bind>
</comp>

<comp id="511" class="1005" name="gmem1_addr_1_reg_511">
<pin_list>
<pin id="512" dir="0" index="0" bw="256" slack="1"/>
<pin id="513" dir="1" index="1" bw="256" slack="1"/>
</pin_list>
<bind>
<opset="gmem1_addr_1 "/>
</bind>
</comp>

<comp id="516" class="1005" name="gmem2_addr_1_reg_516">
<pin_list>
<pin id="517" dir="0" index="0" bw="256" slack="1"/>
<pin id="518" dir="1" index="1" bw="256" slack="1"/>
</pin_list>
<bind>
<opset="gmem2_addr_1 "/>
</bind>
</comp>

<comp id="521" class="1005" name="gmem3_addr_1_reg_521">
<pin_list>
<pin id="522" dir="0" index="0" bw="256" slack="1"/>
<pin id="523" dir="1" index="1" bw="256" slack="1"/>
</pin_list>
<bind>
<opset="gmem3_addr_1 "/>
</bind>
</comp>

</comp_list>

<net_list>
<net id="99"><net_src comp="18" pin="0"/><net_sink comp="96" pin=0"/></net>

<net id="103"><net_src comp="18" pin="0"/><net_sink comp="100" pin=0"/></net>

<net id="107"><net_src comp="18" pin="0"/><net_sink comp="104" pin=0"/></net>

<net id="111"><net_src comp="18" pin="0"/><net_sink comp="108" pin=0"/></net>

<net id="115"><net_src comp="18" pin="0"/><net_sink comp="112" pin=0"/></net>

<net id="120"><net_src comp="62" pin="0"/><net_sink comp="116" pin=0"/></net>

<net id="121"><net_src comp="14" pin="0"/><net_sink comp="116" pin=1"/></net>

<net id="126"><net_src comp="62" pin="0"/><net_sink comp="122" pin=0"/></net>

<net id="127"><net_src comp="10" pin="0"/><net_sink comp="122" pin=1"/></net>

<net id="132"><net_src comp="62" pin="0"/><net_sink comp="128" pin=0"/></net>

<net id="133"><net_src comp="6" pin="0"/><net_sink comp="128" pin=1"/></net>

<net id="138"><net_src comp="62" pin="0"/><net_sink comp="134" pin=0"/></net>

<net id="139"><net_src comp="2" pin="0"/><net_sink comp="134" pin=1"/></net>

<net id="145"><net_src comp="70" pin="0"/><net_sink comp="140" pin=0"/></net>

<net id="146"><net_src comp="72" pin="0"/><net_sink comp="140" pin=2"/></net>

<net id="152"><net_src comp="70" pin="0"/><net_sink comp="147" pin=0"/></net>

<net id="153"><net_src comp="72" pin="0"/><net_sink comp="147" pin=2"/></net>

<net id="159"><net_src comp="70" pin="0"/><net_sink comp="154" pin=0"/></net>

<net id="160"><net_src comp="72" pin="0"/><net_sink comp="154" pin=2"/></net>

<net id="166"><net_src comp="70" pin="0"/><net_sink comp="161" pin=0"/></net>

<net id="167"><net_src comp="72" pin="0"/><net_sink comp="161" pin=2"/></net>

<net id="172"><net_src comp="74" pin="0"/><net_sink comp="168" pin=0"/></net>

<net id="173"><net_src comp="16" pin="0"/><net_sink comp="168" pin=1"/></net>

<net id="180"><net_src comp="92" pin="0"/><net_sink comp="174" pin=0"/></net>

<net id="181"><net_src comp="34" pin="0"/><net_sink comp="174" pin=3"/></net>

<net id="188"><net_src comp="92" pin="0"/><net_sink comp="182" pin=0"/></net>

<net id="189"><net_src comp="34" pin="0"/><net_sink comp="182" pin=3"/></net>

<net id="196"><net_src comp="92" pin="0"/><net_sink comp="190" pin=0"/></net>

<net id="197"><net_src comp="34" pin="0"/><net_sink comp="190" pin=3"/></net>

<net id="204"><net_src comp="92" pin="0"/><net_sink comp="198" pin=0"/></net>

<net id="205"><net_src comp="34" pin="0"/><net_sink comp="198" pin=3"/></net>

<net id="210"><net_src comp="94" pin="0"/><net_sink comp="206" pin=0"/></net>

<net id="215"><net_src comp="94" pin="0"/><net_sink comp="211" pin=0"/></net>

<net id="220"><net_src comp="94" pin="0"/><net_sink comp="216" pin=0"/></net>

<net id="225"><net_src comp="94" pin="0"/><net_sink comp="221" pin=0"/></net>

<net id="235"><net_src comp="54" pin="0"/><net_sink comp="229" pin=0"/></net>

<net id="236"><net_src comp="56" pin="0"/><net_sink comp="229" pin=2"/></net>

<net id="237"><net_src comp="229" pin="4"/><net_sink comp="226" pin=0"/></net>

<net id="242"><net_src comp="52" pin="0"/><net_sink comp="238" pin=0"/></net>

<net id="250"><net_src comp="243" pin="1"/><net_sink comp="246" pin=0"/></net>

<net id="251"><net_src comp="58" pin="0"/><net_sink comp="246" pin=1"/></net>

<net id="256"><net_src comp="243" pin="1"/><net_sink comp="252" pin=0"/></net>

<net id="257"><net_src comp="60" pin="0"/><net_sink comp="252" pin=1"/></net>

<net id="262"><net_src comp="246" pin="2"/><net_sink comp="258" pin=0"/></net>

<net id="269"><net_src comp="64" pin="0"/><net_sink comp="263" pin=0"/></net>

<net id="270"><net_src comp="134" pin="2"/><net_sink comp="263" pin=1"/></net>

<net id="271"><net_src comp="66" pin="0"/><net_sink comp="263" pin=2"/></net>

<net id="272"><net_src comp="68" pin="0"/><net_sink comp="263" pin=3"/></net>

<net id="279"><net_src comp="64" pin="0"/><net_sink comp="273" pin=0"/></net>

<net id="280"><net_src comp="128" pin="2"/><net_sink comp="273" pin=1"/></net>

<net id="281"><net_src comp="66" pin="0"/><net_sink comp="273" pin=2"/></net>

<net id="282"><net_src comp="68" pin="0"/><net_sink comp="273" pin=3"/></net>

<net id="289"><net_src comp="64" pin="0"/><net_sink comp="283" pin=0"/></net>

<net id="290"><net_src comp="122" pin="2"/><net_sink comp="283" pin=1"/></net>

<net id="291"><net_src comp="66" pin="0"/><net_sink comp="283" pin=2"/></net>

<net id="292"><net_src comp="68" pin="0"/><net_sink comp="283" pin=3"/></net>

<net id="299"><net_src comp="64" pin="0"/><net_sink comp="293" pin=0"/></net>

<net id="300"><net_src comp="116" pin="2"/><net_sink comp="293" pin=1"/></net>

<net id="301"><net_src comp="66" pin="0"/><net_sink comp="293" pin=2"/></net>

<net id="302"><net_src comp="68" pin="0"/><net_sink comp="293" pin=3"/></net>

<net id="310"><net_src comp="0" pin="0"/><net_sink comp="306" pin=0"/></net>

<net id="311"><net_src comp="303" pin="1"/><net_sink comp="306" pin=1"/></net>

<net id="312"><net_src comp="306" pin="2"/><net_sink comp="140" pin=1"/></net>

<net id="320"><net_src comp="4" pin="0"/><net_sink comp="316" pin=0"/></net>

<net id="321"><net_src comp="313" pin="1"/><net_sink comp="316" pin=1"/></net>

<net id="322"><net_src comp="316" pin="2"/><net_sink comp="147" pin=1"/></net>

<net id="330"><net_src comp="8" pin="0"/><net_sink comp="326" pin=0"/></net>

<net id="331"><net_src comp="323" pin="1"/><net_sink comp="326" pin=1"/></net>

<net id="332"><net_src comp="326" pin="2"/><net_sink comp="154" pin=1"/></net>

<net id="340"><net_src comp="12" pin="0"/><net_sink comp="336" pin=0"/></net>

<net id="341"><net_src comp="333" pin="1"/><net_sink comp="336" pin=1"/></net>

<net id="342"><net_src comp="336" pin="2"/><net_sink comp="161" pin=1"/></net>

<net id="347"><net_src comp="303" pin="1"/><net_sink comp="343" pin=0"/></net>

<net id="352"><net_src comp="313" pin="1"/><net_sink comp="348" pin=0"/></net>

<net id="357"><net_src comp="323" pin="1"/><net_sink comp="353" pin=0"/></net>

<net id="362"><net_src comp="333" pin="1"/><net_sink comp="358" pin=0"/></net>

<net id="366"><net_src comp="168" pin="2"/><net_sink comp="363" pin=0"/></net>

<net id="372"><net_src comp="76" pin="0"/><net_sink comp="367" pin=0"/></net>

<net id="373"><net_src comp="168" pin="2"/><net_sink comp="367" pin=1"/></net>

<net id="374"><net_src comp="78" pin="0"/><net_sink comp="367" pin=2"/></net>

<net id="380"><net_src comp="76" pin="0"/><net_sink comp="375" pin=0"/></net>

<net id="381"><net_src comp="168" pin="2"/><net_sink comp="375" pin=1"/></net>

<net id="382"><net_src comp="80" pin="0"/><net_sink comp="375" pin=2"/></net>

<net id="388"><net_src comp="76" pin="0"/><net_sink comp="383" pin=0"/></net>

<net id="389"><net_src comp="168" pin="2"/><net_sink comp="383" pin=1"/></net>

<net id="390"><net_src comp="82" pin="0"/><net_sink comp="383" pin=2"/></net>

<net id="407"><net_src comp="0" pin="0"/><net_sink comp="403" pin=0"/></net>

<net id="408"><net_src comp="400" pin="1"/><net_sink comp="403" pin=1"/></net>

<net id="409"><net_src comp="403" pin="2"/><net_sink comp="174" pin=1"/></net>

<net id="414"><net_src comp="4" pin="0"/><net_sink comp="410" pin=0"/></net>

<net id="415"><net_src comp="397" pin="1"/><net_sink comp="410" pin=1"/></net>

<net id="416"><net_src comp="410" pin="2"/><net_sink comp="182" pin=1"/></net>

<net id="421"><net_src comp="8" pin="0"/><net_sink comp="417" pin=0"/></net>

<net id="422"><net_src comp="394" pin="1"/><net_sink comp="417" pin=1"/></net>

<net id="423"><net_src comp="417" pin="2"/><net_sink comp="190" pin=1"/></net>

<net id="428"><net_src comp="12" pin="0"/><net_sink comp="424" pin=0"/></net>

<net id="429"><net_src comp="391" pin="1"/><net_sink comp="424" pin=1"/></net>

<net id="430"><net_src comp="424" pin="2"/><net_sink comp="198" pin=1"/></net>

<net id="434"><net_src comp="96" pin="1"/><net_sink comp="431" pin=0"/></net>

<net id="435"><net_src comp="431" pin="1"/><net_sink comp="238" pin=1"/></net>

<net id="436"><net_src comp="431" pin="1"/><net_sink comp="243" pin=0"/></net>

<net id="437"><net_src comp="431" pin="1"/><net_sink comp="258" pin=1"/></net>

<net id="441"><net_src comp="100" pin="1"/><net_sink comp="438" pin=0"/></net>

<net id="442"><net_src comp="438" pin="1"/><net_sink comp="358" pin=1"/></net>

<net id="443"><net_src comp="438" pin="1"/><net_sink comp="391" pin=0"/></net>

<net id="447"><net_src comp="104" pin="1"/><net_sink comp="444" pin=0"/></net>

<net id="448"><net_src comp="444" pin="1"/><net_sink comp="353" pin=1"/></net>

<net id="449"><net_src comp="444" pin="1"/><net_sink comp="394" pin=0"/></net>

<net id="453"><net_src comp="108" pin="1"/><net_sink comp="450" pin=0"/></net>

<net id="454"><net_src comp="450" pin="1"/><net_sink comp="348" pin=1"/></net>

<net id="455"><net_src comp="450" pin="1"/><net_sink comp="397" pin=0"/></net>

<net id="459"><net_src comp="112" pin="1"/><net_sink comp="456" pin=0"/></net>

<net id="460"><net_src comp="456" pin="1"/><net_sink comp="343" pin=1"/></net>

<net id="461"><net_src comp="456" pin="1"/><net_sink comp="400" pin=0"/></net>

<net id="465"><net_src comp="252" pin="2"/><net_sink comp="462" pin=0"/></net>

<net id="469"><net_src comp="263" pin="4"/><net_sink comp="466" pin=0"/></net>

<net id="470"><net_src comp="466" pin="1"/><net_sink comp="303" pin=0"/></net>

<net id="474"><net_src comp="273" pin="4"/><net_sink comp="471" pin=0"/></net>

<net id="475"><net_src comp="471" pin="1"/><net_sink comp="313" pin=0"/></net>

<net id="479"><net_src comp="283" pin="4"/><net_sink comp="476" pin=0"/></net>

<net id="480"><net_src comp="476" pin="1"/><net_sink comp="323" pin=0"/></net>

<net id="484"><net_src comp="293" pin="4"/><net_sink comp="481" pin=0"/></net>

<net id="485"><net_src comp="481" pin="1"/><net_sink comp="333" pin=0"/></net>

<net id="489"><net_src comp="363" pin="1"/><net_sink comp="486" pin=0"/></net>

<net id="490"><net_src comp="486" pin="1"/><net_sink comp="174" pin=2"/></net>

<net id="494"><net_src comp="367" pin="3"/><net_sink comp="491" pin=0"/></net>

<net id="495"><net_src comp="491" pin="1"/><net_sink comp="182" pin=2"/></net>

<net id="499"><net_src comp="375" pin="3"/><net_sink comp="496" pin=0"/></net>

<net id="500"><net_src comp="496" pin="1"/><net_sink comp="190" pin=2"/></net>

<net id="504"><net_src comp="383" pin="3"/><net_sink comp="501" pin=0"/></net>

<net id="505"><net_src comp="501" pin="1"/><net_sink comp="198" pin=2"/></net>

<net id="509"><net_src comp="403" pin="2"/><net_sink comp="506" pin=0"/></net>

<net id="510"><net_src comp="506" pin="1"/><net_sink comp="206" pin=1"/></net>

<net id="514"><net_src comp="410" pin="2"/><net_sink comp="511" pin=0"/></net>

<net id="515"><net_src comp="511" pin="1"/><net_sink comp="211" pin=1"/></net>

<net id="519"><net_src comp="417" pin="2"/><net_sink comp="516" pin=0"/></net>

<net id="520"><net_src comp="516" pin="1"/><net_sink comp="216" pin=1"/></net>

<net id="524"><net_src comp="424" pin="2"/><net_sink comp="521" pin=0"/></net>

<net id="525"><net_src comp="521" pin="1"/><net_sink comp="221" pin=1"/></net>

</net_list>

</model> 
---------------- Datapath Model END ------------------

* FSMD analyzer results:
  - Output states:
	Port: gmem0 | {3 4 5 6 7 8 9 }
	Port: gmem1 | {3 4 5 6 7 8 9 }
	Port: gmem2 | {3 4 5 6 7 8 9 }
	Port: gmem3 | {3 4 5 6 7 8 9 }
 - Input state : 
	Port: WriteBack : result_x | {2 }
	Port: WriteBack : result_y | {2 }
	Port: WriteBack : result_z | {2 }
	Port: WriteBack : result_t | {2 }
	Port: WriteBack : point_result_stream | {3 }
  - Chain level:
	State 1
		store_ln0 : 1
		first_iter_0 : 1
		br_ln0 : 2
		indvar_flatten11_load : 1
		add_ln586 : 2
		icmp_ln586 : 2
		br_ln586 : 3
		store_ln586 : 3
		br_ln586 : 3
	State 2
	State 3
		gmem0_addr : 1
		empty : 2
		gmem1_addr : 1
		empty_80 : 2
		gmem2_addr : 1
		empty_81 : 2
		gmem3_addr : 1
		empty_82 : 2
		store_ln586 : 1
		store_ln586 : 1
		store_ln586 : 1
		store_ln586 : 1
	State 4
		gmem0_addr_1 : 1
		write_ln591 : 2
		gmem1_addr_1 : 1
		write_ln592 : 2
		gmem2_addr_1 : 1
		write_ln593 : 2
		gmem3_addr_1 : 1
		write_ln594 : 2
	State 5
	State 6
	State 7
	State 8
	State 9


============================================================
+ Verbose Summary: Datapath Resource usage 
============================================================

* Functional unit list:
|----------|--------------------------------------|---------|---------|
| Operation|            Functional Unit           |    FF   |   LUT   |
|----------|--------------------------------------|---------|---------|
|    add   |           add_ln586_fu_246           |    0    |    22   |
|----------|--------------------------------------|---------|---------|
|   icmp   |           icmp_ln586_fu_252          |    0    |    22   |
|----------|--------------------------------------|---------|---------|
|          |       result_t_read_read_fu_116      |    0    |    0    |
|          |       result_z_read_read_fu_122      |    0    |    0    |
|   read   |       result_y_read_read_fu_128      |    0    |    0    |
|          |       result_x_read_read_fu_134      |    0    |    0    |
|          | point_result_stream_read_read_fu_168 |    0    |    0    |
|----------|--------------------------------------|---------|---------|
|          |         empty_writereq_fu_140        |    0    |    0    |
| writereq |       empty_80_writereq_fu_147       |    0    |    0    |
|          |       empty_81_writereq_fu_154       |    0    |    0    |
|          |       empty_82_writereq_fu_161       |    0    |    0    |
|----------|--------------------------------------|---------|---------|
|          |       write_ln591_write_fu_174       |    0    |    0    |
|   write  |       write_ln592_write_fu_182       |    0    |    0    |
|          |       write_ln593_write_fu_190       |    0    |    0    |
|          |       write_ln594_write_fu_198       |    0    |    0    |
|----------|--------------------------------------|---------|---------|
|          |         grp_writeresp_fu_206         |    0    |    0    |
| writeresp|         grp_writeresp_fu_211         |    0    |    0    |
|          |         grp_writeresp_fu_216         |    0    |    0    |
|          |         grp_writeresp_fu_221         |    0    |    0    |
|----------|--------------------------------------|---------|---------|
|          |            trunc_ln_fu_263           |    0    |    0    |
|          |         trunc_ln586_1_fu_273         |    0    |    0    |
|          |         trunc_ln586_2_fu_283         |    0    |    0    |
|partselect|         trunc_ln586_3_fu_293         |    0    |    0    |
|          |             out_y_fu_367             |    0    |    0    |
|          |             out_z_fu_375             |    0    |    0    |
|          |             out_t_fu_383             |    0    |    0    |
|----------|--------------------------------------|---------|---------|
|          |           sext_ln586_fu_303          |    0    |    0    |
|   sext   |          sext_ln586_1_fu_313         |    0    |    0    |
|          |          sext_ln586_2_fu_323         |    0    |    0    |
|          |          sext_ln586_3_fu_333         |    0    |    0    |
|----------|--------------------------------------|---------|---------|
|   trunc  |             out_x_fu_363             |    0    |    0    |
|----------|--------------------------------------|---------|---------|
|   Total  |                                      |    0    |    44   |
|----------|--------------------------------------|---------|---------|

Memories:
N/A

* Register list:
+------------------------+--------+
|                        |   FF   |
+------------------------+--------+
|  first_iter_0_reg_226  |    1   |
|  gmem0_addr_1_reg_506  |   256  |
|  gmem1_addr_1_reg_511  |   256  |
|  gmem2_addr_1_reg_516  |   256  |
|  gmem3_addr_1_reg_521  |   256  |
|   icmp_ln586_reg_462   |    1   |
|indvar_flatten11_reg_431|   15   |
|      out_t_reg_501     |   256  |
|      out_x_reg_486     |   256  |
|      out_y_reg_491     |   256  |
|      out_z_reg_496     |   256  |
|  sext_ln58618_reg_456  |   64   |
| sext_ln586_116_reg_450 |   64   |
| sext_ln586_214_reg_444 |   64   |
| sext_ln586_312_reg_438 |   64   |
|  trunc_ln586_1_reg_471 |   59   |
|  trunc_ln586_2_reg_476 |   59   |
|  trunc_ln586_3_reg_481 |   59   |
|    trunc_ln_reg_466    |   59   |
+------------------------+--------+
|          Total         |  2557  |
+------------------------+--------+

* Multiplexer (MUX) list: 
|--------|------|------|------|--------|
|  Comp  |  Pin | Size |  BW  | S x BW |
|--------|------|------|------|--------|
|  Total |      |      |      |    0   |
|--------|------|------|------|--------|



* Summary:
+-----------+--------+--------+
|           |   FF   |   LUT  |
+-----------+--------+--------+
|  Function |    0   |   44   |
|   Memory  |    -   |    -   |
|Multiplexer|    -   |    -   |
|  Register |  2557  |    -   |
+-----------+--------+--------+
|   Total   |  2557  |   44   |
+-----------+--------+--------+
