

================================================================
== Vitis HLS Report for 'poseidon_hash'
================================================================
* Date:           Tue Apr 29 23:25:37 2025

* Version:        2024.2 (Build 5238294 on Nov  8 2024)
* Project:        solution
* Solution:       solution1 (Vivado IP Flow Target)
* Product family: zynquplus
* Target device:  xczu7ev-ffvc1156-2-e


================================================================
== Performance Estimates
================================================================
+ Timing: 
    * Summary: 
    +--------+---------+----------+------------+
    |  Clock |  Target | Estimated| Uncertainty|
    +--------+---------+----------+------------+
    |ap_clk  |  4.00 ns|  2.920 ns|     1.08 ns|
    +--------+---------+----------+------------+

+ Latency: 
    * Summary: 
    +---------+---------+----------+----------+-----+-----+------------------------------------------------+
    |  Latency (cycles) |  Latency (absolute) |  Interval |                    Pipeline                    |
    |   min   |   max   |    min   |    max   | min | max |                      Type                      |
    +---------+---------+----------+----------+-----+-----+------------------------------------------------+
    |        ?|        ?|         ?|         ?|    0|    0|  loop auto-rewind stp (delay=0 clock cycles(s))|
    +---------+---------+----------+----------+-----+-----+------------------------------------------------+

    + Detail: 
        * Instance: 
        N/A

        * Loop: 
        +--------------+---------+---------+----------+-----------+-----------+------+----------+
        |              |  Latency (cycles) | Iteration|  Initiation Interval  | Trip |          |
        |   Loop Name  |   min   |   max   |  Latency |  achieved |   target  | Count| Pipelined|
        +--------------+---------+---------+----------+-----------+-----------+------+----------+
        |- block_loop  |        ?|        ?|         8|          1|          1|     ?|       yes|
        +--------------+---------+---------+----------+-----------+-----------+------+----------+



================================================================
== Utilization Estimates
================================================================
* Summary: 
+-----------------+---------+------+--------+--------+-----+
|       Name      | BRAM_18K|  DSP |   FF   |   LUT  | URAM|
+-----------------+---------+------+--------+--------+-----+
|DSP              |        -|     -|       -|       -|    -|
|Expression       |        -|     -|       0|     200|    -|
|FIFO             |        -|     -|       -|       -|    -|
|Instance         |       15|     -|    1278|    1497|    0|
|Memory           |        -|     -|       -|       -|    -|
|Multiplexer      |        -|     -|       0|      63|    -|
|Register         |        -|     -|     208|      32|    -|
+-----------------+---------+------+--------+--------+-----+
|Total            |       15|     0|    1486|    1792|    0|
+-----------------+---------+------+--------+--------+-----+
|Available        |      624|  1728|  460800|  230400|   96|
+-----------------+---------+------+--------+--------+-----+
|Utilization (%)  |        2|     0|      ~0|      ~0|    0|
+-----------------+---------+------+--------+--------+-----+

+ Detail: 
    * Instance: 
    +-------------------+-----------------+---------+----+------+------+-----+
    |      Instance     |      Module     | BRAM_18K| DSP|  FF  |  LUT | URAM|
    +-------------------+-----------------+---------+----+------+------+-----+
    |control_r_s_axi_U  |control_r_s_axi  |        0|   0|   170|   296|    0|
    |control_s_axi_U    |control_s_axi    |        0|   0|    74|   104|    0|
    |gmem1_m_axi_U      |gmem1_m_axi      |       15|   0|  1034|  1097|    0|
    +-------------------+-----------------+---------+----+------+------+-----+
    |Total              |                 |       15|   0|  1278|  1497|    0|
    +-------------------+-----------------+---------+----+------+------+-----+

    * DSP: 
    N/A

    * Memory: 
    N/A

    * FIFO: 
    N/A

    * Expression: 
    +---------------------------------------+----------+----+---+----+------------+------------+
    |             Variable Name             | Operation| DSP| FF| LUT| Bitwidth P0| Bitwidth P1|
    +---------------------------------------+----------+----+---+----+------------+------------+
    |add_ln30_fu_188_p2                     |         +|   0|  0|  38|          31|           1|
    |ap_block_pp0_stage0_01001_grp1         |       and|   0|  0|   2|           1|           1|
    |ap_block_state2_io_grp1                |       and|   0|  0|   2|           1|           1|
    |ap_block_state8_pp0_stage0_iter7_grp1  |       and|   0|  0|   2|           1|           1|
    |ap_condition_432                       |       and|   0|  0|   2|           1|           1|
    |ap_condition_539                       |       and|   0|  0|   2|           1|           1|
    |icmp_ln30_1_fu_182_p2                  |      icmp|   0|  0|  39|          32|          32|
    |icmp_ln30_2_fu_198_p2                  |      icmp|   0|  0|  39|          32|          32|
    |icmp_ln30_fu_128_p2                    |      icmp|   0|  0|  39|          32|           1|
    |ap_block_pp0_stage0_11001              |        or|   0|  0|   2|           1|           1|
    |empty_fu_158_p3                        |    select|   0|  0|  31|           1|          31|
    |ap_enable_pp0                          |       xor|   0|  0|   2|           1|           2|
    +---------------------------------------+----------+----+---+----+------------+------------+
    |Total                                  |          |   0|  0| 200|         135|         105|
    +---------------------------------------+----------+----+---+----+------------+------------+

    * Multiplexer: 
    +---------------------------+----+-----------+-----+-----------+
    |            Name           | LUT| Input Size| Bits| Total Bits|
    +---------------------------+----+-----------+-----+-----------+
    |ap_done_int                |   9|          2|    1|          2|
    |ap_enable_reg_pp0_iter1    |   9|          2|    1|          2|
    |ap_sig_allocacmp_blk_load  |   9|          2|   31|         62|
    |blk_fu_84                  |   9|          2|   31|         62|
    |gmem1_blk_n_AW             |   9|          2|    1|          2|
    |gmem1_blk_n_B              |   9|          2|    1|          2|
    |gmem1_blk_n_W              |   9|          2|    1|          2|
    +---------------------------+----+-----------+-----+-----------+
    |Total                      |  63|         14|   67|        134|
    +---------------------------+----+-----------+-----+-----------+

    * Register: 
    +----------------------------------+----+----+-----+-----------+
    |               Name               | FF | LUT| Bits| Const Bits|
    +----------------------------------+----+----+-----+-----------+
    |ap_CS_fsm                         |   1|   0|    1|          0|
    |ap_done_reg                       |   1|   0|    1|          0|
    |ap_enable_reg_pp0_iter1           |   1|   0|    1|          0|
    |ap_enable_reg_pp0_iter2           |   1|   0|    1|          0|
    |ap_enable_reg_pp0_iter3           |   1|   0|    1|          0|
    |ap_enable_reg_pp0_iter4           |   1|   0|    1|          0|
    |ap_enable_reg_pp0_iter5           |   1|   0|    1|          0|
    |ap_enable_reg_pp0_iter6           |   1|   0|    1|          0|
    |ap_enable_reg_pp0_iter7           |   1|   0|    1|          0|
    |ap_loop_exit_ready_pp0_iter1_reg  |   1|   0|    1|          0|
    |ap_loop_exit_ready_pp0_iter2_reg  |   1|   0|    1|          0|
    |ap_loop_exit_ready_pp0_iter3_reg  |   1|   0|    1|          0|
    |ap_loop_exit_ready_pp0_iter4_reg  |   1|   0|    1|          0|
    |ap_loop_exit_ready_pp0_iter5_reg  |   1|   0|    1|          0|
    |ap_loop_exit_ready_pp0_iter6_reg  |   1|   0|    1|          0|
    |blk_fu_84                         |  31|   0|   31|          0|
    |first_iter_0_reg_116              |   1|   0|    1|          0|
    |gmem1_addr_reg_216                |  64|   0|   64|          0|
    |icmp_ln30_1_reg_227               |   1|   0|    1|          0|
    |icmp_ln30_2_reg_231               |   1|   0|    1|          0|
    |zext_ln30_reg_222                 |  31|   0|   64|         33|
    |icmp_ln30_2_reg_231               |  64|  32|    1|          0|
    +----------------------------------+----+----+-----+-----------+
    |Total                             | 208|  32|  178|         33|
    +----------------------------------+----+----+-----+-----------+



================================================================
== Interface
================================================================
* Summary: 
+-------------------------+-----+-----+------------+---------------+--------------+
|        RTL Ports        | Dir | Bits|  Protocol  | Source Object |    C Type    |
+-------------------------+-----+-----+------------+---------------+--------------+
|s_axi_control_AWVALID    |   in|    1|       s_axi|        control|        scalar|
|s_axi_control_AWREADY    |  out|    1|       s_axi|        control|        scalar|
|s_axi_control_AWADDR     |   in|    5|       s_axi|        control|        scalar|
|s_axi_control_WVALID     |   in|    1|       s_axi|        control|        scalar|
|s_axi_control_WREADY     |  out|    1|       s_axi|        control|        scalar|
|s_axi_control_WDATA      |   in|   32|       s_axi|        control|        scalar|
|s_axi_control_WSTRB      |   in|    4|       s_axi|        control|        scalar|
|s_axi_control_ARVALID    |   in|    1|       s_axi|        control|        scalar|
|s_axi_control_ARREADY    |  out|    1|       s_axi|        control|        scalar|
|s_axi_control_ARADDR     |   in|    5|       s_axi|        control|        scalar|
|s_axi_control_RVALID     |  out|    1|       s_axi|        control|        scalar|
|s_axi_control_RREADY     |   in|    1|       s_axi|        control|        scalar|
|s_axi_control_RDATA      |  out|   32|       s_axi|        control|        scalar|
|s_axi_control_RRESP      |  out|    2|       s_axi|        control|        scalar|
|s_axi_control_BVALID     |  out|    1|       s_axi|        control|        scalar|
|s_axi_control_BREADY     |   in|    1|       s_axi|        control|        scalar|
|s_axi_control_BRESP      |  out|    2|       s_axi|        control|        scalar|
|s_axi_control_r_AWVALID  |   in|    1|       s_axi|      control_r|        scalar|
|s_axi_control_r_AWREADY  |  out|    1|       s_axi|      control_r|        scalar|
|s_axi_control_r_AWADDR   |   in|    6|       s_axi|      control_r|        scalar|
|s_axi_control_r_WVALID   |   in|    1|       s_axi|      control_r|        scalar|
|s_axi_control_r_WREADY   |  out|    1|       s_axi|      control_r|        scalar|
|s_axi_control_r_WDATA    |   in|   32|       s_axi|      control_r|        scalar|
|s_axi_control_r_WSTRB    |   in|    4|       s_axi|      control_r|        scalar|
|s_axi_control_r_ARVALID  |   in|    1|       s_axi|      control_r|        scalar|
|s_axi_control_r_ARREADY  |  out|    1|       s_axi|      control_r|        scalar|
|s_axi_control_r_ARADDR   |   in|    6|       s_axi|      control_r|        scalar|
|s_axi_control_r_RVALID   |  out|    1|       s_axi|      control_r|        scalar|
|s_axi_control_r_RREADY   |   in|    1|       s_axi|      control_r|        scalar|
|s_axi_control_r_RDATA    |  out|   32|       s_axi|      control_r|        scalar|
|s_axi_control_r_RRESP    |  out|    2|       s_axi|      control_r|        scalar|
|s_axi_control_r_BVALID   |  out|    1|       s_axi|      control_r|        scalar|
|s_axi_control_r_BREADY   |   in|    1|       s_axi|      control_r|        scalar|
|s_axi_control_r_BRESP    |  out|    2|       s_axi|      control_r|        scalar|
|ap_clk                   |   in|    1|  ap_ctrl_hs|  poseidon_hash|  return value|
|ap_rst_n                 |   in|    1|  ap_ctrl_hs|  poseidon_hash|  return value|
|interrupt                |  out|    1|  ap_ctrl_hs|  poseidon_hash|  return value|
|m_axi_gmem0_AWVALID      |  out|    1|       m_axi|          gmem0|       pointer|
|m_axi_gmem0_AWREADY      |   in|    1|       m_axi|          gmem0|       pointer|
|m_axi_gmem0_AWADDR       |  out|   64|       m_axi|          gmem0|       pointer|
|m_axi_gmem0_AWID         |  out|    1|       m_axi|          gmem0|       pointer|
|m_axi_gmem0_AWLEN        |  out|    8|       m_axi|          gmem0|       pointer|
|m_axi_gmem0_AWSIZE       |  out|    3|       m_axi|          gmem0|       pointer|
|m_axi_gmem0_AWBURST      |  out|    2|       m_axi|          gmem0|       pointer|
|m_axi_gmem0_AWLOCK       |  out|    2|       m_axi|          gmem0|       pointer|
|m_axi_gmem0_AWCACHE      |  out|    4|       m_axi|          gmem0|       pointer|
|m_axi_gmem0_AWPROT       |  out|    3|       m_axi|          gmem0|       pointer|
|m_axi_gmem0_AWQOS        |  out|    4|       m_axi|          gmem0|       pointer|
|m_axi_gmem0_AWREGION     |  out|    4|       m_axi|          gmem0|       pointer|
|m_axi_gmem0_AWUSER       |  out|    1|       m_axi|          gmem0|       pointer|
|m_axi_gmem0_WVALID       |  out|    1|       m_axi|          gmem0|       pointer|
|m_axi_gmem0_WREADY       |   in|    1|       m_axi|          gmem0|       pointer|
|m_axi_gmem0_WDATA        |  out|  256|       m_axi|          gmem0|       pointer|
|m_axi_gmem0_WSTRB        |  out|   32|       m_axi|          gmem0|       pointer|
|m_axi_gmem0_WLAST        |  out|    1|       m_axi|          gmem0|       pointer|
|m_axi_gmem0_WID          |  out|    1|       m_axi|          gmem0|       pointer|
|m_axi_gmem0_WUSER        |  out|    1|       m_axi|          gmem0|       pointer|
|m_axi_gmem0_ARVALID      |  out|    1|       m_axi|          gmem0|       pointer|
|m_axi_gmem0_ARREADY      |   in|    1|       m_axi|          gmem0|       pointer|
|m_axi_gmem0_ARADDR       |  out|   64|       m_axi|          gmem0|       pointer|
|m_axi_gmem0_ARID         |  out|    1|       m_axi|          gmem0|       pointer|
|m_axi_gmem0_ARLEN        |  out|    8|       m_axi|          gmem0|       pointer|
|m_axi_gmem0_ARSIZE       |  out|    3|       m_axi|          gmem0|       pointer|
|m_axi_gmem0_ARBURST      |  out|    2|       m_axi|          gmem0|       pointer|
|m_axi_gmem0_ARLOCK       |  out|    2|       m_axi|          gmem0|       pointer|
|m_axi_gmem0_ARCACHE      |  out|    4|       m_axi|          gmem0|       pointer|
|m_axi_gmem0_ARPROT       |  out|    3|       m_axi|          gmem0|       pointer|
|m_axi_gmem0_ARQOS        |  out|    4|       m_axi|          gmem0|       pointer|
|m_axi_gmem0_ARREGION     |  out|    4|       m_axi|          gmem0|       pointer|
|m_axi_gmem0_ARUSER       |  out|    1|       m_axi|          gmem0|       pointer|
|m_axi_gmem0_RVALID       |   in|    1|       m_axi|          gmem0|       pointer|
|m_axi_gmem0_RREADY       |  out|    1|       m_axi|          gmem0|       pointer|
|m_axi_gmem0_RDATA        |   in|  256|       m_axi|          gmem0|       pointer|
|m_axi_gmem0_RLAST        |   in|    1|       m_axi|          gmem0|       pointer|
|m_axi_gmem0_RID          |   in|    1|       m_axi|          gmem0|       pointer|
|m_axi_gmem0_RUSER        |   in|    1|       m_axi|          gmem0|       pointer|
|m_axi_gmem0_RRESP        |   in|    2|       m_axi|          gmem0|       pointer|
|m_axi_gmem0_BVALID       |   in|    1|       m_axi|          gmem0|       pointer|
|m_axi_gmem0_BREADY       |  out|    1|       m_axi|          gmem0|       pointer|
|m_axi_gmem0_BRESP        |   in|    2|       m_axi|          gmem0|       pointer|
|m_axi_gmem0_BID          |   in|    1|       m_axi|          gmem0|       pointer|
|m_axi_gmem0_BUSER        |   in|    1|       m_axi|          gmem0|       pointer|
|m_axi_gmem1_AWVALID      |  out|    1|       m_axi|          gmem1|       pointer|
|m_axi_gmem1_AWREADY      |   in|    1|       m_axi|          gmem1|       pointer|
|m_axi_gmem1_AWADDR       |  out|   64|       m_axi|          gmem1|       pointer|
|m_axi_gmem1_AWID         |  out|    1|       m_axi|          gmem1|       pointer|
|m_axi_gmem1_AWLEN        |  out|    8|       m_axi|          gmem1|       pointer|
|m_axi_gmem1_AWSIZE       |  out|    3|       m_axi|          gmem1|       pointer|
|m_axi_gmem1_AWBURST      |  out|    2|       m_axi|          gmem1|       pointer|
|m_axi_gmem1_AWLOCK       |  out|    2|       m_axi|          gmem1|       pointer|
|m_axi_gmem1_AWCACHE      |  out|    4|       m_axi|          gmem1|       pointer|
|m_axi_gmem1_AWPROT       |  out|    3|       m_axi|          gmem1|       pointer|
|m_axi_gmem1_AWQOS        |  out|    4|       m_axi|          gmem1|       pointer|
|m_axi_gmem1_AWREGION     |  out|    4|       m_axi|          gmem1|       pointer|
|m_axi_gmem1_AWUSER       |  out|    1|       m_axi|          gmem1|       pointer|
|m_axi_gmem1_WVALID       |  out|    1|       m_axi|          gmem1|       pointer|
|m_axi_gmem1_WREADY       |   in|    1|       m_axi|          gmem1|       pointer|
|m_axi_gmem1_WDATA        |  out|  256|       m_axi|          gmem1|       pointer|
|m_axi_gmem1_WSTRB        |  out|   32|       m_axi|          gmem1|       pointer|
|m_axi_gmem1_WLAST        |  out|    1|       m_axi|          gmem1|       pointer|
|m_axi_gmem1_WID          |  out|    1|       m_axi|          gmem1|       pointer|
|m_axi_gmem1_WUSER        |  out|    1|       m_axi|          gmem1|       pointer|
|m_axi_gmem1_ARVALID      |  out|    1|       m_axi|          gmem1|       pointer|
|m_axi_gmem1_ARREADY      |   in|    1|       m_axi|          gmem1|       pointer|
|m_axi_gmem1_ARADDR       |  out|   64|       m_axi|          gmem1|       pointer|
|m_axi_gmem1_ARID         |  out|    1|       m_axi|          gmem1|       pointer|
|m_axi_gmem1_ARLEN        |  out|    8|       m_axi|          gmem1|       pointer|
|m_axi_gmem1_ARSIZE       |  out|    3|       m_axi|          gmem1|       pointer|
|m_axi_gmem1_ARBURST      |  out|    2|       m_axi|          gmem1|       pointer|
|m_axi_gmem1_ARLOCK       |  out|    2|       m_axi|          gmem1|       pointer|
|m_axi_gmem1_ARCACHE      |  out|    4|       m_axi|          gmem1|       pointer|
|m_axi_gmem1_ARPROT       |  out|    3|       m_axi|          gmem1|       pointer|
|m_axi_gmem1_ARQOS        |  out|    4|       m_axi|          gmem1|       pointer|
|m_axi_gmem1_ARREGION     |  out|    4|       m_axi|          gmem1|       pointer|
|m_axi_gmem1_ARUSER       |  out|    1|       m_axi|          gmem1|       pointer|
|m_axi_gmem1_RVALID       |   in|    1|       m_axi|          gmem1|       pointer|
|m_axi_gmem1_RREADY       |  out|    1|       m_axi|          gmem1|       pointer|
|m_axi_gmem1_RDATA        |   in|  256|       m_axi|          gmem1|       pointer|
|m_axi_gmem1_RLAST        |   in|    1|       m_axi|          gmem1|       pointer|
|m_axi_gmem1_RID          |   in|    1|       m_axi|          gmem1|       pointer|
|m_axi_gmem1_RUSER        |   in|    1|       m_axi|          gmem1|       pointer|
|m_axi_gmem1_RRESP        |   in|    2|       m_axi|          gmem1|       pointer|
|m_axi_gmem1_BVALID       |   in|    1|       m_axi|          gmem1|       pointer|
|m_axi_gmem1_BREADY       |  out|    1|       m_axi|          gmem1|       pointer|
|m_axi_gmem1_BRESP        |   in|    2|       m_axi|          gmem1|       pointer|
|m_axi_gmem1_BID          |   in|    1|       m_axi|          gmem1|       pointer|
|m_axi_gmem1_BUSER        |   in|    1|       m_axi|          gmem1|       pointer|
+-------------------------+-----+-----+------------+---------------+--------------+

