

================================================================
== Vitis HLS Report for 'aggregate_and_output_results'
================================================================
* Date:           Tue Apr 29 06:14:41 2025

* Version:        2024.2 (Build 5238294 on Nov  8 2024)
* Project:        msm_2
* Solution:       solution1 (Vivado IP Flow Target)
* Product family: zynquplus
* Target device:  xczu7ev-ffvc1156-2-e


================================================================
== Performance Estimates
================================================================
+ Timing: 
    * Summary: 
    +--------+---------+----------+------------+
    |  Clock |  Target | Estimated| Uncertainty|
    +--------+---------+----------+------------+
    |ap_clk  |  4.00 ns|  2.697 ns|     1.08 ns|
    +--------+---------+----------+------------+

+ Latency: 
    * Summary: 
    +---------+---------+----------+----------+-------+-------+---------+
    |  Latency (cycles) |  Latency (absolute) |    Interval   | Pipeline|
    |   min   |   max   |    min   |    max   |  min  |  max  |   Type  |
    +---------+---------+----------+----------+-------+-------+---------+
    |    26651|    26651|  0.107 ms|  0.107 ms|  26651|  26651|       no|
    +---------+---------+----------+----------+-------+-------+---------+

    + Detail: 
        * Instance: 
        N/A

        * Loop: 
        +---------------------+---------+---------+----------+-----------+-----------+------+----------+
        |                     |  Latency (cycles) | Iteration|  Initiation Interval  | Trip |          |
        |      Loop Name      |   min   |   max   |  Latency |  achieved |   target  | Count| Pipelined|
        +---------------------+---------+---------+----------+-----------+-----------+------+----------+
        |- AGGREGATE_AND_OUT  |    26650|    26650|      1025|          -|          -|    26|        no|
        +---------------------+---------+---------+----------+-----------+-----------+------+----------+



================================================================
== Utilization Estimates
================================================================
* Summary: 
+-----------------+---------+------+--------+--------+-----+
|       Name      | BRAM_18K|  DSP |   FF   |   LUT  | URAM|
+-----------------+---------+------+--------+--------+-----+
|DSP              |        -|     -|       -|       -|    -|
|Expression       |        -|     -|       0|      24|    -|
|FIFO             |        -|     -|       -|       -|    -|
|Instance         |        -|     -|       -|       -|    -|
|Memory           |        -|     -|       -|       -|    -|
|Multiplexer      |        -|     -|       0|   26948|    -|
|Register         |        -|     -|    3596|       -|    -|
+-----------------+---------+------+--------+--------+-----+
|Total            |        0|     0|    3596|   26972|    0|
+-----------------+---------+------+--------+--------+-----+
|Available        |      624|  1728|  460800|  230400|   96|
+-----------------+---------+------+--------+--------+-----+
|Utilization (%)  |        0|     0|      ~0|      11|    0|
+-----------------+---------+------+--------+--------+-----+

+ Detail: 
    * Instance: 
    N/A

    * DSP: 
    N/A

    * Memory: 
    N/A

    * FIFO: 
    N/A

    * Expression: 
    +------------------------+----------+----+---+----+------------+------------+
    |      Variable Name     | Operation| DSP| FF| LUT| Bitwidth P0| Bitwidth P1|
    +------------------------+----------+----+---+----+------------+------------+
    |add_ln542_fu_33919_p2   |         +|   0|  0|  12|           5|           1|
    |icmp_ln542_fu_33913_p2  |      icmp|   0|  0|  12|           5|           4|
    +------------------------+----------+----+---+----+------------+------------+
    |Total                   |          |   0|  0|  24|          10|           5|
    +------------------------+----------+----+---+----+------------+------------+

    * Multiplexer: 
    +----------------------------+------+-----------+------+-----------+
    |            Name            |  LUT | Input Size| Bits | Total Bits|
    +----------------------------+------+-----------+------+-----------+
    |ap_NS_fsm                   |  2693|       1027|     1|       1027|
    |buckets_t_0_address0_local  |  2693|        513|    14|       7182|
    |buckets_t_1_address0_local  |  2693|        513|    14|       7182|
    |buckets_x_0_address0_local  |  2693|        513|    14|       7182|
    |buckets_x_1_address0_local  |  2693|        513|    14|       7182|
    |buckets_y_0_address0_local  |  2693|        513|    14|       7182|
    |buckets_y_1_address0_local  |  2693|        513|    14|       7182|
    |buckets_z_0_address0_local  |  2693|        513|    14|       7182|
    |buckets_z_1_address0_local  |  2693|        513|    14|       7182|
    |i_fu_1086                   |     9|          2|     5|         10|
    |point_result_stream_blk_n   |     9|          2|     1|          2|
    |point_result_stream_din     |  2693|       1025|  1024|    1049600|
    +----------------------------+------+-----------+------+-----------+
    |Total                       | 26948|       6160|  1143|    1108095|
    +----------------------------+------+-----------+------+-----------+

    * Register: 
    +--------------------------+------+----+------+-----------+
    |           Name           |  FF  | LUT| Bits | Const Bits|
    +--------------------------+------+----+------+-----------+
    |ap_CS_fsm                 |  1026|   0|  1026|          0|
    |i_3_reg_54930             |     5|   0|     5|          0|
    |i_fu_1086                 |     5|   0|     5|          0|
    |zext_ln548_100_reg_60248  |     5|   0|    64|         59|
    |zext_ln548_101_reg_60296  |     5|   0|    64|         59|
    |zext_ln548_102_reg_60344  |     5|   0|    64|         59|
    |zext_ln548_103_reg_60392  |     5|   0|    64|         59|
    |zext_ln548_104_reg_60440  |     5|   0|    64|         59|
    |zext_ln548_105_reg_60488  |     5|   0|    64|         59|
    |zext_ln548_106_reg_60536  |     5|   0|    64|         59|
    |zext_ln548_107_reg_60584  |     5|   0|    64|         59|
    |zext_ln548_108_reg_60632  |     5|   0|    64|         59|
    |zext_ln548_109_reg_60680  |     5|   0|    64|         59|
    |zext_ln548_10_reg_55928   |     5|   0|    64|         59|
    |zext_ln548_110_reg_60728  |     5|   0|    64|         59|
    |zext_ln548_111_reg_60776  |     5|   0|    64|         59|
    |zext_ln548_112_reg_60824  |     5|   0|    64|         59|
    |zext_ln548_113_reg_60872  |     5|   0|    64|         59|
    |zext_ln548_114_reg_60920  |     5|   0|    64|         59|
    |zext_ln548_115_reg_60968  |     5|   0|    64|         59|
    |zext_ln548_116_reg_61016  |     5|   0|    64|         59|
    |zext_ln548_117_reg_61064  |     5|   0|    64|         59|
    |zext_ln548_118_reg_61112  |     5|   0|    64|         59|
    |zext_ln548_119_reg_61160  |     5|   0|    64|         59|
    |zext_ln548_11_reg_55976   |     5|   0|    64|         59|
    |zext_ln548_120_reg_61208  |     5|   0|    64|         59|
    |zext_ln548_121_reg_61256  |     5|   0|    64|         59|
    |zext_ln548_122_reg_61304  |     5|   0|    64|         59|
    |zext_ln548_123_reg_61352  |     5|   0|    64|         59|
    |zext_ln548_124_reg_61400  |     5|   0|    64|         59|
    |zext_ln548_125_reg_61448  |     5|   0|    64|         59|
    |zext_ln548_126_reg_61496  |     5|   0|    64|         59|
    |zext_ln548_127_reg_61544  |     5|   0|    64|         59|
    |zext_ln548_128_reg_61592  |     5|   0|    64|         59|
    |zext_ln548_129_reg_61640  |     5|   0|    64|         59|
    |zext_ln548_12_reg_56024   |     5|   0|    64|         59|
    |zext_ln548_130_reg_61688  |     5|   0|    64|         59|
    |zext_ln548_131_reg_61736  |     5|   0|    64|         59|
    |zext_ln548_132_reg_61784  |     5|   0|    64|         59|
    |zext_ln548_133_reg_61832  |     5|   0|    64|         59|
    |zext_ln548_134_reg_61880  |     5|   0|    64|         59|
    |zext_ln548_135_reg_61928  |     5|   0|    64|         59|
    |zext_ln548_136_reg_61976  |     5|   0|    64|         59|
    |zext_ln548_137_reg_62024  |     5|   0|    64|         59|
    |zext_ln548_138_reg_62072  |     5|   0|    64|         59|
    |zext_ln548_139_reg_62120  |     5|   0|    64|         59|
    |zext_ln548_13_reg_56072   |     5|   0|    64|         59|
    |zext_ln548_140_reg_62168  |     5|   0|    64|         59|
    |zext_ln548_141_reg_62216  |     5|   0|    64|         59|
    |zext_ln548_142_reg_62264  |     5|   0|    64|         59|
    |zext_ln548_143_reg_62312  |     5|   0|    64|         59|
    |zext_ln548_144_reg_62360  |     5|   0|    64|         59|
    |zext_ln548_145_reg_62408  |     5|   0|    64|         59|
    |zext_ln548_146_reg_62456  |     5|   0|    64|         59|
    |zext_ln548_147_reg_62504  |     5|   0|    64|         59|
    |zext_ln548_148_reg_62552  |     5|   0|    64|         59|
    |zext_ln548_149_reg_62600  |     5|   0|    64|         59|
    |zext_ln548_14_reg_56120   |     5|   0|    64|         59|
    |zext_ln548_150_reg_62648  |     5|   0|    64|         59|
    |zext_ln548_151_reg_62696  |     5|   0|    64|         59|
    |zext_ln548_152_reg_62744  |     5|   0|    64|         59|
    |zext_ln548_153_reg_62792  |     5|   0|    64|         59|
    |zext_ln548_154_reg_62840  |     5|   0|    64|         59|
    |zext_ln548_155_reg_62888  |     5|   0|    64|         59|
    |zext_ln548_156_reg_62936  |     5|   0|    64|         59|
    |zext_ln548_157_reg_62984  |     5|   0|    64|         59|
    |zext_ln548_158_reg_63032  |     5|   0|    64|         59|
    |zext_ln548_159_reg_63080  |     5|   0|    64|         59|
    |zext_ln548_15_reg_56168   |     5|   0|    64|         59|
    |zext_ln548_160_reg_63128  |     5|   0|    64|         59|
    |zext_ln548_161_reg_63176  |     5|   0|    64|         59|
    |zext_ln548_162_reg_63224  |     5|   0|    64|         59|
    |zext_ln548_163_reg_63272  |     5|   0|    64|         59|
    |zext_ln548_164_reg_63320  |     5|   0|    64|         59|
    |zext_ln548_165_reg_63368  |     5|   0|    64|         59|
    |zext_ln548_166_reg_63416  |     5|   0|    64|         59|
    |zext_ln548_167_reg_63464  |     5|   0|    64|         59|
    |zext_ln548_168_reg_63512  |     5|   0|    64|         59|
    |zext_ln548_169_reg_63560  |     5|   0|    64|         59|
    |zext_ln548_16_reg_56216   |     5|   0|    64|         59|
    |zext_ln548_170_reg_63608  |     5|   0|    64|         59|
    |zext_ln548_171_reg_63656  |     5|   0|    64|         59|
    |zext_ln548_172_reg_63704  |     5|   0|    64|         59|
    |zext_ln548_173_reg_63752  |     5|   0|    64|         59|
    |zext_ln548_174_reg_63800  |     5|   0|    64|         59|
    |zext_ln548_175_reg_63848  |     5|   0|    64|         59|
    |zext_ln548_176_reg_63896  |     5|   0|    64|         59|
    |zext_ln548_177_reg_63944  |     5|   0|    64|         59|
    |zext_ln548_178_reg_63992  |     5|   0|    64|         59|
    |zext_ln548_179_reg_64040  |     5|   0|    64|         59|
    |zext_ln548_17_reg_56264   |     5|   0|    64|         59|
    |zext_ln548_180_reg_64088  |     5|   0|    64|         59|
    |zext_ln548_181_reg_64136  |     5|   0|    64|         59|
    |zext_ln548_182_reg_64184  |     5|   0|    64|         59|
    |zext_ln548_183_reg_64232  |     5|   0|    64|         59|
    |zext_ln548_184_reg_64280  |     5|   0|    64|         59|
    |zext_ln548_185_reg_64328  |     5|   0|    64|         59|
    |zext_ln548_186_reg_64376  |     5|   0|    64|         59|
    |zext_ln548_187_reg_64424  |     5|   0|    64|         59|
    |zext_ln548_188_reg_64472  |     5|   0|    64|         59|
    |zext_ln548_189_reg_64520  |     5|   0|    64|         59|
    |zext_ln548_18_reg_56312   |     5|   0|    64|         59|
    |zext_ln548_190_reg_64568  |     5|   0|    64|         59|
    |zext_ln548_191_reg_64616  |     5|   0|    64|         59|
    |zext_ln548_192_reg_64664  |     5|   0|    64|         59|
    |zext_ln548_193_reg_64712  |     5|   0|    64|         59|
    |zext_ln548_194_reg_64760  |     5|   0|    64|         59|
    |zext_ln548_195_reg_64808  |     5|   0|    64|         59|
    |zext_ln548_196_reg_64856  |     5|   0|    64|         59|
    |zext_ln548_197_reg_64904  |     5|   0|    64|         59|
    |zext_ln548_198_reg_64952  |     5|   0|    64|         59|
    |zext_ln548_199_reg_65000  |     5|   0|    64|         59|
    |zext_ln548_19_reg_56360   |     5|   0|    64|         59|
    |zext_ln548_1_reg_55496    |     5|   0|    64|         59|
    |zext_ln548_200_reg_65048  |     5|   0|    64|         59|
    |zext_ln548_201_reg_65096  |     5|   0|    64|         59|
    |zext_ln548_202_reg_65144  |     5|   0|    64|         59|
    |zext_ln548_203_reg_65192  |     5|   0|    64|         59|
    |zext_ln548_204_reg_65240  |     5|   0|    64|         59|
    |zext_ln548_205_reg_65288  |     5|   0|    64|         59|
    |zext_ln548_206_reg_65336  |     5|   0|    64|         59|
    |zext_ln548_207_reg_65384  |     5|   0|    64|         59|
    |zext_ln548_208_reg_65432  |     5|   0|    64|         59|
    |zext_ln548_209_reg_65480  |     5|   0|    64|         59|
    |zext_ln548_20_reg_56408   |     5|   0|    64|         59|
    |zext_ln548_210_reg_65528  |     5|   0|    64|         59|
    |zext_ln548_211_reg_65576  |     5|   0|    64|         59|
    |zext_ln548_212_reg_65624  |     5|   0|    64|         59|
    |zext_ln548_213_reg_65672  |     5|   0|    64|         59|
    |zext_ln548_214_reg_65720  |     5|   0|    64|         59|
    |zext_ln548_215_reg_65768  |     5|   0|    64|         59|
    |zext_ln548_216_reg_65816  |     5|   0|    64|         59|
    |zext_ln548_217_reg_65864  |     5|   0|    64|         59|
    |zext_ln548_218_reg_65912  |     5|   0|    64|         59|
    |zext_ln548_219_reg_65960  |     5|   0|    64|         59|
    |zext_ln548_21_reg_56456   |     5|   0|    64|         59|
    |zext_ln548_220_reg_66008  |     5|   0|    64|         59|
    |zext_ln548_221_reg_66056  |     5|   0|    64|         59|
    |zext_ln548_222_reg_66104  |     5|   0|    64|         59|
    |zext_ln548_223_reg_66152  |     5|   0|    64|         59|
    |zext_ln548_224_reg_66200  |     5|   0|    64|         59|
    |zext_ln548_225_reg_66248  |     5|   0|    64|         59|
    |zext_ln548_226_reg_66296  |     5|   0|    64|         59|
    |zext_ln548_227_reg_66344  |     5|   0|    64|         59|
    |zext_ln548_228_reg_66392  |     5|   0|    64|         59|
    |zext_ln548_229_reg_66440  |     5|   0|    64|         59|
    |zext_ln548_22_reg_56504   |     5|   0|    64|         59|
    |zext_ln548_230_reg_66488  |     5|   0|    64|         59|
    |zext_ln548_231_reg_66536  |     5|   0|    64|         59|
    |zext_ln548_232_reg_66584  |     5|   0|    64|         59|
    |zext_ln548_233_reg_66632  |     5|   0|    64|         59|
    |zext_ln548_234_reg_66680  |     5|   0|    64|         59|
    |zext_ln548_235_reg_66728  |     5|   0|    64|         59|
    |zext_ln548_236_reg_66776  |     5|   0|    64|         59|
    |zext_ln548_237_reg_66824  |     5|   0|    64|         59|
    |zext_ln548_238_reg_66872  |     5|   0|    64|         59|
    |zext_ln548_239_reg_66920  |     5|   0|    64|         59|
    |zext_ln548_23_reg_56552   |     5|   0|    64|         59|
    |zext_ln548_240_reg_66968  |     5|   0|    64|         59|
    |zext_ln548_241_reg_67016  |     5|   0|    64|         59|
    |zext_ln548_242_reg_67064  |     5|   0|    64|         59|
    |zext_ln548_243_reg_67112  |     5|   0|    64|         59|
    |zext_ln548_244_reg_67160  |     5|   0|    64|         59|
    |zext_ln548_245_reg_67208  |     5|   0|    64|         59|
    |zext_ln548_246_reg_67256  |     5|   0|    64|         59|
    |zext_ln548_247_reg_67304  |     5|   0|    64|         59|
    |zext_ln548_248_reg_67352  |     5|   0|    64|         59|
    |zext_ln548_249_reg_67400  |     5|   0|    64|         59|
    |zext_ln548_24_reg_56600   |     5|   0|    64|         59|
    |zext_ln548_250_reg_67448  |     5|   0|    64|         59|
    |zext_ln548_251_reg_67496  |     5|   0|    64|         59|
    |zext_ln548_252_reg_67544  |     5|   0|    64|         59|
    |zext_ln548_253_reg_67592  |     5|   0|    64|         59|
    |zext_ln548_254_reg_67640  |     5|   0|    64|         59|
    |zext_ln548_255_reg_67688  |     5|   0|    64|         59|
    |zext_ln548_256_reg_67736  |     5|   0|    64|         59|
    |zext_ln548_257_reg_67784  |     5|   0|    64|         59|
    |zext_ln548_258_reg_67832  |     5|   0|    64|         59|
    |zext_ln548_259_reg_67880  |     5|   0|    64|         59|
    |zext_ln548_25_reg_56648   |     5|   0|    64|         59|
    |zext_ln548_260_reg_67928  |     5|   0|    64|         59|
    |zext_ln548_261_reg_67976  |     5|   0|    64|         59|
    |zext_ln548_262_reg_68024  |     5|   0|    64|         59|
    |zext_ln548_263_reg_68072  |     5|   0|    64|         59|
    |zext_ln548_264_reg_68120  |     5|   0|    64|         59|
    |zext_ln548_265_reg_68168  |     5|   0|    64|         59|
    |zext_ln548_266_reg_68216  |     5|   0|    64|         59|
    |zext_ln548_267_reg_68264  |     5|   0|    64|         59|
    |zext_ln548_268_reg_68312  |     5|   0|    64|         59|
    |zext_ln548_269_reg_68360  |     5|   0|    64|         59|
    |zext_ln548_26_reg_56696   |     5|   0|    64|         59|
    |zext_ln548_270_reg_68408  |     5|   0|    64|         59|
    |zext_ln548_271_reg_68456  |     5|   0|    64|         59|
    |zext_ln548_272_reg_68504  |     5|   0|    64|         59|
    |zext_ln548_273_reg_68552  |     5|   0|    64|         59|
    |zext_ln548_274_reg_68600  |     5|   0|    64|         59|
    |zext_ln548_275_reg_68648  |     5|   0|    64|         59|
    |zext_ln548_276_reg_68696  |     5|   0|    64|         59|
    |zext_ln548_277_reg_68744  |     5|   0|    64|         59|
    |zext_ln548_278_reg_68792  |     5|   0|    64|         59|
    |zext_ln548_279_reg_68840  |     5|   0|    64|         59|
    |zext_ln548_27_reg_56744   |     5|   0|    64|         59|
    |zext_ln548_280_reg_68888  |     5|   0|    64|         59|
    |zext_ln548_281_reg_68936  |     5|   0|    64|         59|
    |zext_ln548_282_reg_68984  |     5|   0|    64|         59|
    |zext_ln548_283_reg_69032  |     5|   0|    64|         59|
    |zext_ln548_284_reg_69080  |     5|   0|    64|         59|
    |zext_ln548_285_reg_69128  |     5|   0|    64|         59|
    |zext_ln548_286_reg_69176  |     5|   0|    64|         59|
    |zext_ln548_287_reg_69224  |     5|   0|    64|         59|
    |zext_ln548_288_reg_69272  |     5|   0|    64|         59|
    |zext_ln548_289_reg_69320  |     5|   0|    64|         59|
    |zext_ln548_28_reg_56792   |     5|   0|    64|         59|
    |zext_ln548_290_reg_69368  |     5|   0|    64|         59|
    |zext_ln548_291_reg_69416  |     5|   0|    64|         59|
    |zext_ln548_292_reg_69464  |     5|   0|    64|         59|
    |zext_ln548_293_reg_69512  |     5|   0|    64|         59|
    |zext_ln548_294_reg_69560  |     5|   0|    64|         59|
    |zext_ln548_295_reg_69608  |     5|   0|    64|         59|
    |zext_ln548_296_reg_69656  |     5|   0|    64|         59|
    |zext_ln548_297_reg_69704  |     5|   0|    64|         59|
    |zext_ln548_298_reg_69752  |     5|   0|    64|         59|
    |zext_ln548_299_reg_69800  |     5|   0|    64|         59|
    |zext_ln548_29_reg_56840   |     5|   0|    64|         59|
    |zext_ln548_2_reg_55544    |     5|   0|    64|         59|
    |zext_ln548_300_reg_69848  |     5|   0|    64|         59|
    |zext_ln548_301_reg_69896  |     5|   0|    64|         59|
    |zext_ln548_302_reg_69944  |     5|   0|    64|         59|
    |zext_ln548_303_reg_69992  |     5|   0|    64|         59|
    |zext_ln548_304_reg_70040  |     5|   0|    64|         59|
    |zext_ln548_305_reg_70088  |     5|   0|    64|         59|
    |zext_ln548_306_reg_70136  |     5|   0|    64|         59|
    |zext_ln548_307_reg_70184  |     5|   0|    64|         59|
    |zext_ln548_308_reg_70232  |     5|   0|    64|         59|
    |zext_ln548_309_reg_70280  |     5|   0|    64|         59|
    |zext_ln548_30_reg_56888   |     5|   0|    64|         59|
    |zext_ln548_310_reg_70328  |     5|   0|    64|         59|
    |zext_ln548_311_reg_70376  |     5|   0|    64|         59|
    |zext_ln548_312_reg_70424  |     5|   0|    64|         59|
    |zext_ln548_313_reg_70472  |     5|   0|    64|         59|
    |zext_ln548_314_reg_70520  |     5|   0|    64|         59|
    |zext_ln548_315_reg_70568  |     5|   0|    64|         59|
    |zext_ln548_316_reg_70616  |     5|   0|    64|         59|
    |zext_ln548_317_reg_70664  |     5|   0|    64|         59|
    |zext_ln548_318_reg_70712  |     5|   0|    64|         59|
    |zext_ln548_319_reg_70760  |     5|   0|    64|         59|
    |zext_ln548_31_reg_56936   |     5|   0|    64|         59|
    |zext_ln548_320_reg_70808  |     5|   0|    64|         59|
    |zext_ln548_321_reg_70856  |     5|   0|    64|         59|
    |zext_ln548_322_reg_70904  |     5|   0|    64|         59|
    |zext_ln548_323_reg_70952  |     5|   0|    64|         59|
    |zext_ln548_324_reg_71000  |     5|   0|    64|         59|
    |zext_ln548_325_reg_71048  |     5|   0|    64|         59|
    |zext_ln548_326_reg_71096  |     5|   0|    64|         59|
    |zext_ln548_327_reg_71144  |     5|   0|    64|         59|
    |zext_ln548_328_reg_71192  |     5|   0|    64|         59|
    |zext_ln548_329_reg_71240  |     5|   0|    64|         59|
    |zext_ln548_32_reg_56984   |     5|   0|    64|         59|
    |zext_ln548_330_reg_71288  |     5|   0|    64|         59|
    |zext_ln548_331_reg_71336  |     5|   0|    64|         59|
    |zext_ln548_332_reg_71384  |     5|   0|    64|         59|
    |zext_ln548_333_reg_71432  |     5|   0|    64|         59|
    |zext_ln548_334_reg_71480  |     5|   0|    64|         59|
    |zext_ln548_335_reg_71528  |     5|   0|    64|         59|
    |zext_ln548_336_reg_71576  |     5|   0|    64|         59|
    |zext_ln548_337_reg_71624  |     5|   0|    64|         59|
    |zext_ln548_338_reg_71672  |     5|   0|    64|         59|
    |zext_ln548_339_reg_71720  |     5|   0|    64|         59|
    |zext_ln548_33_reg_57032   |     5|   0|    64|         59|
    |zext_ln548_340_reg_71768  |     5|   0|    64|         59|
    |zext_ln548_341_reg_71816  |     5|   0|    64|         59|
    |zext_ln548_342_reg_71864  |     5|   0|    64|         59|
    |zext_ln548_343_reg_71912  |     5|   0|    64|         59|
    |zext_ln548_344_reg_71960  |     5|   0|    64|         59|
    |zext_ln548_345_reg_72008  |     5|   0|    64|         59|
    |zext_ln548_346_reg_72056  |     5|   0|    64|         59|
    |zext_ln548_347_reg_72104  |     5|   0|    64|         59|
    |zext_ln548_348_reg_72152  |     5|   0|    64|         59|
    |zext_ln548_349_reg_72200  |     5|   0|    64|         59|
    |zext_ln548_34_reg_57080   |     5|   0|    64|         59|
    |zext_ln548_350_reg_72248  |     5|   0|    64|         59|
    |zext_ln548_351_reg_72296  |     5|   0|    64|         59|
    |zext_ln548_352_reg_72344  |     5|   0|    64|         59|
    |zext_ln548_353_reg_72392  |     5|   0|    64|         59|
    |zext_ln548_354_reg_72440  |     5|   0|    64|         59|
    |zext_ln548_355_reg_72488  |     5|   0|    64|         59|
    |zext_ln548_356_reg_72536  |     5|   0|    64|         59|
    |zext_ln548_357_reg_72584  |     5|   0|    64|         59|
    |zext_ln548_358_reg_72632  |     5|   0|    64|         59|
    |zext_ln548_359_reg_72680  |     5|   0|    64|         59|
    |zext_ln548_35_reg_57128   |     5|   0|    64|         59|
    |zext_ln548_360_reg_72728  |     5|   0|    64|         59|
    |zext_ln548_361_reg_72776  |     5|   0|    64|         59|
    |zext_ln548_362_reg_72824  |     5|   0|    64|         59|
    |zext_ln548_363_reg_72872  |     5|   0|    64|         59|
    |zext_ln548_364_reg_72920  |     5|   0|    64|         59|
    |zext_ln548_365_reg_72968  |     5|   0|    64|         59|
    |zext_ln548_366_reg_73016  |     5|   0|    64|         59|
    |zext_ln548_367_reg_73064  |     5|   0|    64|         59|
    |zext_ln548_368_reg_73112  |     5|   0|    64|         59|
    |zext_ln548_369_reg_73160  |     5|   0|    64|         59|
    |zext_ln548_36_reg_57176   |     5|   0|    64|         59|
    |zext_ln548_370_reg_73208  |     5|   0|    64|         59|
    |zext_ln548_371_reg_73256  |     5|   0|    64|         59|
    |zext_ln548_372_reg_73304  |     5|   0|    64|         59|
    |zext_ln548_373_reg_73352  |     5|   0|    64|         59|
    |zext_ln548_374_reg_73400  |     5|   0|    64|         59|
    |zext_ln548_375_reg_73448  |     5|   0|    64|         59|
    |zext_ln548_376_reg_73496  |     5|   0|    64|         59|
    |zext_ln548_377_reg_73544  |     5|   0|    64|         59|
    |zext_ln548_378_reg_73592  |     5|   0|    64|         59|
    |zext_ln548_379_reg_73640  |     5|   0|    64|         59|
    |zext_ln548_37_reg_57224   |     5|   0|    64|         59|
    |zext_ln548_380_reg_73688  |     5|   0|    64|         59|
    |zext_ln548_381_reg_73736  |     5|   0|    64|         59|
    |zext_ln548_382_reg_73784  |     5|   0|    64|         59|
    |zext_ln548_383_reg_73832  |     5|   0|    64|         59|
    |zext_ln548_384_reg_73880  |     5|   0|    64|         59|
    |zext_ln548_385_reg_73928  |     5|   0|    64|         59|
    |zext_ln548_386_reg_73976  |     5|   0|    64|         59|
    |zext_ln548_387_reg_74024  |     5|   0|    64|         59|
    |zext_ln548_388_reg_74072  |     5|   0|    64|         59|
    |zext_ln548_389_reg_74120  |     5|   0|    64|         59|
    |zext_ln548_38_reg_57272   |     5|   0|    64|         59|
    |zext_ln548_390_reg_74168  |     5|   0|    64|         59|
    |zext_ln548_391_reg_74216  |     5|   0|    64|         59|
    |zext_ln548_392_reg_74264  |     5|   0|    64|         59|
    |zext_ln548_393_reg_74312  |     5|   0|    64|         59|
    |zext_ln548_394_reg_74360  |     5|   0|    64|         59|
    |zext_ln548_395_reg_74408  |     5|   0|    64|         59|
    |zext_ln548_396_reg_74456  |     5|   0|    64|         59|
    |zext_ln548_397_reg_74504  |     5|   0|    64|         59|
    |zext_ln548_398_reg_74552  |     5|   0|    64|         59|
    |zext_ln548_399_reg_74600  |     5|   0|    64|         59|
    |zext_ln548_39_reg_57320   |     5|   0|    64|         59|
    |zext_ln548_3_reg_55592    |     5|   0|    64|         59|
    |zext_ln548_400_reg_74648  |     5|   0|    64|         59|
    |zext_ln548_401_reg_74696  |     5|   0|    64|         59|
    |zext_ln548_402_reg_74744  |     5|   0|    64|         59|
    |zext_ln548_403_reg_74792  |     5|   0|    64|         59|
    |zext_ln548_404_reg_74840  |     5|   0|    64|         59|
    |zext_ln548_405_reg_74888  |     5|   0|    64|         59|
    |zext_ln548_406_reg_74936  |     5|   0|    64|         59|
    |zext_ln548_407_reg_74984  |     5|   0|    64|         59|
    |zext_ln548_408_reg_75032  |     5|   0|    64|         59|
    |zext_ln548_409_reg_75080  |     5|   0|    64|         59|
    |zext_ln548_40_reg_57368   |     5|   0|    64|         59|
    |zext_ln548_410_reg_75128  |     5|   0|    64|         59|
    |zext_ln548_411_reg_75176  |     5|   0|    64|         59|
    |zext_ln548_412_reg_75224  |     5|   0|    64|         59|
    |zext_ln548_413_reg_75272  |     5|   0|    64|         59|
    |zext_ln548_414_reg_75320  |     5|   0|    64|         59|
    |zext_ln548_415_reg_75368  |     5|   0|    64|         59|
    |zext_ln548_416_reg_75416  |     5|   0|    64|         59|
    |zext_ln548_417_reg_75464  |     5|   0|    64|         59|
    |zext_ln548_418_reg_75512  |     5|   0|    64|         59|
    |zext_ln548_419_reg_75560  |     5|   0|    64|         59|
    |zext_ln548_41_reg_57416   |     5|   0|    64|         59|
    |zext_ln548_420_reg_75608  |     5|   0|    64|         59|
    |zext_ln548_421_reg_75656  |     5|   0|    64|         59|
    |zext_ln548_422_reg_75704  |     5|   0|    64|         59|
    |zext_ln548_423_reg_75752  |     5|   0|    64|         59|
    |zext_ln548_424_reg_75800  |     5|   0|    64|         59|
    |zext_ln548_425_reg_75848  |     5|   0|    64|         59|
    |zext_ln548_426_reg_75896  |     5|   0|    64|         59|
    |zext_ln548_427_reg_75944  |     5|   0|    64|         59|
    |zext_ln548_428_reg_75992  |     5|   0|    64|         59|
    |zext_ln548_429_reg_76040  |     5|   0|    64|         59|
    |zext_ln548_42_reg_57464   |     5|   0|    64|         59|
    |zext_ln548_430_reg_76088  |     5|   0|    64|         59|
    |zext_ln548_431_reg_76136  |     5|   0|    64|         59|
    |zext_ln548_432_reg_76184  |     5|   0|    64|         59|
    |zext_ln548_433_reg_76232  |     5|   0|    64|         59|
    |zext_ln548_434_reg_76280  |     5|   0|    64|         59|
    |zext_ln548_435_reg_76328  |     5|   0|    64|         59|
    |zext_ln548_436_reg_76376  |     5|   0|    64|         59|
    |zext_ln548_437_reg_76424  |     5|   0|    64|         59|
    |zext_ln548_438_reg_76472  |     5|   0|    64|         59|
    |zext_ln548_439_reg_76520  |     5|   0|    64|         59|
    |zext_ln548_43_reg_57512   |     5|   0|    64|         59|
    |zext_ln548_440_reg_76568  |     5|   0|    64|         59|
    |zext_ln548_441_reg_76616  |     5|   0|    64|         59|
    |zext_ln548_442_reg_76664  |     5|   0|    64|         59|
    |zext_ln548_443_reg_76712  |     5|   0|    64|         59|
    |zext_ln548_444_reg_76760  |     5|   0|    64|         59|
    |zext_ln548_445_reg_76808  |     5|   0|    64|         59|
    |zext_ln548_446_reg_76856  |     5|   0|    64|         59|
    |zext_ln548_447_reg_76904  |     5|   0|    64|         59|
    |zext_ln548_448_reg_76952  |     5|   0|    64|         59|
    |zext_ln548_449_reg_77000  |     5|   0|    64|         59|
    |zext_ln548_44_reg_57560   |     5|   0|    64|         59|
    |zext_ln548_450_reg_77048  |     5|   0|    64|         59|
    |zext_ln548_451_reg_77096  |     5|   0|    64|         59|
    |zext_ln548_452_reg_77144  |     5|   0|    64|         59|
    |zext_ln548_453_reg_77192  |     5|   0|    64|         59|
    |zext_ln548_454_reg_77240  |     5|   0|    64|         59|
    |zext_ln548_455_reg_77288  |     5|   0|    64|         59|
    |zext_ln548_456_reg_77336  |     5|   0|    64|         59|
    |zext_ln548_457_reg_77384  |     5|   0|    64|         59|
    |zext_ln548_458_reg_77432  |     5|   0|    64|         59|
    |zext_ln548_459_reg_77480  |     5|   0|    64|         59|
    |zext_ln548_45_reg_57608   |     5|   0|    64|         59|
    |zext_ln548_460_reg_77528  |     5|   0|    64|         59|
    |zext_ln548_461_reg_77576  |     5|   0|    64|         59|
    |zext_ln548_462_reg_77624  |     5|   0|    64|         59|
    |zext_ln548_463_reg_77672  |     5|   0|    64|         59|
    |zext_ln548_464_reg_77720  |     5|   0|    64|         59|
    |zext_ln548_465_reg_77768  |     5|   0|    64|         59|
    |zext_ln548_466_reg_77816  |     5|   0|    64|         59|
    |zext_ln548_467_reg_77864  |     5|   0|    64|         59|
    |zext_ln548_468_reg_77912  |     5|   0|    64|         59|
    |zext_ln548_469_reg_77960  |     5|   0|    64|         59|
    |zext_ln548_46_reg_57656   |     5|   0|    64|         59|
    |zext_ln548_470_reg_78008  |     5|   0|    64|         59|
    |zext_ln548_471_reg_78056  |     5|   0|    64|         59|
    |zext_ln548_472_reg_78104  |     5|   0|    64|         59|
    |zext_ln548_473_reg_78152  |     5|   0|    64|         59|
    |zext_ln548_474_reg_78200  |     5|   0|    64|         59|
    |zext_ln548_475_reg_78248  |     5|   0|    64|         59|
    |zext_ln548_476_reg_78296  |     5|   0|    64|         59|
    |zext_ln548_477_reg_78344  |     5|   0|    64|         59|
    |zext_ln548_478_reg_78392  |     5|   0|    64|         59|
    |zext_ln548_479_reg_78440  |     5|   0|    64|         59|
    |zext_ln548_47_reg_57704   |     5|   0|    64|         59|
    |zext_ln548_480_reg_78488  |     5|   0|    64|         59|
    |zext_ln548_481_reg_78536  |     5|   0|    64|         59|
    |zext_ln548_482_reg_78584  |     5|   0|    64|         59|
    |zext_ln548_483_reg_78632  |     5|   0|    64|         59|
    |zext_ln548_484_reg_78680  |     5|   0|    64|         59|
    |zext_ln548_485_reg_78728  |     5|   0|    64|         59|
    |zext_ln548_486_reg_78776  |     5|   0|    64|         59|
    |zext_ln548_487_reg_78824  |     5|   0|    64|         59|
    |zext_ln548_488_reg_78872  |     5|   0|    64|         59|
    |zext_ln548_489_reg_78920  |     5|   0|    64|         59|
    |zext_ln548_48_reg_57752   |     5|   0|    64|         59|
    |zext_ln548_490_reg_78968  |     5|   0|    64|         59|
    |zext_ln548_491_reg_79016  |     5|   0|    64|         59|
    |zext_ln548_492_reg_79064  |     5|   0|    64|         59|
    |zext_ln548_493_reg_79112  |     5|   0|    64|         59|
    |zext_ln548_494_reg_79160  |     5|   0|    64|         59|
    |zext_ln548_495_reg_79208  |     5|   0|    64|         59|
    |zext_ln548_496_reg_79256  |     5|   0|    64|         59|
    |zext_ln548_497_reg_79304  |     5|   0|    64|         59|
    |zext_ln548_498_reg_79352  |     5|   0|    64|         59|
    |zext_ln548_499_reg_79400  |     5|   0|    64|         59|
    |zext_ln548_49_reg_57800   |     5|   0|    64|         59|
    |zext_ln548_4_reg_55640    |     5|   0|    64|         59|
    |zext_ln548_500_reg_79448  |     5|   0|    64|         59|
    |zext_ln548_501_reg_79496  |     5|   0|    64|         59|
    |zext_ln548_502_reg_79544  |     5|   0|    64|         59|
    |zext_ln548_503_reg_79592  |     5|   0|    64|         59|
    |zext_ln548_504_reg_79640  |     5|   0|    64|         59|
    |zext_ln548_505_reg_79688  |     5|   0|    64|         59|
    |zext_ln548_506_reg_79736  |     5|   0|    64|         59|
    |zext_ln548_507_reg_79784  |     5|   0|    64|         59|
    |zext_ln548_508_reg_79832  |     5|   0|    64|         59|
    |zext_ln548_509_reg_79880  |     5|   0|    64|         59|
    |zext_ln548_50_reg_57848   |     5|   0|    64|         59|
    |zext_ln548_510_reg_79928  |     5|   0|    64|         59|
    |zext_ln548_511_reg_79976  |     5|   0|    64|         59|
    |zext_ln548_51_reg_57896   |     5|   0|    64|         59|
    |zext_ln548_52_reg_57944   |     5|   0|    64|         59|
    |zext_ln548_53_reg_57992   |     5|   0|    64|         59|
    |zext_ln548_54_reg_58040   |     5|   0|    64|         59|
    |zext_ln548_55_reg_58088   |     5|   0|    64|         59|
    |zext_ln548_56_reg_58136   |     5|   0|    64|         59|
    |zext_ln548_57_reg_58184   |     5|   0|    64|         59|
    |zext_ln548_58_reg_58232   |     5|   0|    64|         59|
    |zext_ln548_59_reg_58280   |     5|   0|    64|         59|
    |zext_ln548_5_reg_55688    |     5|   0|    64|         59|
    |zext_ln548_60_reg_58328   |     5|   0|    64|         59|
    |zext_ln548_61_reg_58376   |     5|   0|    64|         59|
    |zext_ln548_62_reg_58424   |     5|   0|    64|         59|
    |zext_ln548_63_reg_58472   |     5|   0|    64|         59|
    |zext_ln548_64_reg_58520   |     5|   0|    64|         59|
    |zext_ln548_65_reg_58568   |     5|   0|    64|         59|
    |zext_ln548_66_reg_58616   |     5|   0|    64|         59|
    |zext_ln548_67_reg_58664   |     5|   0|    64|         59|
    |zext_ln548_68_reg_58712   |     5|   0|    64|         59|
    |zext_ln548_69_reg_58760   |     5|   0|    64|         59|
    |zext_ln548_6_reg_55736    |     5|   0|    64|         59|
    |zext_ln548_70_reg_58808   |     5|   0|    64|         59|
    |zext_ln548_71_reg_58856   |     5|   0|    64|         59|
    |zext_ln548_72_reg_58904   |     5|   0|    64|         59|
    |zext_ln548_73_reg_58952   |     5|   0|    64|         59|
    |zext_ln548_74_reg_59000   |     5|   0|    64|         59|
    |zext_ln548_75_reg_59048   |     5|   0|    64|         59|
    |zext_ln548_76_reg_59096   |     5|   0|    64|         59|
    |zext_ln548_77_reg_59144   |     5|   0|    64|         59|
    |zext_ln548_78_reg_59192   |     5|   0|    64|         59|
    |zext_ln548_79_reg_59240   |     5|   0|    64|         59|
    |zext_ln548_7_reg_55784    |     5|   0|    64|         59|
    |zext_ln548_80_reg_59288   |     5|   0|    64|         59|
    |zext_ln548_81_reg_59336   |     5|   0|    64|         59|
    |zext_ln548_82_reg_59384   |     5|   0|    64|         59|
    |zext_ln548_83_reg_59432   |     5|   0|    64|         59|
    |zext_ln548_84_reg_59480   |     5|   0|    64|         59|
    |zext_ln548_85_reg_59528   |     5|   0|    64|         59|
    |zext_ln548_86_reg_59576   |     5|   0|    64|         59|
    |zext_ln548_87_reg_59624   |     5|   0|    64|         59|
    |zext_ln548_88_reg_59672   |     5|   0|    64|         59|
    |zext_ln548_89_reg_59720   |     5|   0|    64|         59|
    |zext_ln548_8_reg_55832    |     5|   0|    64|         59|
    |zext_ln548_90_reg_59768   |     5|   0|    64|         59|
    |zext_ln548_91_reg_59816   |     5|   0|    64|         59|
    |zext_ln548_92_reg_59864   |     5|   0|    64|         59|
    |zext_ln548_93_reg_59912   |     5|   0|    64|         59|
    |zext_ln548_94_reg_59960   |     5|   0|    64|         59|
    |zext_ln548_95_reg_60008   |     5|   0|    64|         59|
    |zext_ln548_96_reg_60056   |     5|   0|    64|         59|
    |zext_ln548_97_reg_60104   |     5|   0|    64|         59|
    |zext_ln548_98_reg_60152   |     5|   0|    64|         59|
    |zext_ln548_99_reg_60200   |     5|   0|    64|         59|
    |zext_ln548_9_reg_55880    |     5|   0|    64|         59|
    |zext_ln548_reg_55448      |     5|   0|    64|         59|
    +--------------------------+------+----+------+-----------+
    |Total                     |  3596|   0| 33804|      30208|
    +--------------------------+------+----+------+-----------+



================================================================
== Interface
================================================================
* Summary: 
+------------------------------------+-----+------+------------+------------------------------+--------------+
|              RTL Ports             | Dir | Bits |  Protocol  |         Source Object        |    C Type    |
+------------------------------------+-----+------+------------+------------------------------+--------------+
|ap_clk                              |   in|     1|  ap_ctrl_hs|  aggregate_and_output_results|  return value|
|ap_rst                              |   in|     1|  ap_ctrl_hs|  aggregate_and_output_results|  return value|
|ap_start                            |   in|     1|  ap_ctrl_hs|  aggregate_and_output_results|  return value|
|ap_done                             |  out|     1|  ap_ctrl_hs|  aggregate_and_output_results|  return value|
|ap_idle                             |  out|     1|  ap_ctrl_hs|  aggregate_and_output_results|  return value|
|ap_ready                            |  out|     1|  ap_ctrl_hs|  aggregate_and_output_results|  return value|
|buckets_x_0_address0                |  out|    14|   ap_memory|                   buckets_x_0|         array|
|buckets_x_0_ce0                     |  out|     1|   ap_memory|                   buckets_x_0|         array|
|buckets_x_0_q0                      |   in|   256|   ap_memory|                   buckets_x_0|         array|
|buckets_x_1_address0                |  out|    14|   ap_memory|                   buckets_x_1|         array|
|buckets_x_1_ce0                     |  out|     1|   ap_memory|                   buckets_x_1|         array|
|buckets_x_1_q0                      |   in|   256|   ap_memory|                   buckets_x_1|         array|
|buckets_y_0_address0                |  out|    14|   ap_memory|                   buckets_y_0|         array|
|buckets_y_0_ce0                     |  out|     1|   ap_memory|                   buckets_y_0|         array|
|buckets_y_0_q0                      |   in|   256|   ap_memory|                   buckets_y_0|         array|
|buckets_y_1_address0                |  out|    14|   ap_memory|                   buckets_y_1|         array|
|buckets_y_1_ce0                     |  out|     1|   ap_memory|                   buckets_y_1|         array|
|buckets_y_1_q0                      |   in|   256|   ap_memory|                   buckets_y_1|         array|
|buckets_z_0_address0                |  out|    14|   ap_memory|                   buckets_z_0|         array|
|buckets_z_0_ce0                     |  out|     1|   ap_memory|                   buckets_z_0|         array|
|buckets_z_0_q0                      |   in|   256|   ap_memory|                   buckets_z_0|         array|
|buckets_z_1_address0                |  out|    14|   ap_memory|                   buckets_z_1|         array|
|buckets_z_1_ce0                     |  out|     1|   ap_memory|                   buckets_z_1|         array|
|buckets_z_1_q0                      |   in|   256|   ap_memory|                   buckets_z_1|         array|
|buckets_t_0_address0                |  out|    14|   ap_memory|                   buckets_t_0|         array|
|buckets_t_0_ce0                     |  out|     1|   ap_memory|                   buckets_t_0|         array|
|buckets_t_0_q0                      |   in|   256|   ap_memory|                   buckets_t_0|         array|
|buckets_t_1_address0                |  out|    14|   ap_memory|                   buckets_t_1|         array|
|buckets_t_1_ce0                     |  out|     1|   ap_memory|                   buckets_t_1|         array|
|buckets_t_1_q0                      |   in|   256|   ap_memory|                   buckets_t_1|         array|
|point_result_stream_din             |  out|  1024|     ap_fifo|           point_result_stream|       pointer|
|point_result_stream_full_n          |   in|     1|     ap_fifo|           point_result_stream|       pointer|
|point_result_stream_write           |  out|     1|     ap_fifo|           point_result_stream|       pointer|
|point_result_stream_num_data_valid  |   in|     7|     ap_fifo|           point_result_stream|       pointer|
|point_result_stream_fifo_cap        |   in|     7|     ap_fifo|           point_result_stream|       pointer|
+------------------------------------+-----+------+------------+------------------------------+--------------+

