

================================================================
== Vitis HLS Report for 'edwards_point_add'
================================================================
* Date:           Tue Apr 29 06:14:32 2025

* Version:        2024.2 (Build 5238294 on Nov  8 2024)
* Project:        msm_2
* Solution:       solution1 (Vivado IP Flow Target)
* Product family: zynquplus
* Target device:  xczu7ev-ffvc1156-2-e


================================================================
== Performance Estimates
================================================================
+ Timing: 
    * Summary: 
    +--------+---------+----------+------------+
    |  Clock |  Target | Estimated| Uncertainty|
    +--------+---------+----------+------------+
    |ap_clk  |  4.00 ns|  2.850 ns|     1.08 ns|
    +--------+---------+----------+------------+

+ Latency: 
    * Summary: 
    +---------+---------+-----------+-----------+-----+-----+---------+
    |  Latency (cycles) |   Latency (absolute)  |  Interval | Pipeline|
    |   min   |   max   |    min    |    max    | min | max |   Type  |
    +---------+---------+-----------+-----------+-----+-----+---------+
    |       21|       21|  84.000 ns|  84.000 ns|    1|    1|      yes|
    +---------+---------+-----------+-----------+-----+-----+---------+

    + Detail: 
        * Instance: 
        N/A

        * Loop: 
        N/A



================================================================
== Utilization Estimates
================================================================
* Summary: 
+-----------------+---------+------+--------+--------+-----+
|       Name      | BRAM_18K|  DSP |   FF   |   LUT  | URAM|
+-----------------+---------+------+--------+--------+-----+
|DSP              |        -|     -|       -|       -|    -|
|Expression       |        -|     -|       0|   16867|    -|
|FIFO             |        -|     -|       -|       -|    -|
|Instance         |        -|  3590|    8820|    4980|    -|
|Memory           |        -|     -|       -|       -|    -|
|Multiplexer      |        -|     -|       -|       -|    -|
|Register         |        -|     -|   17229|     160|    -|
+-----------------+---------+------+--------+--------+-----+
|Total            |        0|  3590|   26049|   22007|    0|
+-----------------+---------+------+--------+--------+-----+
|Available        |      624|  1728|  460800|  230400|   96|
+-----------------+---------+------+--------+--------+-----+
|Utilization (%)  |        0|   207|       5|       9|    0|
+-----------------+---------+------+--------+--------+-----+

+ Detail: 
    * Instance: 
    +-----------------------------+-------------------------+---------+-----+-----+-----+-----+
    |           Instance          |          Module         | BRAM_18K| DSP |  FF | LUT | URAM|
    +-----------------------------+-------------------------+---------+-----+-----+-----+-----+
    |mul_256ns_254ns_509_5_1_U36  |mul_256ns_254ns_509_5_1  |        0|  225|  441|  249|    0|
    |mul_256ns_256ns_512_5_1_U27  |mul_256ns_256ns_512_5_1  |        0|  225|  441|  249|    0|
    |mul_256ns_256ns_512_5_1_U28  |mul_256ns_256ns_512_5_1  |        0|  225|  441|  249|    0|
    |mul_256ns_256ns_512_5_1_U29  |mul_256ns_256ns_512_5_1  |        0|  225|  441|  249|    0|
    |mul_256ns_256ns_512_5_1_U30  |mul_256ns_256ns_512_5_1  |        0|  225|  441|  249|    0|
    |mul_256ns_256ns_512_5_1_U31  |mul_256ns_256ns_512_5_1  |        0|  225|  441|  249|    0|
    |mul_256ns_256ns_512_5_1_U32  |mul_256ns_256ns_512_5_1  |        0|  225|  441|  249|    0|
    |mul_256ns_256ns_512_5_1_U33  |mul_256ns_256ns_512_5_1  |        0|  225|  441|  249|    0|
    |mul_256ns_256ns_512_5_1_U34  |mul_256ns_256ns_512_5_1  |        0|  225|  441|  249|    0|
    |mul_256ns_256ns_512_5_1_U35  |mul_256ns_256ns_512_5_1  |        0|  225|  441|  249|    0|
    |mul_256s_254ns_256_5_1_U46   |mul_256s_254ns_256_5_1   |        0|  134|  441|  249|    0|
    |mul_256s_256s_256_5_1_U37    |mul_256s_256s_256_5_1    |        0|  134|  441|  249|    0|
    |mul_256s_256s_256_5_1_U38    |mul_256s_256s_256_5_1    |        0|  134|  441|  249|    0|
    |mul_256s_256s_256_5_1_U39    |mul_256s_256s_256_5_1    |        0|  134|  441|  249|    0|
    |mul_256s_256s_256_5_1_U40    |mul_256s_256s_256_5_1    |        0|  134|  441|  249|    0|
    |mul_256s_256s_256_5_1_U41    |mul_256s_256s_256_5_1    |        0|  134|  441|  249|    0|
    |mul_256s_256s_256_5_1_U42    |mul_256s_256s_256_5_1    |        0|  134|  441|  249|    0|
    |mul_256s_256s_256_5_1_U43    |mul_256s_256s_256_5_1    |        0|  134|  441|  249|    0|
    |mul_256s_256s_256_5_1_U44    |mul_256s_256s_256_5_1    |        0|  134|  441|  249|    0|
    |mul_256s_256s_256_5_1_U45    |mul_256s_256s_256_5_1    |        0|  134|  441|  249|    0|
    +-----------------------------+-------------------------+---------+-----+-----+-----+-----+
    |Total                        |                         |        0| 3590| 8820| 4980|    0|
    +-----------------------------+-------------------------+---------+-----+-----+-----+-----+

    * DSP: 
    N/A

    * Memory: 
    N/A

    * FIFO: 
    N/A

    * Expression: 
    +----------------------------+----------+----+---+-----+------------+------------+
    |        Variable Name       | Operation| DSP| FF| LUT | Bitwidth P0| Bitwidth P1|
    +----------------------------+----------+----+---+-----+------------+------------+
    |AplusB_fu_384_p2            |         +|   0|  0|  263|         256|         256|
    |E_fu_371_p2                 |         +|   0|  0|  263|         256|         255|
    |E_minus_AplusB_1_fu_425_p2  |         +|   0|  0|  263|         256|         255|
    |F_1_fu_485_p2               |         +|   0|  0|  263|         256|         254|
    |G_1_fu_475_p2               |         +|   0|  0|  263|         256|         256|
    |G_fu_502_p2                 |         +|   0|  0|  263|         256|         255|
    |H_1_fu_398_p2               |         +|   0|  0|  263|         256|         254|
    |T3_tmp_fu_576_p2            |         +|   0|  0|  263|         256|         255|
    |X1pY1_1_fu_190_p2           |         +|   0|  0|  263|         256|         256|
    |X1pY1_fu_261_p2             |         +|   0|  0|  263|         256|         255|
    |X2pY2_1_fu_210_p2           |         +|   0|  0|  263|         256|         256|
    |X2pY2_fu_278_p2             |         +|   0|  0|  263|         256|         255|
    |X3_tmp_fu_554_p2            |         +|   0|  0|  263|         256|         255|
    |Y3_tmp_fu_565_p2            |         +|   0|  0|  263|         256|         255|
    |Z3_tmp_fu_587_p2            |         +|   0|  0|  263|         256|         255|
    |add_ln300_fu_184_p2         |         +|   0|  0|  263|         257|         257|
    |add_ln301_fu_204_p2         |         +|   0|  0|  263|         257|         257|
    |add_ln305_fu_318_p2         |         +|   0|  0|  263|         256|         255|
    |add_ln306_fu_329_p2         |         +|   0|  0|  263|         256|         255|
    |add_ln307_fu_340_p2         |         +|   0|  0|  263|         256|         255|
    |add_ln308_fu_351_p2         |         +|   0|  0|  263|         256|         255|
    |add_ln309_fu_442_p2         |         +|   0|  0|  263|         256|         255|
    |add_ln313_fu_469_p2         |         +|   0|  0|  263|         257|         257|
    |E_minus_AplusB_fu_415_p2    |         -|   0|  0|  263|         256|         256|
    |F_fu_457_p2                 |         -|   0|  0|  263|         256|         256|
    |H_fu_380_p2                 |         -|   0|  0|  263|         256|         256|
    |icmp_ln300_fu_256_p2        |      icmp|   0|  0|  263|         257|         254|
    |icmp_ln301_fu_273_p2        |      icmp|   0|  0|  263|         257|         254|
    |icmp_ln305_fu_298_p2        |      icmp|   0|  0|  512|         512|         254|
    |icmp_ln306_fu_303_p2        |      icmp|   0|  0|  512|         512|         254|
    |icmp_ln307_fu_308_p2        |      icmp|   0|  0|  512|         512|         254|
    |icmp_ln308_fu_313_p2        |      icmp|   0|  0|  512|         512|         254|
    |icmp_ln309_fu_437_p2        |      icmp|   0|  0|  509|         509|         254|
    |icmp_ln311_fu_366_p2        |      icmp|   0|  0|  512|         512|         254|
    |icmp_ln312_fu_452_p2        |      icmp|   0|  0|  263|         256|         256|
    |icmp_ln313_fu_497_p2        |      icmp|   0|  0|  263|         257|         254|
    |icmp_ln314_fu_376_p2        |      icmp|   0|  0|  263|         256|         256|
    |icmp_ln317_fu_410_p2        |      icmp|   0|  0|  263|         256|         256|
    |icmp_ln321_fu_534_p2        |      icmp|   0|  0|  512|         512|         254|
    |icmp_ln322_fu_539_p2        |      icmp|   0|  0|  512|         512|         254|
    |icmp_ln323_fu_544_p2        |      icmp|   0|  0|  512|         512|         254|
    |icmp_ln324_fu_549_p2        |      icmp|   0|  0|  512|         512|         254|
    |A_fu_323_p3                 |    select|   0|  0|  208|           1|         256|
    |B_fu_334_p3                 |    select|   0|  0|  208|           1|         256|
    |C_fu_345_p3                 |    select|   0|  0|  208|           1|         256|
    |D_fu_447_p3                 |    select|   0|  0|  208|           1|         256|
    |E_2_fu_388_p3               |    select|   0|  0|  208|           1|         256|
    |E_minus_AplusB_2_fu_430_p3  |    select|   0|  0|  208|           1|         256|
    |F_2_fu_490_p3               |    select|   0|  0|  208|           1|         256|
    |G_2_fu_507_p3               |    select|   0|  0|  208|           1|         256|
    |H_2_fu_403_p3               |    select|   0|  0|  208|           1|         256|
    |T1T2_fu_356_p3              |    select|   0|  0|  208|           1|         256|
    |T3_tmp_2_fu_581_p3          |    select|   0|  0|  208|           1|         256|
    |X1pY1_2_fu_266_p3           |    select|   0|  0|  208|           1|         256|
    |X2pY2_2_fu_283_p3           |    select|   0|  0|  208|           1|         256|
    |X3_tmp_2_fu_559_p3          |    select|   0|  0|  208|           1|         256|
    |Y3_tmp_2_fu_570_p3          |    select|   0|  0|  208|           1|         256|
    |Z3_tmp_2_fu_592_p3          |    select|   0|  0|  208|           1|         256|
    |E_geq_AplusB_fu_420_p2      |       xor|   0|  0|    2|           1|           2|
    |xor_ln312_fu_480_p2         |       xor|   0|  0|    2|           1|           2|
    |xor_ln314_fu_393_p2         |       xor|   0|  0|    2|           1|           2|
    +----------------------------+----------+----+---+-----+------------+------------+
    |Total                       |          |   0|  0|16867|       13334|       14813|
    +----------------------------+----------+----+---+-----+------------+------------+

    * Multiplexer: 
    N/A

    * Register: 
    +------------------------------------+-----+----+-----+-----------+
    |                Name                |  FF | LUT| Bits| Const Bits|
    +------------------------------------+-----+----+-----+-----------+
    |A_reg_810                           |  256|   0|  256|          0|
    |AplusB_reg_875                      |  256|   0|  256|          0|
    |B_reg_817                           |  256|   0|  256|          0|
    |C_reg_824                           |  256|   0|  256|          0|
    |E_1_reg_843                         |  256|   0|  256|          0|
    |E_1_reg_843_pp0_iter7_reg           |  256|   0|  256|          0|
    |E_minus_AplusB_2_reg_899            |  256|   0|  256|          0|
    |E_minus_AplusB_reg_893              |  256|   0|  256|          0|
    |E_reg_859                           |  256|   0|  256|          0|
    |F_2_reg_949                         |  256|   0|  256|          0|
    |F_reg_932                           |  256|   0|  256|          0|
    |G_1_reg_943                         |  256|   0|  256|          0|
    |G_2_reg_956                         |  256|   0|  256|          0|
    |H_2_reg_881                         |  256|   0|  256|          0|
    |H_reg_869                           |  256|   0|  256|          0|
    |T1T2_reg_832                        |  256|   0|  256|          0|
    |T1_int_reg                          |  256|   0|  256|          0|
    |T2_int_reg                          |  256|   0|  256|          0|
    |T3_tmp_1_reg_1034                   |  256|   0|  256|          0|
    |X1_int_reg                          |  256|   0|  256|          0|
    |X1pY1_1_reg_667                     |  256|   0|  256|          0|
    |X1pY1_2_reg_724                     |  256|   0|  256|          0|
    |X2_int_reg                          |  256|   0|  256|          0|
    |X2pY2_1_reg_678                     |  256|   0|  256|          0|
    |X2pY2_2_reg_730                     |  256|   0|  256|          0|
    |X3_tmp_1_reg_1012                   |  256|   0|  256|          0|
    |Y1_int_reg                          |  256|   0|  256|          0|
    |Y2_int_reg                          |  256|   0|  256|          0|
    |Y3_tmp_1_reg_1023                   |  256|   0|  256|          0|
    |Z1_int_reg                          |  256|   0|  256|          0|
    |Z2_int_reg                          |  256|   0|  256|          0|
    |Z3_tmp_1_reg_1045                   |  256|   0|  256|          0|
    |add_ln300_reg_662                   |  257|   0|  257|          0|
    |add_ln301_reg_673                   |  257|   0|  257|          0|
    |add_ln309_reg_922                   |  256|   0|  256|          0|
    |add_ln313_reg_938                   |  257|   0|  257|          0|
    |icmp_ln305_reg_790                  |    1|   0|    1|          0|
    |icmp_ln306_reg_795                  |    1|   0|    1|          0|
    |icmp_ln307_reg_800                  |    1|   0|    1|          0|
    |icmp_ln308_reg_805                  |    1|   0|    1|          0|
    |icmp_ln309_reg_917                  |    1|   0|    1|          0|
    |icmp_ln311_reg_854                  |    1|   0|    1|          0|
    |icmp_ln312_reg_927                  |    1|   0|    1|          0|
    |icmp_ln314_reg_864                  |    1|   0|    1|          0|
    |icmp_ln317_reg_888                  |    1|   0|    1|          0|
    |icmp_ln321_reg_1007                 |    1|   0|    1|          0|
    |icmp_ln322_reg_1018                 |    1|   0|    1|          0|
    |icmp_ln323_reg_1029                 |    1|   0|    1|          0|
    |icmp_ln324_reg_1040                 |    1|   0|    1|          0|
    |mul_ln305_1_reg_751                 |  256|   0|  256|          0|
    |mul_ln305_1_reg_751_pp0_iter5_reg   |  256|   0|  256|          0|
    |mul_ln305_reg_746                   |  512|   0|  512|          0|
    |mul_ln306_1_reg_762                 |  256|   0|  256|          0|
    |mul_ln306_1_reg_762_pp0_iter5_reg   |  256|   0|  256|          0|
    |mul_ln306_reg_757                   |  512|   0|  512|          0|
    |mul_ln307_1_reg_773                 |  256|   0|  256|          0|
    |mul_ln307_1_reg_773_pp0_iter5_reg   |  256|   0|  256|          0|
    |mul_ln307_reg_768                   |  512|   0|  512|          0|
    |mul_ln308_1_reg_784                 |  256|   0|  256|          0|
    |mul_ln308_1_reg_784_pp0_iter5_reg   |  256|   0|  256|          0|
    |mul_ln308_reg_779                   |  512|   0|  512|          0|
    |mul_ln309_1_reg_911                 |  256|   0|  256|          0|
    |mul_ln309_1_reg_911_pp0_iter12_reg  |  256|   0|  256|          0|
    |mul_ln309_reg_906                   |  509|   0|  509|          0|
    |mul_ln311_reg_838                   |  512|   0|  512|          0|
    |mul_ln321_reg_987                   |  512|   0|  512|          0|
    |mul_ln322_reg_992                   |  512|   0|  512|          0|
    |mul_ln323_reg_997                   |  512|   0|  512|          0|
    |mul_ln324_reg_1002                  |  512|   0|  512|          0|
    |C_reg_824                           |   64|  32|  256|          0|
    |E_minus_AplusB_2_reg_899            |   64|  32|  256|          0|
    |F_2_reg_949                         |   64|  32|  256|          0|
    |G_2_reg_956                         |   64|  32|  256|          0|
    |H_2_reg_881                         |   64|  32|  256|          0|
    +------------------------------------+-----+----+-----+-----------+
    |Total                               |17229| 160|18189|          0|
    +------------------------------------+-----+----+-----+-----------+



================================================================
== Interface
================================================================
* Summary: 
+-------------+-----+-----+------------+-------------------+--------------+
|  RTL Ports  | Dir | Bits|  Protocol  |   Source Object   |    C Type    |
+-------------+-----+-----+------------+-------------------+--------------+
|ap_clk       |   in|    1|  ap_ctrl_hs|  edwards_point_add|  return value|
|ap_rst       |   in|    1|  ap_ctrl_hs|  edwards_point_add|  return value|
|ap_return_0  |  out|  256|  ap_ctrl_hs|  edwards_point_add|  return value|
|ap_return_1  |  out|  256|  ap_ctrl_hs|  edwards_point_add|  return value|
|ap_return_2  |  out|  256|  ap_ctrl_hs|  edwards_point_add|  return value|
|ap_return_3  |  out|  256|  ap_ctrl_hs|  edwards_point_add|  return value|
|X1           |   in|  256|     ap_none|                 X1|        scalar|
|Y1           |   in|  256|     ap_none|                 Y1|        scalar|
|Z1           |   in|  256|     ap_none|                 Z1|        scalar|
|T1           |   in|  256|     ap_none|                 T1|        scalar|
|X2           |   in|  256|     ap_none|                 X2|        scalar|
|Y2           |   in|  256|     ap_none|                 Y2|        scalar|
|Z2           |   in|  256|     ap_none|                 Z2|        scalar|
|T2           |   in|  256|     ap_none|                 T2|        scalar|
+-------------+-----+-----+------------+-------------------+--------------+

