

================================================================
== Vitis HLS Report for 'entry_proc'
================================================================
* Date:           Tue Apr 29 06:14:31 2025

* Version:        2024.2 (Build 5238294 on Nov  8 2024)
* Project:        msm_2
* Solution:       solution1 (Vivado IP Flow Target)
* Product family: zynquplus
* Target device:  xczu7ev-ffvc1156-2-e


================================================================
== Performance Estimates
================================================================
+ Timing: 
    * Summary: 
    +--------+---------+----------+------------+
    |  Clock |  Target | Estimated| Uncertainty|
    +--------+---------+----------+------------+
    |ap_clk  |  4.00 ns|  1.460 ns|     1.08 ns|
    +--------+---------+----------+------------+

+ Latency: 
    * Summary: 
    +---------+---------+----------+----------+-----+-----+---------+
    |  Latency (cycles) |  Latency (absolute) |  Interval | Pipeline|
    |   min   |   max   |    min   |    max   | min | max |   Type  |
    +---------+---------+----------+----------+-----+-----+---------+
    |        0|        0|      0 ns|      0 ns|    0|    0|       no|
    +---------+---------+----------+----------+-----+-----+---------+

    + Detail: 
        * Instance: 
        N/A

        * Loop: 
        N/A



================================================================
== Utilization Estimates
================================================================
* Summary: 
+-----------------+---------+------+--------+--------+-----+
|       Name      | BRAM_18K|  DSP |   FF   |   LUT  | URAM|
+-----------------+---------+------+--------+--------+-----+
|DSP              |        -|     -|       -|       -|    -|
|Expression       |        -|     -|       0|       2|    -|
|FIFO             |        -|     -|       -|       -|    -|
|Instance         |        -|     -|       -|       -|    -|
|Memory           |        -|     -|       -|       -|    -|
|Multiplexer      |        -|     -|       0|      54|    -|
|Register         |        -|     -|       3|       -|    -|
+-----------------+---------+------+--------+--------+-----+
|Total            |        0|     0|       3|      56|    0|
+-----------------+---------+------+--------+--------+-----+
|Available        |      624|  1728|  460800|  230400|   96|
+-----------------+---------+------+--------+--------+-----+
|Utilization (%)  |        0|     0|      ~0|      ~0|    0|
+-----------------+---------+------+--------+--------+-----+

+ Detail: 
    * Instance: 
    N/A

    * DSP: 
    N/A

    * Memory: 
    N/A

    * FIFO: 
    N/A

    * Expression: 
    +-----------------+----------+----+---+----+------------+------------+
    |  Variable Name  | Operation| DSP| FF| LUT| Bitwidth P0| Bitwidth P1|
    +-----------------+----------+----+---+----+------------+------------+
    |ap_block_state1  |        or|   0|  0|   2|           1|           1|
    +-----------------+----------+----+---+----+------------+------------+
    |Total            |          |   0|  0|   2|           1|           1|
    +-----------------+----------+----+---+----+------------+------------+

    * Multiplexer: 
    +------------------+----+-----------+-----+-----------+
    |       Name       | LUT| Input Size| Bits| Total Bits|
    +------------------+----+-----------+-----+-----------+
    |ap_done           |   9|          2|    1|          2|
    |real_start        |   9|          2|    1|          2|
    |result_t_c_blk_n  |   9|          2|    1|          2|
    |result_x_c_blk_n  |   9|          2|    1|          2|
    |result_y_c_blk_n  |   9|          2|    1|          2|
    |result_z_c_blk_n  |   9|          2|    1|          2|
    +------------------+----+-----------+-----+-----------+
    |Total             |  54|         12|    6|         12|
    +------------------+----+-----------+-----+-----------+

    * Register: 
    +----------------+---+----+-----+-----------+
    |      Name      | FF| LUT| Bits| Const Bits|
    +----------------+---+----+-----+-----------+
    |ap_CS_fsm       |  1|   0|    1|          0|
    |ap_done_reg     |  1|   0|    1|          0|
    |start_once_reg  |  1|   0|    1|          0|
    +----------------+---+----+-----+-----------+
    |Total           |  3|   0|    3|          0|
    +----------------+---+----+-----+-----------+



================================================================
== Interface
================================================================
* Summary: 
+---------------------------+-----+-----+------------+--------------+--------------+
|         RTL Ports         | Dir | Bits|  Protocol  | Source Object|    C Type    |
+---------------------------+-----+-----+------------+--------------+--------------+
|ap_clk                     |   in|    1|  ap_ctrl_hs|    entry_proc|  return value|
|ap_rst                     |   in|    1|  ap_ctrl_hs|    entry_proc|  return value|
|ap_start                   |   in|    1|  ap_ctrl_hs|    entry_proc|  return value|
|start_full_n               |   in|    1|  ap_ctrl_hs|    entry_proc|  return value|
|ap_done                    |  out|    1|  ap_ctrl_hs|    entry_proc|  return value|
|ap_continue                |   in|    1|  ap_ctrl_hs|    entry_proc|  return value|
|ap_idle                    |  out|    1|  ap_ctrl_hs|    entry_proc|  return value|
|ap_ready                   |  out|    1|  ap_ctrl_hs|    entry_proc|  return value|
|start_out                  |  out|    1|  ap_ctrl_hs|    entry_proc|  return value|
|start_write                |  out|    1|  ap_ctrl_hs|    entry_proc|  return value|
|result_x                   |   in|   64|     ap_none|      result_x|        scalar|
|result_x_c_din             |  out|   64|     ap_fifo|    result_x_c|       pointer|
|result_x_c_full_n          |   in|    1|     ap_fifo|    result_x_c|       pointer|
|result_x_c_write           |  out|    1|     ap_fifo|    result_x_c|       pointer|
|result_x_c_num_data_valid  |   in|    3|     ap_fifo|    result_x_c|       pointer|
|result_x_c_fifo_cap        |   in|    3|     ap_fifo|    result_x_c|       pointer|
|result_y                   |   in|   64|     ap_none|      result_y|        scalar|
|result_y_c_din             |  out|   64|     ap_fifo|    result_y_c|       pointer|
|result_y_c_full_n          |   in|    1|     ap_fifo|    result_y_c|       pointer|
|result_y_c_write           |  out|    1|     ap_fifo|    result_y_c|       pointer|
|result_y_c_num_data_valid  |   in|    3|     ap_fifo|    result_y_c|       pointer|
|result_y_c_fifo_cap        |   in|    3|     ap_fifo|    result_y_c|       pointer|
|result_z                   |   in|   64|     ap_none|      result_z|        scalar|
|result_z_c_din             |  out|   64|     ap_fifo|    result_z_c|       pointer|
|result_z_c_full_n          |   in|    1|     ap_fifo|    result_z_c|       pointer|
|result_z_c_write           |  out|    1|     ap_fifo|    result_z_c|       pointer|
|result_z_c_num_data_valid  |   in|    3|     ap_fifo|    result_z_c|       pointer|
|result_z_c_fifo_cap        |   in|    3|     ap_fifo|    result_z_c|       pointer|
|result_t                   |   in|   64|     ap_none|      result_t|        scalar|
|result_t_c_din             |  out|   64|     ap_fifo|    result_t_c|       pointer|
|result_t_c_full_n          |   in|    1|     ap_fifo|    result_t_c|       pointer|
|result_t_c_write           |  out|    1|     ap_fifo|    result_t_c|       pointer|
|result_t_c_num_data_valid  |   in|    3|     ap_fifo|    result_t_c|       pointer|
|result_t_c_fifo_cap        |   in|    3|     ap_fifo|    result_t_c|       pointer|
+---------------------------+-----+-----+------------+--------------+--------------+

