

================================================================
== Vitis HLS Report for 'pippenger_control'
================================================================
* Date:           Tue Apr 29 06:14:44 2025

* Version:        2024.2 (Build 5238294 on Nov  8 2024)
* Project:        msm_2
* Solution:       solution1 (Vivado IP Flow Target)
* Product family: zynquplus
* Target device:  xczu7ev-ffvc1156-2-e


================================================================
== Performance Estimates
================================================================
+ Timing: 
    * Summary: 
    +--------+---------+----------+------------+
    |  Clock |  Target | Estimated| Uncertainty|
    +--------+---------+----------+------------+
    |ap_clk  |  4.00 ns|  2.850 ns|     1.08 ns|
    +--------+---------+----------+------------+

+ Latency: 
    * Summary: 
    +---------+------------+----------+-----------+-------+------------+---------+
    |   Latency (cycles)   |  Latency (absolute)  |      Interval      | Pipeline|
    |   min   |     max    |    min   |    max    |  min  |     max    |   Type  |
    +---------+------------+----------+-----------+-------+------------+---------+
    |    26769|  1946183709|  0.107 ms|  7.785 sec|  26769|  1946183709|       no|
    +---------+------------+----------+-----------+-------+------------+---------+

    + Detail: 
        * Instance: 
        +-------------------------------------------------------------+--------------------------------------------------+---------+---------+----------+----------+-------+-------+------------------------------------------------+
        |                                                             |                                                  |  Latency (cycles) |  Latency (absolute) |    Interval   |                    Pipeline                    |
        |                           Instance                          |                      Module                      |   min   |   max   |    min   |    max   |  min  |  max  |                      Type                      |
        +-------------------------------------------------------------+--------------------------------------------------+---------+---------+----------+----------+-------+-------+------------------------------------------------+
        |grp_pippenger_control_Pipeline_PARTITION_SCALAR_fu_155       |pippenger_control_Pipeline_PARTITION_SCALAR       |       28|       28|  0.112 us|  0.112 us|     26|     26|  loop auto-rewind stp (delay=0 clock cycles(s))|
        |grp_aggregate_and_output_results_fu_163                      |aggregate_and_output_results                      |    26651|    26651|  0.107 ms|  0.107 ms|  26651|  26651|                                              no|
        |grp_pippenger_control_Pipeline_PUT_INTO_BUCKETS_LOOP_fu_177  |pippenger_control_Pipeline_PUT_INTO_BUCKETS_LOOP  |       83|       83|  0.332 us|  0.332 us|     54|     54|  loop auto-rewind stp (delay=0 clock cycles(s))|
        +-------------------------------------------------------------+--------------------------------------------------+---------+---------+----------+----------+-------+-------+------------------------------------------------+

        * Loop: 
        +-------------+---------+------------+----------+-----------+-----------+--------------+----------+
        |             |   Latency (cycles)   | Iteration|  Initiation Interval  |     Trip     |          |
        |  Loop Name  |   min   |     max    |  Latency |  achieved |   target  |     Count    | Pipelined|
        +-------------+---------+------------+----------+-----------+-----------+--------------+----------+
        |- MAIN_LOOP  |      116|  1946157056|       116|          -|          -|  1 ~ 16777216|        no|
        +-------------+---------+------------+----------+-----------+-----------+--------------+----------+



================================================================
== Utilization Estimates
================================================================
* Summary: 
+-----------------+---------+------+--------+--------+-----+
|       Name      | BRAM_18K|  DSP |   FF   |   LUT  | URAM|
+-----------------+---------+------+--------+--------+-----+
|DSP              |        -|     -|       -|       -|    -|
|Expression       |        -|     -|       0|       8|    -|
|FIFO             |        -|     -|       -|       -|    -|
|Instance         |        -|  3590|   34607|   53265|    -|
|Memory           |        2|     -|       0|       0|  128|
|Multiplexer      |        -|     -|       0|     620|    -|
|Register         |        -|     -|    1297|       -|    -|
+-----------------+---------+------+--------+--------+-----+
|Total            |        2|  3590|   35904|   53893|  128|
+-----------------+---------+------+--------+--------+-----+
|Available        |      624|  1728|  460800|  230400|   96|
+-----------------+---------+------+--------+--------+-----+
|Utilization (%)  |       ~0|   207|       7|      23|  133|
+-----------------+---------+------+--------+--------+-----+

+ Detail: 
    * Instance: 
    +-------------------------------------------------------------+--------------------------------------------------+---------+------+-------+-------+-----+
    |                           Instance                          |                      Module                      | BRAM_18K|  DSP |   FF  |  LUT  | URAM|
    +-------------------------------------------------------------+--------------------------------------------------+---------+------+-------+-------+-----+
    |grp_aggregate_and_output_results_fu_163                      |aggregate_and_output_results                      |        0|     0|   3596|  26972|    0|
    |grp_pippenger_control_Pipeline_PARTITION_SCALAR_fu_155       |pippenger_control_Pipeline_PARTITION_SCALAR       |        0|     0|     54|   2354|    0|
    |grp_pippenger_control_Pipeline_PUT_INTO_BUCKETS_LOOP_fu_177  |pippenger_control_Pipeline_PUT_INTO_BUCKETS_LOOP  |        0|  3590|  30957|  23939|    0|
    +-------------------------------------------------------------+--------------------------------------------------+---------+------+-------+-------+-----+
    |Total                                                        |                                                  |        0|  3590|  34607|  53265|    0|
    +-------------------------------------------------------------+--------------------------------------------------+---------+------+-------+-------+-----+

    * DSP: 
    N/A

    * Memory: 
    +-----------------------------+-------------------------------------------------------------+---------+---+----+-----+-------+-----+------+-------------+
    |            Memory           |                            Module                           | BRAM_18K| FF| LUT| URAM| Words | Bits| Banks| W*Bits*Banks|
    +-----------------------------+-------------------------------------------------------------+---------+---+----+-----+-------+-----+------+-------------+
    |buckets_x_U                  |pippenger_control_buckets_x_RAM_T2P_URAM_1R1W                |        0|  0|   0|   16|  13312|  256|     1|      3407872|
    |buckets_x_1_U                |pippenger_control_buckets_x_RAM_T2P_URAM_1R1W                |        0|  0|   0|   16|  13312|  256|     1|      3407872|
    |buckets_y_U                  |pippenger_control_buckets_x_RAM_T2P_URAM_1R1W                |        0|  0|   0|   16|  13312|  256|     1|      3407872|
    |buckets_y_1_U                |pippenger_control_buckets_x_RAM_T2P_URAM_1R1W                |        0|  0|   0|   16|  13312|  256|     1|      3407872|
    |buckets_z_U                  |pippenger_control_buckets_x_RAM_T2P_URAM_1R1W                |        0|  0|   0|   16|  13312|  256|     1|      3407872|
    |buckets_z_1_U                |pippenger_control_buckets_x_RAM_T2P_URAM_1R1W                |        0|  0|   0|   16|  13312|  256|     1|      3407872|
    |buckets_t_U                  |pippenger_control_buckets_x_RAM_T2P_URAM_1R1W                |        0|  0|   0|   16|  13312|  256|     1|      3407872|
    |buckets_t_1_U                |pippenger_control_buckets_x_RAM_T2P_URAM_1R1W                |        0|  0|   0|   16|  13312|  256|     1|      3407872|
    |scalar_partition_buffer_U    |pippenger_control_scalar_partition_buffer_RAM_T2P_BRAM_1R1W  |        1|  0|   0|    0|     13|   15|     1|          195|
    |scalar_partition_buffer_2_U  |pippenger_control_scalar_partition_buffer_RAM_T2P_BRAM_1R1W  |        1|  0|   0|    0|     13|   15|     1|          195|
    +-----------------------------+-------------------------------------------------------------+---------+---+----+-----+-------+-----+------+-------------+
    |Total                        |                                                             |        2|  0|   0|  128| 106522| 2078|    10|     27263366|
    +-----------------------------+-------------------------------------------------------------+---------+---+----+-----+-------+-----+------+-------------+

    * FIFO: 
    N/A

    * Expression: 
    +-------------------------------+----------+----+---+----+------------+------------+
    |         Variable Name         | Operation| DSP| FF| LUT| Bitwidth P0| Bitwidth P1|
    +-------------------------------+----------+----+---+----+------------+------------+
    |tmp_i_nbreadreq_fu_104_p3      |       and|   0|  0|   2|           1|           0|
    |ap_block_state1                |        or|   0|  0|   2|           1|           1|
    |ap_block_state2                |        or|   0|  0|   2|           1|           1|
    |scalar_partition_buffer_2_we0  |        or|   0|  0|   2|           1|           1|
    +-------------------------------+----------+----+---+----+------------+------------+
    |Total                          |          |   0|  0|   8|           4|           3|
    +-------------------------------+----------+----+---+----+------------+------------+

    * Multiplexer: 
    +------------------------------------+----+-----------+-----+-----------+
    |                Name                | LUT| Input Size| Bits| Total Bits|
    +------------------------------------+----+-----------+-----+-----------+
    |ap_NS_fsm                           |  43|          8|    1|          8|
    |ap_done                             |   9|          2|    1|          2|
    |buckets_t_1_address0                |  14|          3|   14|         42|
    |buckets_t_1_ce0                     |  14|          3|    1|          3|
    |buckets_t_1_ce1                     |   9|          2|    1|          2|
    |buckets_t_1_we0                     |   9|          2|    1|          2|
    |buckets_t_1_we1                     |   9|          2|    1|          2|
    |buckets_t_address0                  |  14|          3|   14|         42|
    |buckets_t_ce0                       |  14|          3|    1|          3|
    |buckets_t_ce1                       |   9|          2|    1|          2|
    |buckets_t_we0                       |   9|          2|    1|          2|
    |buckets_t_we1                       |   9|          2|    1|          2|
    |buckets_x_1_address0                |  14|          3|   14|         42|
    |buckets_x_1_ce0                     |  14|          3|    1|          3|
    |buckets_x_1_ce1                     |   9|          2|    1|          2|
    |buckets_x_1_we0                     |   9|          2|    1|          2|
    |buckets_x_1_we1                     |   9|          2|    1|          2|
    |buckets_x_address0                  |  14|          3|   14|         42|
    |buckets_x_ce0                       |  14|          3|    1|          3|
    |buckets_x_ce1                       |   9|          2|    1|          2|
    |buckets_x_we0                       |   9|          2|    1|          2|
    |buckets_x_we1                       |   9|          2|    1|          2|
    |buckets_y_1_address0                |  14|          3|   14|         42|
    |buckets_y_1_ce0                     |  14|          3|    1|          3|
    |buckets_y_1_ce1                     |   9|          2|    1|          2|
    |buckets_y_1_we0                     |   9|          2|    1|          2|
    |buckets_y_1_we1                     |   9|          2|    1|          2|
    |buckets_y_address0                  |  14|          3|   14|         42|
    |buckets_y_ce0                       |  14|          3|    1|          3|
    |buckets_y_ce1                       |   9|          2|    1|          2|
    |buckets_y_we0                       |   9|          2|    1|          2|
    |buckets_y_we1                       |   9|          2|    1|          2|
    |buckets_z_1_address0                |  14|          3|   14|         42|
    |buckets_z_1_ce0                     |  14|          3|    1|          3|
    |buckets_z_1_ce1                     |   9|          2|    1|          2|
    |buckets_z_1_we0                     |   9|          2|    1|          2|
    |buckets_z_1_we1                     |   9|          2|    1|          2|
    |buckets_z_address0                  |  14|          3|   14|         42|
    |buckets_z_ce0                       |  14|          3|    1|          3|
    |buckets_z_ce1                       |   9|          2|    1|          2|
    |buckets_z_we0                       |   9|          2|    1|          2|
    |buckets_z_we1                       |   9|          2|    1|          2|
    |scalar_partition_buffer_2_address0  |  14|          3|    4|         12|
    |scalar_partition_buffer_2_ce0       |  14|          3|    1|          3|
    |scalar_partition_buffer_2_d0        |   9|          2|   15|         30|
    |scalar_partition_buffer_2_we0       |   9|          2|    1|          2|
    |scalar_partition_buffer_address0    |  14|          3|    4|         12|
    |scalar_partition_buffer_ce0         |  14|          3|    1|          3|
    |scalar_partition_buffer_we0         |   9|          2|    1|          2|
    |scalar_point_stream_blk_n           |   9|          2|    1|          2|
    |t_point_stream_blk_n                |   9|          2|    1|          2|
    |x_point_stream_blk_n                |   9|          2|    1|          2|
    |y_point_stream_blk_n                |   9|          2|    1|          2|
    |z_point_stream_blk_n                |   9|          2|    1|          2|
    +------------------------------------+----+-----------+-----+-----------+
    |Total                               | 620|        134|  178|        492|
    +------------------------------------+----+-----------+-----+-----------+

    * Register: 
    +--------------------------------------------------------------------------+-----+----+-----+-----------+
    |                                   Name                                   |  FF | LUT| Bits| Const Bits|
    +--------------------------------------------------------------------------+-----+----+-----+-----------+
    |ap_CS_fsm                                                                 |    7|   0|    7|          0|
    |ap_done_reg                                                               |    1|   0|    1|          0|
    |grp_aggregate_and_output_results_fu_163_ap_start_reg                      |    1|   0|    1|          0|
    |grp_pippenger_control_Pipeline_PARTITION_SCALAR_fu_155_ap_start_reg       |    1|   0|    1|          0|
    |grp_pippenger_control_Pipeline_PUT_INTO_BUCKETS_LOOP_fu_177_ap_start_reg  |    1|   0|    1|          0|
    |scalar_reg_235                                                            |  256|   0|  256|          0|
    |t_point_stream_read_reg_230                                               |  256|   0|  256|          0|
    |tmp_1_i_reg_240                                                           |    6|   0|    6|          0|
    |x_point_stream_read_reg_215                                               |  256|   0|  256|          0|
    |y_point_stream_read_reg_220                                               |  256|   0|  256|          0|
    |z_point_stream_read_reg_225                                               |  256|   0|  256|          0|
    +--------------------------------------------------------------------------+-----+----+-----+-----------+
    |Total                                                                     | 1297|   0| 1297|          0|
    +--------------------------------------------------------------------------+-----+----+-----+-----------+



================================================================
== Interface
================================================================
* Summary: 
+------------------------------------+-----+------+------------+---------------------+--------------+
|              RTL Ports             | Dir | Bits |  Protocol  |    Source Object    |    C Type    |
+------------------------------------+-----+------+------------+---------------------+--------------+
|ap_clk                              |   in|     1|  ap_ctrl_hs|    pippenger_control|  return value|
|ap_rst                              |   in|     1|  ap_ctrl_hs|    pippenger_control|  return value|
|ap_start                            |   in|     1|  ap_ctrl_hs|    pippenger_control|  return value|
|ap_done                             |  out|     1|  ap_ctrl_hs|    pippenger_control|  return value|
|ap_continue                         |   in|     1|  ap_ctrl_hs|    pippenger_control|  return value|
|ap_idle                             |  out|     1|  ap_ctrl_hs|    pippenger_control|  return value|
|ap_ready                            |  out|     1|  ap_ctrl_hs|    pippenger_control|  return value|
|x_point_stream_dout                 |   in|   256|     ap_fifo|       x_point_stream|       pointer|
|x_point_stream_empty_n              |   in|     1|     ap_fifo|       x_point_stream|       pointer|
|x_point_stream_read                 |  out|     1|     ap_fifo|       x_point_stream|       pointer|
|x_point_stream_num_data_valid       |   in|     7|     ap_fifo|       x_point_stream|       pointer|
|x_point_stream_fifo_cap             |   in|     7|     ap_fifo|       x_point_stream|       pointer|
|y_point_stream_dout                 |   in|   256|     ap_fifo|       y_point_stream|       pointer|
|y_point_stream_empty_n              |   in|     1|     ap_fifo|       y_point_stream|       pointer|
|y_point_stream_read                 |  out|     1|     ap_fifo|       y_point_stream|       pointer|
|y_point_stream_num_data_valid       |   in|     7|     ap_fifo|       y_point_stream|       pointer|
|y_point_stream_fifo_cap             |   in|     7|     ap_fifo|       y_point_stream|       pointer|
|z_point_stream_dout                 |   in|   256|     ap_fifo|       z_point_stream|       pointer|
|z_point_stream_empty_n              |   in|     1|     ap_fifo|       z_point_stream|       pointer|
|z_point_stream_read                 |  out|     1|     ap_fifo|       z_point_stream|       pointer|
|z_point_stream_num_data_valid       |   in|     7|     ap_fifo|       z_point_stream|       pointer|
|z_point_stream_fifo_cap             |   in|     7|     ap_fifo|       z_point_stream|       pointer|
|t_point_stream_dout                 |   in|   256|     ap_fifo|       t_point_stream|       pointer|
|t_point_stream_empty_n              |   in|     1|     ap_fifo|       t_point_stream|       pointer|
|t_point_stream_read                 |  out|     1|     ap_fifo|       t_point_stream|       pointer|
|t_point_stream_num_data_valid       |   in|     3|     ap_fifo|       t_point_stream|       pointer|
|t_point_stream_fifo_cap             |   in|     3|     ap_fifo|       t_point_stream|       pointer|
|scalar_point_stream_dout            |   in|   256|     ap_fifo|  scalar_point_stream|       pointer|
|scalar_point_stream_empty_n         |   in|     1|     ap_fifo|  scalar_point_stream|       pointer|
|scalar_point_stream_read            |  out|     1|     ap_fifo|  scalar_point_stream|       pointer|
|scalar_point_stream_num_data_valid  |   in|     7|     ap_fifo|  scalar_point_stream|       pointer|
|scalar_point_stream_fifo_cap        |   in|     7|     ap_fifo|  scalar_point_stream|       pointer|
|point_result_stream_din             |  out|  1024|     ap_fifo|  point_result_stream|       pointer|
|point_result_stream_full_n          |   in|     1|     ap_fifo|  point_result_stream|       pointer|
|point_result_stream_write           |  out|     1|     ap_fifo|  point_result_stream|       pointer|
|point_result_stream_num_data_valid  |   in|     7|     ap_fifo|  point_result_stream|       pointer|
|point_result_stream_fifo_cap        |   in|     7|     ap_fifo|  point_result_stream|       pointer|
+------------------------------------+-----+------+------------+---------------------+--------------+

