
****** Vitis HLS - High-Level Synthesis from C, C++ and OpenCL v2024.2 (64-bit)
  **** SW Build 5238294 on Nov  8 2024
  **** IP Build 5239520 on Sun Nov 10 16:12:51 MST 2024
  **** SharedData Build 5239561 on Fri Nov 08 14:39:27 MST 2024
  **** Start of session at: Tue Apr 29 23:25:23 2025
    ** Copyright 1986-2022 Xilinx, Inc. All Rights Reserved.
    ** Copyright 2022-2024 Advanced Micro Devices, Inc. All Rights Reserved.

source /tools/Xilinx/Vitis/2024.2/scripts/vitis_hls/hls.tcl -notrace
INFO: [HLS 200-10] For user 'terryadavis' on host 'terryadavis' (Linux_x86_64 version 6.12.20-amd64) on Tue Apr 29 23:25:24 IST 2025
INFO: [HLS 200-10] On os Kali GNU/Linux Rolling
INFO: [HLS 200-10] In directory '/home/terryadavis/utkarsh/zkml-fpga/hls/hash_pe/ccs'
WARNING: [HLS 200-2053] The vitis_hls executable is deprecated. Consider using vitis-run --mode hls --tcl
Sourcing Tcl script 'run_hls.tcl'
INFO: [HLS 200-1510] Running: open_project solution 
INFO: [HLS 200-10] Opening project '/home/terryadavis/utkarsh/zkml-fpga/hls/hash_pe/ccs/solution'.
INFO: [HLS 200-1510] Running: set_top poseidon_hash 
INFO: [HLS 200-1510] Running: add_files ../src/poseidon.cpp 
INFO: [HLS 200-10] Adding design file '../src/poseidon.cpp' to the project
INFO: [HLS 200-1510] Running: open_solution solution1 -flow_target vivado 
INFO: [HLS 200-10] Opening solution '/home/terryadavis/utkarsh/zkml-fpga/hls/hash_pe/ccs/solution/solution1'.
INFO: [SYN 201-201] Setting up clock 'default' with a period of 4ns.
INFO: [HLS 200-1611] Setting target device to 'xczu7ev-ffvc1156-2-e'
INFO: [HLS 200-1505] Using flow_target 'vivado'
Resolution: For help on HLS 200-1505 see docs.xilinx.com/access/sources/dita/topic?Doc_Version=2024.2%20English&url=ug1448-hls-guidance&resourceid=200-1505.html
INFO: [HLS 200-1510] Running: set_part xczu7ev-ffvc1156-2-e 
INFO: [HLS 200-1510] Running: create_clock -period 4 -name default 
INFO: [HLS 200-1510] Running: csynth_design 
INFO: [HLS 200-111] Finished File checks and directory preparation: CPU user time: 0.05 seconds. CPU system time: 0.01 seconds. Elapsed time: 0.06 seconds; current allocated memory: 368.281 MB.
INFO: [HLS 200-10] Analyzing design file '../src/poseidon.cpp' ... 
INFO: [HLS 200-111] Finished Source Code Analysis and Preprocessing: CPU user time: 2.46 seconds. CPU system time: 0.31 seconds. Elapsed time: 2.77 seconds; current allocated memory: 369.199 MB.
INFO: [HLS 200-777] Using interface defaults for 'Vivado' flow target.
INFO: [HLS 200-1995] There were 1,531 instructions in the design after the 'Compile/Link' phase of compilation. See the Design Size Report for more details: /home/terryadavis/utkarsh/zkml-fpga/hls/hash_pe/ccs/solution/solution1/syn/report/csynth_design_size.rpt
INFO: [HLS 200-1995] There were 14,417 instructions in the design after the 'Unroll/Inline (step 1)' phase of compilation. See the Design Size Report for more details: /home/terryadavis/utkarsh/zkml-fpga/hls/hash_pe/ccs/solution/solution1/syn/report/csynth_design_size.rpt
INFO: [HLS 200-1995] There were 151 instructions in the design after the 'Unroll/Inline (step 2)' phase of compilation. See the Design Size Report for more details: /home/terryadavis/utkarsh/zkml-fpga/hls/hash_pe/ccs/solution/solution1/syn/report/csynth_design_size.rpt
INFO: [HLS 200-1995] There were 18 instructions in the design after the 'Unroll/Inline (step 3)' phase of compilation. See the Design Size Report for more details: /home/terryadavis/utkarsh/zkml-fpga/hls/hash_pe/ccs/solution/solution1/syn/report/csynth_design_size.rpt
INFO: [HLS 200-1995] There were 18 instructions in the design after the 'Unroll/Inline (step 4)' phase of compilation. See the Design Size Report for more details: /home/terryadavis/utkarsh/zkml-fpga/hls/hash_pe/ccs/solution/solution1/syn/report/csynth_design_size.rpt
INFO: [HLS 200-1995] There were 17 instructions in the design after the 'Array/Struct (step 1)' phase of compilation. See the Design Size Report for more details: /home/terryadavis/utkarsh/zkml-fpga/hls/hash_pe/ccs/solution/solution1/syn/report/csynth_design_size.rpt
INFO: [HLS 200-1995] There were 17 instructions in the design after the 'Array/Struct (step 2)' phase of compilation. See the Design Size Report for more details: /home/terryadavis/utkarsh/zkml-fpga/hls/hash_pe/ccs/solution/solution1/syn/report/csynth_design_size.rpt
INFO: [HLS 200-1995] There were 17 instructions in the design after the 'Array/Struct (step 3)' phase of compilation. See the Design Size Report for more details: /home/terryadavis/utkarsh/zkml-fpga/hls/hash_pe/ccs/solution/solution1/syn/report/csynth_design_size.rpt
INFO: [HLS 200-1995] There were 17 instructions in the design after the 'Array/Struct (step 4)' phase of compilation. See the Design Size Report for more details: /home/terryadavis/utkarsh/zkml-fpga/hls/hash_pe/ccs/solution/solution1/syn/report/csynth_design_size.rpt
INFO: [HLS 200-1995] There were 19 instructions in the design after the 'Array/Struct (step 5)' phase of compilation. See the Design Size Report for more details: /home/terryadavis/utkarsh/zkml-fpga/hls/hash_pe/ccs/solution/solution1/syn/report/csynth_design_size.rpt
INFO: [HLS 200-1995] There were 19 instructions in the design after the 'Performance (step 1)' phase of compilation. See the Design Size Report for more details: /home/terryadavis/utkarsh/zkml-fpga/hls/hash_pe/ccs/solution/solution1/syn/report/csynth_design_size.rpt
INFO: [HLS 200-1995] There were 19 instructions in the design after the 'Performance (step 2)' phase of compilation. See the Design Size Report for more details: /home/terryadavis/utkarsh/zkml-fpga/hls/hash_pe/ccs/solution/solution1/syn/report/csynth_design_size.rpt
INFO: [HLS 200-1995] There were 19 instructions in the design after the 'Performance (step 3)' phase of compilation. See the Design Size Report for more details: /home/terryadavis/utkarsh/zkml-fpga/hls/hash_pe/ccs/solution/solution1/syn/report/csynth_design_size.rpt
INFO: [HLS 200-1995] There were 19 instructions in the design after the 'Performance (step 4)' phase of compilation. See the Design Size Report for more details: /home/terryadavis/utkarsh/zkml-fpga/hls/hash_pe/ccs/solution/solution1/syn/report/csynth_design_size.rpt
INFO: [HLS 200-1995] There were 27 instructions in the design after the 'HW Transforms (step 1)' phase of compilation. See the Design Size Report for more details: /home/terryadavis/utkarsh/zkml-fpga/hls/hash_pe/ccs/solution/solution1/syn/report/csynth_design_size.rpt
INFO: [HLS 200-1995] There were 31 instructions in the design after the 'HW Transforms (step 2)' phase of compilation. See the Design Size Report for more details: /home/terryadavis/utkarsh/zkml-fpga/hls/hash_pe/ccs/solution/solution1/syn/report/csynth_design_size.rpt
INFO: [HLS 214-291] Loop 'VITIS_LOOP_35_1' is marked as complete unroll implied by the pipeline pragma (../src/poseidon.cpp:35:30)
INFO: [HLS 214-291] Loop 'round_loop' is marked as complete unroll implied by the pipeline pragma (../src/poseidon.cpp:42:13)
INFO: [HLS 214-291] Loop 'VITIS_LOOP_44_2' is marked as complete unroll implied by the pipeline pragma (../src/poseidon.cpp:44:34)
INFO: [HLS 214-291] Loop 'VITIS_LOOP_52_3' is marked as complete unroll implied by the pipeline pragma (../src/poseidon.cpp:52:38)
INFO: [HLS 214-291] Loop 'VITIS_LOOP_67_4' is marked as complete unroll implied by the pipeline pragma (../src/poseidon.cpp:67:34)
INFO: [HLS 214-291] Loop 'VITIS_LOOP_71_5' is marked as complete unroll implied by the pipeline pragma (../src/poseidon.cpp:71:38)
INFO: [HLS 214-291] Loop 'VITIS_LOOP_78_6' is marked as complete unroll implied by the pipeline pragma (../src/poseidon.cpp:78:34)
INFO: [HLS 214-186] Unrolling loop 'VITIS_LOOP_35_1' (../src/poseidon.cpp:35:30) in function 'poseidon_hash' completely with a factor of 2 (../src/poseidon.cpp:18:0)
INFO: [HLS 214-186] Unrolling loop 'round_loop' (../src/poseidon.cpp:42:13) in function 'poseidon_hash' completely with a factor of 65 (../src/poseidon.cpp:18:0)
INFO: [HLS 214-186] Unrolling loop 'VITIS_LOOP_78_6' (../src/poseidon.cpp:78:34) in function 'poseidon_hash' completely with a factor of 3 (../src/poseidon.cpp:18:0)
INFO: [HLS 214-186] Unrolling loop 'VITIS_LOOP_67_4' (../src/poseidon.cpp:67:34) in function 'poseidon_hash' completely with a factor of 3 (../src/poseidon.cpp:18:0)
INFO: [HLS 214-186] Unrolling loop 'VITIS_LOOP_71_5' (../src/poseidon.cpp:71:38) in function 'poseidon_hash' completely with a factor of 3 (../src/poseidon.cpp:18:0)
INFO: [HLS 214-186] Unrolling loop 'VITIS_LOOP_52_3' (../src/poseidon.cpp:52:38) in function 'poseidon_hash' completely with a factor of 3 (../src/poseidon.cpp:18:0)
INFO: [HLS 214-186] Unrolling loop 'VITIS_LOOP_44_2' (../src/poseidon.cpp:44:34) in function 'poseidon_hash' completely with a factor of 3 (../src/poseidon.cpp:18:0)
INFO: [HLS 214-115] Multiple burst writes of variable length and bit width 256 in loop 'block_loop'(../src/poseidon.cpp:30:9) has been inferred on bundle 'gmem1'. These burst requests might be further partitioned into multiple requests during RTL generation, based on max_read_burst_length or max_write_burst_length settings. (../src/poseidon.cpp:30:9)
INFO: [HLS 200-111] Finished Compiling Optimization and Transform: CPU user time: 4 seconds. CPU system time: 0.23 seconds. Elapsed time: 8.66 seconds; current allocated memory: 383.574 MB.
INFO: [HLS 200-111] Finished Checking Pragmas: CPU user time: 0 seconds. CPU system time: 0 seconds. Elapsed time: 0.01 seconds; current allocated memory: 383.574 MB.
INFO: [HLS 200-10] Starting code transformations ...
INFO: [HLS 200-111] Finished Standard Transforms: CPU user time: 0 seconds. CPU system time: 0.01 seconds. Elapsed time: 0 seconds; current allocated memory: 383.711 MB.
INFO: [HLS 200-10] Checking synthesizability ...
INFO: [HLS 200-111] Finished Checking Synthesizability: CPU user time: 0 seconds. CPU system time: 0 seconds. Elapsed time: 0.01 seconds; current allocated memory: 383.711 MB.
INFO: [HLS 200-111] Finished Loop, function and other optimizations: CPU user time: 0.02 seconds. CPU system time: 0 seconds. Elapsed time: 0.02 seconds; current allocated memory: 404.254 MB.
INFO: [HLS 200-111] Finished Architecture Synthesis: CPU user time: 0.01 seconds. CPU system time: 0.01 seconds. Elapsed time: 0.02 seconds; current allocated memory: 395.320 MB.
INFO: [HLS 200-10] Starting hardware synthesis ...
INFO: [HLS 200-10] Synthesizing 'poseidon_hash' ...
INFO: [HLS 200-10] ----------------------------------------------------------------
INFO: [HLS 200-42] -- Implementing module 'poseidon_hash' 
INFO: [HLS 200-10] ----------------------------------------------------------------
INFO: [SCHED 204-11] Starting scheduling ...
INFO: [SCHED 204-61] Pipelining loop 'block_loop'.
INFO: [HLS 200-1470] Pipelining result : Target II = 1, Final II = 1, Depth = 8, loop 'block_loop'
INFO: [SCHED 204-11] Finished scheduling.
INFO: [HLS 200-111] Finished Scheduling: CPU user time: 0.04 seconds. CPU system time: 0.01 seconds. Elapsed time: 0.04 seconds; current allocated memory: 395.641 MB.
INFO: [BIND 205-100] Starting micro-architecture generation ...
INFO: [BIND 205-101] Performing variable lifetime analysis.
INFO: [BIND 205-101] Exploring resource sharing.
INFO: [BIND 205-101] Binding ...
INFO: [BIND 205-100] Finished micro-architecture generation.
INFO: [HLS 200-111] Finished Binding: CPU user time: 0.01 seconds. CPU system time: 0 seconds. Elapsed time: 0.01 seconds; current allocated memory: 395.641 MB.
INFO: [HLS 200-10] ----------------------------------------------------------------
INFO: [HLS 200-10] -- Generating RTL for module 'poseidon_hash' 
INFO: [HLS 200-10] ----------------------------------------------------------------
WARNING: [RTGEN 206-101] Design contains AXI ports. Reset is fixed to synchronous and active low.
INFO: [RTGEN 206-500] Setting interface mode on port 'poseidon_hash/gmem0' to 'm_axi'.
INFO: [RTGEN 206-500] Setting interface mode on port 'poseidon_hash/gmem1' to 'm_axi'.
INFO: [RTGEN 206-500] Setting interface mode on port 'poseidon_hash/input_r' to 's_axilite & ap_none'.
INFO: [RTGEN 206-500] Setting interface mode on port 'poseidon_hash/output_r' to 's_axilite & ap_none'.
INFO: [RTGEN 206-500] Setting interface mode on port 'poseidon_hash/num_blocks' to 's_axilite & ap_none'.
INFO: [RTGEN 206-500] Setting interface mode on function 'poseidon_hash' to 's_axilite & ap_ctrl_hs'.
INFO: [HLS 200-1030] Apply Unified Pipeline Control on module 'poseidon_hash' pipeline 'block_loop' pipeline type 'loop pipeline'
INFO: [RTGEN 206-100] Bundling port 'num_blocks' and 'return' to AXI-Lite port control.
INFO: [RTGEN 206-100] Bundling port 'input_r' and 'output_r' to AXI-Lite port control_r.
WARNING: [RTGEN 206-101] Port 'poseidon_hash/m_axi_gmem0_AWVALID' has no fanin or fanout and is left dangling.
               Please use C simulation to confirm this function argument can be read from or written to.
WARNING: [RTGEN 206-101] Setting dangling out port 'poseidon_hash/m_axi_gmem0_AWVALID' to 0.
WARNING: [RTGEN 206-101] Port 'poseidon_hash/m_axi_gmem0_AWREADY' has no fanin or fanout and is left dangling.
               Please use C simulation to confirm this function argument can be read from or written to.
WARNING: [RTGEN 206-101] Port 'poseidon_hash/m_axi_gmem0_AWADDR' has no fanin or fanout and is left dangling.
               Please use C simulation to confirm this function argument can be read from or written to.
WARNING: [RTGEN 206-101] Setting dangling out port 'poseidon_hash/m_axi_gmem0_AWADDR' to 0.
WARNING: [RTGEN 206-101] Port 'poseidon_hash/m_axi_gmem0_AWID' has no fanin or fanout and is left dangling.
               Please use C simulation to confirm this function argument can be read from or written to.
WARNING: [RTGEN 206-101] Setting dangling out port 'poseidon_hash/m_axi_gmem0_AWID' to 0.
WARNING: [RTGEN 206-101] Port 'poseidon_hash/m_axi_gmem0_AWLEN' has no fanin or fanout and is left dangling.
               Please use C simulation to confirm this function argument can be read from or written to.
WARNING: [RTGEN 206-101] Setting dangling out port 'poseidon_hash/m_axi_gmem0_AWLEN' to 0.
WARNING: [RTGEN 206-101] Port 'poseidon_hash/m_axi_gmem0_AWSIZE' has no fanin or fanout and is left dangling.
               Please use C simulation to confirm this function argument can be read from or written to.
WARNING: [RTGEN 206-101] Setting dangling out port 'poseidon_hash/m_axi_gmem0_AWSIZE' to 0.
WARNING: [RTGEN 206-101] Port 'poseidon_hash/m_axi_gmem0_AWBURST' has no fanin or fanout and is left dangling.
               Please use C simulation to confirm this function argument can be read from or written to.
WARNING: [RTGEN 206-101] Setting dangling out port 'poseidon_hash/m_axi_gmem0_AWBURST' to 0.
WARNING: [RTGEN 206-101] Port 'poseidon_hash/m_axi_gmem0_AWLOCK' has no fanin or fanout and is left dangling.
               Please use C simulation to confirm this function argument can be read from or written to.
WARNING: [RTGEN 206-101] Setting dangling out port 'poseidon_hash/m_axi_gmem0_AWLOCK' to 0.
WARNING: [RTGEN 206-101] Port 'poseidon_hash/m_axi_gmem0_AWCACHE' has no fanin or fanout and is left dangling.
               Please use C simulation to confirm this function argument can be read from or written to.
WARNING: [RTGEN 206-101] Setting dangling out port 'poseidon_hash/m_axi_gmem0_AWCACHE' to 0.
WARNING: [RTGEN 206-101] Port 'poseidon_hash/m_axi_gmem0_AWPROT' has no fanin or fanout and is left dangling.
               Please use C simulation to confirm this function argument can be read from or written to.
WARNING: [RTGEN 206-101] Setting dangling out port 'poseidon_hash/m_axi_gmem0_AWPROT' to 0.
WARNING: [RTGEN 206-101] Port 'poseidon_hash/m_axi_gmem0_AWQOS' has no fanin or fanout and is left dangling.
               Please use C simulation to confirm this function argument can be read from or written to.
WARNING: [RTGEN 206-101] Setting dangling out port 'poseidon_hash/m_axi_gmem0_AWQOS' to 0.
WARNING: [RTGEN 206-101] Port 'poseidon_hash/m_axi_gmem0_AWREGION' has no fanin or fanout and is left dangling.
               Please use C simulation to confirm this function argument can be read from or written to.
WARNING: [RTGEN 206-101] Setting dangling out port 'poseidon_hash/m_axi_gmem0_AWREGION' to 0.
WARNING: [RTGEN 206-101] Port 'poseidon_hash/m_axi_gmem0_AWUSER' has no fanin or fanout and is left dangling.
               Please use C simulation to confirm this function argument can be read from or written to.
WARNING: [RTGEN 206-101] Setting dangling out port 'poseidon_hash/m_axi_gmem0_AWUSER' to 0.
WARNING: [RTGEN 206-101] Port 'poseidon_hash/m_axi_gmem0_WVALID' has no fanin or fanout and is left dangling.
               Please use C simulation to confirm this function argument can be read from or written to.
WARNING: [RTGEN 206-101] Setting dangling out port 'poseidon_hash/m_axi_gmem0_WVALID' to 0.
WARNING: [RTGEN 206-101] Port 'poseidon_hash/m_axi_gmem0_WREADY' has no fanin or fanout and is left dangling.
               Please use C simulation to confirm this function argument can be read from or written to.
WARNING: [RTGEN 206-101] Port 'poseidon_hash/m_axi_gmem0_WDATA' has no fanin or fanout and is left dangling.
               Please use C simulation to confirm this function argument can be read from or written to.
WARNING: [RTGEN 206-101] Setting dangling out port 'poseidon_hash/m_axi_gmem0_WDATA' to 0.
WARNING: [RTGEN 206-101] Port 'poseidon_hash/m_axi_gmem0_WSTRB' has no fanin or fanout and is left dangling.
               Please use C simulation to confirm this function argument can be read from or written to.
WARNING: [RTGEN 206-101] Setting dangling out port 'poseidon_hash/m_axi_gmem0_WSTRB' to 0.
WARNING: [RTGEN 206-101] Port 'poseidon_hash/m_axi_gmem0_WLAST' has no fanin or fanout and is left dangling.
               Please use C simulation to confirm this function argument can be read from or written to.
WARNING: [RTGEN 206-101] Setting dangling out port 'poseidon_hash/m_axi_gmem0_WLAST' to 0.
WARNING: [RTGEN 206-101] Port 'poseidon_hash/m_axi_gmem0_WID' has no fanin or fanout and is left dangling.
               Please use C simulation to confirm this function argument can be read from or written to.
WARNING: [RTGEN 206-101] Setting dangling out port 'poseidon_hash/m_axi_gmem0_WID' to 0.
WARNING: [RTGEN 206-101] Port 'poseidon_hash/m_axi_gmem0_WUSER' has no fanin or fanout and is left dangling.
               Please use C simulation to confirm this function argument can be read from or written to.
WARNING: [RTGEN 206-101] Setting dangling out port 'poseidon_hash/m_axi_gmem0_WUSER' to 0.
WARNING: [RTGEN 206-101] Port 'poseidon_hash/m_axi_gmem0_ARVALID' has no fanin or fanout and is left dangling.
               Please use C simulation to confirm this function argument can be read from or written to.
WARNING: [RTGEN 206-101] Setting dangling out port 'poseidon_hash/m_axi_gmem0_ARVALID' to 0.
WARNING: [RTGEN 206-101] Port 'poseidon_hash/m_axi_gmem0_ARREADY' has no fanin or fanout and is left dangling.
               Please use C simulation to confirm this function argument can be read from or written to.
WARNING: [RTGEN 206-101] Port 'poseidon_hash/m_axi_gmem0_ARADDR' has no fanin or fanout and is left dangling.
               Please use C simulation to confirm this function argument can be read from or written to.
WARNING: [RTGEN 206-101] Setting dangling out port 'poseidon_hash/m_axi_gmem0_ARADDR' to 0.
WARNING: [RTGEN 206-101] Port 'poseidon_hash/m_axi_gmem0_ARID' has no fanin or fanout and is left dangling.
               Please use C simulation to confirm this function argument can be read from or written to.
WARNING: [RTGEN 206-101] Setting dangling out port 'poseidon_hash/m_axi_gmem0_ARID' to 0.
WARNING: [RTGEN 206-101] Port 'poseidon_hash/m_axi_gmem0_ARLEN' has no fanin or fanout and is left dangling.
               Please use C simulation to confirm this function argument can be read from or written to.
WARNING: [RTGEN 206-101] Setting dangling out port 'poseidon_hash/m_axi_gmem0_ARLEN' to 0.
WARNING: [RTGEN 206-101] Port 'poseidon_hash/m_axi_gmem0_ARSIZE' has no fanin or fanout and is left dangling.
               Please use C simulation to confirm this function argument can be read from or written to.
WARNING: [RTGEN 206-101] Setting dangling out port 'poseidon_hash/m_axi_gmem0_ARSIZE' to 0.
WARNING: [RTGEN 206-101] Port 'poseidon_hash/m_axi_gmem0_ARBURST' has no fanin or fanout and is left dangling.
               Please use C simulation to confirm this function argument can be read from or written to.
WARNING: [RTGEN 206-101] Setting dangling out port 'poseidon_hash/m_axi_gmem0_ARBURST' to 0.
WARNING: [RTGEN 206-101] Port 'poseidon_hash/m_axi_gmem0_ARLOCK' has no fanin or fanout and is left dangling.
               Please use C simulation to confirm this function argument can be read from or written to.
WARNING: [RTGEN 206-101] Setting dangling out port 'poseidon_hash/m_axi_gmem0_ARLOCK' to 0.
WARNING: [RTGEN 206-101] Port 'poseidon_hash/m_axi_gmem0_ARCACHE' has no fanin or fanout and is left dangling.
               Please use C simulation to confirm this function argument can be read from or written to.
WARNING: [RTGEN 206-101] Setting dangling out port 'poseidon_hash/m_axi_gmem0_ARCACHE' to 0.
WARNING: [RTGEN 206-101] Port 'poseidon_hash/m_axi_gmem0_ARPROT' has no fanin or fanout and is left dangling.
               Please use C simulation to confirm this function argument can be read from or written to.
WARNING: [RTGEN 206-101] Setting dangling out port 'poseidon_hash/m_axi_gmem0_ARPROT' to 0.
WARNING: [RTGEN 206-101] Port 'poseidon_hash/m_axi_gmem0_ARQOS' has no fanin or fanout and is left dangling.
               Please use C simulation to confirm this function argument can be read from or written to.
WARNING: [RTGEN 206-101] Setting dangling out port 'poseidon_hash/m_axi_gmem0_ARQOS' to 0.
WARNING: [RTGEN 206-101] Port 'poseidon_hash/m_axi_gmem0_ARREGION' has no fanin or fanout and is left dangling.
               Please use C simulation to confirm this function argument can be read from or written to.
WARNING: [RTGEN 206-101] Setting dangling out port 'poseidon_hash/m_axi_gmem0_ARREGION' to 0.
WARNING: [RTGEN 206-101] Port 'poseidon_hash/m_axi_gmem0_ARUSER' has no fanin or fanout and is left dangling.
               Please use C simulation to confirm this function argument can be read from or written to.
WARNING: [RTGEN 206-101] Setting dangling out port 'poseidon_hash/m_axi_gmem0_ARUSER' to 0.
WARNING: [RTGEN 206-101] Port 'poseidon_hash/m_axi_gmem0_RVALID' has no fanin or fanout and is left dangling.
               Please use C simulation to confirm this function argument can be read from or written to.
WARNING: [RTGEN 206-101] Port 'poseidon_hash/m_axi_gmem0_RREADY' has no fanin or fanout and is left dangling.
               Please use C simulation to confirm this function argument can be read from or written to.
WARNING: [RTGEN 206-101] Setting dangling out port 'poseidon_hash/m_axi_gmem0_RREADY' to 0.
WARNING: [RTGEN 206-101] Port 'poseidon_hash/m_axi_gmem0_RDATA' has no fanin or fanout and is left dangling.
               Please use C simulation to confirm this function argument can be read from or written to.
WARNING: [RTGEN 206-101] Port 'poseidon_hash/m_axi_gmem0_RLAST' has no fanin or fanout and is left dangling.
               Please use C simulation to confirm this function argument can be read from or written to.
WARNING: [RTGEN 206-101] Port 'poseidon_hash/m_axi_gmem0_RID' has no fanin or fanout and is left dangling.
               Please use C simulation to confirm this function argument can be read from or written to.
WARNING: [RTGEN 206-101] Port 'poseidon_hash/m_axi_gmem0_RUSER' has no fanin or fanout and is left dangling.
               Please use C simulation to confirm this function argument can be read from or written to.
WARNING: [RTGEN 206-101] Port 'poseidon_hash/m_axi_gmem0_RRESP' has no fanin or fanout and is left dangling.
               Please use C simulation to confirm this function argument can be read from or written to.
WARNING: [RTGEN 206-101] Port 'poseidon_hash/m_axi_gmem0_BVALID' has no fanin or fanout and is left dangling.
               Please use C simulation to confirm this function argument can be read from or written to.
WARNING: [RTGEN 206-101] Port 'poseidon_hash/m_axi_gmem0_BREADY' has no fanin or fanout and is left dangling.
               Please use C simulation to confirm this function argument can be read from or written to.
WARNING: [RTGEN 206-101] Setting dangling out port 'poseidon_hash/m_axi_gmem0_BREADY' to 0.
WARNING: [RTGEN 206-101] Port 'poseidon_hash/m_axi_gmem0_BRESP' has no fanin or fanout and is left dangling.
               Please use C simulation to confirm this function argument can be read from or written to.
WARNING: [RTGEN 206-101] Port 'poseidon_hash/m_axi_gmem0_BID' has no fanin or fanout and is left dangling.
               Please use C simulation to confirm this function argument can be read from or written to.
WARNING: [RTGEN 206-101] Port 'poseidon_hash/m_axi_gmem0_BUSER' has no fanin or fanout and is left dangling.
               Please use C simulation to confirm this function argument can be read from or written to.
INFO: [RTGEN 206-100] Finished creating RTL model for 'poseidon_hash'.
INFO: [HLS 200-111] Finished Creating RTL model: CPU user time: 0.08 seconds. CPU system time: 0.01 seconds. Elapsed time: 0.09 seconds; current allocated memory: 395.641 MB.
INFO: [HLS 200-111] Finished Generating all RTL models: CPU user time: 0.15 seconds. CPU system time: 0.02 seconds. Elapsed time: 0.16 seconds; current allocated memory: 397.301 MB.
INFO: [HLS 200-1603] Design has inferred MAXI bursts and missed bursts, see Vitis HLS GUI synthesis summary report for detailed information.
INFO: [HLS 200-111] Finished Updating report files: CPU user time: 0.5 seconds. CPU system time: 0.02 seconds. Elapsed time: 0.53 seconds; current allocated memory: 400.246 MB.
INFO: [VHDL 208-304] Generating VHDL RTL for poseidon_hash.
INFO: [VLOG 209-307] Generating Verilog RTL for poseidon_hash.
INFO: [HLS 200-790] **** Loop Constraint Status: All loop constraints were satisfied.
INFO: [HLS 200-789] **** Estimated Fmax: 342.47 MHz
INFO: [HLS 200-2161] Finished Command csynth_design Elapsed time: 00:00:12; Allocated memory: 31.977 MB.
INFO: [HLS 200-1510] Running: cosim_design -trace_level all -enable_dataflow_profiling 
WARNING: [HLS 200-626] This design is unable to schedule all read ports in the first II cycle. The RTL testbench may treat the design as non-pipelined
ERROR: [COSIM 212-50] Cannot find C test bench. Please specify test bench files using 'add_files -tb'.
ERROR: [COSIM 212-5] *** C/RTL co-simulation file generation failed. ***
ERROR: [COSIM 212-4] *** C/RTL co-simulation finished: FAIL ***
INFO: [HLS 200-2161] Finished Command cosim_design Elapsed time: 00:00:00; Allocated memory: 2.543 MB.
1
    while executing
"source run_hls.tcl"
    ("uplevel" body line 1)
    invoked from within
"uplevel \#0 [list source $tclfile] "

INFO: [HLS 200-112] Total CPU user time: 10.54 seconds. Total CPU system time: 0.89 seconds. Total elapsed time: 15.7 seconds; peak allocated memory: 404.254 MB.
