

================================================================
== Vitis HLS Report for 'poseidon_hash'
================================================================
* Date:           Tue Apr 29 23:25:37 2025

* Version:        2024.2 (Build 5238294 on Nov  8 2024)
* Project:        solution
* Solution:       solution1 (Vivado IP Flow Target)
* Product family: zynquplus
* Target device:  xczu7ev-ffvc1156-2-e


================================================================
== Performance Estimates
================================================================
+ Timing: 
    * Summary: 
    +--------+---------+----------+------------+
    |  Clock |  Target | Estimated| Uncertainty|
    +--------+---------+----------+------------+
    |ap_clk  |  4.00 ns|  2.920 ns|     1.08 ns|
    +--------+---------+----------+------------+

+ Latency: 
    * Summary: 
    +---------+---------+----------+----------+-----+-----+------------------------------------------------+
    |  Latency (cycles) |  Latency (absolute) |  Interval |                    Pipeline                    |
    |   min   |   max   |    min   |    max   | min | max |                      Type                      |
    +---------+---------+----------+----------+-----+-----+------------------------------------------------+
    |        ?|        ?|         ?|         ?|    0|    0|  loop auto-rewind stp (delay=0 clock cycles(s))|
    +---------+---------+----------+----------+-----+-----+------------------------------------------------+

    + Detail: 
        * Instance: 
        N/A

        * Loop: 
        +--------------+---------+---------+----------+-----------+-----------+------+----------+
        |              |  Latency (cycles) | Iteration|  Initiation Interval  | Trip |          |
        |   Loop Name  |   min   |   max   |  Latency |  achieved |   target  | Count| Pipelined|
        +--------------+---------+---------+----------+-----------+-----------+------+----------+
        |- block_loop  |        ?|        ?|         8|          1|          1|     ?|       yes|
        +--------------+---------+---------+----------+-----------+-----------+------+----------+

============================================================
+ Verbose Summary: Synthesis Manager
============================================================
InlineROM: 1
ExposeGlobal: 0
============================================================
+ Verbose Summary: CDFG Model
============================================================
IsTopModel: 1
ResetActiveHigh: 1
IsCombinational: 0
IsDatapathOnly: 0
HasWiredReturn: 1
HasMFsm: 2
HasVarLatency: 1
IsPipeline: 0
IsRtlPipelined: 0
IsInstanceOverlapped: 0
IsDontTouch: 0
HasImplIP: 0
IsGatedGlobalClock: 0

+ Individual pipeline summary: 
  * Pipeline-0: initiation interval (II) = 1, depth = 8


============================================================
+ Verbose Summary: Schedule
============================================================
* Number of FSM states : 8
* Pipeline : 1
  Pipeline-0 : II = 1, D = 8, States = { 1 2 3 4 5 6 7 8 }
* Dataflow Pipeline: 0

* FSM state transitions: 
1 --> 2 
2 --> 3 
3 --> 4 
4 --> 5 
5 --> 6 
6 --> 7 
7 --> 8 
8 --> 

* FSM state operations: 

State 1 <SV = 0> <Delay = 2.44>
ST_1 : Operation 11 [1/1] (0.00ns)   --->   "%blk = alloca i32 1"   --->   Operation 11 'alloca' 'blk' <Predicate = true> <Delay = 0.00>
ST_1 : Operation 12 [1/1] (0.00ns)   --->   "%spectopmodule_ln14 = spectopmodule void @_ssdm_op_SpecTopModule, void @empty_10" [../src/poseidon.cpp:14]   --->   Operation 12 'spectopmodule' 'spectopmodule_ln14' <Predicate = true> <Delay = 0.00>
ST_1 : Operation 13 [1/1] (0.00ns)   --->   "%specinterface_ln0 = specinterface void @_ssdm_op_SpecInterface, i256 %gmem0, void @empty, i32 0, i32 0, void @empty_12, i32 0, i32 0, void @empty_0, void @empty_1, void @empty_12, i32 16, i32 16, i32 16, i32 16, void @empty_12, void @empty_12, i32 4294967295, i32 0, i32 0"   --->   Operation 13 'specinterface' 'specinterface_ln0' <Predicate = true> <Delay = 0.00>
ST_1 : Operation 14 [1/1] (0.00ns)   --->   "%specbitsmap_ln0 = specbitsmap void @_ssdm_op_SpecBitsMap, i256 %gmem0"   --->   Operation 14 'specbitsmap' 'specbitsmap_ln0' <Predicate = true> <Delay = 0.00>
ST_1 : Operation 15 [1/1] (0.00ns)   --->   "%specinterface_ln0 = specinterface void @_ssdm_op_SpecInterface, i256 %gmem1, void @empty, i32 0, i32 0, void @empty_12, i32 0, i32 0, void @empty_2, void @empty_1, void @empty_12, i32 16, i32 16, i32 16, i32 16, void @empty_12, void @empty_12, i32 4294967295, i32 0, i32 0"   --->   Operation 15 'specinterface' 'specinterface_ln0' <Predicate = true> <Delay = 0.00>
ST_1 : Operation 16 [1/1] (0.00ns)   --->   "%specbitsmap_ln0 = specbitsmap void @_ssdm_op_SpecBitsMap, i256 %gmem1"   --->   Operation 16 'specbitsmap' 'specbitsmap_ln0' <Predicate = true> <Delay = 0.00>
ST_1 : Operation 17 [1/1] (0.00ns)   --->   "%specinterface_ln0 = specinterface void @_ssdm_op_SpecInterface, i64 %input_r, void @empty_3, i32 0, i32 0, void @empty_12, i32 0, i32 0, void @empty_4, void @empty_13, void @empty_12, i32 0, i32 0, i32 0, i32 0, void @empty_12, void @empty_5, i32 4294967295, i32 0, i32 0"   --->   Operation 17 'specinterface' 'specinterface_ln0' <Predicate = true> <Delay = 0.00>
ST_1 : Operation 18 [1/1] (0.00ns)   --->   "%specinterface_ln0 = specinterface void @_ssdm_op_SpecInterface, i64 %input_r, void @empty_6, i32 0, i32 0, void @empty_12, i32 0, i32 0, void @empty_12, void @empty_12, void @empty_12, i32 0, i32 0, i32 0, i32 0, void @empty_12, void @empty_5, i32 4294967295, i32 0, i32 0"   --->   Operation 18 'specinterface' 'specinterface_ln0' <Predicate = true> <Delay = 0.00>
ST_1 : Operation 19 [1/1] (0.00ns)   --->   "%specinterface_ln0 = specinterface void @_ssdm_op_SpecInterface, i64 %output_r, void @empty_3, i32 0, i32 0, void @empty_12, i32 0, i32 0, void @empty_4, void @empty_7, void @empty_12, i32 0, i32 0, i32 0, i32 0, void @empty_12, void @empty_5, i32 4294967295, i32 0, i32 0"   --->   Operation 19 'specinterface' 'specinterface_ln0' <Predicate = true> <Delay = 0.00>
ST_1 : Operation 20 [1/1] (0.00ns)   --->   "%specinterface_ln0 = specinterface void @_ssdm_op_SpecInterface, i64 %output_r, void @empty_6, i32 0, i32 0, void @empty_12, i32 0, i32 0, void @empty_12, void @empty_12, void @empty_12, i32 0, i32 0, i32 0, i32 0, void @empty_12, void @empty_5, i32 4294967295, i32 0, i32 0"   --->   Operation 20 'specinterface' 'specinterface_ln0' <Predicate = true> <Delay = 0.00>
ST_1 : Operation 21 [1/1] (0.00ns)   --->   "%specbitsmap_ln0 = specbitsmap void @_ssdm_op_SpecBitsMap, i32 %num_blocks"   --->   Operation 21 'specbitsmap' 'specbitsmap_ln0' <Predicate = true> <Delay = 0.00>
ST_1 : Operation 22 [1/1] (0.00ns)   --->   "%specinterface_ln0 = specinterface void @_ssdm_op_SpecInterface, i32 %num_blocks, void @empty_3, i32 4294967295, i32 4294967295, void @empty_8, i32 0, i32 0, void @empty_9, void @empty_13, void @empty_12, i32 0, i32 0, i32 0, i32 0, void @empty_12, void @empty_12, i32 4294967295, i32 0, i32 0"   --->   Operation 22 'specinterface' 'specinterface_ln0' <Predicate = true> <Delay = 0.00>
ST_1 : Operation 23 [1/1] (0.00ns)   --->   "%specinterface_ln0 = specinterface void @_ssdm_op_SpecInterface, i32 %num_blocks, void @empty_6, i32 4294967295, i32 4294967295, void @empty_12, i32 0, i32 0, void @empty_12, void @empty_12, void @empty_12, i32 0, i32 0, i32 0, i32 0, void @empty_12, void @empty_12, i32 4294967295, i32 0, i32 0"   --->   Operation 23 'specinterface' 'specinterface_ln0' <Predicate = true> <Delay = 0.00>
ST_1 : Operation 24 [1/1] (0.00ns)   --->   "%specinterface_ln0 = specinterface void @_ssdm_op_SpecInterface, i32 0, void @empty_3, i32 0, i32 0, void @empty_12, i32 0, i32 0, void @empty_9, void @empty_12, void @empty_12, i32 0, i32 0, i32 0, i32 0, void @empty_12, void @empty_12, i32 4294967295, i32 0, i32 0"   --->   Operation 24 'specinterface' 'specinterface_ln0' <Predicate = true> <Delay = 0.00>
ST_1 : Operation 25 [1/1] (1.00ns)   --->   "%num_blocks_read = read i32 @_ssdm_op_Read.s_axilite.i32, i32 %num_blocks" [../src/poseidon.cpp:15]   --->   Operation 25 'read' 'num_blocks_read' <Predicate = true> <Delay = 1.00> <CoreInst = "s_axilite">   --->   Core 120 's_axilite' <Latency = 0> <II = 1> <Delay = 1.00> <Adapter> <Opcode : 'read' 'write'>
ST_1 : Operation 26 [1/1] (1.00ns)   --->   "%output_r_read = read i64 @_ssdm_op_Read.s_axilite.i64, i64 %output_r" [../src/poseidon.cpp:15]   --->   Operation 26 'read' 'output_r_read' <Predicate = true> <Delay = 1.00> <CoreInst = "s_axilite">   --->   Core 120 's_axilite' <Latency = 0> <II = 1> <Delay = 1.00> <Adapter> <Opcode : 'read' 'write'>
ST_1 : Operation 27 [1/1] (1.01ns)   --->   "%icmp_ln30 = icmp_sgt  i32 %num_blocks_read, i32 0" [../src/poseidon.cpp:30]   --->   Operation 27 'icmp' 'icmp_ln30' <Predicate = true> <Delay = 1.01> <CoreInst = "Cmp">   --->   Core 9 'Cmp' <Latency = 0> <II = 1> <Delay = 1.01> <FuncUnit> <Opcode : 'seteq' 'setne' 'setle' 'setge' 'setlt' 'setgt'> <InPorts = 2> <OutPorts = 1>
ST_1 : Operation 28 [1/1] (0.00ns)   --->   "%trunc_ln30 = trunc i32 %num_blocks_read" [../src/poseidon.cpp:30]   --->   Operation 28 'trunc' 'trunc_ln30' <Predicate = true> <Delay = 0.00>
ST_1 : Operation 29 [1/1] (0.00ns)   --->   "%trunc_ln = partselect i59 @_ssdm_op_PartSelect.i59.i64.i32.i32, i64 %output_r_read, i32 5, i32 63" [../src/poseidon.cpp:30]   --->   Operation 29 'partselect' 'trunc_ln' <Predicate = true> <Delay = 0.00>
ST_1 : Operation 30 [1/1] (0.00ns)   --->   "%sext_ln30 = sext i59 %trunc_ln" [../src/poseidon.cpp:30]   --->   Operation 30 'sext' 'sext_ln30' <Predicate = true> <Delay = 0.00>
ST_1 : Operation 31 [1/1] (0.00ns)   --->   "%gmem1_addr = getelementptr i256 %gmem1, i64 %sext_ln30" [../src/poseidon.cpp:30]   --->   Operation 31 'getelementptr' 'gmem1_addr' <Predicate = true> <Delay = 0.00>
ST_1 : Operation 32 [1/1] (0.41ns)   --->   "%empty = select i1 %icmp_ln30, i31 %trunc_ln30, i31 0" [../src/poseidon.cpp:30]   --->   Operation 32 'select' 'empty' <Predicate = true> <Delay = 0.41> <CoreInst = "Sel">   --->   Core 73 'Sel' <Latency = 0> <II = 1> <Delay = 0.41> <FuncUnit> <Opcode : 'select'> <InPorts = 3> <OutPorts = 1>
ST_1 : Operation 33 [1/1] (0.00ns)   --->   "%zext_ln30 = zext i31 %empty" [../src/poseidon.cpp:30]   --->   Operation 33 'zext' 'zext_ln30' <Predicate = true> <Delay = 0.00>
ST_1 : Operation 34 [1/1] (0.42ns)   --->   "%store_ln0 = store i31 0, i31 %blk"   --->   Operation 34 'store' 'store_ln0' <Predicate = true> <Delay = 0.42>
ST_1 : Operation 35 [1/1] (0.42ns)   --->   "%br_ln30 = br void %VITIS_LOOP_35_1" [../src/poseidon.cpp:30]   --->   Operation 35 'br' 'br_ln30' <Predicate = true> <Delay = 0.42>
ST_1 : Operation 36 [1/1] (0.00ns)   --->   "%first_iter_0 = phi i1 0, void %new.latch.VITIS_LOOP_35_1.split, i1 1, void %entry"   --->   Operation 36 'phi' 'first_iter_0' <Predicate = true> <Delay = 0.00>
ST_1 : Operation 37 [1/1] (0.00ns)   --->   "%blk_load = load i31 %blk" [../src/poseidon.cpp:30]   --->   Operation 37 'load' 'blk_load' <Predicate = true> <Delay = 0.00>
ST_1 : Operation 38 [1/1] (0.00ns)   --->   "%zext_ln30_1 = zext i31 %blk_load" [../src/poseidon.cpp:30]   --->   Operation 38 'zext' 'zext_ln30_1' <Predicate = true> <Delay = 0.00>
ST_1 : Operation 39 [1/1] (1.01ns)   --->   "%icmp_ln30_1 = icmp_slt  i32 %zext_ln30_1, i32 %num_blocks_read" [../src/poseidon.cpp:30]   --->   Operation 39 'icmp' 'icmp_ln30_1' <Predicate = true> <Delay = 1.01> <CoreInst = "Cmp">   --->   Core 9 'Cmp' <Latency = 0> <II = 1> <Delay = 1.01> <FuncUnit> <Opcode : 'seteq' 'setne' 'setle' 'setge' 'setlt' 'setgt'> <InPorts = 2> <OutPorts = 1>
ST_1 : Operation 40 [1/1] (0.00ns)   --->   "%br_ln30 = br i1 %icmp_ln30_1, void %for.end110.loopexit, void %new.body.VITIS_LOOP_35_1" [../src/poseidon.cpp:30]   --->   Operation 40 'br' 'br_ln30' <Predicate = true> <Delay = 0.00>
ST_1 : Operation 41 [1/1] (0.00ns)   --->   "%br_ln30 = br i1 %first_iter_0, void %VITIS_LOOP_35_1.split, void %for.first.iter.VITIS_LOOP_35_1" [../src/poseidon.cpp:30]   --->   Operation 41 'br' 'br_ln30' <Predicate = (icmp_ln30_1)> <Delay = 0.00>
ST_1 : Operation 42 [1/1] (1.00ns)   --->   "%add_ln30 = add i31 %blk_load, i31 1" [../src/poseidon.cpp:30]   --->   Operation 42 'add' 'add_ln30' <Predicate = (icmp_ln30_1)> <Delay = 1.00> <CoreInst = "Adder">   --->   Core 1 'Adder' <Latency = 0> <II = 1> <Delay = 1.00> <FuncUnit> <Opcode : 'add' 'sub'> <InPorts = 2> <OutPorts = 1>
ST_1 : Operation 43 [1/1] (0.00ns)   --->   "%zext_ln32 = zext i31 %add_ln30" [../src/poseidon.cpp:32]   --->   Operation 43 'zext' 'zext_ln32' <Predicate = (icmp_ln30_1)> <Delay = 0.00>
ST_1 : Operation 44 [1/1] (1.01ns)   --->   "%icmp_ln30_2 = icmp_slt  i32 %zext_ln32, i32 %num_blocks_read" [../src/poseidon.cpp:30]   --->   Operation 44 'icmp' 'icmp_ln30_2' <Predicate = (icmp_ln30_1)> <Delay = 1.01> <CoreInst = "Cmp">   --->   Core 9 'Cmp' <Latency = 0> <II = 1> <Delay = 1.01> <FuncUnit> <Opcode : 'seteq' 'setne' 'setle' 'setge' 'setlt' 'setgt'> <InPorts = 2> <OutPorts = 1>
ST_1 : Operation 45 [1/1] (0.00ns)   --->   "%br_ln30 = br i1 %icmp_ln30_2, void %last.iter.VITIS_LOOP_35_1.split, void %new.latch.VITIS_LOOP_35_1.split" [../src/poseidon.cpp:30]   --->   Operation 45 'br' 'br_ln30' <Predicate = (icmp_ln30_1)> <Delay = 0.00>
ST_1 : Operation 46 [1/1] (0.42ns)   --->   "%store_ln30 = store i31 %add_ln30, i31 %blk" [../src/poseidon.cpp:30]   --->   Operation 46 'store' 'store_ln30' <Predicate = (icmp_ln30_1)> <Delay = 0.42>
ST_1 : Operation 47 [1/1] (0.00ns)   --->   "%br_ln30 = br void %VITIS_LOOP_35_1" [../src/poseidon.cpp:30]   --->   Operation 47 'br' 'br_ln30' <Predicate = (icmp_ln30_1)> <Delay = 0.00>

State 2 <SV = 1> <Delay = 2.92>
ST_2 : Operation 48 [1/1] (2.92ns)   --->   "%empty_18 = writereq i1 @_ssdm_op_WriteReq.m_axi.p1i256, i256 %gmem1_addr, i64 %zext_ln30" [../src/poseidon.cpp:30]   --->   Operation 48 'writereq' 'empty_18' <Predicate = (first_iter_0)> <Delay = 2.92> <CoreInst = "m_axi">   --->   Core 119 'm_axi' <Latency = 9> <II = 1> <Delay = 1.00> <Adapter> <Opcode : 'read' 'write' 'readreq' 'writereq' 'writeresp'>
ST_2 : Operation 49 [1/1] (0.00ns)   --->   "%br_ln30 = br void %VITIS_LOOP_35_1.split" [../src/poseidon.cpp:30]   --->   Operation 49 'br' 'br_ln30' <Predicate = (first_iter_0)> <Delay = 0.00>

State 3 <SV = 2> <Delay = 2.92>
ST_3 : Operation 50 [1/1] (0.00ns)   --->   "%specpipeline_ln32 = specpipeline void @_ssdm_op_SpecPipeline, i32 1, i32 0, i32 0, i32 0, void @empty_12" [../src/poseidon.cpp:32]   --->   Operation 50 'specpipeline' 'specpipeline_ln32' <Predicate = true> <Delay = 0.00>
ST_3 : Operation 51 [1/1] (0.00ns)   --->   "%specloopname_ln30 = specloopname void @_ssdm_op_SpecLoopName, void @empty_11" [../src/poseidon.cpp:30]   --->   Operation 51 'specloopname' 'specloopname_ln30' <Predicate = true> <Delay = 0.00>
ST_3 : Operation 52 [1/1] (2.92ns)   --->   "%write_ln84 = write void @_ssdm_op_Write.m_axi.p1i256, i256 %gmem1_addr, i256 0, i32 4294967295" [../src/poseidon.cpp:84]   --->   Operation 52 'write' 'write_ln84' <Predicate = true> <Delay = 2.92> <CoreInst = "m_axi">   --->   Core 119 'm_axi' <Latency = 5> <II = 1> <Delay = 1.00> <Adapter> <Opcode : 'read' 'write' 'readreq' 'writereq' 'writeresp'>

State 4 <SV = 3> <Delay = 2.92>
ST_4 : Operation 53 [5/5] (2.92ns)   --->   "%empty_19 = writeresp i1 @_ssdm_op_WriteResp.m_axi.p1i256, i256 %gmem1_addr" [../src/poseidon.cpp:86]   --->   Operation 53 'writeresp' 'empty_19' <Predicate = (!icmp_ln30_2)> <Delay = 2.92> <CoreInst = "m_axi">   --->   Core 119 'm_axi' <Latency = 3> <II = 1> <Delay = 1.00> <Adapter> <Opcode : 'read' 'write' 'readreq' 'writereq' 'writeresp'>

State 5 <SV = 4> <Delay = 2.92>
ST_5 : Operation 54 [4/5] (2.92ns)   --->   "%empty_19 = writeresp i1 @_ssdm_op_WriteResp.m_axi.p1i256, i256 %gmem1_addr" [../src/poseidon.cpp:86]   --->   Operation 54 'writeresp' 'empty_19' <Predicate = (!icmp_ln30_2)> <Delay = 2.92> <CoreInst = "m_axi">   --->   Core 119 'm_axi' <Latency = 3> <II = 1> <Delay = 1.00> <Adapter> <Opcode : 'read' 'write' 'readreq' 'writereq' 'writeresp'>

State 6 <SV = 5> <Delay = 2.92>
ST_6 : Operation 55 [3/5] (2.92ns)   --->   "%empty_19 = writeresp i1 @_ssdm_op_WriteResp.m_axi.p1i256, i256 %gmem1_addr" [../src/poseidon.cpp:86]   --->   Operation 55 'writeresp' 'empty_19' <Predicate = (!icmp_ln30_2)> <Delay = 2.92> <CoreInst = "m_axi">   --->   Core 119 'm_axi' <Latency = 3> <II = 1> <Delay = 1.00> <Adapter> <Opcode : 'read' 'write' 'readreq' 'writereq' 'writeresp'>

State 7 <SV = 6> <Delay = 2.92>
ST_7 : Operation 56 [2/5] (2.92ns)   --->   "%empty_19 = writeresp i1 @_ssdm_op_WriteResp.m_axi.p1i256, i256 %gmem1_addr" [../src/poseidon.cpp:86]   --->   Operation 56 'writeresp' 'empty_19' <Predicate = (!icmp_ln30_2)> <Delay = 2.92> <CoreInst = "m_axi">   --->   Core 119 'm_axi' <Latency = 3> <II = 1> <Delay = 1.00> <Adapter> <Opcode : 'read' 'write' 'readreq' 'writereq' 'writeresp'>
ST_7 : Operation 59 [1/1] (0.42ns)   --->   "%ret_ln86 = ret" [../src/poseidon.cpp:86]   --->   Operation 59 'ret' 'ret_ln86' <Predicate = (!icmp_ln30_1)> <Delay = 0.42>

State 8 <SV = 7> <Delay = 2.92>
ST_8 : Operation 57 [1/5] (2.92ns)   --->   "%empty_19 = writeresp i1 @_ssdm_op_WriteResp.m_axi.p1i256, i256 %gmem1_addr" [../src/poseidon.cpp:86]   --->   Operation 57 'writeresp' 'empty_19' <Predicate = (!icmp_ln30_2)> <Delay = 2.92> <CoreInst = "m_axi">   --->   Core 119 'm_axi' <Latency = 3> <II = 1> <Delay = 1.00> <Adapter> <Opcode : 'read' 'write' 'readreq' 'writereq' 'writeresp'>
ST_8 : Operation 58 [1/1] (0.00ns)   --->   "%br_ln30 = br void %new.latch.VITIS_LOOP_35_1.split" [../src/poseidon.cpp:30]   --->   Operation 58 'br' 'br_ln30' <Predicate = (!icmp_ln30_2)> <Delay = 0.00>


============================================================
+ Verbose Summary: Timing violations
============================================================
Target clock period: 4.000ns, clock uncertainty: 1.080ns.

 <State 1>: 2.449ns
The critical path consists of the following:
	'store' operation 0 bit ('store_ln0') of constant 0 on local variable 'blk' [29]  (0.427 ns)
	'load' operation 31 bit ('blk_load', ../src/poseidon.cpp:30) on local variable 'blk' [33]  (0.000 ns)
	'add' operation 31 bit ('add_ln30', ../src/poseidon.cpp:30) [43]  (1.006 ns)
	'icmp' operation 1 bit ('icmp_ln30_2', ../src/poseidon.cpp:30) [48]  (1.016 ns)

 <State 2>: 2.920ns
The critical path consists of the following:
	bus request operation ('empty_18', ../src/poseidon.cpp:30) on port 'gmem1' (../src/poseidon.cpp:30) [40]  (2.920 ns)

 <State 3>: 2.920ns
The critical path consists of the following:
	bus write operation ('write_ln84', ../src/poseidon.cpp:84) on port 'gmem1' (../src/poseidon.cpp:84) [47]  (2.920 ns)

 <State 4>: 2.920ns
The critical path consists of the following:
	bus response operation ('empty_19', ../src/poseidon.cpp:86) on port 'gmem1' (../src/poseidon.cpp:86) [51]  (2.920 ns)

 <State 5>: 2.920ns
The critical path consists of the following:
	bus response operation ('empty_19', ../src/poseidon.cpp:86) on port 'gmem1' (../src/poseidon.cpp:86) [51]  (2.920 ns)

 <State 6>: 2.920ns
The critical path consists of the following:
	bus response operation ('empty_19', ../src/poseidon.cpp:86) on port 'gmem1' (../src/poseidon.cpp:86) [51]  (2.920 ns)

 <State 7>: 2.920ns
The critical path consists of the following:
	bus response operation ('empty_19', ../src/poseidon.cpp:86) on port 'gmem1' (../src/poseidon.cpp:86) [51]  (2.920 ns)

 <State 8>: 2.920ns
The critical path consists of the following:
	bus response operation ('empty_19', ../src/poseidon.cpp:86) on port 'gmem1' (../src/poseidon.cpp:86) [51]  (2.920 ns)


============================================================
+ Verbose Summary: Binding
============================================================
N/A
* FSMD analyzer results:
  - Output states:
 - Input state : 
  - Chain level:
	State 1
	State 2
	State 3
	State 4
	State 5
	State 6
	State 7
	State 8


============================================================
+ Verbose Summary: Datapath Resource usage 
============================================================
N/A
