

================================================================
== Vitis HLS Report for 'poseidon_hash'
================================================================
* Date:           Tue Apr 29 23:25:37 2025

* Version:        2024.2 (Build 5238294 on Nov  8 2024)
* Project:        solution
* Solution:       solution1 (Vivado IP Flow Target)
* Product family: zynquplus
* Target device:  xczu7ev-ffvc1156-2-e


================================================================
== Performance Estimates
================================================================
+ Timing: 
    * Summary: 
    +--------+---------+----------+------------+
    |  Clock |  Target | Estimated| Uncertainty|
    +--------+---------+----------+------------+
    |ap_clk  |  4.00 ns|  2.920 ns|     1.08 ns|
    +--------+---------+----------+------------+

+ Latency: 
    * Summary: 
    +---------+---------+----------+----------+-----+-----+------------------------------------------------+
    |  Latency (cycles) |  Latency (absolute) |  Interval |                    Pipeline                    |
    |   min   |   max   |    min   |    max   | min | max |                      Type                      |
    +---------+---------+----------+----------+-----+-----+------------------------------------------------+
    |        ?|        ?|         ?|         ?|    0|    0|  loop auto-rewind stp (delay=0 clock cycles(s))|
    +---------+---------+----------+----------+-----+-----+------------------------------------------------+

    + Detail: 
        * Instance: 
        N/A

        * Loop: 
        +--------------+---------+---------+----------+-----------+-----------+------+----------+
        |              |  Latency (cycles) | Iteration|  Initiation Interval  | Trip |          |
        |   Loop Name  |   min   |   max   |  Latency |  achieved |   target  | Count| Pipelined|
        +--------------+---------+---------+----------+-----------+-----------+------+----------+
        |- block_loop  |        ?|        ?|         8|          1|          1|     ?|       yes|
        +--------------+---------+---------+----------+-----------+-----------+------+----------+

============================================================
+ Verbose Summary: Synthesis Manager
============================================================
InlineROM: 1
ExposeGlobal: 0
============================================================
+ Verbose Summary: CDFG Model
============================================================
IsTopModel: 1
ResetActiveHigh: 1
IsCombinational: 0
IsDatapathOnly: 0
HasWiredReturn: 1
HasMFsm: 2
HasVarLatency: 1
IsPipeline: 0
IsRtlPipelined: 0
IsInstanceOverlapped: 0
IsDontTouch: 0
HasImplIP: 0
IsGatedGlobalClock: 0

+ Individual pipeline summary: 
  * Pipeline-0: initiation interval (II) = 1, depth = 8


============================================================
+ Verbose Summary: Schedule
============================================================
* Number of FSM states : 8
* Pipeline : 1
  Pipeline-0 : II = 1, D = 8, States = { 1 2 3 4 5 6 7 8 }
* Dataflow Pipeline: 0

* FSM state transitions: 
1 --> 2 
2 --> 3 
3 --> 4 
4 --> 5 
5 --> 6 
6 --> 7 
7 --> 8 
8 --> 

* FSM state operations: 

State 1 <SV = 0> <Delay = 2.44>
ST_1 : Operation 11 [1/1] (0.00ns)   --->   "%blk = alloca i32 1"   --->   Operation 11 'alloca' 'blk' <Predicate = true> <Delay = 0.00>
ST_1 : Operation 12 [1/1] (0.00ns)   --->   "%spectopmodule_ln14 = spectopmodule void @_ssdm_op_SpecTopModule, void @empty_10" [../src/poseidon.cpp:14]   --->   Operation 12 'spectopmodule' 'spectopmodule_ln14' <Predicate = true> <Delay = 0.00>
ST_1 : Operation 13 [1/1] (0.00ns)   --->   "%specinterface_ln0 = specinterface void @_ssdm_op_SpecInterface, i256 %gmem0, void @empty, i32 0, i32 0, void @empty_12, i32 0, i32 0, void @empty_0, void @empty_1, void @empty_12, i32 16, i32 16, i32 16, i32 16, void @empty_12, void @empty_12, i32 4294967295, i32 0, i32 0"   --->   Operation 13 'specinterface' 'specinterface_ln0' <Predicate = true> <Delay = 0.00>
ST_1 : Operation 14 [1/1] (0.00ns)   --->   "%specbitsmap_ln0 = specbitsmap void @_ssdm_op_SpecBitsMap, i256 %gmem0"   --->   Operation 14 'specbitsmap' 'specbitsmap_ln0' <Predicate = true> <Delay = 0.00>
ST_1 : Operation 15 [1/1] (0.00ns)   --->   "%specinterface_ln0 = specinterface void @_ssdm_op_SpecInterface, i256 %gmem1, void @empty, i32 0, i32 0, void @empty_12, i32 0, i32 0, void @empty_2, void @empty_1, void @empty_12, i32 16, i32 16, i32 16, i32 16, void @empty_12, void @empty_12, i32 4294967295, i32 0, i32 0"   --->   Operation 15 'specinterface' 'specinterface_ln0' <Predicate = true> <Delay = 0.00>
ST_1 : Operation 16 [1/1] (0.00ns)   --->   "%specbitsmap_ln0 = specbitsmap void @_ssdm_op_SpecBitsMap, i256 %gmem1"   --->   Operation 16 'specbitsmap' 'specbitsmap_ln0' <Predicate = true> <Delay = 0.00>
ST_1 : Operation 17 [1/1] (0.00ns)   --->   "%specinterface_ln0 = specinterface void @_ssdm_op_SpecInterface, i64 %input_r, void @empty_3, i32 0, i32 0, void @empty_12, i32 0, i32 0, void @empty_4, void @empty_13, void @empty_12, i32 0, i32 0, i32 0, i32 0, void @empty_12, void @empty_5, i32 4294967295, i32 0, i32 0"   --->   Operation 17 'specinterface' 'specinterface_ln0' <Predicate = true> <Delay = 0.00>
ST_1 : Operation 18 [1/1] (0.00ns)   --->   "%specinterface_ln0 = specinterface void @_ssdm_op_SpecInterface, i64 %input_r, void @empty_6, i32 0, i32 0, void @empty_12, i32 0, i32 0, void @empty_12, void @empty_12, void @empty_12, i32 0, i32 0, i32 0, i32 0, void @empty_12, void @empty_5, i32 4294967295, i32 0, i32 0"   --->   Operation 18 'specinterface' 'specinterface_ln0' <Predicate = true> <Delay = 0.00>
ST_1 : Operation 19 [1/1] (0.00ns)   --->   "%specinterface_ln0 = specinterface void @_ssdm_op_SpecInterface, i64 %output_r, void @empty_3, i32 0, i32 0, void @empty_12, i32 0, i32 0, void @empty_4, void @empty_7, void @empty_12, i32 0, i32 0, i32 0, i32 0, void @empty_12, void @empty_5, i32 4294967295, i32 0, i32 0"   --->   Operation 19 'specinterface' 'specinterface_ln0' <Predicate = true> <Delay = 0.00>
ST_1 : Operation 20 [1/1] (0.00ns)   --->   "%specinterface_ln0 = specinterface void @_ssdm_op_SpecInterface, i64 %output_r, void @empty_6, i32 0, i32 0, void @empty_12, i32 0, i32 0, void @empty_12, void @empty_12, void @empty_12, i32 0, i32 0, i32 0, i32 0, void @empty_12, void @empty_5, i32 4294967295, i32 0, i32 0"   --->   Operation 20 'specinterface' 'specinterface_ln0' <Predicate = true> <Delay = 0.00>
ST_1 : Operation 21 [1/1] (0.00ns)   --->   "%specbitsmap_ln0 = specbitsmap void @_ssdm_op_SpecBitsMap, i32 %num_blocks"   --->   Operation 21 'specbitsmap' 'specbitsmap_ln0' <Predicate = true> <Delay = 0.00>
ST_1 : Operation 22 [1/1] (0.00ns)   --->   "%specinterface_ln0 = specinterface void @_ssdm_op_SpecInterface, i32 %num_blocks, void @empty_3, i32 4294967295, i32 4294967295, void @empty_8, i32 0, i32 0, void @empty_9, void @empty_13, void @empty_12, i32 0, i32 0, i32 0, i32 0, void @empty_12, void @empty_12, i32 4294967295, i32 0, i32 0"   --->   Operation 22 'specinterface' 'specinterface_ln0' <Predicate = true> <Delay = 0.00>
ST_1 : Operation 23 [1/1] (0.00ns)   --->   "%specinterface_ln0 = specinterface void @_ssdm_op_SpecInterface, i32 %num_blocks, void @empty_6, i32 4294967295, i32 4294967295, void @empty_12, i32 0, i32 0, void @empty_12, void @empty_12, void @empty_12, i32 0, i32 0, i32 0, i32 0, void @empty_12, void @empty_12, i32 4294967295, i32 0, i32 0"   --->   Operation 23 'specinterface' 'specinterface_ln0' <Predicate = true> <Delay = 0.00>
ST_1 : Operation 24 [1/1] (0.00ns)   --->   "%specinterface_ln0 = specinterface void @_ssdm_op_SpecInterface, i32 0, void @empty_3, i32 0, i32 0, void @empty_12, i32 0, i32 0, void @empty_9, void @empty_12, void @empty_12, i32 0, i32 0, i32 0, i32 0, void @empty_12, void @empty_12, i32 4294967295, i32 0, i32 0"   --->   Operation 24 'specinterface' 'specinterface_ln0' <Predicate = true> <Delay = 0.00>
ST_1 : Operation 25 [1/1] (1.00ns)   --->   "%num_blocks_read = read i32 @_ssdm_op_Read.s_axilite.i32, i32 %num_blocks" [../src/poseidon.cpp:15]   --->   Operation 25 'read' 'num_blocks_read' <Predicate = true> <Delay = 1.00> <CoreInst = "s_axilite">   --->   Core 120 's_axilite' <Latency = 0> <II = 1> <Delay = 1.00> <Adapter> <Opcode : 'read' 'write'>
ST_1 : Operation 26 [1/1] (1.00ns)   --->   "%output_r_read = read i64 @_ssdm_op_Read.s_axilite.i64, i64 %output_r" [../src/poseidon.cpp:15]   --->   Operation 26 'read' 'output_r_read' <Predicate = true> <Delay = 1.00> <CoreInst = "s_axilite">   --->   Core 120 's_axilite' <Latency = 0> <II = 1> <Delay = 1.00> <Adapter> <Opcode : 'read' 'write'>
ST_1 : Operation 27 [1/1] (1.01ns)   --->   "%icmp_ln30 = icmp_sgt  i32 %num_blocks_read, i32 0" [../src/poseidon.cpp:30]   --->   Operation 27 'icmp' 'icmp_ln30' <Predicate = true> <Delay = 1.01> <CoreInst = "Cmp">   --->   Core 9 'Cmp' <Latency = 0> <II = 1> <Delay = 1.01> <FuncUnit> <Opcode : 'seteq' 'setne' 'setle' 'setge' 'setlt' 'setgt'> <InPorts = 2> <OutPorts = 1>
ST_1 : Operation 28 [1/1] (0.00ns)   --->   "%trunc_ln30 = trunc i32 %num_blocks_read" [../src/poseidon.cpp:30]   --->   Operation 28 'trunc' 'trunc_ln30' <Predicate = true> <Delay = 0.00>
ST_1 : Operation 29 [1/1] (0.00ns)   --->   "%trunc_ln = partselect i59 @_ssdm_op_PartSelect.i59.i64.i32.i32, i64 %output_r_read, i32 5, i32 63" [../src/poseidon.cpp:30]   --->   Operation 29 'partselect' 'trunc_ln' <Predicate = true> <Delay = 0.00>
ST_1 : Operation 30 [1/1] (0.00ns)   --->   "%sext_ln30 = sext i59 %trunc_ln" [../src/poseidon.cpp:30]   --->   Operation 30 'sext' 'sext_ln30' <Predicate = true> <Delay = 0.00>
ST_1 : Operation 31 [1/1] (0.00ns)   --->   "%gmem1_addr = getelementptr i256 %gmem1, i64 %sext_ln30" [../src/poseidon.cpp:30]   --->   Operation 31 'getelementptr' 'gmem1_addr' <Predicate = true> <Delay = 0.00>
ST_1 : Operation 32 [1/1] (0.41ns)   --->   "%empty = select i1 %icmp_ln30, i31 %trunc_ln30, i31 0" [../src/poseidon.cpp:30]   --->   Operation 32 'select' 'empty' <Predicate = true> <Delay = 0.41> <CoreInst = "Sel">   --->   Core 73 'Sel' <Latency = 0> <II = 1> <Delay = 0.41> <FuncUnit> <Opcode : 'select'> <InPorts = 3> <OutPorts = 1>
ST_1 : Operation 33 [1/1] (0.00ns)   --->   "%zext_ln30 = zext i31 %empty" [../src/poseidon.cpp:30]   --->   Operation 33 'zext' 'zext_ln30' <Predicate = true> <Delay = 0.00>
ST_1 : Operation 34 [1/1] (0.42ns)   --->   "%store_ln0 = store i31 0, i31 %blk"   --->   Operation 34 'store' 'store_ln0' <Predicate = true> <Delay = 0.42>
ST_1 : Operation 35 [1/1] (0.42ns)   --->   "%br_ln30 = br void %VITIS_LOOP_35_1" [../src/poseidon.cpp:30]   --->   Operation 35 'br' 'br_ln30' <Predicate = true> <Delay = 0.42>
ST_1 : Operation 36 [1/1] (0.00ns)   --->   "%first_iter_0 = phi i1 0, void %new.latch.VITIS_LOOP_35_1.split, i1 1, void %entry"   --->   Operation 36 'phi' 'first_iter_0' <Predicate = true> <Delay = 0.00>
ST_1 : Operation 37 [1/1] (0.00ns)   --->   "%blk_load = load i31 %blk" [../src/poseidon.cpp:30]   --->   Operation 37 'load' 'blk_load' <Predicate = true> <Delay = 0.00>
ST_1 : Operation 38 [1/1] (0.00ns)   --->   "%zext_ln30_1 = zext i31 %blk_load" [../src/poseidon.cpp:30]   --->   Operation 38 'zext' 'zext_ln30_1' <Predicate = true> <Delay = 0.00>
ST_1 : Operation 39 [1/1] (1.01ns)   --->   "%icmp_ln30_1 = icmp_slt  i32 %zext_ln30_1, i32 %num_blocks_read" [../src/poseidon.cpp:30]   --->   Operation 39 'icmp' 'icmp_ln30_1' <Predicate = true> <Delay = 1.01> <CoreInst = "Cmp">   --->   Core 9 'Cmp' <Latency = 0> <II = 1> <Delay = 1.01> <FuncUnit> <Opcode : 'seteq' 'setne' 'setle' 'setge' 'setlt' 'setgt'> <InPorts = 2> <OutPorts = 1>
ST_1 : Operation 40 [1/1] (0.00ns)   --->   "%br_ln30 = br i1 %icmp_ln30_1, void %for.end110.loopexit, void %new.body.VITIS_LOOP_35_1" [../src/poseidon.cpp:30]   --->   Operation 40 'br' 'br_ln30' <Predicate = true> <Delay = 0.00>
ST_1 : Operation 41 [1/1] (0.00ns)   --->   "%br_ln30 = br i1 %first_iter_0, void %VITIS_LOOP_35_1.split, void %for.first.iter.VITIS_LOOP_35_1" [../src/poseidon.cpp:30]   --->   Operation 41 'br' 'br_ln30' <Predicate = (icmp_ln30_1)> <Delay = 0.00>
ST_1 : Operation 42 [1/1] (1.00ns)   --->   "%add_ln30 = add i31 %blk_load, i31 1" [../src/poseidon.cpp:30]   --->   Operation 42 'add' 'add_ln30' <Predicate = (icmp_ln30_1)> <Delay = 1.00> <CoreInst = "Adder">   --->   Core 1 'Adder' <Latency = 0> <II = 1> <Delay = 1.00> <FuncUnit> <Opcode : 'add' 'sub'> <InPorts = 2> <OutPorts = 1>
ST_1 : Operation 43 [1/1] (0.00ns)   --->   "%zext_ln32 = zext i31 %add_ln30" [../src/poseidon.cpp:32]   --->   Operation 43 'zext' 'zext_ln32' <Predicate = (icmp_ln30_1)> <Delay = 0.00>
ST_1 : Operation 44 [1/1] (1.01ns)   --->   "%icmp_ln30_2 = icmp_slt  i32 %zext_ln32, i32 %num_blocks_read" [../src/poseidon.cpp:30]   --->   Operation 44 'icmp' 'icmp_ln30_2' <Predicate = (icmp_ln30_1)> <Delay = 1.01> <CoreInst = "Cmp">   --->   Core 9 'Cmp' <Latency = 0> <II = 1> <Delay = 1.01> <FuncUnit> <Opcode : 'seteq' 'setne' 'setle' 'setge' 'setlt' 'setgt'> <InPorts = 2> <OutPorts = 1>
ST_1 : Operation 45 [1/1] (0.00ns)   --->   "%br_ln30 = br i1 %icmp_ln30_2, void %last.iter.VITIS_LOOP_35_1.split, void %new.latch.VITIS_LOOP_35_1.split" [../src/poseidon.cpp:30]   --->   Operation 45 'br' 'br_ln30' <Predicate = (icmp_ln30_1)> <Delay = 0.00>
ST_1 : Operation 46 [1/1] (0.42ns)   --->   "%store_ln30 = store i31 %add_ln30, i31 %blk" [../src/poseidon.cpp:30]   --->   Operation 46 'store' 'store_ln30' <Predicate = (icmp_ln30_1)> <Delay = 0.42>
ST_1 : Operation 47 [1/1] (0.00ns)   --->   "%br_ln30 = br void %VITIS_LOOP_35_1" [../src/poseidon.cpp:30]   --->   Operation 47 'br' 'br_ln30' <Predicate = (icmp_ln30_1)> <Delay = 0.00>

State 2 <SV = 1> <Delay = 2.92>
ST_2 : Operation 48 [1/1] (2.92ns)   --->   "%empty_18 = writereq i1 @_ssdm_op_WriteReq.m_axi.p1i256, i256 %gmem1_addr, i64 %zext_ln30" [../src/poseidon.cpp:30]   --->   Operation 48 'writereq' 'empty_18' <Predicate = (first_iter_0)> <Delay = 2.92> <CoreInst = "m_axi">   --->   Core 119 'm_axi' <Latency = 9> <II = 1> <Delay = 1.00> <Adapter> <Opcode : 'read' 'write' 'readreq' 'writereq' 'writeresp'>
ST_2 : Operation 49 [1/1] (0.00ns)   --->   "%br_ln30 = br void %VITIS_LOOP_35_1.split" [../src/poseidon.cpp:30]   --->   Operation 49 'br' 'br_ln30' <Predicate = (first_iter_0)> <Delay = 0.00>

State 3 <SV = 2> <Delay = 2.92>
ST_3 : Operation 50 [1/1] (0.00ns)   --->   "%specpipeline_ln32 = specpipeline void @_ssdm_op_SpecPipeline, i32 1, i32 0, i32 0, i32 0, void @empty_12" [../src/poseidon.cpp:32]   --->   Operation 50 'specpipeline' 'specpipeline_ln32' <Predicate = true> <Delay = 0.00>
ST_3 : Operation 51 [1/1] (0.00ns)   --->   "%specloopname_ln30 = specloopname void @_ssdm_op_SpecLoopName, void @empty_11" [../src/poseidon.cpp:30]   --->   Operation 51 'specloopname' 'specloopname_ln30' <Predicate = true> <Delay = 0.00>
ST_3 : Operation 52 [1/1] (2.92ns)   --->   "%write_ln84 = write void @_ssdm_op_Write.m_axi.p1i256, i256 %gmem1_addr, i256 0, i32 4294967295" [../src/poseidon.cpp:84]   --->   Operation 52 'write' 'write_ln84' <Predicate = true> <Delay = 2.92> <CoreInst = "m_axi">   --->   Core 119 'm_axi' <Latency = 5> <II = 1> <Delay = 1.00> <Adapter> <Opcode : 'read' 'write' 'readreq' 'writereq' 'writeresp'>

State 4 <SV = 3> <Delay = 2.92>
ST_4 : Operation 53 [5/5] (2.92ns)   --->   "%empty_19 = writeresp i1 @_ssdm_op_WriteResp.m_axi.p1i256, i256 %gmem1_addr" [../src/poseidon.cpp:86]   --->   Operation 53 'writeresp' 'empty_19' <Predicate = (!icmp_ln30_2)> <Delay = 2.92> <CoreInst = "m_axi">   --->   Core 119 'm_axi' <Latency = 3> <II = 1> <Delay = 1.00> <Adapter> <Opcode : 'read' 'write' 'readreq' 'writereq' 'writeresp'>

State 5 <SV = 4> <Delay = 2.92>
ST_5 : Operation 54 [4/5] (2.92ns)   --->   "%empty_19 = writeresp i1 @_ssdm_op_WriteResp.m_axi.p1i256, i256 %gmem1_addr" [../src/poseidon.cpp:86]   --->   Operation 54 'writeresp' 'empty_19' <Predicate = (!icmp_ln30_2)> <Delay = 2.92> <CoreInst = "m_axi">   --->   Core 119 'm_axi' <Latency = 3> <II = 1> <Delay = 1.00> <Adapter> <Opcode : 'read' 'write' 'readreq' 'writereq' 'writeresp'>

State 6 <SV = 5> <Delay = 2.92>
ST_6 : Operation 55 [3/5] (2.92ns)   --->   "%empty_19 = writeresp i1 @_ssdm_op_WriteResp.m_axi.p1i256, i256 %gmem1_addr" [../src/poseidon.cpp:86]   --->   Operation 55 'writeresp' 'empty_19' <Predicate = (!icmp_ln30_2)> <Delay = 2.92> <CoreInst = "m_axi">   --->   Core 119 'm_axi' <Latency = 3> <II = 1> <Delay = 1.00> <Adapter> <Opcode : 'read' 'write' 'readreq' 'writereq' 'writeresp'>

State 7 <SV = 6> <Delay = 2.92>
ST_7 : Operation 56 [2/5] (2.92ns)   --->   "%empty_19 = writeresp i1 @_ssdm_op_WriteResp.m_axi.p1i256, i256 %gmem1_addr" [../src/poseidon.cpp:86]   --->   Operation 56 'writeresp' 'empty_19' <Predicate = (!icmp_ln30_2)> <Delay = 2.92> <CoreInst = "m_axi">   --->   Core 119 'm_axi' <Latency = 3> <II = 1> <Delay = 1.00> <Adapter> <Opcode : 'read' 'write' 'readreq' 'writereq' 'writeresp'>
ST_7 : Operation 59 [1/1] (0.42ns)   --->   "%ret_ln86 = ret" [../src/poseidon.cpp:86]   --->   Operation 59 'ret' 'ret_ln86' <Predicate = (!icmp_ln30_1)> <Delay = 0.42>

State 8 <SV = 7> <Delay = 2.92>
ST_8 : Operation 57 [1/5] (2.92ns)   --->   "%empty_19 = writeresp i1 @_ssdm_op_WriteResp.m_axi.p1i256, i256 %gmem1_addr" [../src/poseidon.cpp:86]   --->   Operation 57 'writeresp' 'empty_19' <Predicate = (!icmp_ln30_2)> <Delay = 2.92> <CoreInst = "m_axi">   --->   Core 119 'm_axi' <Latency = 3> <II = 1> <Delay = 1.00> <Adapter> <Opcode : 'read' 'write' 'readreq' 'writereq' 'writeresp'>
ST_8 : Operation 58 [1/1] (0.00ns)   --->   "%br_ln30 = br void %new.latch.VITIS_LOOP_35_1.split" [../src/poseidon.cpp:30]   --->   Operation 58 'br' 'br_ln30' <Predicate = (!icmp_ln30_2)> <Delay = 0.00>


============================================================
+ Verbose Summary: Binding
============================================================
STG Binding: 
---------------- STG Properties BEGIN ----------------
- Is combinational: 0
- Is one-state seq: 0
- Is datapath-only: 0
- Is pipelined: 0
- Is top level: 1
Port [ Return ] is wired: 1; IO mode=ap_ctrl_hs:ce=0
Port [ gmem0]:  wired=1; compound=1; hidden=0; nouse=1; global=0; static=0; extern=0; dir=0; type=4; pingpong=0; private_global=0; IO mode=m_axi:ce=0
Port [ gmem1]:  wired=1; compound=1; hidden=0; nouse=0; global=0; static=0; extern=0; dir=1; type=4; pingpong=0; private_global=0; IO mode=m_axi:ce=0
Port [ input_r]:  wired=1; compound=0; hidden=0; nouse=1; global=0; static=0; extern=0; dir=0; type=0; pingpong=0; private_global=0; IO mode=ap_none:ce=0
Port [ output_r]:  wired=1; compound=0; hidden=0; nouse=0; global=0; static=0; extern=0; dir=0; type=0; pingpong=0; private_global=0; IO mode=ap_none:ce=0
Port [ num_blocks]:  wired=1; compound=0; hidden=0; nouse=0; global=0; static=0; extern=0; dir=0; type=0; pingpong=0; private_global=0; IO mode=ap_none:ce=0
---------------- STG Properties END ------------------

---------------- Datapath Model BEGIN ----------------

<LifeTime>
<method=bitvector/>
blk                (alloca       ) [ 010000000]
spectopmodule_ln14 (spectopmodule) [ 000000000]
specinterface_ln0  (specinterface) [ 000000000]
specbitsmap_ln0    (specbitsmap  ) [ 000000000]
specinterface_ln0  (specinterface) [ 000000000]
specbitsmap_ln0    (specbitsmap  ) [ 000000000]
specinterface_ln0  (specinterface) [ 000000000]
specinterface_ln0  (specinterface) [ 000000000]
specinterface_ln0  (specinterface) [ 000000000]
specinterface_ln0  (specinterface) [ 000000000]
specbitsmap_ln0    (specbitsmap  ) [ 000000000]
specinterface_ln0  (specinterface) [ 000000000]
specinterface_ln0  (specinterface) [ 000000000]
specinterface_ln0  (specinterface) [ 000000000]
num_blocks_read    (read         ) [ 000000000]
output_r_read      (read         ) [ 000000000]
icmp_ln30          (icmp         ) [ 000000000]
trunc_ln30         (trunc        ) [ 000000000]
trunc_ln           (partselect   ) [ 000000000]
sext_ln30          (sext         ) [ 000000000]
gmem1_addr         (getelementptr) [ 011111111]
empty              (select       ) [ 000000000]
zext_ln30          (zext         ) [ 011000000]
store_ln0          (store        ) [ 000000000]
br_ln30            (br           ) [ 000000000]
first_iter_0       (phi          ) [ 011000000]
blk_load           (load         ) [ 000000000]
zext_ln30_1        (zext         ) [ 000000000]
icmp_ln30_1        (icmp         ) [ 011111111]
br_ln30            (br           ) [ 000000000]
br_ln30            (br           ) [ 000000000]
add_ln30           (add          ) [ 000000000]
zext_ln32          (zext         ) [ 000000000]
icmp_ln30_2        (icmp         ) [ 011111111]
br_ln30            (br           ) [ 000000000]
store_ln30         (store        ) [ 000000000]
br_ln30            (br           ) [ 010000000]
empty_18           (writereq     ) [ 000000000]
br_ln30            (br           ) [ 000000000]
specpipeline_ln32  (specpipeline ) [ 000000000]
specloopname_ln30  (specloopname ) [ 000000000]
write_ln84         (write        ) [ 000000000]
empty_19           (writeresp    ) [ 000000000]
br_ln30            (br           ) [ 000000000]
ret_ln86           (ret          ) [ 000000000]
</LifeTime>

<model>

<comp_list>
<comp id="0" class="1000" name="gmem0">
<pin_list>
<pin id="1" dir="1" index="0" bw="1" slack="2147483647"/>
</pin_list>
<bind>
<StgValue><ssdm name="gmem0"/></StgValue>
</bind>
</comp>

<comp id="2" class="1000" name="gmem1">
<pin_list>
<pin id="3" dir="1" index="0" bw="1" slack="0"/>
</pin_list>
<bind>
<StgValue><ssdm name="gmem1"/><MemPortTyVec>1 </MemPortTyVec>
</StgValue>
</bind>
</comp>

<comp id="4" class="1000" name="input_r">
<pin_list>
<pin id="5" dir="1" index="0" bw="1" slack="2147483647"/>
</pin_list>
<bind>
<StgValue><ssdm name="input_r"/></StgValue>
</bind>
</comp>

<comp id="6" class="1000" name="output_r">
<pin_list>
<pin id="7" dir="1" index="0" bw="1" slack="0"/>
</pin_list>
<bind>
<StgValue><ssdm name="output_r"/></StgValue>
</bind>
</comp>

<comp id="8" class="1000" name="num_blocks">
<pin_list>
<pin id="9" dir="1" index="0" bw="1" slack="0"/>
</pin_list>
<bind>
<StgValue><ssdm name="num_blocks"/></StgValue>
</bind>
</comp>

<comp id="10" class="1001" name="const_10">
<pin_list>
<pin id="11" dir="1" index="0" bw="1" slack="0"/>
</pin_list>
<bind>
<StgValue><ssdm name=""/></StgValue>
</bind>
</comp>

<comp id="12" class="1001" name="const_12">
<pin_list>
<pin id="13" dir="1" index="0" bw="1" slack="2147483647"/>
</pin_list>
<bind>
<StgValue><ssdm name="_ssdm_op_SpecTopModule"/></StgValue>
</bind>
</comp>

<comp id="14" class="1001" name="const_14">
<pin_list>
<pin id="15" dir="1" index="0" bw="1" slack="2147483647"/>
</pin_list>
<bind>
<StgValue><ssdm name="empty_10"/></StgValue>
</bind>
</comp>

<comp id="16" class="1001" name="const_16">
<pin_list>
<pin id="17" dir="1" index="0" bw="1" slack="2147483647"/>
</pin_list>
<bind>
<StgValue><ssdm name="_ssdm_op_SpecInterface"/></StgValue>
</bind>
</comp>

<comp id="18" class="1001" name="const_18">
<pin_list>
<pin id="19" dir="1" index="0" bw="1" slack="2147483647"/>
</pin_list>
<bind>
<StgValue><ssdm name="empty"/></StgValue>
</bind>
</comp>

<comp id="20" class="1001" name="const_20">
<pin_list>
<pin id="21" dir="1" index="0" bw="1" slack="0"/>
</pin_list>
<bind>
<StgValue><ssdm name=""/></StgValue>
</bind>
</comp>

<comp id="22" class="1001" name="const_22">
<pin_list>
<pin id="23" dir="1" index="0" bw="1" slack="2147483647"/>
</pin_list>
<bind>
<StgValue><ssdm name="empty_12"/></StgValue>
</bind>
</comp>

<comp id="24" class="1001" name="const_24">
<pin_list>
<pin id="25" dir="1" index="0" bw="1" slack="2147483647"/>
</pin_list>
<bind>
<StgValue><ssdm name="empty_0"/></StgValue>
</bind>
</comp>

<comp id="26" class="1001" name="const_26">
<pin_list>
<pin id="27" dir="1" index="0" bw="1" slack="2147483647"/>
</pin_list>
<bind>
<StgValue><ssdm name="empty_1"/></StgValue>
</bind>
</comp>

<comp id="28" class="1001" name="const_28">
<pin_list>
<pin id="29" dir="1" index="0" bw="1" slack="2147483647"/>
</pin_list>
<bind>
<StgValue><ssdm name=""/></StgValue>
</bind>
</comp>

<comp id="30" class="1001" name="const_30">
<pin_list>
<pin id="31" dir="1" index="0" bw="1" slack="0"/>
</pin_list>
<bind>
<StgValue><ssdm name=""/></StgValue>
</bind>
</comp>

<comp id="32" class="1001" name="const_32">
<pin_list>
<pin id="33" dir="1" index="0" bw="1" slack="2147483647"/>
</pin_list>
<bind>
<StgValue><ssdm name="_ssdm_op_SpecBitsMap"/></StgValue>
</bind>
</comp>

<comp id="34" class="1001" name="const_34">
<pin_list>
<pin id="35" dir="1" index="0" bw="1" slack="2147483647"/>
</pin_list>
<bind>
<StgValue><ssdm name="empty_2"/></StgValue>
</bind>
</comp>

<comp id="36" class="1001" name="const_36">
<pin_list>
<pin id="37" dir="1" index="0" bw="1" slack="2147483647"/>
</pin_list>
<bind>
<StgValue><ssdm name="empty_3"/></StgValue>
</bind>
</comp>

<comp id="38" class="1001" name="const_38">
<pin_list>
<pin id="39" dir="1" index="0" bw="1" slack="2147483647"/>
</pin_list>
<bind>
<StgValue><ssdm name="empty_4"/></StgValue>
</bind>
</comp>

<comp id="40" class="1001" name="const_40">
<pin_list>
<pin id="41" dir="1" index="0" bw="1" slack="2147483647"/>
</pin_list>
<bind>
<StgValue><ssdm name="empty_13"/></StgValue>
</bind>
</comp>

<comp id="42" class="1001" name="const_42">
<pin_list>
<pin id="43" dir="1" index="0" bw="1" slack="2147483647"/>
</pin_list>
<bind>
<StgValue><ssdm name="empty_5"/></StgValue>
</bind>
</comp>

<comp id="44" class="1001" name="const_44">
<pin_list>
<pin id="45" dir="1" index="0" bw="1" slack="2147483647"/>
</pin_list>
<bind>
<StgValue><ssdm name="empty_6"/></StgValue>
</bind>
</comp>

<comp id="46" class="1001" name="const_46">
<pin_list>
<pin id="47" dir="1" index="0" bw="1" slack="2147483647"/>
</pin_list>
<bind>
<StgValue><ssdm name="empty_7"/></StgValue>
</bind>
</comp>

<comp id="48" class="1001" name="const_48">
<pin_list>
<pin id="49" dir="1" index="0" bw="1" slack="2147483647"/>
</pin_list>
<bind>
<StgValue><ssdm name="empty_8"/></StgValue>
</bind>
</comp>

<comp id="50" class="1001" name="const_50">
<pin_list>
<pin id="51" dir="1" index="0" bw="1" slack="2147483647"/>
</pin_list>
<bind>
<StgValue><ssdm name="empty_9"/></StgValue>
</bind>
</comp>

<comp id="52" class="1001" name="const_52">
<pin_list>
<pin id="53" dir="1" index="0" bw="1" slack="0"/>
</pin_list>
<bind>
<StgValue><ssdm name="_ssdm_op_Read.s_axilite.i32"/></StgValue>
</bind>
</comp>

<comp id="54" class="1001" name="const_54">
<pin_list>
<pin id="55" dir="1" index="0" bw="1" slack="0"/>
</pin_list>
<bind>
<StgValue><ssdm name="_ssdm_op_Read.s_axilite.i64"/></StgValue>
</bind>
</comp>

<comp id="56" class="1001" name="const_56">
<pin_list>
<pin id="57" dir="1" index="0" bw="1" slack="0"/>
</pin_list>
<bind>
<StgValue><ssdm name="_ssdm_op_PartSelect.i59.i64.i32.i32"/></StgValue>
</bind>
</comp>

<comp id="58" class="1001" name="const_58">
<pin_list>
<pin id="59" dir="1" index="0" bw="1" slack="0"/>
</pin_list>
<bind>
<StgValue><ssdm name=""/></StgValue>
</bind>
</comp>

<comp id="60" class="1001" name="const_60">
<pin_list>
<pin id="61" dir="1" index="0" bw="1" slack="0"/>
</pin_list>
<bind>
<StgValue><ssdm name=""/></StgValue>
</bind>
</comp>

<comp id="62" class="1001" name="const_62">
<pin_list>
<pin id="63" dir="1" index="0" bw="1" slack="0"/>
</pin_list>
<bind>
<StgValue><ssdm name=""/></StgValue>
</bind>
</comp>

<comp id="64" class="1001" name="const_64">
<pin_list>
<pin id="65" dir="1" index="0" bw="1" slack="0"/>
</pin_list>
<bind>
<StgValue><ssdm name=""/></StgValue>
</bind>
</comp>

<comp id="66" class="1001" name="const_66">
<pin_list>
<pin id="67" dir="1" index="0" bw="1" slack="0"/>
</pin_list>
<bind>
<StgValue><ssdm name=""/></StgValue>
</bind>
</comp>

<comp id="68" class="1001" name="const_68">
<pin_list>
<pin id="69" dir="1" index="0" bw="1" slack="0"/>
</pin_list>
<bind>
<StgValue><ssdm name=""/></StgValue>
</bind>
</comp>

<comp id="70" class="1001" name="const_70">
<pin_list>
<pin id="71" dir="1" index="0" bw="1" slack="0"/>
</pin_list>
<bind>
<StgValue><ssdm name="_ssdm_op_WriteReq.m_axi.p1i256"/></StgValue>
</bind>
</comp>

<comp id="72" class="1001" name="const_72">
<pin_list>
<pin id="73" dir="1" index="0" bw="1" slack="2147483647"/>
</pin_list>
<bind>
<StgValue><ssdm name="_ssdm_op_SpecPipeline"/></StgValue>
</bind>
</comp>

<comp id="74" class="1001" name="const_74">
<pin_list>
<pin id="75" dir="1" index="0" bw="1" slack="2147483647"/>
</pin_list>
<bind>
<StgValue><ssdm name="_ssdm_op_SpecLoopName"/></StgValue>
</bind>
</comp>

<comp id="76" class="1001" name="const_76">
<pin_list>
<pin id="77" dir="1" index="0" bw="1" slack="2147483647"/>
</pin_list>
<bind>
<StgValue><ssdm name="empty_11"/></StgValue>
</bind>
</comp>

<comp id="78" class="1001" name="const_78">
<pin_list>
<pin id="79" dir="1" index="0" bw="1" slack="0"/>
</pin_list>
<bind>
<StgValue><ssdm name="_ssdm_op_Write.m_axi.p1i256"/></StgValue>
</bind>
</comp>

<comp id="80" class="1001" name="const_80">
<pin_list>
<pin id="81" dir="1" index="0" bw="1" slack="0"/>
</pin_list>
<bind>
<StgValue><ssdm name=""/></StgValue>
</bind>
</comp>

<comp id="82" class="1001" name="const_82">
<pin_list>
<pin id="83" dir="1" index="0" bw="1" slack="0"/>
</pin_list>
<bind>
<StgValue><ssdm name="_ssdm_op_WriteResp.m_axi.p1i256"/></StgValue>
</bind>
</comp>

<comp id="84" class="1004" name="blk_fu_84">
<pin_list>
<pin id="85" dir="0" index="0" bw="1" slack="0"/>
<pin id="86" dir="1" index="1" bw="31" slack="0"/>
</pin_list>
<bind>
<opcode="alloca(26) " fcode="alloca"/>
<opset="blk/1 "/>
</bind>
</comp>

<comp id="88" class="1004" name="num_blocks_read_read_fu_88">
<pin_list>
<pin id="89" dir="0" index="0" bw="32" slack="0"/>
<pin id="90" dir="0" index="1" bw="32" slack="0"/>
<pin id="91" dir="1" index="2" bw="32" slack="0"/>
</pin_list>
<bind>
<opcode="read(1150) " fcode="read"/>
<opset="num_blocks_read/1 "/>
</bind>
</comp>

<comp id="94" class="1004" name="output_r_read_read_fu_94">
<pin_list>
<pin id="95" dir="0" index="0" bw="64" slack="0"/>
<pin id="96" dir="0" index="1" bw="64" slack="0"/>
<pin id="97" dir="1" index="2" bw="64" slack="0"/>
</pin_list>
<bind>
<opcode="read(1150) " fcode="read"/>
<opset="output_r_read/1 "/>
</bind>
</comp>

<comp id="100" class="1004" name="grp_writeresp_fu_100">
<pin_list>
<pin id="101" dir="0" index="0" bw="1" slack="0"/>
<pin id="102" dir="0" index="1" bw="256" slack="1"/>
<pin id="103" dir="0" index="2" bw="31" slack="1"/>
<pin id="104" dir="1" index="3" bw="1" slack="2147483647"/>
</pin_list>
<bind>
<opcode="writereq(1155) writeresp(1158) " fcode="writeresp"/>
<opset="empty_18/2 empty_19/4 "/>
</bind>
</comp>

<comp id="106" class="1004" name="write_ln84_write_fu_106">
<pin_list>
<pin id="107" dir="0" index="0" bw="0" slack="0"/>
<pin id="108" dir="0" index="1" bw="256" slack="2"/>
<pin id="109" dir="0" index="2" bw="1" slack="0"/>
<pin id="110" dir="0" index="3" bw="1" slack="0"/>
<pin id="111" dir="1" index="4" bw="0" slack="2147483647"/>
</pin_list>
<bind>
<opcode="write(1151) " fcode="write"/>
<opset="write_ln84/3 "/>
</bind>
</comp>

<comp id="116" class="1005" name="first_iter_0_reg_116">
<pin_list>
<pin id="117" dir="0" index="0" bw="1" slack="1"/>
<pin id="118" dir="1" index="1" bw="1" slack="2147483647"/>
</pin_list>
<bind>
<opset="first_iter_0 (phireg) "/>
</bind>
</comp>

<comp id="119" class="1004" name="first_iter_0_phi_fu_119">
<pin_list>
<pin id="120" dir="0" index="0" bw="1" slack="0"/>
<pin id="121" dir="0" index="1" bw="0" slack="2147483647"/>
<pin id="122" dir="0" index="2" bw="1" slack="0"/>
<pin id="123" dir="0" index="3" bw="0" slack="2147483647"/>
<pin id="124" dir="1" index="4" bw="1" slack="1"/>
</pin_list>
<bind>
<opcode="phi(47) " fcode="phi"/>
<opset="first_iter_0/1 "/>
</bind>
</comp>

<comp id="128" class="1004" name="icmp_ln30_fu_128">
<pin_list>
<pin id="129" dir="0" index="0" bw="32" slack="0"/>
<pin id="130" dir="0" index="1" bw="1" slack="0"/>
<pin id="131" dir="1" index="2" bw="1" slack="0"/>
</pin_list>
<bind>
<opcode="icmp(45) " fcode="icmp"/>
<opset="icmp_ln30/1 "/>
</bind>
</comp>

<comp id="134" class="1004" name="trunc_ln30_fu_134">
<pin_list>
<pin id="135" dir="0" index="0" bw="32" slack="0"/>
<pin id="136" dir="1" index="1" bw="31" slack="0"/>
</pin_list>
<bind>
<opcode="trunc(33) " fcode="trunc"/>
<opset="trunc_ln30/1 "/>
</bind>
</comp>

<comp id="138" class="1004" name="trunc_ln_fu_138">
<pin_list>
<pin id="139" dir="0" index="0" bw="59" slack="0"/>
<pin id="140" dir="0" index="1" bw="64" slack="0"/>
<pin id="141" dir="0" index="2" bw="4" slack="0"/>
<pin id="142" dir="0" index="3" bw="7" slack="0"/>
<pin id="143" dir="1" index="4" bw="59" slack="0"/>
</pin_list>
<bind>
<opcode="partselect(1002) " fcode="partselect"/>
<opset="trunc_ln/1 "/>
</bind>
</comp>

<comp id="148" class="1004" name="sext_ln30_fu_148">
<pin_list>
<pin id="149" dir="0" index="0" bw="59" slack="0"/>
<pin id="150" dir="1" index="1" bw="64" slack="0"/>
</pin_list>
<bind>
<opcode="sext(35) " fcode="sext"/>
<opset="sext_ln30/1 "/>
</bind>
</comp>

<comp id="152" class="1004" name="gmem1_addr_fu_152">
<pin_list>
<pin id="153" dir="0" index="0" bw="256" slack="0"/>
<pin id="154" dir="0" index="1" bw="59" slack="0"/>
<pin id="155" dir="1" index="2" bw="256" slack="1"/>
</pin_list>
<bind>
<opcode="getelementptr(29) " fcode="getelementptr"/>
<opset="gmem1_addr/1 "/>
</bind>
</comp>

<comp id="158" class="1004" name="empty_fu_158">
<pin_list>
<pin id="159" dir="0" index="0" bw="1" slack="0"/>
<pin id="160" dir="0" index="1" bw="31" slack="0"/>
<pin id="161" dir="0" index="2" bw="1" slack="0"/>
<pin id="162" dir="1" index="3" bw="31" slack="0"/>
</pin_list>
<bind>
<opcode="select(49) " fcode="select"/>
<opset="empty/1 "/>
</bind>
</comp>

<comp id="166" class="1004" name="zext_ln30_fu_166">
<pin_list>
<pin id="167" dir="0" index="0" bw="31" slack="0"/>
<pin id="168" dir="1" index="1" bw="64" slack="1"/>
</pin_list>
<bind>
<opcode="zext(34) " fcode="zext"/>
<opset="zext_ln30/1 "/>
</bind>
</comp>

<comp id="170" class="1004" name="store_ln0_store_fu_170">
<pin_list>
<pin id="171" dir="0" index="0" bw="1" slack="0"/>
<pin id="172" dir="0" index="1" bw="31" slack="0"/>
<pin id="173" dir="1" index="2" bw="0" slack="2147483647"/>
</pin_list>
<bind>
<opcode="store(28) " fcode="store"/>
<opset="store_ln0/1 "/>
</bind>
</comp>

<comp id="175" class="1004" name="blk_load_load_fu_175">
<pin_list>
<pin id="176" dir="0" index="0" bw="31" slack="0"/>
<pin id="177" dir="1" index="1" bw="31" slack="0"/>
</pin_list>
<bind>
<opcode="load(27) " fcode="load"/>
<opset="blk_load/1 "/>
</bind>
</comp>

<comp id="178" class="1004" name="zext_ln30_1_fu_178">
<pin_list>
<pin id="179" dir="0" index="0" bw="31" slack="0"/>
<pin id="180" dir="1" index="1" bw="32" slack="0"/>
</pin_list>
<bind>
<opcode="zext(34) " fcode="zext"/>
<opset="zext_ln30_1/1 "/>
</bind>
</comp>

<comp id="182" class="1004" name="icmp_ln30_1_fu_182">
<pin_list>
<pin id="183" dir="0" index="0" bw="31" slack="0"/>
<pin id="184" dir="0" index="1" bw="32" slack="0"/>
<pin id="185" dir="1" index="2" bw="1" slack="1"/>
</pin_list>
<bind>
<opcode="icmp(45) " fcode="icmp"/>
<opset="icmp_ln30_1/1 "/>
</bind>
</comp>

<comp id="188" class="1004" name="add_ln30_fu_188">
<pin_list>
<pin id="189" dir="0" index="0" bw="31" slack="0"/>
<pin id="190" dir="0" index="1" bw="1" slack="0"/>
<pin id="191" dir="1" index="2" bw="31" slack="0"/>
</pin_list>
<bind>
<opcode="add(8) " fcode="add"/>
<opset="add_ln30/1 "/>
</bind>
</comp>

<comp id="194" class="1004" name="zext_ln32_fu_194">
<pin_list>
<pin id="195" dir="0" index="0" bw="31" slack="0"/>
<pin id="196" dir="1" index="1" bw="32" slack="0"/>
</pin_list>
<bind>
<opcode="zext(34) " fcode="zext"/>
<opset="zext_ln32/1 "/>
</bind>
</comp>

<comp id="198" class="1004" name="icmp_ln30_2_fu_198">
<pin_list>
<pin id="199" dir="0" index="0" bw="31" slack="0"/>
<pin id="200" dir="0" index="1" bw="32" slack="0"/>
<pin id="201" dir="1" index="2" bw="1" slack="3"/>
</pin_list>
<bind>
<opcode="icmp(45) " fcode="icmp"/>
<opset="icmp_ln30_2/1 "/>
</bind>
</comp>

<comp id="204" class="1004" name="store_ln30_store_fu_204">
<pin_list>
<pin id="205" dir="0" index="0" bw="31" slack="0"/>
<pin id="206" dir="0" index="1" bw="31" slack="0"/>
<pin id="207" dir="1" index="2" bw="0" slack="2147483647"/>
</pin_list>
<bind>
<opcode="store(28) " fcode="store"/>
<opset="store_ln30/1 "/>
</bind>
</comp>

<comp id="209" class="1005" name="blk_reg_209">
<pin_list>
<pin id="210" dir="0" index="0" bw="31" slack="0"/>
<pin id="211" dir="1" index="1" bw="31" slack="0"/>
</pin_list>
<bind>
<opset="blk "/>
</bind>
</comp>

<comp id="216" class="1005" name="gmem1_addr_reg_216">
<pin_list>
<pin id="217" dir="0" index="0" bw="256" slack="1"/>
<pin id="218" dir="1" index="1" bw="256" slack="1"/>
</pin_list>
<bind>
<opset="gmem1_addr "/>
</bind>
</comp>

<comp id="222" class="1005" name="zext_ln30_reg_222">
<pin_list>
<pin id="223" dir="0" index="0" bw="64" slack="1"/>
<pin id="224" dir="1" index="1" bw="64" slack="1"/>
</pin_list>
<bind>
<opset="zext_ln30 "/>
</bind>
</comp>

<comp id="227" class="1005" name="icmp_ln30_1_reg_227">
<pin_list>
<pin id="228" dir="0" index="0" bw="1" slack="1"/>
<pin id="229" dir="1" index="1" bw="1" slack="2147483647"/>
</pin_list>
<bind>
<opset="icmp_ln30_1 "/>
</bind>
</comp>

<comp id="231" class="1005" name="icmp_ln30_2_reg_231">
<pin_list>
<pin id="232" dir="0" index="0" bw="1" slack="3"/>
<pin id="233" dir="1" index="1" bw="1" slack="2147483647"/>
</pin_list>
<bind>
<opset="icmp_ln30_2 "/>
</bind>
</comp>

</comp_list>

<net_list>
<net id="87"><net_src comp="10" pin="0"/><net_sink comp="84" pin=0"/></net>

<net id="92"><net_src comp="52" pin="0"/><net_sink comp="88" pin=0"/></net>

<net id="93"><net_src comp="8" pin="0"/><net_sink comp="88" pin=1"/></net>

<net id="98"><net_src comp="54" pin="0"/><net_sink comp="94" pin=0"/></net>

<net id="99"><net_src comp="6" pin="0"/><net_sink comp="94" pin=1"/></net>

<net id="105"><net_src comp="70" pin="0"/><net_sink comp="100" pin=0"/></net>

<net id="112"><net_src comp="78" pin="0"/><net_sink comp="106" pin=0"/></net>

<net id="113"><net_src comp="80" pin="0"/><net_sink comp="106" pin=2"/></net>

<net id="114"><net_src comp="30" pin="0"/><net_sink comp="106" pin=3"/></net>

<net id="115"><net_src comp="82" pin="0"/><net_sink comp="100" pin=0"/></net>

<net id="125"><net_src comp="64" pin="0"/><net_sink comp="119" pin=0"/></net>

<net id="126"><net_src comp="66" pin="0"/><net_sink comp="119" pin=2"/></net>

<net id="127"><net_src comp="119" pin="4"/><net_sink comp="116" pin=0"/></net>

<net id="132"><net_src comp="88" pin="2"/><net_sink comp="128" pin=0"/></net>

<net id="133"><net_src comp="20" pin="0"/><net_sink comp="128" pin=1"/></net>

<net id="137"><net_src comp="88" pin="2"/><net_sink comp="134" pin=0"/></net>

<net id="144"><net_src comp="56" pin="0"/><net_sink comp="138" pin=0"/></net>

<net id="145"><net_src comp="94" pin="2"/><net_sink comp="138" pin=1"/></net>

<net id="146"><net_src comp="58" pin="0"/><net_sink comp="138" pin=2"/></net>

<net id="147"><net_src comp="60" pin="0"/><net_sink comp="138" pin=3"/></net>

<net id="151"><net_src comp="138" pin="4"/><net_sink comp="148" pin=0"/></net>

<net id="156"><net_src comp="2" pin="0"/><net_sink comp="152" pin=0"/></net>

<net id="157"><net_src comp="148" pin="1"/><net_sink comp="152" pin=1"/></net>

<net id="163"><net_src comp="128" pin="2"/><net_sink comp="158" pin=0"/></net>

<net id="164"><net_src comp="134" pin="1"/><net_sink comp="158" pin=1"/></net>

<net id="165"><net_src comp="62" pin="0"/><net_sink comp="158" pin=2"/></net>

<net id="169"><net_src comp="158" pin="3"/><net_sink comp="166" pin=0"/></net>

<net id="174"><net_src comp="62" pin="0"/><net_sink comp="170" pin=0"/></net>

<net id="181"><net_src comp="175" pin="1"/><net_sink comp="178" pin=0"/></net>

<net id="186"><net_src comp="178" pin="1"/><net_sink comp="182" pin=0"/></net>

<net id="187"><net_src comp="88" pin="2"/><net_sink comp="182" pin=1"/></net>

<net id="192"><net_src comp="175" pin="1"/><net_sink comp="188" pin=0"/></net>

<net id="193"><net_src comp="68" pin="0"/><net_sink comp="188" pin=1"/></net>

<net id="197"><net_src comp="188" pin="2"/><net_sink comp="194" pin=0"/></net>

<net id="202"><net_src comp="194" pin="1"/><net_sink comp="198" pin=0"/></net>

<net id="203"><net_src comp="88" pin="2"/><net_sink comp="198" pin=1"/></net>

<net id="208"><net_src comp="188" pin="2"/><net_sink comp="204" pin=0"/></net>

<net id="212"><net_src comp="84" pin="1"/><net_sink comp="209" pin=0"/></net>

<net id="213"><net_src comp="209" pin="1"/><net_sink comp="170" pin=1"/></net>

<net id="214"><net_src comp="209" pin="1"/><net_sink comp="175" pin=0"/></net>

<net id="215"><net_src comp="209" pin="1"/><net_sink comp="204" pin=1"/></net>

<net id="219"><net_src comp="152" pin="2"/><net_sink comp="216" pin=0"/></net>

<net id="220"><net_src comp="216" pin="1"/><net_sink comp="100" pin=1"/></net>

<net id="221"><net_src comp="216" pin="1"/><net_sink comp="106" pin=1"/></net>

<net id="225"><net_src comp="166" pin="1"/><net_sink comp="222" pin=0"/></net>

<net id="226"><net_src comp="222" pin="1"/><net_sink comp="100" pin=2"/></net>

<net id="230"><net_src comp="182" pin="2"/><net_sink comp="227" pin=0"/></net>

<net id="234"><net_src comp="198" pin="2"/><net_sink comp="231" pin=0"/></net>

</net_list>

</model> 
---------------- Datapath Model END ------------------

* FSMD analyzer results:
  - Output states:
	Port: gmem1 | {2 3 4 5 6 7 8 }
 - Input state : 
	Port: poseidon_hash : output_r | {1 }
	Port: poseidon_hash : num_blocks | {1 }
  - Chain level:
	State 1
		sext_ln30 : 1
		gmem1_addr : 2
		empty : 1
		zext_ln30 : 2
		store_ln0 : 1
		first_iter_0 : 1
		blk_load : 1
		zext_ln30_1 : 2
		icmp_ln30_1 : 3
		br_ln30 : 4
		br_ln30 : 2
		add_ln30 : 2
		zext_ln32 : 3
		icmp_ln30_2 : 4
		br_ln30 : 5
		store_ln30 : 3
	State 2
	State 3
	State 4
	State 5
	State 6
	State 7
	State 8


============================================================
+ Verbose Summary: Datapath Resource usage 
============================================================

* Functional unit list:
|----------|----------------------------|---------|---------|
| Operation|       Functional Unit      |    FF   |   LUT   |
|----------|----------------------------|---------|---------|
|          |      icmp_ln30_fu_128      |    0    |    39   |
|   icmp   |     icmp_ln30_1_fu_182     |    0    |    39   |
|          |     icmp_ln30_2_fu_198     |    0    |    39   |
|----------|----------------------------|---------|---------|
|    add   |       add_ln30_fu_188      |    0    |    38   |
|----------|----------------------------|---------|---------|
|  select  |        empty_fu_158        |    0    |    31   |
|----------|----------------------------|---------|---------|
|   read   | num_blocks_read_read_fu_88 |    0    |    0    |
|          |  output_r_read_read_fu_94  |    0    |    0    |
|----------|----------------------------|---------|---------|
| writeresp|    grp_writeresp_fu_100    |    0    |    0    |
|----------|----------------------------|---------|---------|
|   write  |   write_ln84_write_fu_106  |    0    |    0    |
|----------|----------------------------|---------|---------|
|   trunc  |      trunc_ln30_fu_134     |    0    |    0    |
|----------|----------------------------|---------|---------|
|partselect|       trunc_ln_fu_138      |    0    |    0    |
|----------|----------------------------|---------|---------|
|   sext   |      sext_ln30_fu_148      |    0    |    0    |
|----------|----------------------------|---------|---------|
|          |      zext_ln30_fu_166      |    0    |    0    |
|   zext   |     zext_ln30_1_fu_178     |    0    |    0    |
|          |      zext_ln32_fu_194      |    0    |    0    |
|----------|----------------------------|---------|---------|
|   Total  |                            |    0    |   186   |
|----------|----------------------------|---------|---------|

Memories:
N/A

* Register list:
+--------------------+--------+
|                    |   FF   |
+--------------------+--------+
|     blk_reg_209    |   31   |
|first_iter_0_reg_116|    1   |
| gmem1_addr_reg_216 |   256  |
| icmp_ln30_1_reg_227|    1   |
| icmp_ln30_2_reg_231|    1   |
|  zext_ln30_reg_222 |   64   |
+--------------------+--------+
|        Total       |   354  |
+--------------------+--------+

* Multiplexer (MUX) list: 
|----------------------|------|------|------|--------||---------|
|         Comp         |  Pin | Size |  BW  | S x BW ||  Delay  |
|----------------------|------|------|------|--------||---------|
| grp_writeresp_fu_100 |  p0  |   2  |   1  |    2   |
|----------------------|------|------|------|--------||---------|
|         Total        |      |      |      |    2   ||  0.427  |
|----------------------|------|------|------|--------||---------|



* Summary:
+-----------+--------+--------+--------+
|           |  Delay |   FF   |   LUT  |
+-----------+--------+--------+--------+
|  Function |    -   |    0   |   186  |
|   Memory  |    -   |    -   |    -   |
|Multiplexer|    0   |    -   |    -   |
|  Register |    -   |   354  |    -   |
+-----------+--------+--------+--------+
|   Total   |    0   |   354  |   186  |
+-----------+--------+--------+--------+
