/home/terryadavis/utkarsh/zkml-fpga/hls/hash_pe/ccs/solution/solution1/.autopilot/db/poseidon.pp.0.cpp:2256:5: warning: Added loop label VITIS_LOOP_676_1:   [xilinx-label-all-loops]
    for (unsigned i = low; i != high+1; ++i) {
    ^~~
    VITIS_LOOP_676_1: 
/home/terryadavis/utkarsh/zkml-fpga/hls/hash_pe/ccs/solution/solution1/.autopilot/db/poseidon.pp.0.cpp:2256:5: note: FIX-IT applied suggested code changes
/home/terryadavis/utkarsh/zkml-fpga/hls/hash_pe/ccs/solution/solution1/.autopilot/db/poseidon.pp.0.cpp:2270:5: warning: Added loop label VITIS_LOOP_690_1:   [xilinx-label-all-loops]
    for (unsigned i = low; i != high+1; ++i) {
    ^~~
    VITIS_LOOP_690_1: 
/home/terryadavis/utkarsh/zkml-fpga/hls/hash_pe/ccs/solution/solution1/.autopilot/db/poseidon.pp.0.cpp:2270:5: note: FIX-IT applied suggested code changes
/home/terryadavis/utkarsh/zkml-fpga/hls/hash_pe/ccs/solution/solution1/.autopilot/db/poseidon.pp.0.cpp:2284:5: warning: Added loop label VITIS_LOOP_704_1:   [xilinx-label-all-loops]
    for (unsigned i = low; i != high+1; ++i) {
    ^~~
    VITIS_LOOP_704_1: 
/home/terryadavis/utkarsh/zkml-fpga/hls/hash_pe/ccs/solution/solution1/.autopilot/db/poseidon.pp.0.cpp:2284:5: note: FIX-IT applied suggested code changes
/home/terryadavis/utkarsh/zkml-fpga/hls/hash_pe/ccs/solution/solution1/.autopilot/db/poseidon.pp.0.cpp:3918:7: warning: Added loop label VITIS_LOOP_1248_1:   [xilinx-label-all-loops]
      for (i = 0; i < __N - 1; ++i) {
      ^~~
      VITIS_LOOP_1248_1: 
/home/terryadavis/utkarsh/zkml-fpga/hls/hash_pe/ccs/solution/solution1/.autopilot/db/poseidon.pp.0.cpp:3918:7: note: FIX-IT applied suggested code changes
/home/terryadavis/utkarsh/zkml-fpga/hls/hash_pe/ccs/solution/solution1/.autopilot/db/poseidon.pp.0.cpp:5863:13: warning: Added loop label VITIS_LOOP_35_1:   [xilinx-label-all-loops]
            for (int i = 0; i < 3 - 1; ++i)
            ^~~
            VITIS_LOOP_35_1: 
/home/terryadavis/utkarsh/zkml-fpga/hls/hash_pe/ccs/solution/solution1/.autopilot/db/poseidon.pp.0.cpp:5863:13: note: FIX-IT applied suggested code changes
/home/terryadavis/utkarsh/zkml-fpga/hls/hash_pe/ccs/solution/solution1/.autopilot/db/poseidon.pp.0.cpp:5872:17: warning: Added loop label VITIS_LOOP_44_2:   [xilinx-label-all-loops]
                for (int i = 0; i < 3; ++i)
                ^~~
                VITIS_LOOP_44_2: 
/home/terryadavis/utkarsh/zkml-fpga/hls/hash_pe/ccs/solution/solution1/.autopilot/db/poseidon.pp.0.cpp:5872:17: note: FIX-IT applied suggested code changes
/home/terryadavis/utkarsh/zkml-fpga/hls/hash_pe/ccs/solution/solution1/.autopilot/db/poseidon.pp.0.cpp:5880:21: warning: Added loop label VITIS_LOOP_52_3:   [xilinx-label-all-loops]
                    for (int i = 0; i < 3; ++i)
                    ^~~
                    VITIS_LOOP_52_3: 
/home/terryadavis/utkarsh/zkml-fpga/hls/hash_pe/ccs/solution/solution1/.autopilot/db/poseidon.pp.0.cpp:5880:21: note: FIX-IT applied suggested code changes
/home/terryadavis/utkarsh/zkml-fpga/hls/hash_pe/ccs/solution/solution1/.autopilot/db/poseidon.pp.0.cpp:5895:17: warning: Added loop label VITIS_LOOP_67_4:   [xilinx-label-all-loops]
                for (int i = 0; i < 3; ++i)
                ^~~
                VITIS_LOOP_67_4: 
/home/terryadavis/utkarsh/zkml-fpga/hls/hash_pe/ccs/solution/solution1/.autopilot/db/poseidon.pp.0.cpp:5895:17: note: FIX-IT applied suggested code changes
/home/terryadavis/utkarsh/zkml-fpga/hls/hash_pe/ccs/solution/solution1/.autopilot/db/poseidon.pp.0.cpp:5899:21: warning: Added loop label VITIS_LOOP_71_5:   [xilinx-label-all-loops]
                    for (int j = 0; j < 3; ++j)
                    ^~~
                    VITIS_LOOP_71_5: 
/home/terryadavis/utkarsh/zkml-fpga/hls/hash_pe/ccs/solution/solution1/.autopilot/db/poseidon.pp.0.cpp:5899:21: note: FIX-IT applied suggested code changes
/home/terryadavis/utkarsh/zkml-fpga/hls/hash_pe/ccs/solution/solution1/.autopilot/db/poseidon.pp.0.cpp:5906:17: warning: Added loop label VITIS_LOOP_78_6:   [xilinx-label-all-loops]
                for (int i = 0; i < 3; ++i)
                ^~~
                VITIS_LOOP_78_6: 
/home/terryadavis/utkarsh/zkml-fpga/hls/hash_pe/ccs/solution/solution1/.autopilot/db/poseidon.pp.0.cpp:5906:17: note: FIX-IT applied suggested code changes
