INFO: [SIM 2] *************** CSIM start ***************
INFO: [SIM 4] CSIM will launch CLANG as the compiler.
   Compiling ../../../../../src/tb_msm.cpp in debug mode
   Compiling ../../../../../src/msm.cpp in debug mode
   Generating csim.exe
Number of points: 100
Processed point 1 of 100
Processed point 51 of 100
Processed point 100 of 100
Scalar: 1
Scalar: 1024
Scalar: 1048576
Scalar: 1073741824
Scalar: 1099511627776
Scalar: 1125899906842624
Scalar: 1152921504606846976
Scalar: 1180591620717411303424
Scalar: 1208925819614629174706176
Scalar: 1237940039285380274899124224
Scalar: 1267650600228229401496703205376
Scalar: 1298074214633706907132624082305024
Scalar: 1329227995784915872903807060280344576
Scalar: 1361129467683753853853498429727072845824
Scalar: 1393796574908163946345982392040522594123776
Scalar: 1427247692705959881058285969449495136382746624
Scalar: 1461501637330902918203684832716283019655932542976
Scalar: 1496577676626844588240573268701473812127674924007424
Scalar: 1532495540865888858358347027150309183618739122183602176
Scalar: 1569275433846670190958947355801916604025588861116008628224
Scalar: 1606938044258990275541962092341162602522202993782792835301376
Scalar: 1645504557321206042154969182557350504982735865633579863348609024
Scalar: 1684996666696914987166688442938726917102321526408785780068975640576
Scalar: 1725436586697640946858688965569256363112777243042596638790631055949824
Scalar: 1766847064778384329583297500742918515827483896875618958121606201292619776
Scalar: 1809251394333065553493296640760748560207343510400633813116524750123642650624
65662475955559207588325683623076571458338374135113413897059907708146742760679
25310188546660209199898747447418815005514466652098948975115073558821014009028
x: 0644D6E58B408FD1BEB9981F0C9CC1672BCDACE6884A7DE37D8D09FDA9E0CA68
y: 21882923E1DEA036F37E6CC1D2E51625E90C0BD84FE81A80A6F9F35C81FAFD00
INFO [HLS SIM]: The maximum depth reached by any hls::stream() instance in the design is 6800
INFO: [SIM 1] CSim done with 0 errors.
INFO: [SIM 3] *************** CSIM finish ***************
